11-23 15:15:23.315  3520  3874 I InputDispatcher: Delivering touch to (26906): action: 0x0, toolType: 0
11-23 15:15:23.315 26906 26906 D ViewRootImpl: ViewPostImeInputStage ACTION_DOWN
11-23 15:15:23.325  3520  3874 I InputDispatcher: Delivering touch to (26906): action: 0x1, toolType: 0
11-23 15:15:23.375  3520  3874 I InputDispatcher: Delivering touch to (4030): action: 0x4, toolType: 0
11-23 15:15:23.375  3520  3874 I InputDispatcher: Delivering touch to (26906): action: 0x0, toolType: 0
11-23 15:15:23.375 26906 26906 D ViewRootImpl: ViewPostImeInputStage ACTION_DOWN
11-23 15:15:23.375  3520  3874 I InputDispatcher: Delivering touch to (26906): action: 0x1, toolType: 0
11-23 15:15:23.425  3520  3874 I InputDispatcher: Delivering touch to (4030): action: 0x4, toolType: 0
11-23 15:15:23.425  3520  3874 I InputDispatcher: Delivering touch to (26906): action: 0x0, toolType: 0
11-23 15:15:23.425 26906 26906 D ViewRootImpl: ViewPostImeInputStage ACTION_DOWN
11-23 15:15:23.425  3520  3874 I InputDispatcher: Delivering touch to (26906): action: 0x1, toolType: 0
11-23 15:15:23.475  3520  3874 I InputDispatcher: Delivering touch to (4030): action: 0x4, toolType: 0
11-23 15:15:23.475  3520  3874 I InputDispatcher: Delivering touch to (26906): action: 0x0, toolType: 0
11-23 15:15:23.475 26906 26906 D ViewRootImpl: ViewPostImeInputStage ACTION_DOWN
11-23 15:15:23.475  3520  3874 I InputDispatcher: Delivering touch to (26906): action: 0x1, toolType: 0
11-23 15:15:23.475  4970  4970 D SamsungIME: onViewClicked
11-23 15:15:23.475 26906 26906 D Editor  : isTwoFingerGestureRecognitionEnabled1
11-23 15:15:23.475 26906 26906 D Editor  : isTwoFingerGestureRecognitionEnabled1else
11-23 15:15:23.475  4970  4970 W ContextImpl: Calling a method in the system process without a qualified user: android.app.ContextImpl.sendBroadcast:1700 android.content.ContextWrapper.sendBroadcast:391 android.inputmethodservice.InputMethodService.sendInputViewShownState:423 android.inputmethodservice.InputMethodService.showWindow:2018 android.inputmethodservice.InputMethodService$InputMethodImpl.showSoftInput:647 
11-23 15:15:23.475  3520  6476 D SSRM:a  : DeviceInfo:: 000000000000
11-23 15:15:23.475  3520  6476 D SSRM:a  : SettingsAirViewInfo:: 000000000
11-23 15:15:23.475  4970 27215 W ContextImpl: Calling a method in the system process without a qualified user: android.app.ContextImpl.sendBroadcast:1700 android.content.ContextWrapper.sendBroadcast:391 android.inputmethodservice.InputMethodService$4.run:3274 java.lang.Thread.run:818 <bottom of call stack> 
11-23 15:15:23.485  3520  4415 D ApplicationPolicy: isStatusBarNotificationAllowedAsUser: packageName = android,userId = -1
11-23 15:15:23.485  3520  4415 V ApplicationPolicy: isApplicationStateBlocked userId -1 pkgname android
11-23 15:15:23.485  3520  3520 I ValidateNoPeople: skipping global notification
11-23 15:15:23.485  4030  4030 D StatusBar: ----- contentsUnchanged : true, bigContentsUnchanged - true, headsUpContentsUnchanged - true , publicUnchanged true
11-23 15:15:23.485  4030  4030 D NotificationContentView: AH:256, SH:256
11-23 15:15:23.485  4030  4030 D NotificationContentView: AH:256, SH:256
11-23 15:15:23.485  4030  4030 D PersonaManager: isKioskContainerExistOnDevice
11-23 15:15:23.485  4030  4030 D PersonaManager: isKioskContainerExistOnDevice
11-23 15:15:23.485  4030  4030 D PanelView: There is/are notification(s) 
11-23 15:15:23.485  4030  4030 D PanelView: kidsfalse mQsExpansionEnabled:true
11-23 15:15:23.485  4030  4030 D PersonaManager: isKioskContainerExistOnDevice
11-23 15:15:23.485  4030  4030 D PanelView: There is/are notification(s) 
11-23 15:15:23.485  4030  4030 D PanelView: kidsfalse mQsExpansionEnabled:true
11-23 15:15:23.505  2983  2983 I SurfaceFlinger: id=26 createSurf (1x1),1 flag=4, QopupWindow
11-23 15:15:23.525 26906 27087 D mali_winsys: new_window_surface returns 0x3000,  [189x232]-format:1
11-23 15:15:23.525  4970  4970 D SamsungIME: SwiftkeyWrapper-checkCurrentSequence : use IC
11-23 15:15:23.525 26893 26893 I Timeline: Timeline: Activity_launch_request id:com.google.identitytoolkit.demo time:3468956
11-23 15:15:23.525  3520  4412 E PersonaManagerService: inState():  stateMachine is null !!
11-23 15:15:23.525  3520  4412 I PersonaManagerService: PersonaId don't exist
11-23 15:15:23.525  3520  4412 I ActivityManager: do not start freezing screen for locked container getKeyguardshowstate = false
11-23 15:15:23.525  3520  4412 D CustomFrequencyManagerService: releaseDVFSLockLocked : Getting Lock type frm List : DVFS_MIN_LIMIT  frequency : 1800000  uid : 1000  pid : 3520  tag : ACTIVITY_RESUME_BOOSTER@3
11-23 15:15:23.525  3520  4412 D CustomFrequencyManagerService: acquireDVFSLockLocked : type : DVFS_MIN_LIMIT  frequency : 1800000  uid : 1000  pid : 3520  pkgName : ACTIVITY_RESUME_BOOSTER@3
11-23 15:15:23.525  3520  4412 W ActivityManager: mDVFSHelper.acquire()
11-23 15:15:23.555  4030  4030 D PanelView: mClearAll.setVisibility - mIsFullyOpened : false isShade : true mHasNotification : true mIsUpwardFling : false mQsFullyExpanded : true isShadeLocked : false mClearAllVisible : true
11-23 15:15:23.555  4970  4970 D SamsungIME: Skip dismiss ExpandCandidate. it will be post-invalidated later
11-23 15:15:23.585  3520  3874 I InputDispatcher: Delivering touch to (4030): action: 0x4, toolType: 0
11-23 15:15:23.585  3520  3874 I InputDispatcher: Delivering touch to (4970): action: 0x0, toolType: 0
11-23 15:15:23.585  4970  4970 D ViewRootImpl: ViewPostImeInputStage ACTION_DOWN
11-23 15:15:23.585  4970  5096 V Vibrator: Called vibrateImmVibe(byte[], MagnitudeType) API - PUID: 1000, PackageName: com.sec.android.inputmethod
11-23 15:15:23.585  4970  5096 V Vibrator: vibrateImmVibe - PUID: 1000, PackageName: com.sec.android.inputmethod, pattern, mag: 8000
11-23 15:15:23.585  3520  4072 D VibratorService: Turning vibrator off - ImmVibe.
11-23 15:15:23.585  3520  3874 I InputDispatcher: Delivering touch to (4970): action: 0x1, toolType: 0
11-23 15:15:23.585  3520  4072 V VibratorService: vibrateImmVibePattern - package: com.sec.android.inputmethod, magnitude: 8000
11-23 15:15:23.605  4970  4970 E SamsungIME: <AbstractKeyboardView> - onDraw() called
11-23 15:15:23.615  4970  4970 D SamsungIME: SwiftkeyWrapper-checkCurrentSequence : use IC
11-23 15:15:23.635  4970  4970 D SamsungIME: Skip dismiss ExpandCandidate. it will be post-invalidated later
11-23 15:15:23.635  3520  3874 I InputDispatcher: Delivering touch to (4030): action: 0x4, toolType: 0
11-23 15:15:23.635  3520  3874 I InputDispatcher: Delivering touch to (26906): action: 0x0, toolType: 0
11-23 15:15:23.635 26906 26906 D ViewRootImpl: ViewPostImeInputStage ACTION_DOWN
11-23 15:15:23.645  3520  3874 I InputDispatcher: Delivering touch to (26906): action: 0x1, toolType: 0
11-23 15:15:23.695  3520  3874 I InputDispatcher: Delivering touch to (4030): action: 0x4, toolType: 0
11-23 15:15:23.695  3520  3874 I InputDispatcher: Delivering touch to (26906): action: 0x0, toolType: 0
11-23 15:15:23.695 26906 26906 D ViewRootImpl: ViewPostImeInputStage ACTION_DOWN
11-23 15:15:23.695  3520  3874 I InputDispatcher: Delivering touch to (26906): action: 0x1, toolType: 0
11-23 15:15:23.745  3520  3874 I InputDispatcher: Delivering touch to (4030): action: 0x4, toolType: 0
11-23 15:15:23.745  3520  3874 I InputDispatcher: Delivering touch to (4970): action: 0x0, toolType: 0
11-23 15:15:23.745  4970  4970 D ViewRootImpl: ViewPostImeInputStage ACTION_DOWN
11-23 15:15:23.745  3520  3874 I InputDispatcher: Delivering touch to (4970): action: 0x1, toolType: 0
11-23 15:15:23.745  4970  5096 V Vibrator: Called vibrateImmVibe(byte[], MagnitudeType) API - PUID: 1000, PackageName: com.sec.android.inputmethod
11-23 15:15:23.755  4970  5096 V Vibrator: vibrateImmVibe - PUID: 1000, PackageName: com.sec.android.inputmethod, pattern, mag: 8000
11-23 15:15:23.755  3520  4070 D VibratorService: Turning vibrator off - ImmVibe.
11-23 15:15:23.755  4970  4970 E SamsungIME: SwiftkeyWrapper-inputKey
11-23 15:15:23.755  3520  4070 V VibratorService: vibrateImmVibePattern - package: com.sec.android.inputmethod, magnitude: 8000
11-23 15:15:23.755  4970  4970 E SamsungIME: <AbstractKeyboardView> - onDraw() called
11-23 15:15:23.775  2983  3134 I SurfaceFlinger: id=26 Removed QopupWindow (9/10)
11-23 15:15:23.775  2983  3134 I SurfaceFlinger: id=26 Removed QopupWindow (-2/10)
11-23 15:15:23.805  3520  3874 I InputDispatcher: Delivering touch to (4030): action: 0x4, toolType: 0
11-23 15:15:23.805  3520  3874 I InputDispatcher: Delivering touch to (4970): action: 0x0, toolType: 0
11-23 15:15:23.805  4970  4970 D ViewRootImpl: ViewPostImeInputStage ACTION_DOWN
11-23 15:15:23.805  4970  5096 V Vibrator: Called vibrateImmVibe(byte[], MagnitudeType) API - PUID: 1000, PackageName: com.sec.android.inputmethod
11-23 15:15:23.815  4970  5096 V Vibrator: vibrateImmVibe - PUID: 1000, PackageName: com.sec.android.inputmethod, pattern, mag: 8000
11-23 15:15:23.815  3520  4440 D VibratorService: Turning vibrator off - ImmVibe.
11-23 15:15:23.815  4970  4970 E SamsungIME: <AbstractKeyboardView> - onDraw() called
11-23 15:15:23.815  3520  3874 I InputDispatcher: Delivering touch to (4970): action: 0x1, toolType: 0
11-23 15:15:23.815  3520  4440 V VibratorService: vibrateImmVibePattern - package: com.sec.android.inputmethod, magnitude: 8000
11-23 15:15:23.825  4970  4970 E SamsungIME: <AbstractKeyboardView> - onDraw() called
11-23 15:15:23.845  4970  4970 D SamsungIME: SwiftkeyWrapper-checkCurrentSequence : use IC
11-23 15:15:23.855  4970  4970 D SamsungIME: Skip dismiss ExpandCandidate. it will be post-invalidated later
11-23 15:15:23.865  3520  3874 I InputDispatcher: Delivering touch to (4030): action: 0x4, toolType: 0
11-23 15:15:23.865  3520  3874 I InputDispatcher: Delivering touch to (26906): action: 0x0, toolType: 0
11-23 15:15:23.865 26906 26906 D ViewRootImpl: ViewPostImeInputStage ACTION_DOWN
11-23 15:15:23.865  3520  3874 I InputDispatcher: Delivering touch to (26906): action: 0x1, toolType: 0
11-23 15:15:23.915 26893 26893 I Timeline: Timeline: Activity_launch_request id:com.google.identitytoolkit.demo time:3469347
11-23 15:15:23.915  3520  3940 E PersonaManagerService: inState():  stateMachine is null !!
11-23 15:15:23.915  3520  3940 I PersonaManagerService: PersonaId don't exist
11-23 15:15:23.915  3520  3940 I ActivityManager: do not start freezing screen for locked container getKeyguardshowstate = false
11-23 15:15:23.915  3520  3940 D CustomFrequencyManagerService: releaseDVFSLockLocked : Getting Lock type frm List : DVFS_MIN_LIMIT  frequency : 1800000  uid : 1000  pid : 3520  tag : ACTIVITY_RESUME_BOOSTER@3
11-23 15:15:23.915  3520  3940 D CustomFrequencyManagerService: acquireDVFSLockLocked : type : DVFS_MIN_LIMIT  frequency : 1800000  uid : 1000  pid : 3520  pkgName : ACTIVITY_RESUME_BOOSTER@3
11-23 15:15:23.925  3520  3940 W ActivityManager: mDVFSHelper.acquire()
11-23 15:15:23.955  4970  4970 D SamsungIME: Skip dismiss ExpandCandidate. it will be post-invalidated later
11-23 15:15:23.975  3520  3874 I InputDispatcher: Delivering touch to (4030): action: 0x4, toolType: 0
11-23 15:15:23.975  3520  3874 I InputDispatcher: Delivering touch to (4970): action: 0x0, toolType: 0
11-23 15:15:23.975  4970  4970 D ViewRootImpl: ViewPostImeInputStage ACTION_DOWN
11-23 15:15:23.975  4970  5096 V Vibrator: Called vibrateImmVibe(byte[], MagnitudeType) API - PUID: 1000, PackageName: com.sec.android.inputmethod
11-23 15:15:23.975  3520  3874 I InputDispatcher: Delivering touch to (4970): action: 0x1, toolType: 0
11-23 15:15:23.975  4970  5096 V Vibrator: vibrateImmVibe - PUID: 1000, PackageName: com.sec.android.inputmethod, pattern, mag: 8000
11-23 15:15:23.975  3520  4070 D VibratorService: Turning vibrator off - ImmVibe.
11-23 15:15:23.975  4970  4970 E SamsungIME: <AbstractKeyboardView> - onDraw() called
11-23 15:15:23.985  3520  4070 V VibratorService: vibrateImmVibePattern - package: com.sec.android.inputmethod, magnitude: 8000
11-23 15:15:23.995  4970  4970 E SamsungIME: <AbstractKeyboardView> - onDraw() called
11-23 15:15:23.995  4970  4970 D SamsungIME: SwiftkeyWrapper-checkCurrentSequence : use IC
11-23 15:15:24.015  4970  4970 D SamsungIME: Skip dismiss ExpandCandidate. it will be post-invalidated later
11-23 15:15:24.025  3520  3874 I InputDispatcher: Delivering touch to (4030): action: 0x4, toolType: 0
11-23 15:15:24.025  3520  3874 I InputDispatcher: Delivering touch to (4970): action: 0x0, toolType: 0
11-23 15:15:24.025  4970  4970 D ViewRootImpl: ViewPostImeInputStage ACTION_DOWN
11-23 15:15:24.025  4970  5096 V Vibrator: Called vibrateImmVibe(byte[], MagnitudeType) API - PUID: 1000, PackageName: com.sec.android.inputmethod
11-23 15:15:24.025  4970  5096 V Vibrator: vibrateImmVibe - PUID: 1000, PackageName: com.sec.android.inputmethod, pattern, mag: 8000
11-23 15:15:24.025  3520  4412 D VibratorService: Turning vibrator off - ImmVibe.
11-23 15:15:24.035  3520  3874 I InputDispatcher: Delivering touch to (4970): action: 0x1, toolType: 0
11-23 15:15:24.035  3520  4412 V VibratorService: vibrateImmVibePattern - package: com.sec.android.inputmethod, magnitude: 8000
11-23 15:15:24.035  4970  4970 D SamsungIME: SwiftkeyWrapper-checkCurrentSequence : use IC
11-23 15:15:24.055  4970  4970 E SamsungIME: <AbstractKeyboardView> - onDraw() called
11-23 15:15:24.085  3520  3874 I InputDispatcher: Delivering touch to (4030): action: 0x4, toolType: 0
11-23 15:15:24.085  3520  3874 I InputDispatcher: Delivering touch to (4970): action: 0x0, toolType: 0
11-23 15:15:24.085  4970  4970 D ViewRootImpl: ViewPostImeInputStage ACTION_DOWN
11-23 15:15:24.085  3520  3874 I InputDispatcher: Delivering touch to (4970): action: 0x1, toolType: 0
11-23 15:15:24.115  4970  4970 D SamsungIME: Skip dismiss ExpandCandidate. it will be post-invalidated later
11-23 15:15:24.135  3520  3874 I InputDispatcher: Delivering touch to (4030): action: 0x4, toolType: 0
11-23 15:15:24.135  3520  3874 I InputDispatcher: Delivering touch to (26906): action: 0x0, toolType: 0
11-23 15:15:24.135 26906 26906 D ViewRootImpl: ViewPostImeInputStage ACTION_DOWN
11-23 15:15:24.135  3520  3874 I InputDispatcher: Delivering touch to (26906): action: 0x1, toolType: 0
11-23 15:15:24.185  3520  3874 I InputDispatcher: Delivering touch to (4030): action: 0x4, toolType: 0
11-23 15:15:24.185  3520  3874 I InputDispatcher: Delivering touch to (4970): action: 0x0, toolType: 0
11-23 15:15:24.185  4970  4970 D ViewRootImpl: ViewPostImeInputStage ACTION_DOWN
11-23 15:15:24.195  3520  3874 I InputDispatcher: Delivering touch to (4970): action: 0x1, toolType: 0
11-23 15:15:24.215  4970  4970 E SamsungIME: <AbstractKeyboardView> - onDraw() called
11-23 15:15:24.215  4970  4970 I SamsungIME: drawAllKey
11-23 15:15:24.225  4970  4970 D SamsungIME: checking talkback status : false
11-23 15:15:24.225  4970  4970 D SamsungIME: disable handwriting input icon : handwriting is not enabled or improper edit field
11-23 15:15:24.225  4970  4970 D SamsungIME: checking talkback status : false
11-23 15:15:24.225  4970  4970 D SamsungIME: disable handwriting input icon : handwriting is not enabled or improper edit field
11-23 15:15:24.225  4970  4970 D SamsungIME: checking talkback status : false
11-23 15:15:24.225  4970  4970 D SamsungIME: disable handwriting input icon : handwriting is not enabled or improper edit field
11-23 15:15:24.245  3520  3874 I InputDispatcher: Delivering touch to (4030): action: 0x4, toolType: 0
11-23 15:15:24.245  3520  3874 I InputDispatcher: Delivering touch to (26906): action: 0x0, toolType: 0
11-23 15:15:24.245 26906 26906 D ViewRootImpl: ViewPostImeInputStage ACTION_DOWN
11-23 15:15:24.245  2983  2983 I SurfaceFlinger: id=27 createSurf (1x1),1 flag=4, QopupWindow
11-23 15:15:24.255  3520  3874 I InputDispatcher: Delivering touch to (26906): action: 0x1, toolType: 0
11-23 15:15:24.265  4970 27128 D mali_winsys: new_window_surface returns 0x3000,  [1440x297]-format:1
11-23 15:15:24.265 26906 26906 D Editor  : isTwoFingerGestureRecognitionEnabled1
11-23 15:15:24.265 26906 26906 D Editor  : isTwoFingerGestureRecognitionEnabled1else
11-23 15:15:24.285  2983  2983 I SurfaceFlinger: id=28 createSurf (1x1),1 flag=4, QopupWindow
11-23 15:15:24.295 26906 27087 D mali_winsys: new_window_surface returns 0x3000,  [189x232]-format:1
11-23 15:15:24.295  4970  4970 D SamsungIME: onViewClicked
11-23 15:15:24.305  4970  4970 W ContextImpl: Calling a method in the system process without a qualified user: android.app.ContextImpl.sendBroadcast:1700 android.content.ContextWrapper.sendBroadcast:391 android.inputmethodservice.InputMethodService.sendInputViewShownState:423 android.inputmethodservice.InputMethodService.showWindow:2018 android.inputmethodservice.InputMethodService$InputMethodImpl.showSoftInput:647 
11-23 15:15:24.305  3520  3874 I InputDispatcher: Delivering touch to (4030): action: 0x4, toolType: 0
11-23 15:15:24.305  3520  3874 I InputDispatcher: Delivering touch to (4970): action: 0x4, toolType: 0
11-23 15:15:24.305  4970 27223 W ContextImpl: Calling a method in the system process without a qualified user: android.app.ContextImpl.sendBroadcast:1700 android.content.ContextWrapper.sendBroadcast:391 android.inputmethodservice.InputMethodService$4.run:3274 java.lang.Thread.run:818 <bottom of call stack> 
11-23 15:15:24.305  3520  3874 I InputDispatcher: Delivering touch to (26906): action: 0x0, toolType: 0
11-23 15:15:24.305 26906 26906 D ViewRootImpl: ViewPostImeInputStage ACTION_DOWN
11-23 15:15:24.305  3520  6476 D SSRM:a  : DeviceInfo:: 000000000000
11-23 15:15:24.305  3520  6476 D SSRM:a  : SettingsAirViewInfo:: 000000000
11-23 15:15:24.305  3520  4695 D ApplicationPolicy: isStatusBarNotificationAllowedAsUser: packageName = android,userId = -1
11-23 15:15:24.305  3520  4695 V ApplicationPolicy: isApplicationStateBlocked userId -1 pkgname android
11-23 15:15:24.305  3520  3520 I ValidateNoPeople: skipping global notification
11-23 15:15:24.315  3520  3874 I InputDispatcher: Delivering touch to (26906): action: 0x1, toolType: 0
11-23 15:15:24.315  4030  4030 D StatusBar: ----- contentsUnchanged : true, bigContentsUnchanged - true, headsUpContentsUnchanged - true , publicUnchanged true
11-23 15:15:24.315  4030  4030 D NotificationContentView: AH:256, SH:256
11-23 15:15:24.315  4030  4030 D NotificationContentView: AH:256, SH:256
11-23 15:15:24.315  4030  4030 D PersonaManager: isKioskContainerExistOnDevice
11-23 15:15:24.315  4030  4030 D PersonaManager: isKioskContainerExistOnDevice
11-23 15:15:24.315  4030  4030 D PanelView: There is/are notification(s) 
11-23 15:15:24.315  4030  4030 D PanelView: kidsfalse mQsExpansionEnabled:true
11-23 15:15:24.325  4030  4030 D PersonaManager: isKioskContainerExistOnDevice
11-23 15:15:24.325  4030  4030 D PanelView: There is/are notification(s) 
11-23 15:15:24.325  4030  4030 D PanelView: kidsfalse mQsExpansionEnabled:true
11-23 15:15:24.325  4970  4970 W InputEventReceiver: Attempted to finish an input event but the input event receiver has already been disposed.
11-23 15:15:24.355  4970  4970 D SamsungIME: Skip dismiss ExpandCandidate. it will be post-invalidated later
11-23 15:15:24.355  4970  4970 E SamsungIME: <AbstractKeyboardView> - onDraw() called
11-23 15:15:24.365  4970  4970 I SamsungIME: drawAllKey
11-23 15:15:24.365  3520  3874 I InputDispatcher: Delivering touch to (4030): action: 0x4, toolType: 0
11-23 15:15:24.365  3520  3874 I InputDispatcher: Delivering touch to (4970): action: 0x0, toolType: 0
11-23 15:15:24.365  3520  3874 I InputDispatcher: Delivering touch to (4970): action: 0x1, toolType: 0
11-23 15:15:24.385  4970  4970 D SamsungIME: checking talkback status : false
11-23 15:15:24.385  4970  4970 D SamsungIME: disable handwriting input icon : handwriting is not enabled or improper edit field
11-23 15:15:24.385  4970  4970 D SamsungIME: checking talkback status : false
11-23 15:15:24.385  4970  4970 D SamsungIME: disable handwriting input icon : handwriting is not enabled or improper edit field
11-23 15:15:24.385  4970  4970 D SamsungIME: checking talkback status : false
11-23 15:15:24.385  4970  4970 D SamsungIME: disable handwriting input icon : handwriting is not enabled or improper edit field
11-23 15:15:24.395  4030  4030 D PanelView: mClearAll.setVisibility - mIsFullyOpened : false isShade : true mHasNotification : true mIsUpwardFling : false mQsFullyExpanded : true isShadeLocked : false mClearAllVisible : true
11-23 15:15:24.405  4970  4970 D ViewRootImpl: ViewPostImeInputStage ACTION_DOWN
11-23 15:15:24.405  4970  5096 V Vibrator: Called vibrateImmVibe(byte[], MagnitudeType) API - PUID: 1000, PackageName: com.sec.android.inputmethod
11-23 15:15:24.405  4970  5096 V Vibrator: vibrateImmVibe - PUID: 1000, PackageName: com.sec.android.inputmethod, pattern, mag: 8000
11-23 15:15:24.405  3520  4086 D VibratorService: Turning vibrator off - ImmVibe.
11-23 15:15:24.405  3520  4086 V VibratorService: vibrateImmVibePattern - package: com.sec.android.inputmethod, magnitude: 8000
11-23 15:15:24.415  4970  4970 E SamsungIME: <AbstractKeyboardView> - onDraw() called
11-23 15:15:24.425  3520  3874 I InputDispatcher: Delivering touch to (4030): action: 0x4, toolType: 0
11-23 15:15:24.425  3520  3874 I InputDispatcher: Delivering touch to (26906): action: 0x0, toolType: 0
11-23 15:15:24.425 26906 26906 D ViewRootImpl: ViewPostImeInputStage ACTION_DOWN
11-23 15:15:24.435  3520  3874 I InputDispatcher: Delivering touch to (26906): action: 0x1, toolType: 0
11-23 15:15:24.435  4970  4970 D SamsungIME: SwiftkeyWrapper-checkCurrentSequence : use IC
11-23 15:15:24.435  4970  4970 D SamsungIME: Skip dismiss ExpandCandidate. it will be post-invalidated later
11-23 15:15:24.485  3520  3874 I InputDispatcher: Delivering touch to (4030): action: 0x4, toolType: 0
11-23 15:15:24.485  3520  3874 I InputDispatcher: Delivering touch to (4970): action: 0x0, toolType: 0
11-23 15:15:24.485  4970  4970 D ViewRootImpl: ViewPostImeInputStage ACTION_DOWN
11-23 15:15:24.485  3520  3874 I InputDispatcher: Delivering touch to (4970): action: 0x1, toolType: 0
11-23 15:15:24.495  2983  4481 I SurfaceFlinger: id=27 Removed QopupWindow (9/11)
11-23 15:15:24.495  2983  3977 I SurfaceFlinger: id=27 Removed QopupWindow (-2/11)
11-23 15:15:24.535  4970  4970 D SamsungIME: Skip dismiss ExpandCandidate. it will be post-invalidated later
11-23 15:15:24.535  3520  3874 I InputDispatcher: Delivering touch to (4030): action: 0x4, toolType: 0
11-23 15:15:24.535  3520  3874 I InputDispatcher: Delivering touch to (26906): action: 0x0, toolType: 0
11-23 15:15:24.535 26906 26906 D ViewRootImpl: ViewPostImeInputStage ACTION_DOWN
11-23 15:15:24.545  3520  3874 I InputDispatcher: Delivering touch to (26906): action: 0x1, toolType: 0
11-23 15:15:24.585  2983  3977 I SurfaceFlinger: id=28 Removed QopupWindow (9/10)
11-23 15:15:24.585  2983  3977 I SurfaceFlinger: id=28 Removed QopupWindow (-2/10)
11-23 15:15:24.595  3520  3874 I InputDispatcher: Delivering touch to (4030): action: 0x4, toolType: 0
11-23 15:15:24.595  3520  3874 I InputDispatcher: Delivering touch to (4970): action: 0x0, toolType: 0
11-23 15:15:24.595  4970  4970 D ViewRootImpl: ViewPostImeInputStage ACTION_DOWN
11-23 15:15:24.595  4970  5096 V Vibrator: Called vibrateImmVibe(byte[], MagnitudeType) API - PUID: 1000, PackageName: com.sec.android.inputmethod
11-23 15:15:24.595  3520  3874 I InputDispatcher: Delivering touch to (4970): action: 0x1, toolType: 0
11-23 15:15:24.595  4970  5096 V Vibrator: vibrateImmVibe - PUID: 1000, PackageName: com.sec.android.inputmethod, pattern, mag: 8000
11-23 15:15:24.595  3520  4086 D VibratorService: Turning vibrator off - ImmVibe.
11-23 15:15:24.605  3520  4086 V VibratorService: vibrateImmVibePattern - package: com.sec.android.inputmethod, magnitude: 8000
11-23 15:15:24.605  4970  4970 E SamsungIME: <AbstractKeyboardView> - onDraw() called
11-23 15:15:24.615  4970  4970 D SamsungIME: SwiftkeyWrapper-checkCurrentSequence : use IC
11-23 15:15:24.625  4970  4970 D SamsungIME: Skip dismiss ExpandCandidate. it will be post-invalidated later
11-23 15:15:24.645  3520  3874 I InputDispatcher: Delivering touch to (4030): action: 0x4, toolType: 0
11-23 15:15:24.645  3520  3874 I InputDispatcher: Delivering touch to (4970): action: 0x0, toolType: 0
11-23 15:15:24.645  4970  4970 D ViewRootImpl: ViewPostImeInputStage ACTION_DOWN
11-23 15:15:24.645  3520  3874 I InputDispatcher: Delivering touch to (4970): action: 0x1, toolType: 0
11-23 15:15:24.645  4970  5096 V Vibrator: Called vibrateImmVibe(byte[], MagnitudeType) API - PUID: 1000, PackageName: com.sec.android.inputmethod
11-23 15:15:24.645  4970  5096 V Vibrator: vibrateImmVibe - PUID: 1000, PackageName: com.sec.android.inputmethod, pattern, mag: 8000
11-23 15:15:24.645  3520  3533 D VibratorService: Turning vibrator off - ImmVibe.
11-23 15:15:24.655  3520  3533 V VibratorService: vibrateImmVibePattern - package: com.sec.android.inputmethod, magnitude: 8000
11-23 15:15:24.655 26906 26982 I art     : Explicit concurrent mark sweep GC freed 2326(108KB) AllocSpace objects, 1(20KB) LOS objects, 36% free, 27MB/43MB, paused 154us total 12.782ms
11-23 15:15:24.665  4970  5096 V Vibrator: Called vibrateImmVibe(byte[], MagnitudeType) API - PUID: 1000, PackageName: com.sec.android.inputmethod
11-23 15:15:24.665  4970  5096 V Vibrator: vibrateImmVibe - PUID: 1000, PackageName: com.sec.android.inputmethod, pattern, mag: 8000
11-23 15:15:24.665  3520  3940 D VibratorService: Turning vibrator off - ImmVibe.
11-23 15:15:24.665  4970  4970 E SamsungIME: <AbstractKeyboardView> - onDraw() called
11-23 15:15:24.665  3520  3940 V VibratorService: vibrateImmVibePattern - package: com.sec.android.inputmethod, magnitude: 8000
11-23 15:15:24.675  4970  4970 D SamsungIME: SwiftkeyWrapper-checkCurrentSequence : use IC
11-23 15:15:24.695 26906 26982 I art     : Explicit concurrent mark sweep GC freed 396(19KB) AllocSpace objects, 0(0B) LOS objects, 36% free, 27MB/43MB, paused 141us total 11.377ms
11-23 15:15:24.705  3520  3874 I InputDispatcher: Delivering touch to (4030): action: 0x4, toolType: 0
11-23 15:15:24.705  3520  3874 I InputDispatcher: Delivering touch to (26906): action: 0x0, toolType: 0
11-23 15:15:24.705 26906 26906 D ViewRootImpl: ViewPostImeInputStage ACTION_DOWN
11-23 15:15:24.705  3520  3874 I InputDispatcher: Delivering touch to (26906): action: 0x1, toolType: 0
11-23 15:15:24.745 26906 26982 I art     : Explicit concurrent mark sweep GC freed 14(400B) AllocSpace objects, 0(0B) LOS objects, 36% free, 27MB/43MB, paused 184us total 15.776ms
11-23 15:15:24.755  3520  3874 I InputDispatcher: Delivering touch to (4030): action: 0x0, toolType: 0
11-23 15:15:24.755  4030  4030 D ViewRootImpl: ViewPostImeInputStage ACTION_DOWN
11-23 15:15:24.765  4030  4030 D PhoneStatusBar: makeExpandedVisible:false
11-23 15:15:24.765  3520  3874 I InputDispatcher: Delivering touch to (4030): action: 0x1, toolType: 0
11-23 15:15:24.765  4030  4030 D StatusBar-Window: fnf=false sanc=false, kni=false, sbf=true
11-23 15:15:24.765  4030  4030 D CoverUI : applyFocusableFlag() : Remove SAMSUNG_FLAG_SVIEW_COVER
11-23 15:15:24.775  3520  4695 V Vibrator: Called cancel() API - PUID: 1000, PackageName: android
11-23 15:15:24.775  3520  4695 D VibratorService: Turning vibrator off - ImmVibe.
11-23 15:15:24.775  3520  4695 D LightsService: [api] [SvcLED] turnOff:: id = 4 (uid: 1000 pid: 3520) 
11-23 15:15:24.775  3520  4695 D LightsService: [SvcLED] setSvcLedStateLocked:: SvcLEDState : 0x0 -> 0x0 | SvcLED(id=4) set Off
11-23 15:15:24.775  3520  3817 D LightsService: [SvcLED] Lux failed to be updated in 700ms. -> handleForcedSvcLEDTasK
11-23 15:15:24.775  3520  3817 D LightsService: [SvcLED]  setSvcLedLightLocked :: Current SvcLED(id=3) maintains its priority right
11-23 15:15:24.775  4030  4030 D PhoneStatusBar: disable: < expand icons alerts system_info back home recent clock search >
11-23 15:15:24.775  4030  4030 D StatusBar-DoNotDistrub: isDisableAlert isDormantModeOn:false isNotificationDisabled:false
11-23 15:15:24.785  3520  6476 D SSRM:a  : DeviceInfo:: 000000000000
11-23 15:15:24.785  3520  6476 D SSRM:a  : SettingsAirViewInfo:: 000000000
11-23 15:15:24.785  4030  4030 D PhoneStatusBar: makeExpandedInvisible: mExpandedVisible=true mExpandedVisible=true
11-23 15:15:24.785  4030  4030 V NotificationStackScrollLayout: start: -268.0stackHeight: 268.0
11-23 15:15:24.785  4030  4030 V NotificationStackScrollLayout: start: -268.0stackHeight: 268.0
11-23 15:15:24.785  4030  4030 V NotificationStackScrollLayout: start: -268.0stackHeight: 268.0
11-23 15:15:24.785  4030  4030 D StatusBar-QSPanel: setSingleLine:true
11-23 15:15:24.785  4030  4030 D StatusBar-QSPanel: adjustCellWidth mButtonWidth : 272, displayWidth : 1440
11-23 15:15:24.785  4030  4030 D StatusBar-QSPanel: updateButtonInfo mButtonWidth : 272 mColumns:5 orien: 1 mButtonCorrectionWidth:32
11-23 15:15:24.785  4030  4030 D StatusBar-QSPanel: setSingleLine height:384
11-23 15:15:24.785  4030  4030 D STATUSBAR-PhoneStatusBar:  mBrightnessEnablebySettings = true mBrightnessEnablebyBattery = true mBrightnessEnablebyDisableFlag = true mPmsBrightnessEnablebySettings = true
11-23 15:15:24.785  4030  4030 D STATUSBAR-PhoneStatusBar: showHideQConnectLayout userID : 0 emMode:false, mQconnectEnable:true
11-23 15:15:24.785  4030  4030 D PhoneStatusBar: updateQSpanelHeight: 384 height:608
11-23 15:15:24.785  4030  4030 V NotificationStackScrollLayout: start: -268.0stackHeight: 268.0
11-23 15:15:24.785  4030  4030 D PanelView: flingSettings mQsMin:788 mQsMax:788 mQsEx:788.0mQsPeek:608
11-23 15:15:24.785  4030  4030 D PanelView: There is/are notification(s) 
11-23 15:15:24.785  4030  4030 D PanelView: kidsfalse mQsExpansionEnabled:true
11-23 15:15:24.785  4030  4030 V NotificationStackScrollLayout: start: -268.0stackHeight: 268.0
11-23 15:15:24.785  4030  4030 D StatusBar-Window: fnf=true sanc=false, kni=false, sbf=false
11-23 15:15:24.785  4030  4030 D CoverUI : applyFocusableFlag() : Remove SAMSUNG_FLAG_SVIEW_COVER
11-23 15:15:24.795  4030  4030 D PhoneStatusBar: disable: < expand icons alerts system_info back home recent clock search >
11-23 15:15:24.795  4030  4030 D StatusBar-DoNotDistrub: isDisableAlert isDormantModeOn:false isNotificationDisabled:false
11-23 15:15:24.805 26906 26982 I art     : Explicit concurrent mark sweep GC freed 3(96B) AllocSpace objects, 0(0B) LOS objects, 36% free, 27MB/43MB, paused 191us total 16.389ms
11-23 15:15:24.815  3520  3874 I InputDispatcher: Delivering touch to (4030): action: 0x4, toolType: 0
11-23 15:15:24.815  3520  3874 I InputDispatcher: Delivering touch to (4970): action: 0x0, toolType: 0
11-23 15:15:24.815  4970  4970 D ViewRootImpl: ViewPostImeInputStage ACTION_DOWN
11-23 15:15:24.815  4970  5096 V Vibrator: Called vibrateImmVibe(byte[], MagnitudeType) API - PUID: 1000, PackageName: com.sec.android.inputmethod
11-23 15:15:24.815  4970  5096 V Vibrator: vibrateImmVibe - PUID: 1000, PackageName: com.sec.android.inputmethod, pattern, mag: 8000
11-23 15:15:24.815  3520  4070 D VibratorService: Turning vibrator off - ImmVibe.
11-23 15:15:24.825  3520  3874 I InputDispatcher: Delivering touch to (4970): action: 0x1, toolType: 0
11-23 15:15:24.825  3520  4070 V VibratorService: vibrateImmVibePattern - package: com.sec.android.inputmethod, magnitude: 8000
11-23 15:15:24.835  4970  4970 E SamsungIME: <AbstractKeyboardView> - onDraw() called
11-23 15:15:24.835  4970  4970 D SamsungIME: SwiftkeyWrapper-checkCurrentSequence : use IC
11-23 15:15:24.845  4970  4970 D SamsungIME: Skip dismiss ExpandCandidate. it will be post-invalidated later
11-23 15:15:24.845 26906 26982 I art     : Explicit concurrent mark sweep GC freed 78(3KB) AllocSpace objects, 0(0B) LOS objects, 36% free, 27MB/43MB, paused 147us total 11.239ms
11-23 15:15:24.875  3520  3874 I InputDispatcher: Delivering touch to (4030): action: 0x4, toolType: 0
11-23 15:15:24.875  3520  3874 I InputDispatcher: Delivering touch to (4970): action: 0x0, toolType: 0
11-23 15:15:24.875  4970  4970 D ViewRootImpl: ViewPostImeInputStage ACTION_DOWN
11-23 15:15:24.875  4970  5096 V Vibrator: Called vibrateImmVibe(byte[], MagnitudeType) API - PUID: 1000, PackageName: com.sec.android.inputmethod
11-23 15:15:24.875  4970  5096 V Vibrator: vibrateImmVibe - PUID: 1000, PackageName: com.sec.android.inputmethod, pattern, mag: 8000
11-23 15:15:24.875  3520  3533 D VibratorService: Turning vibrator off - ImmVibe.
11-23 15:15:24.875  3520  3874 I InputDispatcher: Delivering touch to (4970): action: 0x1, toolType: 0
11-23 15:15:24.885  3520  3533 V VibratorService: vibrateImmVibePattern - package: com.sec.android.inputmethod, magnitude: 8000
11-23 15:15:24.895  4970  4970 E SamsungIME: <AbstractKeyboardView> - onDraw() called
11-23 15:15:24.905  4970  4970 D SamsungIME: SwiftkeyWrapper-checkCurrentSequence : use IC
11-23 15:15:24.935  3520  3874 I InputDispatcher: Delivering touch to (4030): action: 0x0, toolType: 0
11-23 15:15:24.935  4030  4030 D ViewRootImpl: ViewPostImeInputStage ACTION_DOWN
11-23 15:15:24.935  3520  3874 I InputDispatcher: Delivering touch to (4030): action: 0x1, toolType: 0
11-23 15:15:24.935  4970  4970 D SamsungIME: Skip dismiss ExpandCandidate. it will be post-invalidated later
11-23 15:15:24.935  4030  4030 D PhoneStatusBar: makeExpandedVisible:false
11-23 15:15:24.935  4030  4030 D StatusBar-Window: fnf=false sanc=false, kni=false, sbf=true
11-23 15:15:24.935  4030  4030 D CoverUI : applyFocusableFlag() : Remove SAMSUNG_FLAG_SVIEW_COVER
11-23 15:15:24.935  3520  4604 V Vibrator: Called cancel() API - PUID: 1000, PackageName: android
11-23 15:15:24.935  3520  4604 D VibratorService: Turning vibrator off - ImmVibe.
11-23 15:15:24.945  3520  4604 D LightsService: [api] [SvcLED] turnOff:: id = 4 (uid: 1000 pid: 3520) 
11-23 15:15:24.945  3520  4604 D LightsService: [SvcLED] setSvcLedStateLocked:: SvcLEDState : 0x0 -> 0x0 | SvcLED(id=4) set Off
11-23 15:15:24.945  3520  3817 D LightsService: [SvcLED] Lux failed to be updated in 700ms. -> handleForcedSvcLEDTasK
11-23 15:15:24.945  3520  3817 D LightsService: [SvcLED]  setSvcLedLightLocked :: Current SvcLED(id=3) maintains its priority right
11-23 15:15:24.945  4030  4030 D PhoneStatusBar: disable: < expand icons alerts system_info back home recent clock search >
11-23 15:15:24.945  4030  4030 D StatusBar-DoNotDistrub: isDisableAlert isDormantModeOn:false isNotificationDisabled:false
11-23 15:15:24.945  3520  6476 D SSRM:a  : DeviceInfo:: 000000000000
11-23 15:15:24.945  3520  6476 D SSRM:a  : SettingsAirViewInfo:: 000000000
11-23 15:15:24.945  4030  4030 D PhoneStatusBar: makeExpandedInvisible: mExpandedVisible=true mExpandedVisible=true
11-23 15:15:24.945  4030  4030 V NotificationStackScrollLayout: start: -268.0stackHeight: 268.0
11-23 15:15:24.945  4030  4030 V NotificationStackScrollLayout: start: -268.0stackHeight: 268.0
11-23 15:15:24.945  4030  4030 V NotificationStackScrollLayout: start: -268.0stackHeight: 268.0
11-23 15:15:24.945  4030  4030 D StatusBar-QSPanel: setSingleLine:true
11-23 15:15:24.945  4030  4030 D StatusBar-QSPanel: adjustCellWidth mButtonWidth : 272, displayWidth : 1440
11-23 15:15:24.945  4030  4030 D StatusBar-QSPanel: updateButtonInfo mButtonWidth : 272 mColumns:5 orien: 1 mButtonCorrectionWidth:32
11-23 15:15:24.945  4030  4030 D StatusBar-QSPanel: setSingleLine height:384
11-23 15:15:24.945  4030  4030 D STATUSBAR-PhoneStatusBar:  mBrightnessEnablebySettings = true mBrightnessEnablebyBattery = true mBrightnessEnablebyDisableFlag = true mPmsBrightnessEnablebySettings = true
11-23 15:15:24.945  4030  4030 D STATUSBAR-PhoneStatusBar: showHideQConnectLayout userID : 0 emMode:false, mQconnectEnable:true
11-23 15:15:24.945  4030  4030 D PhoneStatusBar: updateQSpanelHeight: 384 height:608
11-23 15:15:24.945  4030  4030 V NotificationStackScrollLayout: start: -268.0stackHeight: 268.0
11-23 15:15:24.945  4030  4030 D PanelView: flingSettings mQsMin:788 mQsMax:788 mQsEx:788.0mQsPeek:608
11-23 15:15:24.945  4030  4030 D PanelView: There is/are notification(s) 
11-23 15:15:24.945  4030  4030 D PanelView: kidsfalse mQsExpansionEnabled:true
11-23 15:15:24.945  4030  4030 V NotificationStackScrollLayout: start: -268.0stackHeight: 268.0
11-23 15:15:24.945  4030  4030 D StatusBar-Window: fnf=true sanc=false, kni=false, sbf=false
11-23 15:15:24.945  4030  4030 D CoverUI : applyFocusableFlag() : Remove SAMSUNG_FLAG_SVIEW_COVER
11-23 15:15:24.955  4030  4030 D PhoneStatusBar: disable: < expand icons alerts system_info back home recent clock search >
11-23 15:15:24.955  4030  4030 D StatusBar-DoNotDistrub: isDisableAlert isDormantModeOn:false isNotificationDisabled:false
11-23 15:15:24.985  3520  3874 I InputDispatcher: Delivering touch to (4030): action: 0x4, toolType: 0
11-23 15:15:24.985  3520  3874 I InputDispatcher: Delivering touch to (4970): action: 0x0, toolType: 0
11-23 15:15:24.985  4970  4970 D ViewRootImpl: ViewPostImeInputStage ACTION_DOWN
11-23 15:15:24.985  3520  3874 I InputDispatcher: Delivering touch to (4970): action: 0x1, toolType: 0
11-23 15:15:24.985  4970  5096 V Vibrator: Called vibrateImmVibe(byte[], MagnitudeType) API - PUID: 1000, PackageName: com.sec.android.inputmethod
11-23 15:15:24.985  4970  5096 V Vibrator: vibrateImmVibe - PUID: 1000, PackageName: com.sec.android.inputmethod, pattern, mag: 8000
11-23 15:15:24.985  3520  3533 D VibratorService: Turning vibrator off - ImmVibe.
11-23 15:15:24.995  3520  3533 V VibratorService: vibrateImmVibePattern - package: com.sec.android.inputmethod, magnitude: 8000
11-23 15:15:24.995  4970  4970 E SamsungIME: <AbstractKeyboardView> - onDraw() called
11-23 15:15:25.005  4970  4970 D SamsungIME: SwiftkeyWrapper-checkCurrentSequence : use IC
11-23 15:15:25.015  4970  4970 D SamsungIME: Skip dismiss ExpandCandidate. it will be post-invalidated later
11-23 15:15:25.035  4970  4970 D SamsungIME: Skip dismiss ExpandCandidate. it will be post-invalidated later
11-23 15:15:25.035 26893 26893 I Timeline: Timeline: Activity_launch_request id:com.google.identitytoolkit.demo time:3470466
11-23 15:15:25.035  3520  4072 E PersonaManagerService: inState():  stateMachine is null !!
11-23 15:15:25.035  3520  4072 I PersonaManagerService: PersonaId don't exist
11-23 15:15:25.035  3520  4072 I ActivityManager: do not start freezing screen for locked container getKeyguardshowstate = false
11-23 15:15:25.035  3520  4072 D CustomFrequencyManagerService: releaseDVFSLockLocked : Getting Lock type frm List : DVFS_MIN_LIMIT  frequency : 1800000  uid : 1000  pid : 3520  tag : ACTIVITY_RESUME_BOOSTER@3
11-23 15:15:25.035  3520  4072 D CustomFrequencyManagerService: acquireDVFSLockLocked : type : DVFS_MIN_LIMIT  frequency : 1800000  uid : 1000  pid : 3520  pkgName : ACTIVITY_RESUME_BOOSTER@3
11-23 15:15:25.045  3520  4072 W ActivityManager: mDVFSHelper.acquire()
11-23 15:15:25.095  3520  3874 I InputDispatcher: Delivering touch to (4030): action: 0x4, toolType: 0
11-23 15:15:25.095  3520  3874 I InputDispatcher: Delivering touch to (26906): action: 0x0, toolType: 0
11-23 15:15:25.095 26906 26906 D ViewRootImpl: ViewPostImeInputStage ACTION_DOWN
11-23 15:15:25.095  3520  3874 I InputDispatcher: Delivering touch to (26906): action: 0x1, toolType: 0
11-23 15:15:25.145  3520  3874 I InputDispatcher: Delivering touch to (4030): action: 0x4, toolType: 0
11-23 15:15:25.145  3520  3874 I InputDispatcher: Delivering touch to (4970): action: 0x0, toolType: 0
11-23 15:15:25.145  4970  4970 D ViewRootImpl: ViewPostImeInputStage ACTION_DOWN
11-23 15:15:25.145  3520  3874 I InputDispatcher: Delivering touch to (4970): action: 0x1, toolType: 0
11-23 15:15:25.145  4970  5096 V Vibrator: Called vibrateImmVibe(byte[], MagnitudeType) API - PUID: 1000, PackageName: com.sec.android.inputmethod
11-23 15:15:25.145  4970  5096 V Vibrator: vibrateImmVibe - PUID: 1000, PackageName: com.sec.android.inputmethod, pattern, mag: 8000
11-23 15:15:25.145  3520  4070 D VibratorService: Turning vibrator off - ImmVibe.
11-23 15:15:25.155  3520  4070 V VibratorService: vibrateImmVibePattern - package: com.sec.android.inputmethod, magnitude: 8000
11-23 15:15:25.155  4970  4970 E SamsungIME: <AbstractKeyboardView> - onDraw() called
11-23 15:15:25.165  4970  4970 D SamsungIME: SwiftkeyWrapper-checkCurrentSequence : use IC
11-23 15:15:25.175  4970  4970 D SamsungIME: Skip dismiss ExpandCandidate. it will be post-invalidated later
11-23 15:15:25.195  3520  3874 I InputDispatcher: Delivering touch to (4030): action: 0x4, toolType: 0
11-23 15:15:25.195  3520  3874 I InputDispatcher: Delivering touch to (4970): action: 0x0, toolType: 0
11-23 15:15:25.195  4970  4970 D ViewRootImpl: ViewPostImeInputStage ACTION_DOWN
11-23 15:15:25.195  3520  3874 I InputDispatcher: Delivering touch to (4970): action: 0x1, toolType: 0
11-23 15:15:25.235  4970  4970 D SamsungIME: Skip dismiss ExpandCandidate. it will be post-invalidated later
11-23 15:15:25.245  3520  3874 I InputDispatcher: Delivering touch to (4030): action: 0x0, toolType: 0
11-23 15:15:25.245  4030  4030 D ViewRootImpl: ViewPostImeInputStage ACTION_DOWN
11-23 15:15:25.255  3520  3874 I InputDispatcher: Delivering touch to (4030): action: 0x1, toolType: 0
11-23 15:15:25.255  4030  4030 D PhoneStatusBar: makeExpandedVisible:false
11-23 15:15:25.255  4030  4030 D StatusBar-Window: fnf=false sanc=false, kni=false, sbf=true
11-23 15:15:25.255  4030  4030 D CoverUI : applyFocusableFlag() : Remove SAMSUNG_FLAG_SVIEW_COVER
11-23 15:15:25.255  3520  4440 V Vibrator: Called cancel() API - PUID: 1000, PackageName: android
11-23 15:15:25.255  3520  4440 D VibratorService: Turning vibrator off - ImmVibe.
11-23 15:15:25.265  3520  4440 D LightsService: [api] [SvcLED] turnOff:: id = 4 (uid: 1000 pid: 3520) 
11-23 15:15:25.265  3520  4440 D LightsService: [SvcLED] setSvcLedStateLocked:: SvcLEDState : 0x0 -> 0x0 | SvcLED(id=4) set Off
11-23 15:15:25.265  3520  3817 D LightsService: [SvcLED] Lux failed to be updated in 700ms. -> handleForcedSvcLEDTasK
11-23 15:15:25.265  3520  3817 D LightsService: [SvcLED]  setSvcLedLightLocked :: Current SvcLED(id=3) maintains its priority right
11-23 15:15:25.265  4030  4030 D PhoneStatusBar: disable: < expand icons alerts system_info back home recent clock search >
11-23 15:15:25.265  4030  4030 D StatusBar-DoNotDistrub: isDisableAlert isDormantModeOn:false isNotificationDisabled:false
11-23 15:15:25.265  3520  6476 D SSRM:a  : DeviceInfo:: 000000000000
11-23 15:15:25.265  3520  6476 D SSRM:a  : SettingsAirViewInfo:: 000000000
11-23 15:15:25.265  4030  4030 D PhoneStatusBar: makeExpandedInvisible: mExpandedVisible=true mExpandedVisible=true
11-23 15:15:25.265  4030  4030 V NotificationStackScrollLayout: start: -268.0stackHeight: 268.0
11-23 15:15:25.265  4030  4030 V NotificationStackScrollLayout: start: -268.0stackHeight: 268.0
11-23 15:15:25.265  4030  4030 V NotificationStackScrollLayout: start: -268.0stackHeight: 268.0
11-23 15:15:25.265  4030  4030 D StatusBar-QSPanel: setSingleLine:true
11-23 15:15:25.265  4030  4030 D StatusBar-QSPanel: adjustCellWidth mButtonWidth : 272, displayWidth : 1440
11-23 15:15:25.265  4030  4030 D StatusBar-QSPanel: updateButtonInfo mButtonWidth : 272 mColumns:5 orien: 1 mButtonCorrectionWidth:32
11-23 15:15:25.265  4030  4030 D StatusBar-QSPanel: setSingleLine height:384
11-23 15:15:25.265  4030  4030 D STATUSBAR-PhoneStatusBar:  mBrightnessEnablebySettings = true mBrightnessEnablebyBattery = true mBrightnessEnablebyDisableFlag = true mPmsBrightnessEnablebySettings = true
11-23 15:15:25.265  4030  4030 D STATUSBAR-PhoneStatusBar: showHideQConnectLayout userID : 0 emMode:false, mQconnectEnable:true
11-23 15:15:25.265  4030  4030 D PhoneStatusBar: updateQSpanelHeight: 384 height:608
11-23 15:15:25.265  4030  4030 V NotificationStackScrollLayout: start: -268.0stackHeight: 268.0
11-23 15:15:25.265  4030  4030 D PanelView: flingSettings mQsMin:788 mQsMax:788 mQsEx:788.0mQsPeek:608
11-23 15:15:25.265  4030  4030 D PanelView: There is/are notification(s) 
11-23 15:15:25.265  4030  4030 D PanelView: kidsfalse mQsExpansionEnabled:true
11-23 15:15:25.265  4030  4030 V NotificationStackScrollLayout: start: -268.0stackHeight: 268.0
11-23 15:15:25.265  4030  4030 D StatusBar-Window: fnf=true sanc=false, kni=false, sbf=false
11-23 15:15:25.265  4030  4030 D CoverUI : applyFocusableFlag() : Remove SAMSUNG_FLAG_SVIEW_COVER
11-23 15:15:25.265  4030  4030 D PhoneStatusBar: disable: < expand icons alerts system_info back home recent clock search >
11-23 15:15:25.265  4030  4030 D StatusBar-DoNotDistrub: isDisableAlert isDormantModeOn:false isNotificationDisabled:false
11-23 15:15:25.305  3520  3874 I InputDispatcher: Delivering touch to (4030): action: 0x4, toolType: 0
11-23 15:15:25.305  3520  3874 I InputDispatcher: Delivering touch to (4970): action: 0x0, toolType: 0
11-23 15:15:25.305  4970  4970 D ViewRootImpl: ViewPostImeInputStage ACTION_DOWN
11-23 15:15:25.305  4970  5096 V Vibrator: Called vibrateImmVibe(byte[], MagnitudeType) API - PUID: 1000, PackageName: com.sec.android.inputmethod
11-23 15:15:25.305  4970  5096 V Vibrator: vibrateImmVibe - PUID: 1000, PackageName: com.sec.android.inputmethod, pattern, mag: 8000
11-23 15:15:25.305  3520  4439 D VibratorService: Turning vibrator off - ImmVibe.
11-23 15:15:25.305  3520  3874 I InputDispatcher: Delivering touch to (4970): action: 0x1, toolType: 0
11-23 15:15:25.315  3520  4439 V VibratorService: vibrateImmVibePattern - package: com.sec.android.inputmethod, magnitude: 8000
11-23 15:15:25.315  4970  4970 E SamsungIME: <AbstractKeyboardView> - onDraw() called
11-23 15:15:25.325  4970  4970 D SamsungIME: SwiftkeyWrapper-checkCurrentSequence : use IC
11-23 15:15:25.345  4970  4970 D SamsungIME: Skip dismiss ExpandCandidate. it will be post-invalidated later
11-23 15:15:25.365  3520  3874 I InputDispatcher: Delivering touch to (4030): action: 0x4, toolType: 0
11-23 15:15:25.365  3520  3874 I InputDispatcher: Delivering touch to (26906): action: 0x0, toolType: 0
11-23 15:15:25.365 26906 26906 D ViewRootImpl: ViewPostImeInputStage ACTION_DOWN
11-23 15:15:25.365  3520  3874 I InputDispatcher: Delivering touch to (26906): action: 0x1, toolType: 0
11-23 15:15:25.415  3520  3874 I InputDispatcher: Delivering touch to (4030): action: 0x4, toolType: 0
11-23 15:15:25.415  3520  3874 I InputDispatcher: Delivering touch to (26906): action: 0x0, toolType: 0
11-23 15:15:25.415 26906 26906 D ViewRootImpl: ViewPostImeInputStage ACTION_DOWN
11-23 15:15:25.415  3520  3874 I InputDispatcher: Delivering touch to (26906): action: 0x1, toolType: 0
11-23 15:15:25.465  3520  3874 I InputDispatcher: Delivering touch to (4030): action: 0x4, toolType: 0
11-23 15:15:25.465  3520  3874 I InputDispatcher: Delivering touch to (4970): action: 0x0, toolType: 0
11-23 15:15:25.465  4970  4970 D ViewRootImpl: ViewPostImeInputStage ACTION_DOWN
11-23 15:15:25.465  4970  5096 V Vibrator: Called vibrateImmVibe(byte[], MagnitudeType) API - PUID: 1000, PackageName: com.sec.android.inputmethod
11-23 15:15:25.465  3520  3874 I InputDispatcher: Delivering touch to (4970): action: 0x1, toolType: 0
11-23 15:15:25.465  4970  5096 V Vibrator: vibrateImmVibe - PUID: 1000, PackageName: com.sec.android.inputmethod, pattern, mag: 8000
11-23 15:15:25.465  3520  4677 D VibratorService: Turning vibrator off - ImmVibe.
11-23 15:15:25.475  4970  4970 E SamsungIME: <AbstractKeyboardView> - onDraw() called
11-23 15:15:25.475  3520  4677 V VibratorService: vibrateImmVibePattern - package: com.sec.android.inputmethod, magnitude: 8000
11-23 15:15:25.485  4970  5096 V Vibrator: Called vibrateImmVibe(byte[], MagnitudeType) API - PUID: 1000, PackageName: com.sec.android.inputmethod
11-23 15:15:25.485  4970  5096 V Vibrator: vibrateImmVibe - PUID: 1000, PackageName: com.sec.android.inputmethod, pattern, mag: 8000
11-23 15:15:25.485  3520  4695 D VibratorService: Turning vibrator off - ImmVibe.
11-23 15:15:25.485  3520  4695 V VibratorService: vibrateImmVibePattern - package: com.sec.android.inputmethod, magnitude: 8000
11-23 15:15:25.485  4970  4970 D SamsungIME: SwiftkeyWrapper-checkCurrentSequence : use IC
11-23 15:15:25.515  3520  3874 I InputDispatcher: Delivering touch to (4030): action: 0x4, toolType: 0
11-23 15:15:25.515  3520  3874 I InputDispatcher: Delivering touch to (4970): action: 0x0, toolType: 0
11-23 15:15:25.515  4970  4970 D ViewRootImpl: ViewPostImeInputStage ACTION_DOWN
11-23 15:15:25.525  4970  4970 D SamsungIME: checking talkback status : false
11-23 15:15:25.525  4970  4970 D SamsungIME: disable handwriting input icon : handwriting is not enabled or improper edit field
11-23 15:15:25.525  3520  3874 I InputDispatcher: Delivering touch to (4970): action: 0x1, toolType: 0
11-23 15:15:25.535  4970  4970 D SamsungIME: checking talkback status : false
11-23 15:15:25.535  4970  4970 D SamsungIME: disable handwriting input icon : handwriting is not enabled or improper edit field
11-23 15:15:25.535  4970  5096 V Vibrator: Called vibrateImmVibe(byte[], MagnitudeType) API - PUID: 1000, PackageName: com.sec.android.inputmethod
11-23 15:15:25.535  4970  5096 V Vibrator: vibrateImmVibe - PUID: 1000, PackageName: com.sec.android.inputmethod, pattern, mag: 8000
11-23 15:15:25.535  3520  4440 D VibratorService: Turning vibrator off - ImmVibe.
11-23 15:15:25.535  4970  4970 D SamsungIME: checking talkback status : false
11-23 15:15:25.535  4970  4970 D SamsungIME: disable handwriting input icon : handwriting is not enabled or improper edit field
11-23 15:15:25.535  4970  4970 D SamsungIME: checking talkback status : false
11-23 15:15:25.535  4970  4970 D SamsungIME: disable handwriting input icon : handwriting is not enabled or improper edit field
11-23 15:15:25.535  4970  4970 D SamsungIME: checking talkback status : false
11-23 15:15:25.535  4970  4970 D SamsungIME: disable handwriting input icon : handwriting is not enabled or improper edit field
11-23 15:15:25.535  4970  4970 D SamsungIME: checking talkback status : false
