--------- beginning of main
11-23 15:15:10.455  3520  4604 I EDMNativeHelperService: isScreenCaptureEnabled
11-23 15:15:10.655  4030  4030 D StatusBar.NetworkController: refreshViews connected={ wifi } level=0 combinedSignalIconId=0x7f02054f/com.android.systemui:drawable/stat_sys_wifi_signal_4 mobileLabel= wifiLabel="9902431946" emergencyOnly=false combinedLabel="9902431946" mAirplaneMode=true mDataActivity=0 mPhoneSignalIconId=0x0/(null) mQSPhoneSignalIconId=0x0/(null) mDataDirectionIconId=0x0/(null) mDataSignalIconId=0x0/(null) mDataTypeIconId=0x0/(null) mQSDataTypeIconId=0x0/(null) mNoSimIconId=0x0/(null) mWifiIconId=0x7f02054f/com.android.systemui:drawable/stat_sys_wifi_signal_4 mQSWifiIconId=0x7f020139/com.android.systemui:drawable/ic_qs_wifi_4 mWifiActivityIconId=0x7f02051c/com.android.systemui:drawable/stat_sys_signal_no_inout mBluetoothTetherIconId=0x7f02052c/com.android.systemui:drawable/stat_sys_tether_bluetooth
11-23 15:15:10.655  4030  4030 D STATUSBAR-WifiQuickSettingButton: onWifiSignalChanged enabled=true enabledDesc:"9902431946"
11-23 15:15:10.655  4030  4030 D StatusBar.NetworkController: refreshNwBoosterIndicator - setNWBoosterIndicators(false)
11-23 15:15:10.655  4030  4030 D StatusBar.NetworkController: applyVZW
11-23 15:15:10.655  4030  4030 D SignalClusterView: mMobileDataState:-1, mBtTetherState:false, mHasService:false
11-23 15:15:10.665  4030  4030 D StatusBar.NetworkController: applyVZW : mDataTypeDisabledIconId(null)
11-23 15:15:10.665  4030  4030 D StatusBar.NetworkController: refreshNwBoosterIndicator - setNWBoosterIndicators(false)
11-23 15:15:10.665  4030  4030 D StatusBar.NetworkController: applyVZW
11-23 15:15:10.665  4030  4030 D SignalClusterView: mMobileDataState:-1, mBtTetherState:false, mHasService:false
11-23 15:15:10.665  4030  4030 D StatusBar.NetworkController: applyVZW : mDataTypeDisabledIconId(null)
11-23 15:15:10.665  4030  4030 D StatusBar.NetworkController: refreshNwBoosterIndicator - setNWBoosterIndicators(false)
11-23 15:15:10.665  4030  4030 D StatusBar.NetworkController: applyVZW
11-23 15:15:10.665  4030  4030 D SignalClusterView: mMobileDataState:-1, mBtTetherState:false, mHasService:false
11-23 15:15:10.665  4030  4030 D StatusBar.NetworkController: applyVZW : mDataTypeDisabledIconId(null)
11-23 15:15:10.665  4030  4030 D StatusBar.NetworkController: refreshNwBoosterIndicator - setNWBoosterIndicators(false)
11-23 15:15:10.665  4030  4030 D StatusBar.NetworkController: applyVZW
11-23 15:15:10.665  4030  4030 D StatusBar.NetworkController: applyVZW : mDataTypeDisabledIconId(null)
11-23 15:15:10.805 26893 26893 D AndroidRuntime: 
11-23 15:15:10.805 26893 26893 D AndroidRuntime: >>>>>> AndroidRuntime START com.android.internal.os.RuntimeInit <<<<<<
11-23 15:15:10.805 26893 26893 D AndroidRuntime: CheckJNI is OFF
11-23 15:15:10.805 26893 26893 D AndroidRuntime: readGMSProperty: start
11-23 15:15:10.805 26893 26893 D AndroidRuntime: readGMSProperty: already setted!!
11-23 15:15:10.805 26893 26893 D AndroidRuntime: propertySet: couldn't set property (it is from app)
11-23 15:15:10.805 26893 26893 D AndroidRuntime: readGMSProperty: could not set the property(default)!!
11-23 15:15:10.805 26893 26893 D AndroidRuntime: readGMSProperty: end
11-23 15:15:10.805 26893 26893 D AndroidRuntime: addProductProperty: start
11-23 15:15:10.955 26893 26893 E AffinityControl: AffinityControl: registerfunction enter
11-23 15:15:10.965 26893 26893 D AndroidRuntime: Calling main entry com.android.commands.monkey.Monkey
--------- beginning of system
11-23 15:15:10.975  3520  3610 W BroadcastQueue: Skipping deliver [background] BroadcastRecord{7a16c7e u-1 android.net.conn.CONNECTIVITY_CHANGE} to ReceiverList{163dc5df 26893 (unknown name)/2000/u-1 remote:553e600}: process crashing
11-23 15:15:11.025 26893 26893 I Timeline: Timeline: Activity_launch_request id:com.google.identitytoolkit.demo time:3456459
11-23 15:15:11.035  3520  4439 E PersonaManagerService: inState():  stateMachine is null !!
11-23 15:15:11.035  3520  4439 I PersonaManagerService: PersonaId don't exist
11-23 15:15:11.035  3520  4439 I ActivityManager: do not start freezing screen for locked container getKeyguardshowstate = false
11-23 15:15:11.035  3520  4439 I ContextImpl: create offload service
11-23 15:15:11.035  3520  4439 I ContextImpl: return wifioffload service
11-23 15:15:11.045  3520  4439 V ApplicationPolicy: isApplicationStateBlocked userId 0 pkgname com.google.identitytoolkit.demo
11-23 15:15:11.055  3520  4439 D CustomFrequencyManagerService: acquireDVFSLockLocked : type : DVFS_MIN_LIMIT  frequency : 1800000  uid : 1000  pid : 3520  pkgName : ACTIVITY_RESUME_BOOSTER@3
11-23 15:15:11.065  3520  4439 W ActivityManager: mDVFSHelper.acquire()
11-23 15:15:11.065  3520  4439 D FocusedStackFrame: Set to : 0
11-23 15:15:11.065  3520  4439 V ApplicationPolicy: isApplicationStateBlocked userId 0 pkgname com.sec.android.app.launcher
11-23 15:15:11.065  3520  4439 V ApplicationPolicy: isApplicationStateBlocked userId 0 pkgname com.google.identitytoolkit.demo
11-23 15:15:11.065  3520  4439 D MultiWindowConverter: dismissGuide() : Before attaching the guide view, mForceDismissGuide : false
11-23 15:15:11.065  3520  3724 I InjectionManager: Inside getClassLibPath caller 
11-23 15:15:11.065  4424  4424 D HomeFragment: onPause()
11-23 15:15:11.065  4424  4424 D AppsFragment: onPause()
11-23 15:15:11.065  4424  4424 D WidgetsFragment: onPause()
11-23 15:15:11.075  4424  4424 I WallpaperScroller: WallpaperScroller pause
11-23 15:15:11.075  3520  4412 I Sensors : IntGyro old sensor_state 33554432, new sensor_state : 0 en : 0
11-23 15:15:11.075  4424  4424 D SensorManager: unregisterListener ::   
11-23 15:15:11.075  4424  4424 I DALI-LIFECYCLE: void NativeViews::NativeApp::OnPause()
11-23 15:15:11.075  4424  4424 I DALI-LIFECYCLE: void androidcore_pause()
11-23 15:15:11.075  4424  4534 I DALI-LIFECYCLE: virtual void Dali::Internal::Adaptor::Application::OnPause()
11-23 15:15:11.075  4424  4534 I DALI-LIFECYCLE: virtual void Dali::Internal::Adaptor::Adaptor::Pause()
11-23 15:15:11.075  4424  4534 I DALI-LIFECYCLE: void Dali::Internal::Adaptor::UpdateRenderController::Pause()
11-23 15:15:11.075  4424  4534 I DALI-LIFECYCLE: void Dali::Internal::Adaptor::UpdateRenderSynchronization::Pause()
11-23 15:15:11.075  4424  4424 D HomePresenter: setIgnoreDrawAppWidget() ignore:true
11-23 15:15:11.075  4424  4424 D LauncherActivity: onPause() com.sec.android.app.launcher.activities.LauncherActivity@fda53c
11-23 15:15:11.085  3520  4072 E ActivityManager: checkUser: useridlist=null, currentuser=0
11-23 15:15:11.085  3520  4072 E ActivityManager: checkUser: useridlist=null, currentuser=0
11-23 15:15:11.085  3520  4072 E ActivityManager: checkUser: useridlist=null, currentuser=0
11-23 15:15:11.085  3520  4072 E ActivityManager: checkUser: useridlist=null, currentuser=0
11-23 15:15:11.085  3520  3724 D PhoneWindow: *FMB* installDecor mIsFloating : false
11-23 15:15:11.085  3520  3724 D PhoneWindow: *FMB* installDecor flags : 25362712
11-23 15:15:11.085 26906 26906 E Zygote  : MountEmulatedStorage()
11-23 15:15:11.085 26906 26906 E Zygote  : v2
11-23 15:15:11.085 26906 26906 I libpersona: KNOX_SDCARD checking this for 10674
11-23 15:15:11.085 26906 26906 I libpersona: KNOX_SDCARD not a persona
11-23 15:15:11.095 26906 26906 I SELinux : Function: selinux_compare_spd_ram , priority [2] , priority version is VE=SEPF_SM-G920V_5.0.2_0011
11-23 15:15:11.095 26906 26906 E SELinux : [DEBUG] get_category: variable seinfo: default sensitivity: NULL, cateogry: NULL
11-23 15:15:11.095  3520  4072 I ActivityManager: Start proc com.google.identitytoolkit.demo for activity com.google.identitytoolkit.demo/.GitkitDemo: pid=26906 uid=10674 gids={50674, 9997, 3003} abi=arm64-v8a
11-23 15:15:11.095 26906 26906 I art     : Late-enabling -Xcheck:jni
11-23 15:15:11.095  3520  3724 D PointerIcon: setMouseIconStyle1 pointerType: 1001iconType:101 flag:0
11-23 15:15:11.095  3520  3724 D PointerIcon: setMouseCustomIcon IconType is same.101
11-23 15:15:11.105  4424  4534 W NativeEventHitlist: No history in this event - keep it going with the current point
11-23 15:15:11.105  3520  3724 D PhoneWindow: *FMB* isFloatingMenuEnabled mFloatingMenuBtn : null
11-23 15:15:11.105  3520  3724 D PhoneWindow: *FMB* isFloatingMenuEnabled return false
11-23 15:15:11.105  2983  2983 I SurfaceFlinger: id=20 createSurf (1440x2560),1 flag=404, eemo
11-23 15:15:11.115 26906 26906 D TimaKeyStoreProvider: TimaSignature is unavailable
11-23 15:15:11.115 26906 26906 D ActivityThread: Added TimaKeyStore provider
11-23 15:15:11.115  3520  4706 V WindowOrientationListener: mSContextAutoRotationListener.getProposedRotation, mbResultFaceDectection: false
11-23 15:15:11.115  3520  4706 V WindowOrientationListener: mSContextAutoRotationListener.getProposedRotation, Rotation: 0
11-23 15:15:11.115  3520  4706 V WindowManager: rotationForOrientationLw(orient=-1, last=0); user=0  sensorRotation=0 mLidState=-1 mDockMode=0 mHdmiPlugged=false
11-23 15:15:11.115  3520  4706 V WindowOrientationListener: mSContextAutoRotationListener.getProposedRotation, mbResultFaceDectection: false
11-23 15:15:11.115  3520  4706 V WindowOrientationListener: mSContextAutoRotationListener.getProposedRotation, Rotation: 0
11-23 15:15:11.115  4518 21672 W SearchService: Abort, client detached.
11-23 15:15:11.125  4518  4518 I MicroDetector: Keeping mic open: false
11-23 15:15:11.125  4518 24419 I DeviceStateChecker: DeviceStateChecker cancelled
11-23 15:15:11.135  4518 25010 I AudioController: internalShutdown
11-23 15:15:11.135  4518 25010 I MicrophoneInputStream: mic_close com.google.android.apps.gsa.speech.audio.ae@246fec1c
11-23 15:15:11.135  4518  5115 I MicroRecognitionRunner: Stopping hotword detection.
11-23 15:15:11.135  4424  4424 V ActivityThread: updateVisibility : ActivityRecord{13ade5a5 token=android.os.BinderProxy@3cbfd2c5 {com.sec.android.app.launcher/com.sec.android.app.launcher.activities.LauncherActivity}} show : true
11-23 15:15:11.145  3520  4070 I InjectionManagerService -AppFeature: getCoreFeaturePkgList :[]
11-23 15:15:11.145 26906 26906 I InjectionManager: Inside getClassLibPath + mLibMap{0=, 1=}
11-23 15:15:11.145  4424  4534 D SurfaceWidgetView: Visibility changed to:4
11-23 15:15:11.145  4424  4424 D SurfaceWidgetConnection: com.sec.android.widgetapp.ap.weather.widget.surfacewidget.WeatherSurfaceWidget#1 is being paused by launcher
11-23 15:15:11.145  4424  4424 D HomeFragment: onStop()
11-23 15:15:11.145  3520  3874 I InputDispatcher: Dropping event because there is no touchable window at (308, 1026).
11-23 15:15:11.145 26906 26906 I InjectionManager: Inside getClassLibPath caller 
11-23 15:15:11.145  3520  3533 W InputManager: Input event injection from pid 26893 failed.
11-23 15:15:11.155  4424  4424 D DragAndDrop: dragCancel(false)
11-23 15:15:11.155  4424  4424 D NativeApp: detachRootView: -361823808 this com.sec.daliviews.views.NativeApp@240a43a9Peer-361962608
11-23 15:15:11.155  4424  4534 I DALI-LIFECYCLE: void NativeViews::NativeApp::OnStop()
11-23 15:15:11.155  3520  4440 W InputManager: Input event injection from pid 26893 failed.
11-23 15:15:11.155  2987  2987 V AudioPolicyManager: stopInput() input 25
11-23 15:15:11.155  4424  4534 I DALI-LIFECYCLE: void NativeViews::NativeApp::DetachRootView(NativeViews::ContainerViewBase*)
11-23 15:15:11.155  5186  5204 D SurfaceWidgetClient$ISurfaceWidgetStub: [237392/14] Surface widget visibility changed visibility = false on instance = 1
11-23 15:15:11.155  4424  4424 D LauncherActivity: onStop() com.sec.android.app.launcher.activities.LauncherActivity@fda53c
11-23 15:15:11.155  5186  5204 D SurfaceWidgetClient$ISurfaceWidgetStub: [237392/14] Surface widget pause on instance = 1
11-23 15:15:11.155  3520  3974 D lights  : button : 1 +
11-23 15:15:11.155  2987  4622 V AudioPolicyManager: releaseInput() 25
11-23 15:15:11.155  2987  4622 V AudioPolicyManager: closeInput(25)
11-23 15:15:11.155  2987 24433 I audio_hw_primary: do_in_standby : in->standby 0
11-23 15:15:11.155  5186  5186 D accuweather: [AccuPhone]>>> WSWidget:284 [0:0] [SWW] onPause : instance = 1
11-23 15:15:11.155  5186  5186 D accuweather: [AccuPhone]>>> WSWidget:291 [0:0] onPause : size = 0
11-23 15:15:11.155  5186  5186 D accuweather: [AccuPhone]>>> WSWidget:656 [0:0]  unRegisterTTReceiver !! 
11-23 15:15:11.165  2987  3519 D AudioFlinger: releaseAudioSessionId
11-23 15:15:11.165  4424  4424 V ActivityThread: updateVisibility : ActivityRecord{13ade5a5 token=android.os.BinderProxy@3cbfd2c5 {com.sec.android.app.launcher/com.sec.android.app.launcher.activities.LauncherActivity}} show : false
11-23 15:15:11.165  4424  4424 D LauncherActivity: onTrimMemory. Level: 20
11-23 15:15:11.165  2987 24433 D audio_hw_primary: stop_bt_sco +
11-23 15:15:11.165  2987 24433 D audio_hw_primary: stop_bt_sco sco_out_turn_on:0, sco_in_turn_on:0
11-23 15:15:11.165  2987 24433 V audio_hw_primary: select_devices output_scenario:-1 input_scenario:-1 out_snd_device 0x0 in_snd_device:0x0
11-23 15:15:11.165  2987 24433 I audio_route: audio_route_reset :
11-23 15:15:11.165  2987 24433 I audio_route: audio_route_update_mixer : +
11-23 15:15:11.175  5186  5186 D accuweather: [AccuPhone]>>> WRenderer:139 [0:0] onPause
11-23 15:15:11.175  5186  5186 D accuweather: [AccuPhone]>>> SManager:711 [0:0] onPause
11-23 15:15:11.185  2987  3519 D AudioFlinger: releasing 24 from 4518 for -1
11-23 15:15:11.185  2987  3519 D AudioFlinger: purging stale effects ++
11-23 15:15:11.185  2987  3519 D AudioFlinger: purging stale effects --
11-23 15:15:11.185  4518 24427 I MicroRecognitionRunner: Detection finished
11-23 15:15:11.185  2987 24433 I audio_route: audio_route_update_mixer : changed(5) -
11-23 15:15:11.185  2987 24433 I audio_hw_primary: select_devices - 
11-23 15:15:11.185  2987 24433 D audio_hw_primary: do_in_standby WAKEUP_ON
11-23 15:15:11.185  2987  4622 V audio_hw_primary: stop_voice_note_recording
11-23 15:15:11.185  2987  4622 E audio_hw_primary: adev_close_input_stream, set jack_in to null
11-23 15:15:11.185  2987  4622 V AudioPolicyManager: releaseInput() exit
11-23 15:15:11.185 26906 26906 I InstantRun: Instant Run Runtime started. Android package is com.google.identitytoolkit.demo, real application class is null.
11-23 15:15:11.185  4424  4424 D LauncherActivity: surfaceDestroyed()
11-23 15:15:11.185  4424  4424 I DALI-LIFECYCLE: void NativeViews::NativeApp::SurfaceDestroyed()
11-23 15:15:11.185  4424  4424 I DALI-LIFECYCLE: ANativeWindow* androidcore_GetPrimaryWindow()
11-23 15:15:11.185  4424  4424 I DALI-LIFECYCLE: void androidcore_SetPrimaryWindow(ANativeWindow*)
11-23 15:15:11.185  4424  4424 D DALI    : androidcore_SetPrimaryWindow() window=0x0
11-23 15:15:11.185  4424  4424 I DALI-LIFECYCLE: void androidcore_surfaceDestroyed()
11-23 15:15:11.185  4424  4534 I DALI-LIFECYCLE: virtual void Dali::Internal::Adaptor::Application::OnSurfaceDestroyed()
11-23 15:15:11.185  4424  4534 I DALI-LIFECYCLE: virtual void Dali::Internal::Adaptor::Adaptor::Pause()
11-23 15:15:11.185  4424  4534 I DALI-LIFECYCLE: virtual void Dali::Internal::Adaptor::Android::AndroidRenderSurface::SurfaceLost()
11-23 15:15:11.185  4424  4534 I DALI-LIFECYCLE: void Dali::Internal::Adaptor::Adaptor::SurfaceLost()
11-23 15:15:11.185  4424  4534 I DALI-LIFECYCLE: void Dali::Internal::Adaptor::UpdateRenderController::SurfaceLost()
11-23 15:15:11.195  3520  3974 D lights  : button : 1 -
11-23 15:15:11.195  4424  4534 I DALI-LIFECYCLE: void Dali::Internal::Adaptor::UpdateRenderSynchronization::SurfaceLost()
11-23 15:15:11.195  3520  3724 D PersonaManager: isKioskContainerExistOnDevice
11-23 15:15:11.195  3520  3722 D StatusBarManagerService: manageDisableList userId=0 what=0x0 pkg=WindowManager.LayoutParams
11-23 15:15:11.205  3520  3874 I InputDispatcher: Dropping event because there is no touchable window at (1189, 2447).
11-23 15:15:11.205  3520  4070 W InputManager: Input event injection from pid 26893 failed.
11-23 15:15:11.205  3520  4695 W InputManager: Input event injection from pid 26893 failed.
11-23 15:15:11.205  4424  4925 D DALI    : RenderSyncWithUpdate() issue SurfaceLostRequest
11-23 15:15:11.205  4424  4925 D DALI    : RenderThread::ProcessRequest(SURFACE_LOST)
11-23 15:15:11.215  4424  4925 D TextureView: destroySurfaceTexture() com.sec.android.app.launcher.views.SurfaceWidgetView@f9f8de, surface texture: android.graphics.SurfaceTexture@320db2ee
11-23 15:15:11.215  4424  4925 E SurfaceWidgetView: onSurfaceDestroyed event
11-23 15:15:11.215  4424  4925 D SurfaceWidgetConnection: com.sec.android.widgetapp.ap.weather.widget.surfacewidget.WeatherSurfaceWidget#1's surface texture was destroyed
11-23 15:15:11.215  4424  4925 D SurfaceWidgetConnection: com.sec.android.widgetapp.ap.weather.widget.surfacewidget.WeatherSurfaceWidget#1's surface is being released
11-23 15:15:11.215  4424  4925 D SurfaceWidgetConnection: com.sec.android.widgetapp.ap.weather.widget.surfacewidget.WeatherSurfaceWidget#1's surface texture is being released
11-23 15:15:11.215  5186  5198 D SurfaceWidgetClient$ISurfaceWidgetStub: [237392/14] Surface widget destroyed! on instance = 1
11-23 15:15:11.215  5186  5186 D SurfaceWidget.Renderer: [237392/14] Release Surface
11-23 15:15:11.215  5186  5186 D SurfaceWidget.Renderer: [237392/14] Release Surface:DONE
11-23 15:15:11.215  4424  4925 D TextureView: destroySurfaceTexture() com.sec.android.app.launcher.views.AppWidgetView@24d753db, surface texture: android.graphics.SurfaceTexture@e6de38f
11-23 15:15:11.255  3520  3874 I InputDispatcher: Dropping event because there is no touchable window at (763, 2548).
11-23 15:15:11.255  3520  4678 W InputManager: Input event injection from pid 26893 failed.
11-23 15:15:11.255  3520  4439 W InputManager: Input event injection from pid 26893 failed.
11-23 15:15:11.255  3520  4681 W InputManager: Input event injection from pid 26893 failed.
11-23 15:15:11.255  3520  4415 W InputManager: Input event injection from pid 26893 failed.
11-23 15:15:11.265  3520  3940 W InputManager: Input event injection from pid 26893 failed.
11-23 15:15:11.265  3520  4706 W InputManager: Input event injection from pid 26893 failed.
11-23 15:15:11.265  3520  4604 W InputManager: Input event injection from pid 26893 failed.
11-23 15:15:11.315  3520  3874 I InputDispatcher: Dropping event because there is no touchable window at (379, 1970).
11-23 15:15:11.315  3520  4412 W InputManager: Input event injection from pid 26893 failed.
11-23 15:15:11.315  3520  4695 W InputManager: Input event injection from pid 26893 failed.
11-23 15:15:11.315  3520  3533 W InputManager: Input event injection from pid 26893 failed.
11-23 15:15:11.365  3520  3874 I InputDispatcher: Dropping event because there is no touchable window at (458, 1961).
11-23 15:15:11.365  3520  4677 W InputManager: Input event injection from pid 26893 failed.
11-23 15:15:11.365  3520  4440 W InputManager: Input event injection from pid 26893 failed.
11-23 15:15:11.365  3520  4678 W InputManager: Input event injection from pid 26893 failed.
11-23 15:15:11.365  3520  4439 W InputManager: Input event injection from pid 26893 failed.
11-23 15:15:11.365  3520  4681 W InputManager: Input event injection from pid 26893 failed.
11-23 15:15:11.365  3520  4415 W InputManager: Input event injection from pid 26893 failed.
11-23 15:15:11.365  3520  3940 W InputManager: Input event injection from pid 26893 failed.
11-23 15:15:11.415  3520  3874 I InputDispatcher: Dropping event because there is no touchable window at (494, 773).
11-23 15:15:11.415  3520  4070 W InputManager: Input event injection from pid 26893 failed.
11-23 15:15:11.415  3520  4086 W InputManager: Input event injection from pid 26893 failed.
11-23 15:15:11.415  3520  4412 W InputManager: Input event injection from pid 26893 failed.
11-23 15:15:11.415  3520  4695 W InputManager: Input event injection from pid 26893 failed.
11-23 15:15:11.415  3520  3533 W InputManager: Input event injection from pid 26893 failed.
11-23 15:15:11.415  3520  4072 W InputManager: Input event injection from pid 26893 failed.
11-23 15:15:11.415  3520  3532 W InputManager: Input event injection from pid 26893 failed.
11-23 15:15:11.425  3520  4677 W InputManager: Input event injection from pid 26893 failed.
11-23 15:15:11.425  3520  4440 W InputManager: Input event injection from pid 26893 failed.
11-23 15:15:11.475  3520  3874 I InputDispatcher: Dropping event because there is no touchable window at (724, 379).
11-23 15:15:11.475  3520  4681 W InputManager: Input event injection from pid 26893 failed.
11-23 15:15:11.475  3520  4415 W InputManager: Input event injection from pid 26893 failed.
11-23 15:15:11.475 26922 26922 I dex2oat : ----------------------------------------------------
11-23 15:15:11.475 26922 26922 I dex2oat : <SS>: S T A R T I N G . . .
11-23 15:15:11.475 26922 26922 I dex2oat : <SS>: Zip is absent. Canceled.
11-23 15:15:11.475  3520  3940 W InputManager: Input event injection from pid 26893 failed.
11-23 15:15:11.475 26922 26922 I dex2oat : /system/bin/dex2oat --runtime-arg -classpath --runtime-arg  --instruction-set=arm64 --instruction-set-features=default --runtime-arg -Xrelocate --boot-image=/system/framework/boot.art --dex-file=/data/data/com.google.identitytoolkit.demo/files/instant-run/dex/slice-support-annotations-20.0.0_c0f71b7adf8a7d01cb2de3db1b4732625bd74af8-classes.dex --oat-fd=30 --art-fd=-1 --oat-location=/data/data/com.google.identitytoolkit.demo/cache/slice-support-annotations-20.0.0_c0f71b7adf8a7d01cb2de3db1b4732625bd74af8-classes.dex --runtime-arg -Xms64m --runtime-arg -Xmx512m
11-23 15:15:11.475  3520  4706 W InputManager: Input event injection from pid 26893 failed.
11-23 15:15:11.475  3520  4604 W InputManager: Input event injection from pid 26893 failed.
11-23 15:15:11.475  3520  4070 W InputManager: Input event injection from pid 26893 failed.
11-23 15:15:11.475  3520  4086 W InputManager: Input event injection from pid 26893 failed.
11-23 15:15:11.495 26922 26922 I dex2oat : dex2oat took 23.038ms (threads: 8)
11-23 15:15:11.525  3520  3874 I InputDispatcher: Dropping event because there is no touchable window at (160, 1064).
11-23 15:15:11.525  3520  3533 W InputManager: Input event injection from pid 26893 failed.
11-23 15:15:11.525  3520  3532 W InputManager: Input event injection from pid 26893 failed.
11-23 15:15:11.525  3520  4677 W InputManager: Input event injection from pid 26893 failed.
11-23 15:15:11.535  3520  4440 W InputManager: Input event injection from pid 26893 failed.
11-23 15:15:11.535 26931 26931 I dex2oat : ----------------------------------------------------
11-23 15:15:11.535 26931 26931 I dex2oat : <SS>: S T A R T I N G . . .
11-23 15:15:11.535 26931 26931 I dex2oat : <SS>: Zip is absent. Canceled.
11-23 15:15:11.535 26931 26931 I dex2oat : /system/bin/dex2oat --runtime-arg -classpath --runtime-arg  --instruction-set=arm64 --instruction-set-features=default --runtime-arg -Xrelocate --boot-image=/system/framework/boot.art --dex-file=/data/data/com.google.identitytoolkit.demo/files/instant-run/dex/slice-slice_9-classes.dex --oat-fd=30 --art-fd=-1 --oat-location=/data/data/com.google.identitytoolkit.demo/cache/slice-slice_9-classes.dex --runtime-arg -Xms64m --runtime-arg -Xmx512m
11-23 15:15:11.535  3520  4678 W InputManager: Input event injection from pid 26893 failed.
11-23 15:15:11.535  3520  4439 W InputManager: Input event injection from pid 26893 failed.
11-23 15:15:11.535  3520  4681 W InputManager: Input event injection from pid 26893 failed.
11-23 15:15:11.545 26931 26931 I dex2oat : dex2oat took 12.330ms (threads: 8)
11-23 15:15:11.575 26941 26941 I dex2oat : ----------------------------------------------------
11-23 15:15:11.575 26941 26941 I dex2oat : <SS>: S T A R T I N G . . .
11-23 15:15:11.575 26941 26941 I dex2oat : <SS>: Zip is absent. Canceled.
11-23 15:15:11.575 26941 26941 I dex2oat : /system/bin/dex2oat --runtime-arg -classpath --runtime-arg  --instruction-set=arm64 --instruction-set-features=default --runtime-arg -Xrelocate --boot-image=/system/framework/boot.art --dex-file=/data/data/com.google.identitytoolkit.demo/files/instant-run/dex/slice-slice_8-classes.dex --oat-fd=30 --art-fd=-1 --oat-location=/data/data/com.google.identitytoolkit.demo/cache/slice-slice_8-classes.dex --runtime-arg -Xms64m --runtime-arg -Xmx512m
11-23 15:15:11.585  3520  3874 I InputDispatcher: Dropping event because there is no touchable window at (326, 2422).
11-23 15:15:11.585  3520  4706 W InputManager: Input event injection from pid 26893 failed.
11-23 15:15:11.585  3520  4604 W InputManager: Input event injection from pid 26893 failed.
11-23 15:15:11.595 26941 26941 I dex2oat : dex2oat took 12.085ms (threads: 8)
11-23 15:15:11.625 26951 26951 I dex2oat : ----------------------------------------------------
11-23 15:15:11.625 26951 26951 I dex2oat : <SS>: S T A R T I N G . . .
11-23 15:15:11.625 26951 26951 I dex2oat : <SS>: Zip is absent. Canceled.
11-23 15:15:11.625 26951 26951 I dex2oat : /system/bin/dex2oat --runtime-arg -classpath --runtime-arg  --instruction-set=arm64 --instruction-set-features=default --runtime-arg -Xrelocate --boot-image=/system/framework/boot.art --dex-file=/data/data/com.google.identitytoolkit.demo/files/instant-run/dex/slice-slice_7-classes.dex --oat-fd=30 --art-fd=-1 --oat-location=/data/data/com.google.identitytoolkit.demo/cache/slice-slice_7-classes.dex --runtime-arg -Xms64m --runtime-arg -Xmx512m
11-23 15:15:11.635  2983  4456 I SurfaceFlinger: id=10 Removed MauncherAct (5/9)
11-23 15:15:11.635  2983  3134 I SurfaceFlinger: id=10 Removed MauncherAct (-2/9)
11-23 15:15:11.635  2983  4481 I SurfaceFlinger: id=11 Removed TurfaceView (4/8)
11-23 15:15:11.635  2983  3137 I SurfaceFlinger: id=11 Removed TurfaceView (-2/8)
11-23 15:15:11.635  3520  3874 I InputDispatcher: Dropping event because there is no touchable window at (688, 1984).
11-23 15:15:11.635  3520  4412 W InputManager: Input event injection from pid 26893 failed.
11-23 15:15:11.635  3520  4695 W InputManager: Input event injection from pid 26893 failed.
11-23 15:15:11.665 26951 26951 I dex2oat : dex2oat took 36.950ms (threads: 8)
11-23 15:15:11.685  3520  3874 I InputDispatcher: Dropping event because there is no touchable window at (235, 746).
11-23 15:15:11.685  3520  4440 W InputManager: Input event injection from pid 26893 failed.
11-23 15:15:11.695  3520  4678 W InputManager: Input event injection from pid 26893 failed.
11-23 15:15:11.695  3520  4681 W InputManager: Input event injection from pid 26893 failed.
11-23 15:15:11.695  3520  4415 W InputManager: Input event injection from pid 26893 failed.
11-23 15:15:11.695  3520  3940 W InputManager: Input event injection from pid 26893 failed.
11-23 15:15:11.695  3520  4706 W InputManager: Input event injection from pid 26893 failed.
11-23 15:15:11.695  3520  4604 W InputManager: Input event injection from pid 26893 failed.
11-23 15:15:11.695  3520  4070 W InputManager: Input event injection from pid 26893 failed.
11-23 15:15:11.695  3520  4086 W InputManager: Input event injection from pid 26893 failed.
11-23 15:15:11.695  3520  4412 W InputManager: Input event injection from pid 26893 failed.
11-23 15:15:11.695 26962 26962 I dex2oat : ----------------------------------------------------
11-23 15:15:11.695 26962 26962 I dex2oat : <SS>: S T A R T I N G . . .
11-23 15:15:11.695 26962 26962 I dex2oat : <SS>: Zip is absent. Canceled.
11-23 15:15:11.695 26962 26962 I dex2oat : /system/bin/dex2oat --runtime-arg -classpath --runtime-arg  --instruction-set=arm64 --instruction-set-features=default --runtime-arg -Xrelocate --boot-image=/system/framework/boot.art --dex-file=/data/data/com.google.identitytoolkit.demo/files/instant-run/dex/slice-slice_6-classes.dex --oat-fd=30 --art-fd=-1 --oat-location=/data/data/com.google.identitytoolkit.demo/cache/slice-slice_6-classes.dex --runtime-arg -Xms64m --runtime-arg -Xmx512m
11-23 15:15:11.715 26962 26962 I dex2oat : dex2oat took 12.133ms (threads: 8)
11-23 15:15:11.745  3520  3874 I InputDispatcher: Dropping event because there is no touchable window at (224, 794).
11-23 15:15:11.745  3520  3533 W InputManager: Input event injection from pid 26893 failed.
11-23 15:15:11.745  3520  3532 W InputManager: Input event injection from pid 26893 failed.
11-23 15:15:11.745 26972 26972 I dex2oat : ----------------------------------------------------
11-23 15:15:11.745 26972 26972 I dex2oat : <SS>: S T A R T I N G . . .
11-23 15:15:11.745 26972 26972 I dex2oat : <SS>: Zip is absent. Canceled.
11-23 15:15:11.745 26972 26972 I dex2oat : /system/bin/dex2oat --runtime-arg -classpath --runtime-arg  --instruction-set=arm64 --instruction-set-features=default --runtime-arg -Xrelocate --boot-image=/system/framework/boot.art --dex-file=/data/data/com.google.identitytoolkit.demo/files/instant-run/dex/slice-slice_5-classes.dex --oat-fd=30 --art-fd=-1 --oat-location=/data/data/com.google.identitytoolkit.demo/cache/slice-slice_5-classes.dex --runtime-arg -Xms64m --runtime-arg -Xmx512m
11-23 15:15:11.795 26893 26893 I Timeline: Timeline: Activity_launch_request id:com.google.identitytoolkit.demo time:3457225
11-23 15:15:11.795  3520  4677 E PersonaManagerService: inState():  stateMachine is null !!
11-23 15:15:11.795  3520  4677 I PersonaManagerService: PersonaId don't exist
11-23 15:15:11.795  3520  4677 I ActivityManager: do not start freezing screen for locked container getKeyguardshowstate = false
11-23 15:15:11.795  3520  4677 D CustomFrequencyManagerService: releaseDVFSLockLocked : Getting Lock type frm List : DVFS_MIN_LIMIT  frequency : 1800000  uid : 1000  pid : 3520  tag : ACTIVITY_RESUME_BOOSTER@3
11-23 15:15:11.795  3520  4677 D CustomFrequencyManagerService: acquireDVFSLockLocked : type : DVFS_MIN_LIMIT  frequency : 1800000  uid : 1000  pid : 3520  pkgName : ACTIVITY_RESUME_BOOSTER@3
11-23 15:15:11.795  3520  4677 W ActivityManager: mDVFSHelper.acquire()
11-23 15:15:11.815 26972 26972 I dex2oat : dex2oat took 69.103ms (threads: 8)
11-23 15:15:11.855 26981 26981 I dex2oat : ----------------------------------------------------
11-23 15:15:11.855 26981 26981 I dex2oat : <SS>: S T A R T I N G . . .
11-23 15:15:11.855 26981 26981 I dex2oat : <SS>: Zip is absent. Canceled.
11-23 15:15:11.855 26981 26981 I dex2oat : /system/bin/dex2oat --runtime-arg -classpath --runtime-arg  --instruction-set=arm64 --instruction-set-features=default --runtime-arg -Xrelocate --boot-image=/system/framework/boot.art --dex-file=/data/data/com.google.identitytoolkit.demo/files/instant-run/dex/slice-slice_4-classes.dex --oat-fd=30 --art-fd=-1 --oat-location=/data/data/com.google.identitytoolkit.demo/cache/slice-slice_4-classes.dex --runtime-arg -Xms64m --runtime-arg -Xmx512m
11-23 15:15:11.855  3520  3874 I InputDispatcher: Dropping event because there is no touchable window at (819, 1963).
11-23 15:15:11.855  3520  4439 W InputManager: Input event injection from pid 26893 failed.
11-23 15:15:11.855  3520  4681 W InputManager: Input event injection from pid 26893 failed.
11-23 15:15:11.875 26981 26981 I dex2oat : dex2oat took 21.457ms (threads: 8)
11-23 15:15:11.905  3520  3874 I InputDispatcher: Dropping event because there is no touchable window at (1062, 612).
11-23 15:15:11.905  3520  4706 W InputManager: Input event injection from pid 26893 failed.
11-23 15:15:11.905  3520  4604 W InputManager: Input event injection from pid 26893 failed.
11-23 15:15:11.905  3520  4070 W InputManager: Input event injection from pid 26893 failed.
11-23 15:15:11.905  3520  4086 W InputManager: Input event injection from pid 26893 failed.
11-23 15:15:11.905  3520  4412 W InputManager: Input event injection from pid 26893 failed.
11-23 15:15:11.905  3520  4695 W InputManager: Input event injection from pid 26893 failed.
11-23 15:15:11.905  3520  4072 W InputManager: Input event injection from pid 26893 failed.
11-23 15:15:11.905  3520  3533 W InputManager: Input event injection from pid 26893 failed.
11-23 15:15:11.905  3520  3532 W InputManager: Input event injection from pid 26893 failed.
11-23 15:15:11.905 26991 26991 I dex2oat : ----------------------------------------------------
11-23 15:15:11.905 26991 26991 I dex2oat : <SS>: S T A R T I N G . . .
11-23 15:15:11.905 26991 26991 I dex2oat : <SS>: Zip is absent. Canceled.
11-23 15:15:11.905 26991 26991 I dex2oat : /system/bin/dex2oat --runtime-arg -classpath --runtime-arg  --instruction-set=arm64 --instruction-set-features=default --runtime-arg -Xrelocate --boot-image=/system/framework/boot.art --dex-file=/data/data/com.google.identitytoolkit.demo/files/instant-run/dex/slice-slice_3-classes.dex --oat-fd=30 --art-fd=-1 --oat-location=/data/data/com.google.identitytoolkit.demo/cache/slice-slice_3-classes.dex --runtime-arg -Xms64m --runtime-arg -Xmx512m
11-23 15:15:11.915 26991 26991 I dex2oat : dex2oat took 12.852ms (threads: 8)
11-23 15:15:11.955 27001 27001 I dex2oat : ----------------------------------------------------
11-23 15:15:11.955 27001 27001 I dex2oat : <SS>: S T A R T I N G . . .
11-23 15:15:11.955 27001 27001 I dex2oat : <SS>: Zip is absent. Canceled.
11-23 15:15:11.955 27001 27001 I dex2oat : /system/bin/dex2oat --runtime-arg -classpath --runtime-arg  --instruction-set=arm64 --instruction-set-features=default --runtime-arg -Xrelocate --boot-image=/system/framework/boot.art --dex-file=/data/data/com.google.identitytoolkit.demo/files/instant-run/dex/slice-slice_2-classes.dex --oat-fd=30 --art-fd=-1 --oat-location=/data/data/com.google.identitytoolkit.demo/cache/slice-slice_2-classes.dex --runtime-arg -Xms64m --runtime-arg -Xmx512m
11-23 15:15:11.955  3520  3874 I InputDispatcher: Dropping event because there is no touchable window at (408, 763).
11-23 15:15:11.955  3520  4678 W InputManager: Input event injection from pid 26893 failed.
11-23 15:15:11.955  3520  4439 W InputManager: Input event injection from pid 26893 failed.
11-23 15:15:11.965 27001 27001 I dex2oat : dex2oat took 12.577ms (threads: 8)
11-23 15:15:12.005 27011 27011 I dex2oat : ----------------------------------------------------
11-23 15:15:12.005 27011 27011 I dex2oat : <SS>: S T A R T I N G . . .
11-23 15:15:12.005 27011 27011 I dex2oat : <SS>: Zip is absent. Canceled.
11-23 15:15:12.005 27011 27011 I dex2oat : /system/bin/dex2oat --runtime-arg -classpath --runtime-arg  --instruction-set=arm64 --instruction-set-features=default --runtime-arg -Xrelocate --boot-image=/system/framework/boot.art --dex-file=/data/data/com.google.identitytoolkit.demo/files/instant-run/dex/slice-slice_1-classes.dex --oat-fd=30 --art-fd=-1 --oat-location=/data/data/com.google.identitytoolkit.demo/cache/slice-slice_1-classes.dex --runtime-arg -Xms64m --runtime-arg -Xmx512m
11-23 15:15:12.005  3520  3874 I InputDispatcher: Dropping event because there is no touchable window at (698, 803).
11-23 15:15:12.005  3520  3940 W InputManager: Input event injection from pid 26893 failed.
11-23 15:15:12.005  3520  4706 W InputManager: Input event injection from pid 26893 failed.
11-23 15:15:12.005  3520  4604 W InputManager: Input event injection from pid 26893 failed.
11-23 15:15:12.005  3520  4086 W InputManager: Input event injection from pid 26893 failed.
11-23 15:15:12.005  3520  4412 W InputManager: Input event injection from pid 26893 failed.
11-23 15:15:12.015  3520  4695 W InputManager: Input event injection from pid 26893 failed.
11-23 15:15:12.015  3520  4072 W InputManager: Input event injection from pid 26893 failed.
11-23 15:15:12.015  3520  3533 W InputManager: Input event injection from pid 26893 failed.
11-23 15:15:12.015  3520  3532 W InputManager: Input event injection from pid 26893 failed.
11-23 15:15:12.015 27011 27011 I dex2oat : dex2oat took 13.206ms (threads: 8)
11-23 15:15:12.055 27020 27020 I dex2oat : ----------------------------------------------------
11-23 15:15:12.055 27020 27020 I dex2oat : <SS>: S T A R T I N G . . .
11-23 15:15:12.055 27020 27020 I dex2oat : <SS>: Zip is absent. Canceled.
11-23 15:15:12.055 27020 27020 I dex2oat : /system/bin/dex2oat --runtime-arg -classpath --runtime-arg  --instruction-set=arm64 --instruction-set-features=default --runtime-arg -Xrelocate --boot-image=/system/framework/boot.art --dex-file=/data/data/com.google.identitytoolkit.demo/files/instant-run/dex/slice-slice_0-classes.dex --oat-fd=30 --art-fd=-1 --oat-location=/data/data/com.google.identitytoolkit.demo/cache/slice-slice_0-classes.dex --runtime-arg -Xms64m --runtime-arg -Xmx512m
11-23 15:15:12.065 27020 27020 I dex2oat : dex2oat took 11.815ms (threads: 8)
11-23 15:15:12.065  3520  3874 I InputDispatcher: Dropping event because there is no touchable window at (175, 335).
11-23 15:15:12.065  3520  4439 W InputManager: Input event injection from pid 26893 failed.
11-23 15:15:12.065  3520  4681 W InputManager: Input event injection from pid 26893 failed.
11-23 15:15:12.065  3520  4415 W InputManager: Input event injection from pid 26893 failed.
11-23 15:15:12.065  3520  3940 W InputManager: Input event injection from pid 26893 failed.
11-23 15:15:12.065  3520  4706 W InputManager: Input event injection from pid 26893 failed.
11-23 15:15:12.065  3520  4604 W InputManager: Input event injection from pid 26893 failed.
11-23 15:15:12.065  3520  4070 W InputManager: Input event injection from pid 26893 failed.
11-23 15:15:12.065  3520  4086 W InputManager: Input event injection from pid 26893 failed.
11-23 15:15:12.065  3520  4412 W InputManager: Input event injection from pid 26893 failed.
11-23 15:15:12.065  3520  4695 W InputManager: Input event injection from pid 26893 failed.
11-23 15:15:12.095 27029 27029 I dex2oat : ----------------------------------------------------
11-23 15:15:12.095 27029 27029 I dex2oat : <SS>: S T A R T I N G . . .
11-23 15:15:12.095 27029 27029 I dex2oat : <SS>: Zip is absent. Canceled.
11-23 15:15:12.095 27029 27029 I dex2oat : /system/bin/dex2oat --runtime-arg -classpath --runtime-arg  --instruction-set=arm64 --instruction-set-features=default --runtime-arg -Xrelocate --boot-image=/system/framework/boot.art --dex-file=/data/data/com.google.identitytoolkit.demo/files/instant-run/dex/slice-internal_impl-20.0.0_1eaa187943b815bd02e09004dd7090a17d4e726f-classes.dex --oat-fd=30 --art-fd=-1 --oat-location=/data/data/com.google.identitytoolkit.demo/cache/slice-internal_impl-20.0.0_1eaa187943b815bd02e09004dd7090a17d4e726f-classes.dex --runtime-arg -Xms64m --runtime-arg -Xmx512m
11-23 15:15:12.115  3520  3874 I InputDispatcher: Dropping event because there is no touchable window at (462, 982).
11-23 15:15:12.115  3520  4440 W InputManager: Input event injection from pid 26893 failed.
11-23 15:15:12.115  3520  4678 W InputManager: Input event injection from pid 26893 failed.
11-23 15:15:12.115  3520  4439 W InputManager: Input event injection from pid 26893 failed.
11-23 15:15:12.115  3520  4681 W InputManager: Input event injection from pid 26893 failed.
11-23 15:15:12.115  3520  4415 W InputManager: Input event injection from pid 26893 failed.
11-23 15:15:12.115  3520  3940 W InputManager: Input event injection from pid 26893 failed.
11-23 15:15:12.155 27029 27029 I dex2oat : dex2oat took 58.074ms (threads: 8)
11-23 15:15:12.155  3520  4412 W InputManager: Input event injection from pid 26893 failed.
11-23 15:15:12.155  3520  4695 W InputManager: Input event injection from pid 26893 failed.
11-23 15:15:12.155  3520  4072 W InputManager: Input event injection from pid 26893 failed.
11-23 15:15:12.195 27038 27038 I dex2oat : ----------------------------------------------------
11-23 15:15:12.195 27038 27038 I dex2oat : <SS>: S T A R T I N G . . .
11-23 15:15:12.195 27038 27038 I dex2oat : <SS>: Zip is absent. Canceled.
11-23 15:15:12.195 27038 27038 I dex2oat : /system/bin/dex2oat --runtime-arg -classpath --runtime-arg  --instruction-set=arm64 --instruction-set-features=default --runtime-arg -Xrelocate --boot-image=/system/framework/boot.art --dex-file=/data/data/com.google.identitytoolkit.demo/files/instant-run/dex/slice-intermediates-exploded-aar-identitytoolkit-api11_c9fbe20024eb23aa080f90827e0d5e3e7282808a-classes.dex --oat-fd=30 --art-fd=-1 --oat-location=/data/data/com.google.identitytoolkit.demo/cache/slice-intermediates-exploded-aar-identitytoolkit-api11_c9fbe20024eb23aa080f90827e0d5e3e7282808a-classes.dex --runtime-arg -Xms64m --runtime-arg -Xmx512m
11-23 15:15:12.205  3520  3874 I InputDispatcher: Dropping event because there is no touchable window at (1214, 1607).
11-23 15:15:12.205  3520  4677 W InputManager: Input event injection from pid 26893 failed.
11-23 15:15:12.205  3520  4440 W InputManager: Input event injection from pid 26893 failed.
11-23 15:15:12.205  3520  4678 W InputManager: Input event injection from pid 26893 failed.
11-23 15:15:12.205  3520  4439 W InputManager: Input event injection from pid 26893 failed.
11-23 15:15:12.205  3520  4681 W InputManager: Input event injection from pid 26893 failed.
11-23 15:15:12.265 27038 27038 I dex2oat : dex2oat took 69.960ms (threads: 8)
11-23 15:15:12.265  3520  3874 I InputDispatcher: Dropping event because there is no touchable window at (305, 332).
11-23 15:15:12.265  3520  4706 W InputManager: Input event injection from pid 26893 failed.
11-23 15:15:12.265  3520  4604 W InputManager: Input event injection from pid 26893 failed.
11-23 15:15:12.295 27048 27048 I dex2oat : ----------------------------------------------------
11-23 15:15:12.295 27048 27048 I dex2oat : <SS>: S T A R T I N G . . .
11-23 15:15:12.295 27048 27048 I dex2oat : <SS>: Zip is absent. Canceled.
11-23 15:15:12.295 27048 27048 I dex2oat : /system/bin/dex2oat --runtime-arg -classpath --runtime-arg  --instruction-set=arm64 --instruction-set-features=default --runtime-arg -Xrelocate --boot-image=/system/framework/boot.art --dex-file=/data/data/com.google.identitytoolkit.demo/files/instant-run/dex/slice-com.google.android.gms-play-services-6.1.11_4a70a6f29d919a5fff103e54fbb45f516033aa27-classes.dex --oat-fd=30 --art-fd=-1 --oat-location=/data/data/com.google.identitytoolkit.demo/cache/slice-com.google.android.gms-play-services-6.1.11_4a70a6f29d919a5fff103e54fbb45f516033aa27-classes.dex --runtime-arg -Xms64m --runtime-arg -Xmx512m
11-23 15:15:12.315  3520  3874 I InputDispatcher: Dropping event because there is no touchable window at (436, 2220).
11-23 15:15:12.315  3520  4412 W InputManager: Input event injection from pid 26893 failed.
11-23 15:15:12.315  3520  4695 W InputManager: Input event injection from pid 26893 failed.
11-23 15:15:12.365  3520  3874 I InputDispatcher: Dropping event because there is no touchable window at (1290, 572).
11-23 15:15:12.365  3520  3532 W InputManager: Input event injection from pid 26893 failed.
11-23 15:15:12.365  3520  4677 W InputManager: Input event injection from pid 26893 failed.
11-23 15:15:12.415  3520  3874 I InputDispatcher: Dropping event because there is no touchable window at (1164, 1251).
11-23 15:15:12.415  3520  4439 W InputManager: Input event injection from pid 26893 failed.
11-23 15:15:12.415  3520  4681 W InputManager: Input event injection from pid 26893 failed.
11-23 15:15:12.465  3520  3874 I InputDispatcher: Dropping event because there is no touchable window at (498, 484).
11-23 15:15:12.465  3520  4706 W InputManager: Input event injection from pid 26893 failed.
11-23 15:15:12.465  3520  4604 W InputManager: Input event injection from pid 26893 failed.
11-23 15:15:12.525  3520  3874 I InputDispatcher: Dropping event because there is no touchable window at (762, 806).
11-23 15:15:12.525  3520  4412 W InputManager: Input event injection from pid 26893 failed.
11-23 15:15:12.525  3520  4695 W InputManager: Input event injection from pid 26893 failed.
11-23 15:15:12.575 26893 26893 I Timeline: Timeline: Activity_launch_request id:com.google.identitytoolkit.demo time:3458004
11-23 15:15:12.575  3520  4072 E PersonaManagerService: inState():  stateMachine is null !!
11-23 15:15:12.575  3520  4072 I PersonaManagerService: PersonaId don't exist
11-23 15:15:12.575  3520  4072 I ActivityManager: do not start freezing screen for locked container getKeyguardshowstate = false
11-23 15:15:12.575  3520  4072 D CustomFrequencyManagerService: releaseDVFSLockLocked : Getting Lock type frm List : DVFS_MIN_LIMIT  frequency : 1800000  uid : 1000  pid : 3520  tag : ACTIVITY_RESUME_BOOSTER@3
11-23 15:15:12.575  3520  4072 D CustomFrequencyManagerService: acquireDVFSLockLocked : type : DVFS_MIN_LIMIT  frequency : 1800000  uid : 1000  pid : 3520  pkgName : ACTIVITY_RESUME_BOOSTER@3
11-23 15:15:12.575  3520  4072 W ActivityManager: mDVFSHelper.acquire()
11-23 15:15:12.635  3520  3874 I InputDispatcher: Dropping event because there is no touchable window at (1255, 1547).
11-23 15:15:12.635  3520  4677 W InputManager: Input event injection from pid 26893 failed.
11-23 15:15:12.635  3520  4440 W InputManager: Input event injection from pid 26893 failed.
11-23 15:15:12.635  3520  4678 W InputManager: Input event injection from pid 26893 failed.
11-23 15:15:12.635  3520  4439 W InputManager: Input event injection from pid 26893 failed.
11-23 15:15:12.635  3520  4681 W InputManager: Input event injection from pid 26893 failed.
11-23 15:15:12.635  3520  4415 W InputManager: Input event injection from pid 26893 failed.
11-23 15:15:12.635  3520  3940 W InputManager: Input event injection from pid 26893 failed.
11-23 15:15:12.635  3520  4706 W InputManager: Input event injection from pid 26893 failed.
11-23 15:15:12.645  3520  4604 W InputManager: Input event injection from pid 26893 failed.
11-23 15:15:12.645  3520  4070 W InputManager: Input event injection from pid 26893 failed.
11-23 15:15:12.645  3520  4086 W InputManager: Input event injection from pid 26893 failed.
11-23 15:15:12.695  3520  3874 I InputDispatcher: Dropping event because there is no touchable window at (606, 476).
11-23 15:15:12.695  3520  4072 W InputManager: Input event injection from pid 26893 failed.
11-23 15:15:12.695  3520  3533 W InputManager: Input event injection from pid 26893 failed.
11-23 15:15:12.745  3520  3874 I InputDispatcher: Dropping event because there is no touchable window at (949, 837).
11-23 15:15:12.745  3520  4440 W InputManager: Input event injection from pid 26893 failed.
11-23 15:15:12.755  3520  4678 W InputManager: Input event injection from pid 26893 failed.
11-23 15:15:12.805  3520  3874 I InputDispatcher: Dropping event because there is no touchable window at (336, 1123).
11-23 15:15:12.805  3520  4415 W InputManager: Input event injection from pid 26893 failed.
11-23 15:15:12.805  3520  3940 W InputManager: Input event injection from pid 26893 failed.
11-23 15:15:12.855  3520  3874 I InputDispatcher: Dropping event because there is no touchable window at (540, 1892).
11-23 15:15:12.855  3520  4070 W InputManager: Input event injection from pid 26893 failed.
11-23 15:15:12.865  3520  4086 W InputManager: Input event injection from pid 26893 failed.
11-23 15:15:12.865  3520  4412 W InputManager: Input event injection from pid 26893 failed.
11-23 15:15:12.865  3520  4695 W InputManager: Input event injection from pid 26893 failed.
11-23 15:15:12.865  3520  4072 W InputManager: Input event injection from pid 26893 failed.
11-23 15:15:12.865  3520  3533 W InputManager: Input event injection from pid 26893 failed.
11-23 15:15:12.865  3520  3532 W InputManager: Input event injection from pid 26893 failed.
11-23 15:15:12.865  3520  4677 W InputManager: Input event injection from pid 26893 failed.
11-23 15:15:12.925  3520  3874 I InputDispatcher: Dropping event because there is no touchable window at (669, 1034).
11-23 15:15:12.925  3520  4439 W InputManager: Input event injection from pid 26893 failed.
11-23 15:15:12.925  3520  4681 W InputManager: Input event injection from pid 26893 failed.
11-23 15:15:12.925  3520  4415 W InputManager: Input event injection from pid 26893 failed.
11-23 15:15:12.925  3520  3940 W InputManager: Input event injection from pid 26893 failed.
11-23 15:15:12.975  3520  3874 I InputDispatcher: Dropping event because there is no touchable window at (1067, 2415).
11-23 15:15:12.975  3520  4070 W InputManager: Input event injection from pid 26893 failed.
11-23 15:15:12.985  3520  4086 W InputManager: Input event injection from pid 26893 failed.
11-23 15:15:13.035  3520  3874 I InputDispatcher: Dropping event because there is no touchable window at (268, 2123).
11-23 15:15:13.035  3520  3533 W InputManager: Input event injection from pid 26893 failed.
11-23 15:15:13.035  3520  3532 W InputManager: Input event injection from pid 26893 failed.
11-23 15:15:13.085  3520  3874 I InputDispatcher: Dropping event because there is no touchable window at (926, 1671).
11-23 15:15:13.095  3520  4678 W InputManager: Input event injection from pid 26893 failed.
11-23 15:15:13.095  3520  4439 W InputManager: Input event injection from pid 26893 failed.
11-23 15:15:13.095  3520  4681 W InputManager: Input event injection from pid 26893 failed.
11-23 15:15:13.095  3520  4415 W InputManager: Input event injection from pid 26893 failed.
11-23 15:15:13.095  3520  3940 W InputManager: Input event injection from pid 26893 failed.
11-23 15:15:13.095  3520  4604 W InputManager: Input event injection from pid 26893 failed.
11-23 15:15:13.095  3520  4706 W InputManager: Input event injection from pid 26893 failed.
11-23 15:15:13.095  3520  4070 W InputManager: Input event injection from pid 26893 failed.
11-23 15:15:13.105  3520  4086 W InputManager: Input event injection from pid 26893 failed.
11-23 15:15:13.105  3520  4412 W InputManager: Input event injection from pid 26893 failed.
11-23 15:15:13.155  3520  3874 I InputDispatcher: Dropping event because there is no touchable window at (1286, 2082).
11-23 15:15:13.155  3520  4678 W InputManager: Input event injection from pid 26893 failed.
11-23 15:15:13.155  3520  4439 W InputManager: Input event injection from pid 26893 failed.
