11-23 15:15:13.205  3520  3874 I InputDispatcher: Dropping event because there is no touchable window at (955, 268).
11-23 15:15:13.205  3520  3940 W InputManager: Input event injection from pid 26893 failed.
11-23 15:15:13.215  3520  4706 W InputManager: Input event injection from pid 26893 failed.
11-23 15:15:13.265  3520  3874 I InputDispatcher: Dropping event because there is no touchable window at (1280, 1390).
11-23 15:15:13.265  3520  4412 W InputManager: Input event injection from pid 26893 failed.
11-23 15:15:13.265  3520  4695 W InputManager: Input event injection from pid 26893 failed.
11-23 15:15:13.265  3520  4072 W InputManager: Input event injection from pid 26893 failed.
11-23 15:15:13.275  3520  3533 W InputManager: Input event injection from pid 26893 failed.
11-23 15:15:13.325  3520  3874 I InputDispatcher: Dropping event because there is no touchable window at (924, 1043).
11-23 15:15:13.325  3520  4440 W InputManager: Input event injection from pid 26893 failed.
11-23 15:15:13.325  3520  4678 W InputManager: Input event injection from pid 26893 failed.
11-23 15:15:13.325  3520  4439 W InputManager: Input event injection from pid 26893 failed.
11-23 15:15:13.325  3520  4415 W InputManager: Input event injection from pid 26893 failed.
11-23 15:15:13.325  3520  4681 W InputManager: Input event injection from pid 26893 failed.
11-23 15:15:13.325  3520  3940 W InputManager: Input event injection from pid 26893 failed.
11-23 15:15:13.325  3520  4604 W InputManager: Input event injection from pid 26893 failed.
11-23 15:15:13.325  3520  4706 W InputManager: Input event injection from pid 26893 failed.
11-23 15:15:13.325  3520  4070 W InputManager: Input event injection from pid 26893 failed.
11-23 15:15:13.325  3520  4086 W InputManager: Input event injection from pid 26893 failed.
11-23 15:15:13.325  3520  4412 W InputManager: Input event injection from pid 26893 failed.
11-23 15:15:13.375  3520  3874 I InputDispatcher: Dropping event because there is no touchable window at (1192, 2467).
11-23 15:15:13.375  3520  4677 W InputManager: Input event injection from pid 26893 failed.
11-23 15:15:13.375  3520  4440 W InputManager: Input event injection from pid 26893 failed.
11-23 15:15:13.425  3520  3874 I InputDispatcher: Dropping event because there is no touchable window at (244, 864).
11-23 15:15:13.425  3520  4415 W InputManager: Input event injection from pid 26893 failed.
11-23 15:15:13.425  3520  4681 W InputManager: Input event injection from pid 26893 failed.
11-23 15:15:13.425  3520  3940 W InputManager: Input event injection from pid 26893 failed.
11-23 15:15:13.425  3520  4604 W InputManager: Input event injection from pid 26893 failed.
11-23 15:15:13.425  3520  4706 W InputManager: Input event injection from pid 26893 failed.
11-23 15:15:13.425  3520  4070 W InputManager: Input event injection from pid 26893 failed.
11-23 15:15:13.435 27048 27048 I dex2oat : dex2oat took 1.135s (threads: 8)
11-23 15:15:13.475 27069 27069 I dex2oat : ----------------------------------------------------
11-23 15:15:13.475 27069 27069 I dex2oat : <SS>: S T A R T I N G . . .
11-23 15:15:13.475 27069 27069 I dex2oat : <SS>: Zip is absent. Canceled.
11-23 15:15:13.475 27069 27069 I dex2oat : /system/bin/dex2oat --runtime-arg -classpath --runtime-arg  --instruction-set=arm64 --instruction-set-features=default --runtime-arg -Xrelocate --boot-image=/system/framework/boot.art --dex-file=/data/data/com.google.identitytoolkit.demo/files/instant-run/dex/slice-com.android.support-support-v4-20.0.0_39ddbcaee53b6ffaab8fb62c649fd82340f539fd-classes.dex --oat-fd=30 --art-fd=-1 --oat-location=/data/data/com.google.identitytoolkit.demo/cache/slice-com.android.support-support-v4-20.0.0_39ddbcaee53b6ffaab8fb62c649fd82340f539fd-classes.dex --runtime-arg -Xms64m --runtime-arg -Xmx512m
11-23 15:15:13.485  3520  3874 I InputDispatcher: Dropping event because there is no touchable window at (276, 2277).
11-23 15:15:13.485  3520  4072 W InputManager: Input event injection from pid 26893 failed.
11-23 15:15:13.485  3520  3533 W InputManager: Input event injection from pid 26893 failed.
11-23 15:15:13.485  3520  3532 W InputManager: Input event injection from pid 26893 failed.
11-23 15:15:13.485  3520  4677 W InputManager: Input event injection from pid 26893 failed.
11-23 15:15:13.535 26906 26952 I art     : Explicit concurrent mark sweep GC freed 18809(1113KB) AllocSpace objects, 3(52KB) LOS objects, 37% free, 26MB/42MB, paused 171us total 15.606ms
11-23 15:15:13.535  3520  3874 I InputDispatcher: Dropping event because there is no touchable window at (646, 1590).
11-23 15:15:13.535  3520  4439 W InputManager: Input event injection from pid 26893 failed.
11-23 15:15:13.535  3520  4415 W InputManager: Input event injection from pid 26893 failed.
11-23 15:15:13.535  3520  4681 W InputManager: Input event injection from pid 26893 failed.
11-23 15:15:13.535  3520  3940 W InputManager: Input event injection from pid 26893 failed.
11-23 15:15:13.535  3520  4604 W InputManager: Input event injection from pid 26893 failed.
11-23 15:15:13.585  3520  3874 I InputDispatcher: Dropping event because there is no touchable window at (1409, 955).
11-23 15:15:13.585  3520  4086 W InputManager: Input event injection from pid 26893 failed.
11-23 15:15:13.585  3520  4412 W InputManager: Input event injection from pid 26893 failed.
11-23 15:15:13.585  3520  4072 W InputManager: Input event injection from pid 26893 failed.
11-23 15:15:13.585  3520  3533 W InputManager: Input event injection from pid 26893 failed.
11-23 15:15:13.595  3520  4677 W InputManager: Input event injection from pid 26893 failed.
11-23 15:15:13.635 26906 26952 I art     : Explicit concurrent mark sweep GC freed 103(3KB) AllocSpace objects, 0(0B) LOS objects, 37% free, 26MB/42MB, paused 154us total 11.353ms
11-23 15:15:13.645  3520  3874 I InputDispatcher: Dropping event because there is no touchable window at (103, 1121).
11-23 15:15:13.645  3520  4439 W InputManager: Input event injection from pid 26893 failed.
11-23 15:15:13.645  3520  4415 W InputManager: Input event injection from pid 26893 failed.
11-23 15:15:13.675 26906 26952 I art     : Explicit concurrent mark sweep GC freed 3(96B) AllocSpace objects, 0(0B) LOS objects, 37% free, 26MB/42MB, paused 150us total 9.485ms
11-23 15:15:13.695  3520  3874 I InputDispatcher: Dropping event because there is no touchable window at (280, 2529).
11-23 15:15:13.695  3520  4604 W InputManager: Input event injection from pid 26893 failed.
11-23 15:15:13.695  3520  4706 W InputManager: Input event injection from pid 26893 failed.
11-23 15:15:13.705 26906 26952 I art     : Explicit concurrent mark sweep GC freed 3(96B) AllocSpace objects, 0(0B) LOS objects, 37% free, 26MB/42MB, paused 153us total 9.377ms
11-23 15:15:13.745 26906 26952 I art     : Explicit concurrent mark sweep GC freed 3(96B) AllocSpace objects, 0(0B) LOS objects, 37% free, 26MB/42MB, paused 198us total 9.395ms
11-23 15:15:13.755  3520  3874 I InputDispatcher: Dropping event because there is no touchable window at (82, 2119).
11-23 15:15:13.755  3520  3532 W InputManager: Input event injection from pid 26893 failed.
11-23 15:15:13.755  3520  4072 W InputManager: Input event injection from pid 26893 failed.
11-23 15:15:13.755  3520  3533 W InputManager: Input event injection from pid 26893 failed.
11-23 15:15:13.755  3520  4677 W InputManager: Input event injection from pid 26893 failed.
11-23 15:15:13.755  3520  4440 W InputManager: Input event injection from pid 26893 failed.
11-23 15:15:13.755  3520  4678 W InputManager: Input event injection from pid 26893 failed.
11-23 15:15:13.815  3520  3874 I InputDispatcher: Dropping event because there is no touchable window at (1345, 1277).
11-23 15:15:13.815  3520  4681 W InputManager: Input event injection from pid 26893 failed.
11-23 15:15:13.815  3520  3940 W InputManager: Input event injection from pid 26893 failed.
11-23 15:15:13.825 27069 27069 I dex2oat : dex2oat took 349.046ms (threads: 8)
11-23 15:15:13.835 26906 26906 D InjectionManager: InjectionManager
11-23 15:15:13.835 26906 26906 D InjectionManager: fillFeatureStoreMap com.google.identitytoolkit.demo
11-23 15:15:13.835 26906 26906 I InjectionManager: Constructor com.google.identitytoolkit.demo, Feature store :{}
11-23 15:15:13.835 26906 26906 I InjectionManager: featureStore :{}
11-23 15:15:13.865  3520  3874 I InputDispatcher: Dropping event because there is no touchable window at (1010, 1990).
11-23 15:15:13.865  3520  4678 W InputManager: Input event injection from pid 26893 failed.
11-23 15:15:13.865  3520  4695 W InputManager: Input event injection from pid 26893 failed.
11-23 15:15:13.865  3520  4439 V WindowOrientationListener: mSContextAutoRotationListener.getProposedRotation, mbResultFaceDectection: false
11-23 15:15:13.865  3520  4439 V WindowOrientationListener: mSContextAutoRotationListener.getProposedRotation, Rotation: 0
11-23 15:15:13.865  3520  4439 V WindowManager: rotationForOrientationLw(orient=1, last=0); user=0  sensorRotation=0 mLidState=-1 mDockMode=0 mHdmiPlugged=false
11-23 15:15:13.865  3520  4439 V WindowOrientationListener: mSContextAutoRotationListener.getProposedRotation, mbResultFaceDectection: false
11-23 15:15:13.865  3520  4439 V WindowOrientationListener: mSContextAutoRotationListener.getProposedRotation, Rotation: 0
11-23 15:15:13.895 26906 26906 D PhoneWindow: *FMB* installDecor mIsFloating : false
11-23 15:15:13.895 26906 26906 D PhoneWindow: *FMB* installDecor flags : 8454400
11-23 15:15:13.895 26906 26906 D Activity: performCreate Call Injection manager
11-23 15:15:13.895 26906 26906 I InjectionManager: dispatchOnViewCreated > Target : com.google.identitytoolkit.demo.GitkitDemo isFragment :false
11-23 15:15:13.905 26906 27087 D OpenGLRenderer: Render dirty regions requested: true
11-23 15:15:13.905  3520  4695 D ActivityManager: post active user change for 0 fullscreen true record.isFloatingActivity() false
11-23 15:15:13.905  3520  4695 D KnoxTimeoutHandler: postActiveUserChange for user 0
11-23 15:15:13.905  3520  4695 I KnoxTimeoutHandler: postActiveUserChange, showWhenLocked: false
11-23 15:15:13.905  3520  3520 D KnoxTimeoutHandler: handleActiveUserChange for user 0
11-23 15:15:13.905  3520  3520 D PersonaManagerService: getPersonasForUser(): returning null!
11-23 15:15:13.905 26906 26906 D PhoneWindow: *FMB* isFloatingMenuEnabled mFloatingMenuBtn : null
11-23 15:15:13.905 26906 26906 D PhoneWindow: *FMB* isFloatingMenuEnabled return false
11-23 15:15:13.915  2983  2983 I SurfaceFlinger: id=21 createSurf (1x1),1 flag=404, HitkitDemo
11-23 15:15:13.915  3520  4415 D MultiWindowConverter: dismissGuide() : Before attaching the guide view, mForceDismissGuide : false
11-23 15:15:13.915  3520  3874 I InputDispatcher: Dropping event because there is no touchable window at (504, 679).
11-23 15:15:13.915  3520  4412 W InputManager: Input event injection from pid 26893 failed.
11-23 15:15:13.915  3520  4086 W InputManager: Input event injection from pid 26893 failed.
11-23 15:15:13.915  3520  3532 W InputManager: Input event injection from pid 26893 failed.
11-23 15:15:13.915  3520  4072 W InputManager: Input event injection from pid 26893 failed.
11-23 15:15:13.915  3520  4677 W InputManager: Input event injection from pid 26893 failed.
11-23 15:15:13.915  3520  3533 W InputManager: Input event injection from pid 26893 failed.
11-23 15:15:13.915  3520  4440 W InputManager: Input event injection from pid 26893 failed.
11-23 15:15:13.915  3520  4678 W InputManager: Input event injection from pid 26893 failed.
11-23 15:15:13.925  3520  3724 D PointerIcon: setMouseIconStyle1 pointerType: 1001iconType:101 flag:0
11-23 15:15:13.925  3520  3724 D PointerIcon: setMouseCustomIcon IconType is same.101
11-23 15:15:13.945 26906 27087 D libEGL  : loaded /vendor/lib64/egl/libGLES_mali.so
11-23 15:15:13.955 26906 27087 I OpenGLRenderer: Initialized EGL, version 1.4
11-23 15:15:13.965 26906 27087 I OpenGLRenderer: HWUI protection enabled for context ,  &this =0x7f87d43060 ,&mEglDisplay = 1 , &mEglConfig = -2015599952 
11-23 15:15:13.965 26906 27087 D OpenGLRenderer: Get maximum texture size. GL_MAX_TEXTURE_SIZE is 8192
11-23 15:15:13.965 26906 27087 D OpenGLRenderer: Enabling debug mode 0
11-23 15:15:13.965 26906 27087 D mali_winsys: new_window_surface returns 0x3000,  [1440x2560]-format:1
11-23 15:15:13.965  3520  3874 I InputDispatcher: Delivering touch to (4030): action: 0x4, toolType: 0
11-23 15:15:13.965  3520  3874 I InputDispatcher: Delivering touch to (26906): action: 0x0, toolType: 0
11-23 15:15:13.965  3520  3874 E InputTransport: channel 'TouchIntercepter (client)' publisher ~ Received unexpected message of type 2 from consumer
11-23 15:15:13.965  3520  3874 E InputDispatcher: channel 'TouchIntercepter (client)' ~ Failed to receive finished signal.  status=-2147483648
11-23 15:15:13.965  3520  3874 E InputDispatcher: channel ~ Channel is unrecoverably broken and will be disposed!
11-23 15:15:13.965  3520  3874 I InputDispatcher: Delivering touch to (26906): action: 0x1, toolType: 0
11-23 15:15:13.975 26906 26906 I InjectionManager: dispatchCreateOptionsMenu :com.google.identitytoolkit.demo.GitkitDemo
11-23 15:15:13.975 26906 26906 I InjectionManager: dispatchPrepareOptionsMenu :com.google.identitytoolkit.demo.GitkitDemo
11-23 15:15:13.975 26906 26906 D ViewRootImpl: ViewPostImeInputStage ACTION_DOWN
11-23 15:15:13.975  3520  4412 D InputMethodManagerService: windowGainedFocus mCurrentFocusedUserId - 0 and mSecureKeypadEnabled-false
11-23 15:15:13.975  3520 27101 W ContextImpl: Calling a method in the system process without a qualified user: android.app.ContextImpl.sendBroadcast:1700 com.android.server.InputMethodManagerService$6.run:2754 java.lang.Thread.run:818 <bottom of call stack> <bottom of call stack> 
11-23 15:15:14.015  3520  3874 I InputDispatcher: Delivering touch to (4030): action: 0x4, toolType: 0
11-23 15:15:14.015  3520  3874 I InputDispatcher: Delivering touch to (26906): action: 0x0, toolType: 0
11-23 15:15:14.025  3520  3874 I InputDispatcher: Delivering touch to (26906): action: 0x1, toolType: 0
11-23 15:15:14.055 26906 26906 D ViewRootImpl: ViewPostImeInputStage ACTION_DOWN
11-23 15:15:14.055 26906 26906 I Timeline: Timeline: Activity_idle id: android.os.BinderProxy@3084ece3 time:3459489
11-23 15:15:14.065  3520  3724 I ActivityManager: Displayed Component not be shown by security: +2s983ms
11-23 15:15:14.065  3520  3724 D CustomFrequencyManagerService: releaseDVFSLockLocked : Getting Lock type frm List : DVFS_MIN_LIMIT  frequency : 1800000  uid : 1000  pid : 3520  tag : ACTIVITY_RESUME_BOOSTER@3
11-23 15:15:14.065  3520  3724 W ActivityManager: mDVFSHelper.release()
11-23 15:15:14.065  3520  3724 I Timeline: Timeline: Activity_windows_visible id: ActivityRecord{3411622c u0 com.google.identitytoolkit.demo/.GitkitDemo t71} time:3459493
11-23 15:15:14.065  3520  3610 D CustomFrequencyManagerService: acquireDVFSLockLocked : type : DVFS_MIN_LIMIT  frequency : 1800000  uid : 1000  pid : 3520  pkgName : ACTIVITY_RESUME_BOOSTER@7
11-23 15:15:14.065  3520  3981 W System.err: remove failed: ENOENT (No such file or directory) : /data/system/recent_tasks/71_task.xml.bak
11-23 15:15:14.085  3520  3874 I InputDispatcher: Delivering touch to (4030): action: 0x4, toolType: 0
11-23 15:15:14.085  3520  3874 I InputDispatcher: Delivering touch to (26906): action: 0x0, toolType: 0
11-23 15:15:14.085 26906 26906 D ViewRootImpl: ViewPostImeInputStage ACTION_DOWN
11-23 15:15:14.085  3520  3874 I InputDispatcher: Delivering touch to (26906): action: 0x1, toolType: 0
11-23 15:15:14.135  3520  3874 I InputDispatcher: Delivering touch to (4030): action: 0x4, toolType: 0
11-23 15:15:14.135  3520  3874 I InputDispatcher: Delivering touch to (26906): action: 0x0, toolType: 0
11-23 15:15:14.135 26906 26906 D ViewRootImpl: ViewPostImeInputStage ACTION_DOWN
11-23 15:15:14.135  3520  3874 I InputDispatcher: Delivering touch to (26906): action: 0x1, toolType: 0
11-23 15:15:14.185  3520  3874 I InputDispatcher: Delivering touch to (4030): action: 0x4, toolType: 0
11-23 15:15:14.185  3520  3874 I InputDispatcher: Delivering touch to (26906): action: 0x0, toolType: 0
11-23 15:15:14.185 26906 26906 D ViewRootImpl: ViewPostImeInputStage ACTION_DOWN
11-23 15:15:14.185  3520  3874 I InputDispatcher: Delivering touch to (26906): action: 0x1, toolType: 0
11-23 15:15:14.235  3520  3874 I InputDispatcher: Delivering touch to (4030): action: 0x4, toolType: 0
11-23 15:15:14.235  3520  3874 I InputDispatcher: Delivering touch to (26906): action: 0x0, toolType: 0
11-23 15:15:14.235 26906 26906 D ViewRootImpl: ViewPostImeInputStage ACTION_DOWN
11-23 15:15:14.245  3520  3874 I InputDispatcher: Delivering touch to (26906): action: 0x1, toolType: 0
11-23 15:15:14.265  2983  3977 I SurfaceFlinger: id=20 Removed eemo (6/8)
11-23 15:15:14.265  2983  4481 I SurfaceFlinger: id=20 Removed eemo (-2/8)
11-23 15:15:14.295  3520  3874 I InputDispatcher: Delivering touch to (4030): action: 0x4, toolType: 0
11-23 15:15:14.295  3520  3874 I InputDispatcher: Delivering touch to (26906): action: 0x0, toolType: 0
11-23 15:15:14.295 26906 26906 D ViewRootImpl: ViewPostImeInputStage ACTION_DOWN
11-23 15:15:14.295  3520  3874 I InputDispatcher: Delivering touch to (26906): action: 0x1, toolType: 0
11-23 15:15:14.345 26893 26893 I Timeline: Timeline: Activity_launch_request id:com.google.identitytoolkit.demo time:3459774
11-23 15:15:14.345  3520  4604 E PersonaManagerService: inState():  stateMachine is null !!
11-23 15:15:14.345  3520  4604 I PersonaManagerService: PersonaId don't exist
11-23 15:15:14.345  3520  4604 I ActivityManager: do not start freezing screen for locked container getKeyguardshowstate = false
11-23 15:15:14.345  3520  4604 D CustomFrequencyManagerService: acquireDVFSLockLocked : type : DVFS_MIN_LIMIT  frequency : 1800000  uid : 1000  pid : 3520  pkgName : ACTIVITY_RESUME_BOOSTER@3
11-23 15:15:14.345  3520  4604 W ActivityManager: mDVFSHelper.acquire()
11-23 15:15:14.365  3520  3520 D CustomFrequencyManagerService: releaseDVFSLockLocked : Getting Lock type frm List : DVFS_MIN_LIMIT  frequency : 1800000  uid : 1000  pid : 3520  tag : ACTIVITY_RESUME_BOOSTER@7
11-23 15:15:14.395 26893 26893 I Timeline: Timeline: Activity_launch_request id:com.google.identitytoolkit.demo time:3459827
11-23 15:15:14.395  3520  4681 E PersonaManagerService: inState():  stateMachine is null !!
11-23 15:15:14.395  3520  4681 I PersonaManagerService: PersonaId don't exist
11-23 15:15:14.395  3520  4681 I ActivityManager: do not start freezing screen for locked container getKeyguardshowstate = false
11-23 15:15:14.395  3520  4681 D CustomFrequencyManagerService: releaseDVFSLockLocked : Getting Lock type frm List : DVFS_MIN_LIMIT  frequency : 1800000  uid : 1000  pid : 3520  tag : ACTIVITY_RESUME_BOOSTER@3
11-23 15:15:14.395  3520  4681 D CustomFrequencyManagerService: acquireDVFSLockLocked : type : DVFS_MIN_LIMIT  frequency : 1800000  uid : 1000  pid : 3520  pkgName : ACTIVITY_RESUME_BOOSTER@3
11-23 15:15:14.395  3520  4681 W ActivityManager: mDVFSHelper.acquire()
11-23 15:15:14.445 26893 26893 I Timeline: Timeline: Activity_launch_request id:com.google.identitytoolkit.demo time:3459879
11-23 15:15:14.455  3520  3940 E PersonaManagerService: inState():  stateMachine is null !!
11-23 15:15:14.455  3520  3940 I PersonaManagerService: PersonaId don't exist
11-23 15:15:14.455  3520  3940 I ActivityManager: do not start freezing screen for locked container getKeyguardshowstate = false
11-23 15:15:14.455  3520  3940 D CustomFrequencyManagerService: releaseDVFSLockLocked : Getting Lock type frm List : DVFS_MIN_LIMIT  frequency : 1800000  uid : 1000  pid : 3520  tag : ACTIVITY_RESUME_BOOSTER@3
11-23 15:15:14.455  3520  3940 D CustomFrequencyManagerService: acquireDVFSLockLocked : type : DVFS_MIN_LIMIT  frequency : 1800000  uid : 1000  pid : 3520  pkgName : ACTIVITY_RESUME_BOOSTER@3
11-23 15:15:14.455  3520  3940 W ActivityManager: mDVFSHelper.acquire()
11-23 15:15:14.505  3520  3874 I InputDispatcher: Delivering touch to (4030): action: 0x4, toolType: 0
11-23 15:15:14.505  3520  3874 I InputDispatcher: Delivering touch to (26906): action: 0x0, toolType: 0
11-23 15:15:14.505 26906 26906 D ViewRootImpl: ViewPostImeInputStage ACTION_DOWN
11-23 15:15:14.505  3520  3874 I InputDispatcher: Delivering touch to (26906): action: 0x1, toolType: 0
11-23 15:15:14.555  3520  3874 I InputDispatcher: Delivering touch to (4030): action: 0x4, toolType: 0
11-23 15:15:14.555  3520  3874 I InputDispatcher: Delivering touch to (26906): action: 0x0, toolType: 0
11-23 15:15:14.555 26906 26906 D ViewRootImpl: ViewPostImeInputStage ACTION_DOWN
11-23 15:15:14.555  3520  3874 I InputDispatcher: Delivering touch to (26906): action: 0x1, toolType: 0
11-23 15:15:14.615  3520  3874 I InputDispatcher: Delivering touch to (4030): action: 0x4, toolType: 0
11-23 15:15:14.615  3520  3874 I InputDispatcher: Delivering touch to (26906): action: 0x0, toolType: 0
11-23 15:15:14.615 26906 26906 D ViewRootImpl: ViewPostImeInputStage ACTION_DOWN
11-23 15:15:14.615  3520  3874 I InputDispatcher: Delivering touch to (26906): action: 0x1, toolType: 0
11-23 15:15:14.655  4030  4030 D StatusBar.NetworkController: refreshViews connected={ wifi } level=0 combinedSignalIconId=0x7f02054f/com.android.systemui:drawable/stat_sys_wifi_signal_4 mobileLabel= wifiLabel="9902431946" emergencyOnly=false combinedLabel="9902431946" mAirplaneMode=true mDataActivity=0 mPhoneSignalIconId=0x0/(null) mQSPhoneSignalIconId=0x0/(null) mDataDirectionIconId=0x0/(null) mDataSignalIconId=0x0/(null) mDataTypeIconId=0x0/(null) mQSDataTypeIconId=0x0/(null) mNoSimIconId=0x0/(null) mWifiIconId=0x7f02054f/com.android.systemui:drawable/stat_sys_wifi_signal_4 mQSWifiIconId=0x7f020139/com.android.systemui:drawable/ic_qs_wifi_4 mWifiActivityIconId=0x7f020525/com.android.systemui:drawable/stat_sys_signal_out mBluetoothTetherIconId=0x7f02052c/com.android.systemui:drawable/stat_sys_tether_bluetooth
11-23 15:15:14.655  4030  4030 D STATUSBAR-WifiQuickSettingButton: onWifiSignalChanged enabled=true enabledDesc:"9902431946"
11-23 15:15:14.655  4030  4030 D StatusBar.NetworkController: refreshNwBoosterIndicator - setNWBoosterIndicators(false)
11-23 15:15:14.655  4030  4030 D StatusBar.NetworkController: applyVZW
11-23 15:15:14.655  4030  4030 D SignalClusterView: mMobileDataState:-1, mBtTetherState:false, mHasService:false
11-23 15:15:14.655  4030  4030 D StatusBar.NetworkController: applyVZW : mDataTypeDisabledIconId(null)
11-23 15:15:14.655  4030  4030 D StatusBar.NetworkController: refreshNwBoosterIndicator - setNWBoosterIndicators(false)
11-23 15:15:14.655  4030  4030 D StatusBar.NetworkController: applyVZW
11-23 15:15:14.655  4030  4030 D SignalClusterView: mMobileDataState:-1, mBtTetherState:false, mHasService:false
11-23 15:15:14.655  4030  4030 D StatusBar.NetworkController: applyVZW : mDataTypeDisabledIconId(null)
11-23 15:15:14.655  4030  4030 D StatusBar.NetworkController: refreshNwBoosterIndicator - setNWBoosterIndicators(false)
11-23 15:15:14.655  4030  4030 D StatusBar.NetworkController: applyVZW
11-23 15:15:14.655  4030  4030 D SignalClusterView: mMobileDataState:-1, mBtTetherState:false, mHasService:false
11-23 15:15:14.655  4030  4030 D StatusBar.NetworkController: applyVZW : mDataTypeDisabledIconId(null)
11-23 15:15:14.655  4030  4030 D StatusBar.NetworkController: refreshNwBoosterIndicator - setNWBoosterIndicators(false)
11-23 15:15:14.655  4030  4030 D StatusBar.NetworkController: applyVZW
11-23 15:15:14.655  4030  4030 D StatusBar.NetworkController: applyVZW : mDataTypeDisabledIconId(null)
11-23 15:15:14.665  3520  3874 I InputDispatcher: Delivering touch to (4030): action: 0x4, toolType: 0
11-23 15:15:14.665  3520  3874 I InputDispatcher: Delivering touch to (26906): action: 0x0, toolType: 0
11-23 15:15:14.665 26906 26906 D ViewRootImpl: ViewPostImeInputStage ACTION_DOWN
11-23 15:15:14.665  3520  3874 I InputDispatcher: Delivering touch to (26906): action: 0x1, toolType: 0
11-23 15:15:14.715  3520  3874 I InputDispatcher: Delivering touch to (4030): action: 0x4, toolType: 0
11-23 15:15:14.715  3520  3874 I InputDispatcher: Delivering touch to (26906): action: 0x0, toolType: 0
11-23 15:15:14.715 26906 26906 D ViewRootImpl: ViewPostImeInputStage ACTION_DOWN
11-23 15:15:14.725  3520  3874 I InputDispatcher: Delivering touch to (26906): action: 0x1, toolType: 0
11-23 15:15:14.775  3520  3874 I InputDispatcher: Delivering touch to (4030): action: 0x4, toolType: 0
11-23 15:15:14.775  3520  3874 I InputDispatcher: Delivering touch to (26906): action: 0x0, toolType: 0
11-23 15:15:14.775 26906 26906 D ViewRootImpl: ViewPostImeInputStage ACTION_DOWN
11-23 15:15:14.775  3520  3874 I InputDispatcher: Delivering touch to (26906): action: 0x1, toolType: 0
11-23 15:15:14.825  3520  3874 I InputDispatcher: Delivering touch to (4030): action: 0x4, toolType: 0
11-23 15:15:14.825  3520  3874 I InputDispatcher: Delivering touch to (26906): action: 0x0, toolType: 0
11-23 15:15:14.825 26906 26906 D ViewRootImpl: ViewPostImeInputStage ACTION_DOWN
11-23 15:15:14.825  3520  3874 I InputDispatcher: Delivering touch to (26906): action: 0x1, toolType: 0
11-23 15:15:14.875  3520  3874 I InputDispatcher: Delivering touch to (4030): action: 0x4, toolType: 0
11-23 15:15:14.875  3520  3874 I InputDispatcher: Delivering touch to (26906): action: 0x0, toolType: 0
11-23 15:15:14.875 26906 26906 D ViewRootImpl: ViewPostImeInputStage ACTION_DOWN
11-23 15:15:14.875  3520  3874 I InputDispatcher: Delivering touch to (26906): action: 0x1, toolType: 0
11-23 15:15:14.925  3520  3874 I InputDispatcher: Delivering touch to (4030): action: 0x4, toolType: 0
11-23 15:15:14.925  3520  3874 I InputDispatcher: Delivering touch to (26906): action: 0x0, toolType: 0
11-23 15:15:14.925 26906 26906 D ViewRootImpl: ViewPostImeInputStage ACTION_DOWN
11-23 15:15:14.925  3520  3874 I InputDispatcher: Delivering touch to (26906): action: 0x1, toolType: 0
11-23 15:15:14.985  3520  3874 I InputDispatcher: Delivering touch to (4030): action: 0x4, toolType: 0
11-23 15:15:14.985  3520  3874 I InputDispatcher: Delivering touch to (26906): action: 0x0, toolType: 0
11-23 15:15:14.985 26906 26906 D ViewRootImpl: ViewPostImeInputStage ACTION_DOWN
11-23 15:15:14.985  3520  3874 I InputDispatcher: Delivering touch to (26906): action: 0x1, toolType: 0
11-23 15:15:15.035  3520  3874 I InputDispatcher: Delivering touch to (4030): action: 0x4, toolType: 0
11-23 15:15:15.035  3520  3874 I InputDispatcher: Delivering touch to (26906): action: 0x0, toolType: 0
11-23 15:15:15.035 26906 26906 D ViewRootImpl: ViewPostImeInputStage ACTION_DOWN
11-23 15:15:15.035  3520  3874 I InputDispatcher: Delivering touch to (26906): action: 0x1, toolType: 0
11-23 15:15:15.085  3520  3874 I InputDispatcher: Delivering touch to (4030): action: 0x4, toolType: 0
11-23 15:15:15.085  3520  3874 I InputDispatcher: Delivering touch to (26906): action: 0x0, toolType: 0
11-23 15:15:15.085 26906 26906 D ViewRootImpl: ViewPostImeInputStage ACTION_DOWN
11-23 15:15:15.085  3520  3874 I InputDispatcher: Delivering touch to (26906): action: 0x1, toolType: 0
11-23 15:15:15.145  3520  3874 I InputDispatcher: Delivering touch to (4030): action: 0x4, toolType: 0
11-23 15:15:15.145  3520  3874 I InputDispatcher: Delivering touch to (26906): action: 0x0, toolType: 0
11-23 15:15:15.145 26906 26906 D ViewRootImpl: ViewPostImeInputStage ACTION_DOWN
11-23 15:15:15.145  3520  3874 I InputDispatcher: Delivering touch to (26906): action: 0x1, toolType: 0
11-23 15:15:15.195 26893 26893 I Timeline: Timeline: Activity_launch_request id:com.google.identitytoolkit.demo time:3460623
11-23 15:15:15.195  3520  4681 E PersonaManagerService: inState():  stateMachine is null !!
11-23 15:15:15.195  3520  4681 I PersonaManagerService: PersonaId don't exist
11-23 15:15:15.195  3520  4681 I ActivityManager: do not start freezing screen for locked container getKeyguardshowstate = false
11-23 15:15:15.195  3520  4681 D CustomFrequencyManagerService: releaseDVFSLockLocked : Getting Lock type frm List : DVFS_MIN_LIMIT  frequency : 1800000  uid : 1000  pid : 3520  tag : ACTIVITY_RESUME_BOOSTER@3
11-23 15:15:15.195  3520  4681 D CustomFrequencyManagerService: acquireDVFSLockLocked : type : DVFS_MIN_LIMIT  frequency : 1800000  uid : 1000  pid : 3520  pkgName : ACTIVITY_RESUME_BOOSTER@3
11-23 15:15:15.195  3520  4681 W ActivityManager: mDVFSHelper.acquire()
11-23 15:15:15.245  3520  3874 I InputDispatcher: Delivering touch to (4030): action: 0x4, toolType: 0
11-23 15:15:15.245  3520  3874 I InputDispatcher: Delivering touch to (26906): action: 0x0, toolType: 0
11-23 15:15:15.245 26906 26906 D ViewRootImpl: ViewPostImeInputStage ACTION_DOWN
11-23 15:15:15.255  3520  3874 I InputDispatcher: Delivering touch to (26906): action: 0x1, toolType: 0
11-23 15:15:15.275  3520  4440 I ActivityManager: Killing 26498:com.samsung.android.app.FileShareServer/u0a89 (adj 15): empty #31
11-23 15:15:15.305  3520  3874 I InputDispatcher: Delivering touch to (4030): action: 0x4, toolType: 0
11-23 15:15:15.305  3520  3874 I InputDispatcher: Delivering touch to (26906): action: 0x0, toolType: 0
11-23 15:15:15.305 26906 26906 D ViewRootImpl: ViewPostImeInputStage ACTION_DOWN
11-23 15:15:15.315  3520  3874 I InputDispatcher: Delivering touch to (26906): action: 0x1, toolType: 0
11-23 15:15:15.365  3520  3874 I InputDispatcher: Delivering touch to (4030): action: 0x4, toolType: 0
11-23 15:15:15.365  3520  3874 I InputDispatcher: Delivering touch to (26906): action: 0x0, toolType: 0
11-23 15:15:15.365 26906 26906 D ViewRootImpl: ViewPostImeInputStage ACTION_DOWN
11-23 15:15:15.365  3520  3874 I InputDispatcher: Delivering touch to (26906): action: 0x1, toolType: 0
11-23 15:15:15.385  3520  3593 W libprocessgroup: failed to open /acct/uid_10089/pid_26498/cgroup.procs: No such file or directory
11-23 15:15:15.425  3520  3874 I InputDispatcher: Delivering touch to (4030): action: 0x4, toolType: 0
11-23 15:15:15.425  3520  3874 I InputDispatcher: Delivering touch to (26906): action: 0x0, toolType: 0
11-23 15:15:15.425 26906 26906 D ViewRootImpl: ViewPostImeInputStage ACTION_DOWN
11-23 15:15:15.425  3520  3874 I InputDispatcher: Delivering touch to (26906): action: 0x1, toolType: 0
11-23 15:15:15.475  3520  3874 I InputDispatcher: Delivering touch to (4030): action: 0x4, toolType: 0
11-23 15:15:15.475  3520  3874 I InputDispatcher: Delivering touch to (26906): action: 0x0, toolType: 0
11-23 15:15:15.475 26906 26906 D ViewRootImpl: ViewPostImeInputStage ACTION_DOWN
11-23 15:15:15.485  3520  3874 I InputDispatcher: Delivering touch to (26906): action: 0x1, toolType: 0
11-23 15:15:15.535  3520  3874 I InputDispatcher: Delivering touch to (4030): action: 0x4, toolType: 0
11-23 15:15:15.535  3520  3874 I InputDispatcher: Delivering touch to (26906): action: 0x0, toolType: 0
11-23 15:15:15.535 26906 26906 D ViewRootImpl: ViewPostImeInputStage ACTION_DOWN
11-23 15:15:15.535  3520  3874 I InputDispatcher: Delivering touch to (26906): action: 0x1, toolType: 0
11-23 15:15:15.595  3520  3874 I InputDispatcher: Delivering touch to (4030): action: 0x4, toolType: 0
11-23 15:15:15.595  3520  3874 I InputDispatcher: Delivering touch to (26906): action: 0x0, toolType: 0
11-23 15:15:15.595 26906 26906 D ViewRootImpl: ViewPostImeInputStage ACTION_DOWN
11-23 15:15:15.595  3520  3874 I InputDispatcher: Delivering touch to (26906): action: 0x1, toolType: 0
11-23 15:15:15.645  3520  3874 I InputDispatcher: Delivering touch to (4030): action: 0x4, toolType: 0
11-23 15:15:15.645  3520  3874 I InputDispatcher: Delivering touch to (26906): action: 0x0, toolType: 0
11-23 15:15:15.645 26906 26906 D ViewRootImpl: ViewPostImeInputStage ACTION_DOWN
11-23 15:15:15.655  4030  4030 D StatusBar.NetworkController: refreshViews connected={ wifi } level=0 combinedSignalIconId=0x7f02054f/com.android.systemui:drawable/stat_sys_wifi_signal_4 mobileLabel= wifiLabel="9902431946" emergencyOnly=false combinedLabel="9902431946" mAirplaneMode=true mDataActivity=0 mPhoneSignalIconId=0x0/(null) mQSPhoneSignalIconId=0x0/(null) mDataDirectionIconId=0x0/(null) mDataSignalIconId=0x0/(null) mDataTypeIconId=0x0/(null) mQSDataTypeIconId=0x0/(null) mNoSimIconId=0x0/(null) mWifiIconId=0x7f02054f/com.android.systemui:drawable/stat_sys_wifi_signal_4 mQSWifiIconId=0x7f020139/com.android.systemui:drawable/ic_qs_wifi_4 mWifiActivityIconId=0x7f02051c/com.android.systemui:drawable/stat_sys_signal_no_inout mBluetoothTetherIconId=0x7f02052c/com.android.systemui:drawable/stat_sys_tether_bluetooth
11-23 15:15:15.655  4030  4030 D STATUSBAR-WifiQuickSettingButton: onWifiSignalChanged enabled=true enabledDesc:"9902431946"
11-23 15:15:15.655  4030  4030 D StatusBar.NetworkController: refreshNwBoosterIndicator - setNWBoosterIndicators(false)
11-23 15:15:15.655  4030  4030 D StatusBar.NetworkController: applyVZW
11-23 15:15:15.655  4030  4030 D SignalClusterView: mMobileDataState:-1, mBtTetherState:false, mHasService:false
11-23 15:15:15.655  3520  3874 I InputDispatcher: Delivering touch to (26906): action: 0x1, toolType: 0
11-23 15:15:15.665  4030  4030 D StatusBar.NetworkController: applyVZW : mDataTypeDisabledIconId(null)
11-23 15:15:15.665  4030  4030 D StatusBar.NetworkController: refreshNwBoosterIndicator - setNWBoosterIndicators(false)
11-23 15:15:15.665  4030  4030 D StatusBar.NetworkController: applyVZW
11-23 15:15:15.665  4030  4030 D SignalClusterView: mMobileDataState:-1, mBtTetherState:false, mHasService:false
11-23 15:15:15.665  4030  4030 D StatusBar.NetworkController: applyVZW : mDataTypeDisabledIconId(null)
11-23 15:15:15.665  4030  4030 D StatusBar.NetworkController: refreshNwBoosterIndicator - setNWBoosterIndicators(false)
11-23 15:15:15.665  4030  4030 D StatusBar.NetworkController: applyVZW
11-23 15:15:15.665  4030  4030 D SignalClusterView: mMobileDataState:-1, mBtTetherState:false, mHasService:false
11-23 15:15:15.665  4030  4030 D StatusBar.NetworkController: applyVZW : mDataTypeDisabledIconId(null)
11-23 15:15:15.665  4030  4030 D StatusBar.NetworkController: refreshNwBoosterIndicator - setNWBoosterIndicators(false)
11-23 15:15:15.665  4030  4030 D StatusBar.NetworkController: applyVZW
11-23 15:15:15.665  4030  4030 D StatusBar.NetworkController: applyVZW : mDataTypeDisabledIconId(null)
11-23 15:15:15.715  3520  3874 I InputDispatcher: Delivering touch to (4030): action: 0x4, toolType: 0
11-23 15:15:15.715  3520  3874 I InputDispatcher: Delivering touch to (26906): action: 0x0, toolType: 0
11-23 15:15:15.715 26906 26906 D ViewRootImpl: ViewPostImeInputStage ACTION_DOWN
11-23 15:15:15.725  3520  3874 I InputDispatcher: Delivering touch to (26906): action: 0x1, toolType: 0
11-23 15:15:15.775  3520  3874 I InputDispatcher: Delivering touch to (4030): action: 0x4, toolType: 0
11-23 15:15:15.775  3520  3874 I InputDispatcher: Delivering touch to (26906): action: 0x0, toolType: 0
11-23 15:15:15.775 26906 26906 D ViewRootImpl: ViewPostImeInputStage ACTION_DOWN
11-23 15:15:15.775  3520  3874 I InputDispatcher: Delivering touch to (26906): action: 0x1, toolType: 0
11-23 15:15:15.825  3520  3874 I InputDispatcher: Delivering touch to (4030): action: 0x4, toolType: 0
11-23 15:15:15.825  3520  3874 I InputDispatcher: Delivering touch to (26906): action: 0x0, toolType: 0
11-23 15:15:15.825 26906 26906 D ViewRootImpl: ViewPostImeInputStage ACTION_DOWN
11-23 15:15:15.825  3520  3874 I InputDispatcher: Delivering touch to (26906): action: 0x1, toolType: 0
11-23 15:15:15.855  3520  4678 I EDMNativeHelperService: isScreenCaptureEnabled
11-23 15:15:15.875  3520  3874 I InputDispatcher: Delivering touch to (4030): action: 0x4, toolType: 0
11-23 15:15:15.875  3520  3874 I InputDispatcher: Delivering touch to (26906): action: 0x0, toolType: 0
11-23 15:15:15.875 26906 26906 D ViewRootImpl: ViewPostImeInputStage ACTION_DOWN
11-23 15:15:15.875  3520  3874 I InputDispatcher: Delivering touch to (26906): action: 0x1, toolType: 0
11-23 15:15:15.915 26906 26917 I art     : Explicit concurrent mark sweep GC freed 4579(751KB) AllocSpace objects, 3(188KB) LOS objects, 37% free, 27MB/43MB, paused 216us total 14.977ms
11-23 15:15:15.935  3520  3874 I InputDispatcher: Delivering touch to (4030): action: 0x4, toolType: 0
11-23 15:15:15.935  3520  3874 I InputDispatcher: Delivering touch to (26906): action: 0x0, toolType: 0
11-23 15:15:15.935 26906 26906 D ViewRootImpl: ViewPostImeInputStage ACTION_DOWN
11-23 15:15:15.935  3520  3874 I InputDispatcher: Delivering touch to (26906): action: 0x1, toolType: 0
11-23 15:15:15.955 26906 26917 I art     : Explicit concurrent mark sweep GC freed 200(8KB) AllocSpace objects, 0(0B) LOS objects, 37% free, 27MB/43MB, paused 138us total 11.904ms
11-23 15:15:15.985 26893 26893 I Timeline: Timeline: Activity_launch_request id:com.google.identitytoolkit.demo time:3461413
11-23 15:15:15.985  3520  3940 E PersonaManagerService: inState():  stateMachine is null !!
11-23 15:15:15.985  3520  3940 I PersonaManagerService: PersonaId don't exist
11-23 15:15:15.985  3520  3940 I ActivityManager: do not start freezing screen for locked container getKeyguardshowstate = false
11-23 15:15:15.985  3520  3940 D CustomFrequencyManagerService: releaseDVFSLockLocked : Getting Lock type frm List : DVFS_MIN_LIMIT  frequency : 1800000  uid : 1000  pid : 3520  tag : ACTIVITY_RESUME_BOOSTER@3
11-23 15:15:15.985  3520  3940 D CustomFrequencyManagerService: acquireDVFSLockLocked : type : DVFS_MIN_LIMIT  frequency : 1800000  uid : 1000  pid : 3520  pkgName : ACTIVITY_RESUME_BOOSTER@3
11-23 15:15:15.985  3520  3940 W ActivityManager: mDVFSHelper.acquire()
11-23 15:15:15.995 26906 26917 I art     : Explicit concurrent mark sweep GC freed 19(800B) AllocSpace objects, 0(0B) LOS objects, 37% free, 27MB/43MB, paused 134us total 10.682ms
11-23 15:15:16.025 26906 26917 I art     : Explicit concurrent mark sweep GC freed 3(96B) AllocSpace objects, 0(0B) LOS objects, 37% free, 27MB/43MB, paused 143us total 10.767ms
11-23 15:15:16.035  3520  3874 I InputDispatcher: Delivering touch to (4030): action: 0x4, toolType: 0
11-23 15:15:16.035  3520  3874 I InputDispatcher: Delivering touch to (26906): action: 0x0, toolType: 0
11-23 15:15:16.035 26906 26906 D ViewRootImpl: ViewPostImeInputStage ACTION_DOWN
11-23 15:15:16.035  3520  3874 D PowerManagerService: [api] userActivityFromNative : 10 (event: 2 flags: 0) eventTime = 3461467
11-23 15:15:16.045  3520  3874 I InputDispatcher: Delivering touch to (26906): action: 0x1, toolType: 0
11-23 15:15:16.065 26906 26917 I art     : Explicit concurrent mark sweep GC freed 9(240B) AllocSpace objects, 0(0B) LOS objects, 37% free, 27MB/43MB, paused 138us total 10.828ms
11-23 15:15:16.095  3520  3874 I InputDispatcher: Delivering touch to (4030): action: 0x4, toolType: 0
11-23 15:15:16.095  3520  3874 I InputDispatcher: Delivering touch to (26906): action: 0x0, toolType: 0
11-23 15:15:16.095 26906 26906 D ViewRootImpl: ViewPostImeInputStage ACTION_DOWN
11-23 15:15:16.095  3520  3874 I InputDispatcher: Delivering touch to (26906): action: 0x1, toolType: 0
11-23 15:15:16.155  3520  3874 I InputDispatcher: Delivering touch to (4030): action: 0x4, toolType: 0
11-23 15:15:16.155  3520  3874 I InputDispatcher: Delivering touch to (26906): action: 0x0, toolType: 0
11-23 15:15:16.155 26906 26906 D ViewRootImpl: ViewPostImeInputStage ACTION_DOWN
11-23 15:15:16.155  3520  3874 I InputDispatcher: Delivering touch to (26906): action: 0x1, toolType: 0
11-23 15:15:16.205  3520  3874 I InputDispatcher: Delivering touch to (4030): action: 0x4, toolType: 0
11-23 15:15:16.205  3520  3874 I InputDispatcher: Delivering touch to (26906): action: 0x0, toolType: 0
11-23 15:15:16.215 26906 26906 D ViewRootImpl: ViewPostImeInputStage ACTION_DOWN
11-23 15:15:16.215  3520  3874 I InputDispatcher: Delivering touch to (26906): action: 0x1, toolType: 0
11-23 15:15:16.265  3520  3874 I InputDispatcher: Delivering touch to (4030): action: 0x4, toolType: 0
11-23 15:15:16.265  3520  3874 I InputDispatcher: Delivering touch to (26906): action: 0x0, toolType: 0
11-23 15:15:16.265 26906 26906 D ViewRootImpl: ViewPostImeInputStage ACTION_DOWN
11-23 15:15:16.265  3520  3874 I InputDispatcher: Delivering touch to (26906): action: 0x1, toolType: 0
11-23 15:15:16.295  3520  4233 E Watchdog: !@Sync 115
11-23 15:15:16.315  3520  3874 I InputDispatcher: Delivering touch to (4030): action: 0x4, toolType: 0
11-23 15:15:16.315  3520  3874 I InputDispatcher: Delivering touch to (26906): action: 0x0, toolType: 0
11-23 15:15:16.315 26906 26906 D ViewRootImpl: ViewPostImeInputStage ACTION_DOWN
11-23 15:15:16.325  3520  3874 I InputDispatcher: Delivering touch to (26906): action: 0x1, toolType: 0
11-23 15:15:16.375  3520  3874 I InputDispatcher: Delivering touch to (4030): action: 0x4, toolType: 0
11-23 15:15:16.375  3520  3874 I InputDispatcher: Delivering touch to (26906): action: 0x0, toolType: 0
11-23 15:15:16.375 26906 26906 D ViewRootImpl: ViewPostImeInputStage ACTION_DOWN
11-23 15:15:16.375  3520  3874 I InputDispatcher: Delivering touch to (26906): action: 0x1, toolType: 0
11-23 15:15:16.425 26893 26893 I Timeline: Timeline: Activity_launch_request id:com.google.identitytoolkit.demo time:3461857
11-23 15:15:16.425  3520  4072 E PersonaManagerService: inState():  stateMachine is null !!
11-23 15:15:16.425  3520  4072 I PersonaManagerService: PersonaId don't exist
11-23 15:15:16.425  3520  4072 I ActivityManager: do not start freezing screen for locked container getKeyguardshowstate = false
11-23 15:15:16.435  3520  4072 D CustomFrequencyManagerService: releaseDVFSLockLocked : Getting Lock type frm List : DVFS_MIN_LIMIT  frequency : 1800000  uid : 1000  pid : 3520  tag : ACTIVITY_RESUME_BOOSTER@3
11-23 15:15:16.435  3520  4072 D CustomFrequencyManagerService: acquireDVFSLockLocked : type : DVFS_MIN_LIMIT  frequency : 1800000  uid : 1000  pid : 3520  pkgName : ACTIVITY_RESUME_BOOSTER@3
11-23 15:15:16.435  3520  4072 W ActivityManager: mDVFSHelper.acquire()
11-23 15:15:16.485  3520  3874 I InputDispatcher: Delivering touch to (4030): action: 0x4, toolType: 0
11-23 15:15:16.485  3520  3874 I InputDispatcher: Delivering touch to (26906): action: 0x0, toolType: 0
11-23 15:15:16.485 26906 26906 D ViewRootImpl: ViewPostImeInputStage ACTION_DOWN
11-23 15:15:16.485  3520  3874 I InputDispatcher: Delivering touch to (26906): action: 0x1, toolType: 0
11-23 15:15:16.535 26893 26893 I Timeline: Timeline: Activity_launch_request id:com.google.identitytoolkit.demo time:3461964
11-23 15:15:16.535  3520  4415 E PersonaManagerService: inState():  stateMachine is null !!
11-23 15:15:16.535  3520  4415 I PersonaManagerService: PersonaId don't exist
11-23 15:15:16.535  3520  4415 I ActivityManager: do not start freezing screen for locked container getKeyguardshowstate = false
11-23 15:15:16.535  3520  4415 D CustomFrequencyManagerService: releaseDVFSLockLocked : Getting Lock type frm List : DVFS_MIN_LIMIT  frequency : 1800000  uid : 1000  pid : 3520  tag : ACTIVITY_RESUME_BOOSTER@3
11-23 15:15:16.535  3520  4415 D CustomFrequencyManagerService: acquireDVFSLockLocked : type : DVFS_MIN_LIMIT  frequency : 1800000  uid : 1000  pid : 3520  pkgName : ACTIVITY_RESUME_BOOSTER@3
11-23 15:15:16.535  3520  4415 W ActivityManager: mDVFSHelper.acquire()
11-23 15:15:16.565  3520  3735 D PackageManager: [MSG] MCS_UNBIND
11-23 15:15:16.565  3520  4070 I ActivityManager: Killing 26489:com.verizon.llkagent/u0a9 (adj 15): empty #31
11-23 15:15:16.585  3520  3874 I InputDispatcher: Delivering touch to (4030): action: 0x4, toolType: 0
11-23 15:15:16.585  3520  3874 I InputDispatcher: Delivering touch to (26906): action: 0x0, toolType: 0
11-23 15:15:16.585 26906 26906 D ViewRootImpl: ViewPostImeInputStage ACTION_DOWN
11-23 15:15:16.595  3520  3874 I InputDispatcher: Delivering touch to (26906): action: 0x1, toolType: 0
11-23 15:15:16.615 26906 26906 D PhoneWindow: *FMB* installDecor mIsFloating : true
11-23 15:15:16.615 26906 26906 D PhoneWindow: *FMB* installDecor flags : 8388610
11-23 15:15:16.645  3520  3874 I InputDispatcher: Delivering touch to (4030): action: 0x4, toolType: 0
11-23 15:15:16.645  3520  3874 I InputDispatcher: Delivering touch to (26906): action: 0x0, toolType: 0
11-23 15:15:16.645  3520  3874 I InputDispatcher: Delivering touch to (26906): action: 0x1, toolType: 0
11-23 15:15:16.645  3520  4440 D MultiWindowConverter: dismissGuide() : Before attaching the guide view, mForceDismissGuide : false
11-23 15:15:16.645  3520  3724 D PointerIcon: setMouseIconStyle1 pointerType: 1001iconType:101 flag:0
11-23 15:15:16.645  3520  3724 D PointerIcon: setMouseCustomIcon IconType is same.101
11-23 15:15:16.645 26906 26906 D ViewRootImpl: ViewPostImeInputStage ACTION_DOWN
11-23 15:15:16.645 26906 26906 D PhoneWindow: *FMB* isFloatingMenuEnabled mFloatingMenuBtn : null
11-23 15:15:16.645 26906 26906 D PhoneWindow: *FMB* isFloatingMenuEnabled return false
11-23 15:15:16.655  2983  2983 I SurfaceFlinger: id=22 createSurf (1x1),1 flag=4, HitkitDemo
11-23 15:15:16.665 26906 27087 D mali_winsys: new_window_surface returns 0x3000,  [1344x1385]-format:1
11-23 15:15:16.675  3520  3593 W libprocessgroup: failed to open /acct/uid_10009/pid_26489/cgroup.procs: No such file or directory
11-23 15:15:16.685  3520  4086 D InputMethodManagerService: windowGainedFocus mCurrentFocusedUserId - 0 and mSecureKeypadEnabled-false
11-23 15:15:16.685  3520 27117 W ContextImpl: Calling a method in the system process without a qualified user: android.app.ContextImpl.sendBroadcast:1700 com.android.server.InputMethodManagerService$6.run:2754 java.lang.Thread.run:818 <bottom of call stack> <bottom of call stack> 
11-23 15:15:16.695  3520  3874 I InputDispatcher: Delivering touch to (4030): action: 0x4, toolType: 0
11-23 15:15:16.695  3520  3874 I InputDispatcher: Delivering touch to (26906): action: 0x0, toolType: 0
11-23 15:15:16.695  3520  3874 I InputDispatcher: Delivering touch to (26906): action: 0x1, toolType: 0
11-23 15:15:16.725 26906 26906 D ViewRootImpl: ViewPostImeInputStage ACTION_DOWN
11-23 15:15:16.755  3520  3874 I InputDispatcher: Delivering touch to (4030): action: 0x4, toolType: 0
11-23 15:15:16.755  3520  3874 I InputDispatcher: Delivering touch to (26906): action: 0x0, toolType: 0
11-23 15:15:16.755 26906 26906 D ViewRootImpl: ViewPostImeInputStage ACTION_DOWN
11-23 15:15:16.755  3520  3874 I InputDispatcher: Delivering touch to (26906): action: 0x1, toolType: 0
11-23 15:15:16.805  3520  3874 I InputDispatcher: Delivering touch to (4030): action: 0x0, toolType: 0
11-23 15:15:16.805  4030  4030 D ViewRootImpl: ViewPostImeInputStage ACTION_DOWN
11-23 15:15:16.805  3520  3874 I InputDispatcher: Delivering touch to (4030): action: 0x1, toolType: 0
11-23 15:15:16.825  4030  4030 D PhoneStatusBar: makeExpandedVisible:false
11-23 15:15:16.825  4030  4030 D StatusBar-Window: fnf=false sanc=false, kni=false, sbf=true
11-23 15:15:16.825  4030  4030 D CoverUI : applyFocusableFlag() : Remove SAMSUNG_FLAG_SVIEW_COVER
11-23 15:15:16.835  3520  4706 V Vibrator: Called cancel() API - PUID: 1000, PackageName: android
11-23 15:15:16.835  3520  4706 D VibratorService: Turning vibrator off - ImmVibe.
11-23 15:15:16.835  3520  4706 D LightsService: [api] [SvcLED] turnOff:: id = 4 (uid: 1000 pid: 3520) 
11-23 15:15:16.835  3520  4706 D LightsService: [SvcLED] setSvcLedStateLocked:: SvcLEDState : 0x0 -> 0x0 | SvcLED(id=4) set Off
11-23 15:15:16.835  3520  3817 D LightsService: [SvcLED] Lux failed to be updated in 700ms. -> handleForcedSvcLEDTasK
11-23 15:15:16.835  3520  3817 D LightsService: [SvcLED]  setSvcLedLightLocked :: Current SvcLED(id=3) maintains its priority right
11-23 15:15:16.835  4030  4030 D PhoneStatusBar: disable: < expand icons alerts system_info back home recent clock search >
11-23 15:15:16.835  4030  4030 D StatusBar-DoNotDistrub: isDisableAlert isDormantModeOn:false isNotificationDisabled:false
11-23 15:15:16.845  3520  6476 D SSRM:a  : DeviceInfo:: 000000000000
11-23 15:15:16.845  3520  6476 D SSRM:a  : SettingsAirViewInfo:: 000000000
11-23 15:15:16.845  4030  4030 D PhoneStatusBar: makeExpandedInvisible: mExpandedVisible=true mExpandedVisible=true
11-23 15:15:16.855  4030  4030 V NotificationStackScrollLayout: start: -268.0stackHeight: 268.0
11-23 15:15:16.855  4030  4030 V NotificationStackScrollLayout: start: -268.0stackHeight: 268.0
11-23 15:15:16.855  4030  4030 V NotificationStackScrollLayout: start: -268.0stackHeight: 268.0
11-23 15:15:16.855  4030  4030 D StatusBar-QSPanel: setSingleLine:true
11-23 15:15:16.855  3520  3874 I InputDispatcher: Delivering touch to (4030): action: 0x4, toolType: 0
11-23 15:15:16.855  3520  3874 I InputDispatcher: Delivering touch to (26906): action: 0x0, toolType: 0
11-23 15:15:16.855 26906 26906 D ViewRootImpl: ViewPostImeInputStage ACTION_DOWN
11-23 15:15:16.855  4030  4030 D StatusBar-QSPanel: adjustCellWidth mButtonWidth : 272, displayWidth : 1440
11-23 15:15:16.855  4030  4030 D StatusBar-QSPanel: updateButtonInfo mButtonWidth : 272 mColumns:5 orien: 1 mButtonCorrectionWidth:32
11-23 15:15:16.855  3520  3874 I InputDispatcher: Delivering touch to (26906): action: 0x1, toolType: 0
11-23 15:15:16.855  4030  4030 D STATUSBAR-PhoneStatusBar:  mBrightnessEnablebySettings = true mBrightnessEnablebyBattery = true mBrightnessEnablebyDisableFlag = true mPmsBrightnessEnablebySettings = true
11-23 15:15:16.855  4030  4030 D StatusBar-QSPanel: setSingleLine height:384
11-23 15:15:16.855  4030  4030 D STATUSBAR-PhoneStatusBar: showHideQConnectLayout userID : 0 emMode:false, mQconnectEnable:true
11-23 15:15:16.855  4030  4030 D PhoneStatusBar: updateQSpanelHeight: 384 height:608
11-23 15:15:16.855  4030  4030 V NotificationStackScrollLayout: start: -268.0stackHeight: 268.0
11-23 15:15:16.855  4030  4030 D PanelView: flingSettings mQsMin:788 mQsMax:788 mQsEx:788.0mQsPeek:608
11-23 15:15:16.855  4030  4030 D PanelView: There is/are notification(s) 
