11-23 15:15:21.235  4970  5096 V Vibrator: Called vibrateImmVibe(byte[], MagnitudeType) API - PUID: 1000, PackageName: com.sec.android.inputmethod
11-23 15:15:21.235  4970  5096 V Vibrator: vibrateImmVibe - PUID: 1000, PackageName: com.sec.android.inputmethod, pattern, mag: 8000
11-23 15:15:21.235  3520  3532 D VibratorService: Turning vibrator off - ImmVibe.
11-23 15:15:21.245  3520  3532 V VibratorService: vibrateImmVibePattern - package: com.sec.android.inputmethod, magnitude: 8000
11-23 15:15:21.255  4970  4970 E SamsungIME: <AbstractKeyboardView> - onDraw() called
11-23 15:15:21.265  4970  4970 D SamsungIME: SwiftkeyWrapper-checkCurrentSequence : use IC
11-23 15:15:21.265  4970  4970 D SamsungIME: Skip dismiss ExpandCandidate. it will be post-invalidated later
11-23 15:15:21.285  3520  3874 I InputDispatcher: Delivering touch to (4030): action: 0x4, toolType: 0
11-23 15:15:21.285  3520  3874 I InputDispatcher: Delivering touch to (4970): action: 0x0, toolType: 0
11-23 15:15:21.295  4970  4970 D ViewRootImpl: ViewPostImeInputStage ACTION_DOWN
11-23 15:15:21.295  3520  3874 I InputDispatcher: Delivering touch to (4970): action: 0x1, toolType: 0
11-23 15:15:21.295  4970  5096 V Vibrator: Called vibrateImmVibe(byte[], MagnitudeType) API - PUID: 1000, PackageName: com.sec.android.inputmethod
11-23 15:15:21.295  4970  5096 V Vibrator: vibrateImmVibe - PUID: 1000, PackageName: com.sec.android.inputmethod, pattern, mag: 8000
11-23 15:15:21.295  3520  3940 D VibratorService: Turning vibrator off - ImmVibe.
11-23 15:15:21.295  3520  3940 V VibratorService: vibrateImmVibePattern - package: com.sec.android.inputmethod, magnitude: 8000
11-23 15:15:21.305  4970  4970 E SamsungIME: <AbstractKeyboardView> - onDraw() called
11-23 15:15:21.305  4970  4970 D SamsungIME: SwiftkeyWrapper-checkCurrentSequence : use IC
11-23 15:15:21.335  4970  4970 D SamsungIME: Skip dismiss ExpandCandidate. it will be post-invalidated later
11-23 15:15:21.345  3520  3874 I InputDispatcher: Delivering touch to (4030): action: 0x4, toolType: 0
11-23 15:15:21.345  3520  3874 I InputDispatcher: Delivering touch to (4970): action: 0x0, toolType: 0
11-23 15:15:21.345  4970  4970 D ViewRootImpl: ViewPostImeInputStage ACTION_DOWN
11-23 15:15:21.345  3520  3874 I InputDispatcher: Delivering touch to (4970): action: 0x1, toolType: 0
11-23 15:15:21.345  4970  5096 V Vibrator: Called vibrateImmVibe(byte[], MagnitudeType) API - PUID: 1000, PackageName: com.sec.android.inputmethod
11-23 15:15:21.345  4970  5096 V Vibrator: vibrateImmVibe - PUID: 1000, PackageName: com.sec.android.inputmethod, pattern, mag: 8000
11-23 15:15:21.345  3520  4706 D VibratorService: Turning vibrator off - ImmVibe.
11-23 15:15:21.345  4970  4970 E SamsungIME: SwiftkeyWrapper-inputKey
11-23 15:15:21.345  3520  4706 V VibratorService: vibrateImmVibePattern - package: com.sec.android.inputmethod, magnitude: 8000
11-23 15:15:21.355  4970  4970 E SamsungIME: <AbstractKeyboardView> - onDraw() called
11-23 15:15:21.395  3520  3874 I InputDispatcher: Delivering touch to (4030): action: 0x4, toolType: 0
11-23 15:15:21.395  3520  3874 I InputDispatcher: Delivering touch to (4970): action: 0x0, toolType: 0
11-23 15:15:21.395  4970  4970 D ViewRootImpl: ViewPostImeInputStage ACTION_DOWN
11-23 15:15:21.395  3520  3874 I InputDispatcher: Delivering touch to (4970): action: 0x1, toolType: 0
11-23 15:15:21.425  4970  4970 D SamsungIME: Skip dismiss ExpandCandidate. it will be post-invalidated later
11-23 15:15:21.445  3520  3874 I InputDispatcher: Delivering touch to (4030): action: 0x4, toolType: 0
11-23 15:15:21.445  3520  3874 I InputDispatcher: Delivering touch to (26906): action: 0x0, toolType: 0
11-23 15:15:21.445  3520  3874 D PowerManagerService: [api] userActivityFromNative : 20 (event: 2 flags: 0) eventTime = 3466876
11-23 15:15:21.445 26906 26906 D ViewRootImpl: ViewPostImeInputStage ACTION_DOWN
11-23 15:15:21.445  3520  3874 I InputDispatcher: Delivering touch to (26906): action: 0x1, toolType: 0
11-23 15:15:21.495  3520  3874 I InputDispatcher: Delivering touch to (4030): action: 0x4, toolType: 0
11-23 15:15:21.495  3520  3874 I InputDispatcher: Delivering touch to (4970): action: 0x0, toolType: 0
11-23 15:15:21.495  4970  4970 D ViewRootImpl: ViewPostImeInputStage ACTION_DOWN
11-23 15:15:21.505  4970  5096 V Vibrator: Called vibrateImmVibe(byte[], MagnitudeType) API - PUID: 1000, PackageName: com.sec.android.inputmethod
11-23 15:15:21.505  4970  5096 V Vibrator: vibrateImmVibe - PUID: 1000, PackageName: com.sec.android.inputmethod, pattern, mag: 8000
11-23 15:15:21.505  3520  4439 D VibratorService: Turning vibrator off - ImmVibe.
11-23 15:15:21.505  4970  4970 E SamsungIME: <AbstractKeyboardView> - onDraw() called
11-23 15:15:21.505  3520  3874 I InputDispatcher: Delivering touch to (4970): action: 0x1, toolType: 0
11-23 15:15:21.505  3520  4439 V VibratorService: vibrateImmVibePattern - package: com.sec.android.inputmethod, magnitude: 8000
11-23 15:15:21.525  4970  4970 E SamsungIME: <AbstractKeyboardView> - onDraw() called
11-23 15:15:21.525  4970  4970 D SamsungIME: SwiftkeyWrapper-checkCurrentSequence : use IC
11-23 15:15:21.535  4970  4970 D SamsungIME: Skip dismiss ExpandCandidate. it will be post-invalidated later
11-23 15:15:21.555  3520  3874 I InputDispatcher: Delivering touch to (4030): action: 0x0, toolType: 0
11-23 15:15:21.555  4030  4030 D ViewRootImpl: ViewPostImeInputStage ACTION_DOWN
11-23 15:15:21.565  4030  4030 D PhoneStatusBar: makeExpandedVisible:false
11-23 15:15:21.575  4030  4030 D StatusBar-Window: fnf=false sanc=false, kni=false, sbf=true
11-23 15:15:21.575  4030  4030 D CoverUI : applyFocusableFlag() : Remove SAMSUNG_FLAG_SVIEW_COVER
11-23 15:15:21.575  3520  3874 I InputDispatcher: Delivering touch to (4030): action: 0x1, toolType: 0
11-23 15:15:21.575  3520  3533 V Vibrator: Called cancel() API - PUID: 1000, PackageName: android
11-23 15:15:21.575  3520  3533 D VibratorService: Turning vibrator off - ImmVibe.
11-23 15:15:21.585  3520  3533 D LightsService: [api] [SvcLED] turnOff:: id = 4 (uid: 1000 pid: 3520) 
11-23 15:15:21.585  3520  3533 D LightsService: [SvcLED] setSvcLedStateLocked:: SvcLEDState : 0x0 -> 0x0 | SvcLED(id=4) set Off
11-23 15:15:21.585  3520  3817 D LightsService: [SvcLED] Lux failed to be updated in 700ms. -> handleForcedSvcLEDTasK
11-23 15:15:21.585  3520  3817 D LightsService: [SvcLED]  setSvcLedLightLocked :: Current SvcLED(id=3) maintains its priority right
11-23 15:15:21.585  4030  4030 D PhoneStatusBar: disable: < expand icons alerts system_info back home recent clock search >
11-23 15:15:21.585  4030  4030 D StatusBar-DoNotDistrub: isDisableAlert isDormantModeOn:false isNotificationDisabled:false
11-23 15:15:21.585  4030  4030 D STATUSBAR-PhoneStatusBar:  mBrightnessEnablebySettings = true mBrightnessEnablebyBattery = true mBrightnessEnablebyDisableFlag = true mPmsBrightnessEnablebySettings = true
11-23 15:15:21.585  4030  4030 D STATUSBAR-PhoneStatusBar: showHideQConnectLayout userID : 0 emMode:false, mQconnectEnable:true
11-23 15:15:21.585  4030  4030 D PhoneStatusBar: updateQSpanelHeight: 384 height:608
11-23 15:15:21.585  4030  4030 V NotificationStackScrollLayout: start: -268.0stackHeight: 268.0
11-23 15:15:21.585  4030  4030 D PanelView: flingSettings mQsMin:788 mQsMax:788 mQsEx:788.0mQsPeek:608
11-23 15:15:21.585  4030  4030 V NotificationStackScrollLayout: start: -268.0stackHeight: 268.0
11-23 15:15:21.595  3520  6476 D SSRM:a  : DeviceInfo:: 000000000000
11-23 15:15:21.595  3520  6476 D SSRM:a  : SettingsAirViewInfo:: 000000000
11-23 15:15:21.595  4030  4030 D STATUSBAR-PhoneStatusBar:  mBrightnessEnablebySettings = true mBrightnessEnablebyBattery = true mBrightnessEnablebyDisableFlag = true mPmsBrightnessEnablebySettings = true
11-23 15:15:21.595  4030  4030 D STATUSBAR-PhoneStatusBar: showHideQConnectLayout userID : 0 emMode:false, mQconnectEnable:true
11-23 15:15:21.595  4030  4030 D PhoneStatusBar: updateQSpanelHeight: 384 height:608
11-23 15:15:21.595  4030  4030 V NotificationStackScrollLayout: start: -268.0stackHeight: 268.0
11-23 15:15:21.595  4030  4030 D PanelView: flingSettings mQsMin:788 mQsMax:788 mQsEx:788.0mQsPeek:608
11-23 15:15:21.595  4030  4030 D PhoneStatusBar: makeExpandedInvisible: mExpandedVisible=true mExpandedVisible=true
11-23 15:15:21.595  4030  4030 V NotificationStackScrollLayout: start: -268.0stackHeight: 268.0
11-23 15:15:21.595  4030  4030 V NotificationStackScrollLayout: start: -268.0stackHeight: 268.0
11-23 15:15:21.595  4030  4030 V NotificationStackScrollLayout: start: -268.0stackHeight: 268.0
11-23 15:15:21.595  4030  4030 D StatusBar-QSPanel: setSingleLine:true
11-23 15:15:21.595  4030  4030 D StatusBar-QSPanel: adjustCellWidth mButtonWidth : 272, displayWidth : 1440
11-23 15:15:21.595  4030  4030 D StatusBar-QSPanel: updateButtonInfo mButtonWidth : 272 mColumns:5 orien: 1 mButtonCorrectionWidth:32
11-23 15:15:21.595  4030  4030 D StatusBar-QSPanel: setSingleLine height:384
11-23 15:15:21.595  4030  4030 D STATUSBAR-PhoneStatusBar:  mBrightnessEnablebySettings = true mBrightnessEnablebyBattery = true mBrightnessEnablebyDisableFlag = true mPmsBrightnessEnablebySettings = true
11-23 15:15:21.595  4030  4030 D STATUSBAR-PhoneStatusBar: showHideQConnectLayout userID : 0 emMode:false, mQconnectEnable:true
11-23 15:15:21.595  4030  4030 D PhoneStatusBar: updateQSpanelHeight: 384 height:608
11-23 15:15:21.595  4030  4030 V NotificationStackScrollLayout: start: -268.0stackHeight: 268.0
11-23 15:15:21.595  4030  4030 D PanelView: flingSettings mQsMin:788 mQsMax:788 mQsEx:788.0mQsPeek:608
11-23 15:15:21.595  4030  4030 D PanelView: There is/are notification(s) 
11-23 15:15:21.595  4030  4030 D PanelView: kidsfalse mQsExpansionEnabled:true
11-23 15:15:21.595  4030  4030 V NotificationStackScrollLayout: start: -268.0stackHeight: 268.0
11-23 15:15:21.605  4030  4030 D StatusBar-Window: fnf=true sanc=false, kni=false, sbf=false
11-23 15:15:21.605  4030  4030 D CoverUI : applyFocusableFlag() : Remove SAMSUNG_FLAG_SVIEW_COVER
11-23 15:15:21.605  4030  4030 D PhoneStatusBar: disable: < expand icons alerts system_info back home recent clock search >
11-23 15:15:21.605  4030  4030 D StatusBar-DoNotDistrub: isDisableAlert isDormantModeOn:false isNotificationDisabled:false
11-23 15:15:21.625  3520  3874 I InputDispatcher: Delivering touch to (4030): action: 0x4, toolType: 0
11-23 15:15:21.625  3520  3874 I InputDispatcher: Delivering touch to (26906): action: 0x0, toolType: 0
11-23 15:15:21.625 26906 26906 D ViewRootImpl: ViewPostImeInputStage ACTION_DOWN
11-23 15:15:21.625  3520  3874 I InputDispatcher: Delivering touch to (26906): action: 0x1, toolType: 0
11-23 15:15:21.655  4030  4030 D PanelView: mClearAll.setVisibility - mIsFullyOpened : false isShade : true mHasNotification : true mIsUpwardFling : false mQsFullyExpanded : true isShadeLocked : false mClearAllVisible : true
11-23 15:15:21.665  4030  4030 D PanelView: mClearAll.setVisibility - mIsFullyOpened : false isShade : true mHasNotification : true mIsUpwardFling : false mQsFullyExpanded : true isShadeLocked : false mClearAllVisible : true
11-23 15:15:21.685  3520  3874 I InputDispatcher: Delivering touch to (4030): action: 0x4, toolType: 0
11-23 15:15:21.685  3520  3874 I InputDispatcher: Delivering touch to (26906): action: 0x0, toolType: 0
11-23 15:15:21.685 26906 26906 D ViewRootImpl: ViewPostImeInputStage ACTION_DOWN
11-23 15:15:21.685  3520  3874 I InputDispatcher: Delivering touch to (26906): action: 0x1, toolType: 0
11-23 15:15:21.715  4970  4970 D SamsungIME: Skip dismiss ExpandCandidate. it will be post-invalidated later
11-23 15:15:21.735  3520  3874 I InputDispatcher: Delivering touch to (4030): action: 0x4, toolType: 0
11-23 15:15:21.735  3520  3874 I InputDispatcher: Delivering touch to (4970): action: 0x0, toolType: 0
11-23 15:15:21.735  4970  4970 D ViewRootImpl: ViewPostImeInputStage ACTION_DOWN
11-23 15:15:21.735  4970  5096 V Vibrator: Called vibrateImmVibe(byte[], MagnitudeType) API - PUID: 1000, PackageName: com.sec.android.inputmethod
11-23 15:15:21.735  3520  3874 I InputDispatcher: Delivering touch to (4970): action: 0x1, toolType: 0
11-23 15:15:21.735  4970  5096 V Vibrator: vibrateImmVibe - PUID: 1000, PackageName: com.sec.android.inputmethod, pattern, mag: 8000
11-23 15:15:21.735  3520  3532 D VibratorService: Turning vibrator off - ImmVibe.
11-23 15:15:21.745  3520  3532 V VibratorService: vibrateImmVibePattern - package: com.sec.android.inputmethod, magnitude: 8000
11-23 15:15:21.745  4970  4970 E SamsungIME: <AbstractKeyboardView> - onDraw() called
11-23 15:15:21.755  4970  5096 V Vibrator: Called vibrateImmVibe(byte[], MagnitudeType) API - PUID: 1000, PackageName: com.sec.android.inputmethod
11-23 15:15:21.755  4970  5096 V Vibrator: vibrateImmVibe - PUID: 1000, PackageName: com.sec.android.inputmethod, pattern, mag: 8000
11-23 15:15:21.755  3520  4706 D VibratorService: Turning vibrator off - ImmVibe.
11-23 15:15:21.755  3520  4706 V VibratorService: vibrateImmVibePattern - package: com.sec.android.inputmethod, magnitude: 8000
11-23 15:15:21.755  4970  4970 D SamsungIME: SwiftkeyWrapper-checkCurrentSequence : use IC
11-23 15:15:21.785  3520  3874 I InputDispatcher: Delivering touch to (4030): action: 0x4, toolType: 0
11-23 15:15:21.785  3520  3874 I InputDispatcher: Delivering touch to (4970): action: 0x0, toolType: 0
11-23 15:15:21.785  4970  4970 D ViewRootImpl: ViewPostImeInputStage ACTION_DOWN
11-23 15:15:21.785  3520  3874 I InputDispatcher: Delivering touch to (4970): action: 0x1, toolType: 0
11-23 15:15:21.795  4970  5096 V Vibrator: Called vibrateImmVibe(byte[], MagnitudeType) API - PUID: 1000, PackageName: com.sec.android.inputmethod
11-23 15:15:21.795  4970  5096 V Vibrator: vibrateImmVibe - PUID: 1000, PackageName: com.sec.android.inputmethod, pattern, mag: 8000
11-23 15:15:21.795  3520  4677 D VibratorService: Turning vibrator off - ImmVibe.
11-23 15:15:21.795  3520  4677 V VibratorService: vibrateImmVibePattern - package: com.sec.android.inputmethod, magnitude: 8000
11-23 15:15:21.805  4970  4970 E SamsungIME: <AbstractKeyboardView> - onDraw() called
11-23 15:15:21.815  4970  4970 D SamsungIME: SwiftkeyWrapper-checkCurrentSequence : use IC
11-23 15:15:21.815  4970  4970 D SamsungIME: Skip dismiss ExpandCandidate. it will be post-invalidated later
11-23 15:15:21.845  3520  3874 I InputDispatcher: Delivering touch to (4030): action: 0x4, toolType: 0
11-23 15:15:21.845  3520  3874 I InputDispatcher: Delivering touch to (4970): action: 0x0, toolType: 0
11-23 15:15:21.845  4970  4970 D ViewRootImpl: ViewPostImeInputStage ACTION_DOWN
11-23 15:15:21.845  4970  5096 V Vibrator: Called vibrateImmVibe(byte[], MagnitudeType) API - PUID: 1000, PackageName: com.sec.android.inputmethod
11-23 15:15:21.845  4970  5096 V Vibrator: vibrateImmVibe - PUID: 1000, PackageName: com.sec.android.inputmethod, pattern, mag: 8000
11-23 15:15:21.845  3520  4439 D VibratorService: Turning vibrator off - ImmVibe.
11-23 15:15:21.845  3520  3874 I InputDispatcher: Delivering touch to (4970): action: 0x1, toolType: 0
11-23 15:15:21.845  3520  4439 V VibratorService: vibrateImmVibePattern - package: com.sec.android.inputmethod, magnitude: 8000
11-23 15:15:21.855  4970  4970 E SamsungIME: <AbstractKeyboardView> - onDraw() called
11-23 15:15:21.865  4970  4970 D SamsungIME: SwiftkeyWrapper-checkCurrentSequence : use IC
11-23 15:15:21.885  4970  4970 D SamsungIME: Skip dismiss ExpandCandidate. it will be post-invalidated later
11-23 15:15:21.895 26893 26893 I Timeline: Timeline: Activity_launch_request id:com.google.identitytoolkit.demo time:3467325
11-23 15:15:21.895  3520  3940 E PersonaManagerService: inState():  stateMachine is null !!
11-23 15:15:21.895  3520  3940 I PersonaManagerService: PersonaId don't exist
11-23 15:15:21.895  3520  3940 I ActivityManager: do not start freezing screen for locked container getKeyguardshowstate = false
11-23 15:15:21.895  3520  3940 D CustomFrequencyManagerService: releaseDVFSLockLocked : Getting Lock type frm List : DVFS_MIN_LIMIT  frequency : 1800000  uid : 1000  pid : 3520  tag : ACTIVITY_RESUME_BOOSTER@3
11-23 15:15:21.895  3520  3940 D CustomFrequencyManagerService: acquireDVFSLockLocked : type : DVFS_MIN_LIMIT  frequency : 1800000  uid : 1000  pid : 3520  pkgName : ACTIVITY_RESUME_BOOSTER@3
11-23 15:15:21.895  3520  3940 W ActivityManager: mDVFSHelper.acquire()
11-23 15:15:21.945  4970  4970 D SamsungIME: Skip dismiss ExpandCandidate. it will be post-invalidated later
11-23 15:15:21.955  3520  3874 I InputDispatcher: Delivering touch to (4030): action: 0x4, toolType: 0
11-23 15:15:21.955  3520  3874 I InputDispatcher: Delivering touch to (4970): action: 0x0, toolType: 0
11-23 15:15:21.955  4970  4970 D ViewRootImpl: ViewPostImeInputStage ACTION_DOWN
11-23 15:15:21.955  3520  3874 I InputDispatcher: Delivering touch to (4970): action: 0x1, toolType: 0
11-23 15:15:21.955  4970  5096 V Vibrator: Called vibrateImmVibe(byte[], MagnitudeType) API - PUID: 1000, PackageName: com.sec.android.inputmethod
11-23 15:15:21.955  4970  5096 V Vibrator: vibrateImmVibe - PUID: 1000, PackageName: com.sec.android.inputmethod, pattern, mag: 8000
11-23 15:15:21.955  3520  4604 D VibratorService: Turning vibrator off - ImmVibe.
11-23 15:15:21.955  3520  4604 V VibratorService: vibrateImmVibePattern - package: com.sec.android.inputmethod, magnitude: 8000
11-23 15:15:21.955  4970  4970 E SamsungIME: <AbstractKeyboardView> - onDraw() called
11-23 15:15:21.965  4970  4970 D SamsungIME: SwiftkeyWrapper-checkCurrentSequence : use IC
11-23 15:15:21.975  4970  4970 D SamsungIME: Skip dismiss ExpandCandidate. it will be post-invalidated later
11-23 15:15:22.005  3520  3874 I InputDispatcher: Delivering touch to (4030): action: 0x4, toolType: 0
11-23 15:15:22.005  3520  3874 I InputDispatcher: Delivering touch to (4970): action: 0x0, toolType: 0
11-23 15:15:22.005  4970  4970 D ViewRootImpl: ViewPostImeInputStage ACTION_DOWN
11-23 15:15:22.005  3520  3874 I InputDispatcher: Delivering touch to (4970): action: 0x1, toolType: 0
11-23 15:15:22.005  4970  5096 V Vibrator: Called vibrateImmVibe(byte[], MagnitudeType) API - PUID: 1000, PackageName: com.sec.android.inputmethod
11-23 15:15:22.005  4970  5096 V Vibrator: vibrateImmVibe - PUID: 1000, PackageName: com.sec.android.inputmethod, pattern, mag: 8000
11-23 15:15:22.005  3520  3533 D VibratorService: Turning vibrator off - ImmVibe.
11-23 15:15:22.005  4970  4970 E SamsungIME: <AbstractKeyboardView> - onDraw() called
11-23 15:15:22.015  3520  3533 V VibratorService: vibrateImmVibePattern - package: com.sec.android.inputmethod, magnitude: 8000
11-23 15:15:22.015  4970  4970 D SamsungIME: SwiftkeyWrapper-checkCurrentSequence : use IC
11-23 15:15:22.025  4970  4970 D SamsungIME: Skip dismiss ExpandCandidate. it will be post-invalidated later
11-23 15:15:22.055  3520  3874 I InputDispatcher: Delivering touch to (4030): action: 0x4, toolType: 0
11-23 15:15:22.055  3520  3874 I InputDispatcher: Delivering touch to (26906): action: 0x0, toolType: 0
11-23 15:15:22.055 26906 26906 D ViewRootImpl: ViewPostImeInputStage ACTION_DOWN
11-23 15:15:22.055  3520  3874 I InputDispatcher: Delivering touch to (26906): action: 0x1, toolType: 0
11-23 15:15:22.065  3520  4086 E PersonaManagerService: inState():  stateMachine is null !!
11-23 15:15:22.065  3520  4086 I PersonaManagerService: Failed to execute isKioskModeEnabled. java.lang.SecurityException: You need MANAGE_USERS permission to: query user
11-23 15:15:22.065  3520  4086 I ActivityManager: do not start freezing screen for locked container getKeyguardshowstate = false
11-23 15:15:22.065  3520  4086 V ApplicationPolicy: isApplicationStateBlocked userId 0 pkgname com.google.android.gms
11-23 15:15:22.065  3520  4086 W ActivityManager: userId = 0, bbcId = -10000
11-23 15:15:22.065  3520  4086 W ActivityManager: NORMAL SET : dst_category = 701, src_allowCategory = 0,701-1023
11-23 15:15:22.065  3520  4086 W ActivityManager: NORMAL SET : srcAppInfo.processName = com.google.identitytoolkit.demo, destAppInfo.processName = com.google.android.gms
11-23 15:15:22.115  3520  3874 I InputDispatcher: Delivering touch to (4030): action: 0x4, toolType: 0
11-23 15:15:22.115  3520  3874 I InputDispatcher: Delivering touch to (4970): action: 0x0, toolType: 0
11-23 15:15:22.115  4970  4970 D ViewRootImpl: ViewPostImeInputStage ACTION_DOWN
11-23 15:15:22.115  3520  3874 I InputDispatcher: Delivering touch to (4970): action: 0x1, toolType: 0
11-23 15:15:22.115  4970  5096 V Vibrator: Called vibrateImmVibe(byte[], MagnitudeType) API - PUID: 1000, PackageName: com.sec.android.inputmethod
11-23 15:15:22.115  4970  5096 V Vibrator: vibrateImmVibe - PUID: 1000, PackageName: com.sec.android.inputmethod, pattern, mag: 8000
11-23 15:15:22.115  3520  4440 D VibratorService: Turning vibrator off - ImmVibe.
11-23 15:15:22.115  3520  4440 V VibratorService: vibrateImmVibePattern - package: com.sec.android.inputmethod, magnitude: 8000
11-23 15:15:22.125  4970  4970 E SamsungIME: <AbstractKeyboardView> - onDraw() called
11-23 15:15:22.135  4970  4970 D SamsungIME: SwiftkeyWrapper-checkCurrentSequence : use IC
11-23 15:15:22.135  4970  4970 D SamsungIME: Skip dismiss ExpandCandidate. it will be post-invalidated later
11-23 15:15:22.165  3520  3874 I InputDispatcher: Delivering touch to (4030): action: 0x4, toolType: 0
11-23 15:15:22.165  3520  3874 I InputDispatcher: Delivering touch to (26906): action: 0x0, toolType: 0
11-23 15:15:22.165 26906 26906 D ViewRootImpl: ViewPostImeInputStage ACTION_DOWN
11-23 15:15:22.165  3520  3874 I InputDispatcher: Delivering touch to (26906): action: 0x1, toolType: 0
11-23 15:15:22.215  3520  3874 I InputDispatcher: Delivering touch to (4030): action: 0x4, toolType: 0
11-23 15:15:22.215  3520  3874 I InputDispatcher: Delivering touch to (26906): action: 0x0, toolType: 0
11-23 15:15:22.215 26906 26906 D ViewRootImpl: ViewPostImeInputStage ACTION_DOWN
11-23 15:15:22.215  3520  3874 I InputDispatcher: Delivering touch to (26906): action: 0x1, toolType: 0
11-23 15:15:22.215  4970  4970 D SamsungIME: onViewClicked
11-23 15:15:22.215  4970  4970 W ContextImpl: Calling a method in the system process without a qualified user: android.app.ContextImpl.sendBroadcast:1700 android.content.ContextWrapper.sendBroadcast:391 android.inputmethodservice.InputMethodService.sendInputViewShownState:423 android.inputmethodservice.InputMethodService.showWindow:2018 android.inputmethodservice.InputMethodService$InputMethodImpl.showSoftInput:647 
11-23 15:15:22.215 26906 26906 D Editor  : isTwoFingerGestureRecognitionEnabled1
11-23 15:15:22.225 26906 26906 D Editor  : isTwoFingerGestureRecognitionEnabled1else
11-23 15:15:22.225  4970 27193 W ContextImpl: Calling a method in the system process without a qualified user: android.app.ContextImpl.sendBroadcast:1700 android.content.ContextWrapper.sendBroadcast:391 android.inputmethodservice.InputMethodService$4.run:3274 java.lang.Thread.run:818 <bottom of call stack> 
11-23 15:15:22.225  3520  6476 D SSRM:a  : DeviceInfo:: 000000000000
11-23 15:15:22.225  3520  6476 D SSRM:a  : SettingsAirViewInfo:: 000000000
11-23 15:15:22.225  3520  4412 D ApplicationPolicy: isStatusBarNotificationAllowedAsUser: packageName = android,userId = -1
11-23 15:15:22.225  3520  4412 V ApplicationPolicy: isApplicationStateBlocked userId -1 pkgname android
11-23 15:15:22.225  3520  3520 I ValidateNoPeople: skipping global notification
11-23 15:15:22.225  4030  4030 D StatusBar: ----- contentsUnchanged : true, bigContentsUnchanged - true, headsUpContentsUnchanged - true , publicUnchanged true
11-23 15:15:22.225  4030  4030 D NotificationContentView: AH:256, SH:256
11-23 15:15:22.225  4030  4030 D NotificationContentView: AH:256, SH:256
11-23 15:15:22.225  4030  4030 D PersonaManager: isKioskContainerExistOnDevice
11-23 15:15:22.225  4030  4030 D PersonaManager: isKioskContainerExistOnDevice
11-23 15:15:22.225  4030  4030 D PanelView: There is/are notification(s) 
11-23 15:15:22.225  4030  4030 D PanelView: kidsfalse mQsExpansionEnabled:true
11-23 15:15:22.225  4030  4030 D PersonaManager: isKioskContainerExistOnDevice
11-23 15:15:22.225  4030  4030 D PanelView: There is/are notification(s) 
11-23 15:15:22.225  4030  4030 D PanelView: kidsfalse mQsExpansionEnabled:true
11-23 15:15:22.245  2983  2983 I SurfaceFlinger: id=25 createSurf (1x1),1 flag=4, QopupWindow
11-23 15:15:22.265 26906 27087 D mali_winsys: new_window_surface returns 0x3000,  [189x232]-format:1
11-23 15:15:22.265  4970  4970 D SamsungIME: SwiftkeyWrapper-checkCurrentSequence : use IC
11-23 15:15:22.265  3520  3874 I InputDispatcher: Delivering touch to (4030): action: 0x4, toolType: 0
11-23 15:15:22.265  3520  3874 I InputDispatcher: Delivering touch to (26906): action: 0x0, toolType: 0
11-23 15:15:22.265 26906 26906 D ViewRootImpl: ViewPostImeInputStage ACTION_DOWN
11-23 15:15:22.275  3520  3874 I InputDispatcher: Delivering touch to (26906): action: 0x1, toolType: 0
11-23 15:15:22.285  4970  4970 D SamsungIME: Skip dismiss ExpandCandidate. it will be post-invalidated later
11-23 15:15:22.295  4030  4030 D PanelView: mClearAll.setVisibility - mIsFullyOpened : false isShade : true mHasNotification : true mIsUpwardFling : false mQsFullyExpanded : true isShadeLocked : false mClearAllVisible : true
11-23 15:15:22.325  3520  3874 I InputDispatcher: Delivering touch to (4030): action: 0x0, toolType: 0
11-23 15:15:22.325  4030  4030 D ViewRootImpl: ViewPostImeInputStage ACTION_DOWN
11-23 15:15:22.325  4030  4030 D PhoneStatusBar: makeExpandedVisible:false
11-23 15:15:22.325  4030  4030 D StatusBar-Window: fnf=false sanc=false, kni=false, sbf=true
11-23 15:15:22.325  4030  4030 D CoverUI : applyFocusableFlag() : Remove SAMSUNG_FLAG_SVIEW_COVER
11-23 15:15:22.335  3520  4412 V Vibrator: Called cancel() API - PUID: 1000, PackageName: android
11-23 15:15:22.335  3520  4412 D VibratorService: Turning vibrator off - ImmVibe.
11-23 15:15:22.335  3520  4412 D LightsService: [api] [SvcLED] turnOff:: id = 4 (uid: 1000 pid: 3520) 
11-23 15:15:22.335  3520  4412 D LightsService: [SvcLED] setSvcLedStateLocked:: SvcLEDState : 0x0 -> 0x0 | SvcLED(id=4) set Off
11-23 15:15:22.335  3520  3817 D LightsService: [SvcLED] Lux failed to be updated in 700ms. -> handleForcedSvcLEDTasK
11-23 15:15:22.335  3520  3817 D LightsService: [SvcLED]  setSvcLedLightLocked :: Current SvcLED(id=3) maintains its priority right
11-23 15:15:22.335  4030  4030 D PhoneStatusBar: disable: < expand icons alerts system_info back home recent clock search >
11-23 15:15:22.335  4030  4030 D StatusBar-DoNotDistrub: isDisableAlert isDormantModeOn:false isNotificationDisabled:false
11-23 15:15:22.335  3520  4677 D MultiWindowConverter: dismissGuide() : Before attaching the guide view, mForceDismissGuide : false
11-23 15:15:22.335  3520  3722 D StatusBarManagerService: manageDisableList userId=0 what=0x0 pkg=WindowManager.LayoutParams
11-23 15:15:22.345  3520  3874 I InputDispatcher: Delivering touch to (4030): action: 0x1, toolType: 0
11-23 15:15:22.345  3520  3724 D PointerIcon: setMouseIconStyle1 pointerType: 1001iconType:101 flag:0
11-23 15:15:22.345  3520  3724 D PointerIcon: setMouseCustomIcon IconType is same.101
11-23 15:15:22.365  4030  5033 D mali_winsys: new_window_surface returns 0x3000,  [1440x2560]-format:1
11-23 15:15:22.375 26906 27002 I art     : Explicit concurrent mark sweep GC freed 2321(106KB) AllocSpace objects, 1(20KB) LOS objects, 36% free, 27MB/43MB, paused 147us total 12.299ms
11-23 15:15:22.385  3520  6476 D SSRM:a  : DeviceInfo:: 000000000000
11-23 15:15:22.385  3520  6476 D SSRM:a  : SettingsAirViewInfo:: 000000000
11-23 15:15:22.385  4030  4030 D PhoneStatusBar: makeExpandedInvisible: mExpandedVisible=true mExpandedVisible=true
11-23 15:15:22.385  4030  4030 V NotificationStackScrollLayout: start: -268.0stackHeight: 268.0
11-23 15:15:22.385  4030  4030 V NotificationStackScrollLayout: start: -268.0stackHeight: 268.0
11-23 15:15:22.385  4030  4030 V NotificationStackScrollLayout: start: -268.0stackHeight: 268.0
11-23 15:15:22.385  4030  4030 D StatusBar-QSPanel: setSingleLine:true
11-23 15:15:22.385  4030  4030 D StatusBar-QSPanel: adjustCellWidth mButtonWidth : 272, displayWidth : 1440
11-23 15:15:22.385  4030  4030 D StatusBar-QSPanel: updateButtonInfo mButtonWidth : 272 mColumns:5 orien: 1 mButtonCorrectionWidth:32
11-23 15:15:22.385  4030  4030 D StatusBar-QSPanel: setSingleLine height:384
11-23 15:15:22.385  4030  4030 D STATUSBAR-PhoneStatusBar:  mBrightnessEnablebySettings = true mBrightnessEnablebyBattery = true mBrightnessEnablebyDisableFlag = true mPmsBrightnessEnablebySettings = true
11-23 15:15:22.385  4030  4030 D PhoneStatusBar: updateQSpanelHeight: 384 height:608
11-23 15:15:22.385  4030  4030 D STATUSBAR-PhoneStatusBar: showHideQConnectLayout userID : 0 emMode:false, mQconnectEnable:true
11-23 15:15:22.385  4030  4030 V NotificationStackScrollLayout: start: -268.0stackHeight: 268.0
11-23 15:15:22.385  4030  4030 D PanelView: flingSettings mQsMin:788 mQsMax:788 mQsEx:788.0mQsPeek:608
11-23 15:15:22.385  4030  4030 D PanelView: There is/are notification(s) 
11-23 15:15:22.385  4030  4030 D PanelView: kidsfalse mQsExpansionEnabled:true
11-23 15:15:22.385  4030  4030 V NotificationStackScrollLayout: start: -268.0stackHeight: 268.0
11-23 15:15:22.385  4030  4030 D StatusBar-Window: fnf=true sanc=false, kni=false, sbf=false
11-23 15:15:22.385  4030  4030 D CoverUI : applyFocusableFlag() : Remove SAMSUNG_FLAG_SVIEW_COVER
11-23 15:15:22.385  4030  4030 D PhoneStatusBar: disable: < expand icons alerts system_info back home recent clock search >
11-23 15:15:22.385  4030  4030 D StatusBar-DoNotDistrub: isDisableAlert isDormantModeOn:false isNotificationDisabled:false
11-23 15:15:22.395  3520  3874 I InputDispatcher: Delivering touch to (4030): action: 0x0, toolType: 0
11-23 15:15:22.395  3520  3874 I InputDispatcher: Delivering touch to (4030): action: 0x1, toolType: 0
11-23 15:15:22.415  3520  4072 D MultiWindowConverter: dismissGuide() : Before attaching the guide view, mForceDismissGuide : false
11-23 15:15:22.415  3520  3722 D StatusBarManagerService: manageDisableList userId=0 what=0x0 pkg=WindowManager.LayoutParams
11-23 15:15:22.425 26906 27002 I art     : Explicit concurrent mark sweep GC freed 238(11KB) AllocSpace objects, 0(0B) LOS objects, 36% free, 27MB/43MB, paused 200us total 17.276ms
11-23 15:15:22.435  3520  3724 D PointerIcon: setMouseIconStyle1 pointerType: 1001iconType:101 flag:0
11-23 15:15:22.435  3520  3724 D PointerIcon: setMouseCustomIcon IconType is same.101
11-23 15:15:22.445  3520  4604 D InputMethodManagerService: windowGainedFocus mCurrentFocusedUserId - 0 and mSecureKeypadEnabled-false
11-23 15:15:22.445  3520  4604 W InputMethodManagerService: Window already focused, ignoring focus gain of: com.android.internal.view.IInputMethodClient$Stub$Proxy@24ed68fa attribute=null, token = android.os.BinderProxy@7636651
11-23 15:15:22.455  4030  5033 D mali_winsys: new_window_surface returns 0x3000,  [1440x100]-format:1
11-23 15:15:22.455  3520  3874 I InputDispatcher: Delivering touch to (4030): action: 0x4, toolType: 0
11-23 15:15:22.455  3520  3874 I InputDispatcher: Delivering touch to (26906): action: 0x0, toolType: 0
11-23 15:15:22.455 26906 26906 D ViewRootImpl: ViewPostImeInputStage ACTION_DOWN
11-23 15:15:22.465  3520  3874 I InputDispatcher: Delivering touch to (26906): action: 0x1, toolType: 0
11-23 15:15:22.465  4030  4030 D ViewRootImpl: ViewPostImeInputStage ACTION_DOWN
11-23 15:15:22.495  4030  4030 D VisualEffectCircleUnlockEffect: clearEffect
11-23 15:15:22.495  4030  4030 D VisualEffectCircleUnlockEffect: cancelAllAnimator
11-23 15:15:22.495  4030  4030 D VisualEffectCircleUnlockEffect: clearEffect
11-23 15:15:22.495  4030  4030 D VisualEffectCircleUnlockEffect: cancelAllAnimator
11-23 15:15:22.495 26906 27002 I art     : Explicit concurrent mark sweep GC freed 19(496B) AllocSpace objects, 0(0B) LOS objects, 36% free, 27MB/43MB, paused 199us total 19.833ms
11-23 15:15:22.515  3520  3874 I InputDispatcher: Delivering touch to (4030): action: 0x4, toolType: 0
11-23 15:15:22.515  3520  3874 I InputDispatcher: Delivering touch to (26906): action: 0x0, toolType: 0
11-23 15:15:22.515 26906 26906 D ViewRootImpl: ViewPostImeInputStage ACTION_DOWN
11-23 15:15:22.515  3520  3874 I InputDispatcher: Delivering touch to (26906): action: 0x1, toolType: 0
11-23 15:15:22.535  2983  3977 I SurfaceFlinger: id=25 Removed QopupWindow (9/10)
11-23 15:15:22.535  2983  4481 I SurfaceFlinger: id=25 Removed QopupWindow (-2/10)
11-23 15:15:22.535 26906 27002 I art     : Explicit concurrent mark sweep GC freed 9(240B) AllocSpace objects, 0(0B) LOS objects, 36% free, 27MB/43MB, paused 169us total 14.080ms
11-23 15:15:22.565  3520  3874 I InputDispatcher: Delivering touch to (4030): action: 0x4, toolType: 0
11-23 15:15:22.565  3520  3874 I InputDispatcher: Delivering touch to (26906): action: 0x0, toolType: 0
11-23 15:15:22.565 26906 26906 D ViewRootImpl: ViewPostImeInputStage ACTION_DOWN
11-23 15:15:22.575  3520  3874 I InputDispatcher: Delivering touch to (26906): action: 0x1, toolType: 0
11-23 15:15:22.575  3520  4070 E PersonaManagerService: inState():  stateMachine is null !!
11-23 15:15:22.575  3520  4070 I PersonaManagerService: Failed to execute isKioskModeEnabled. java.lang.SecurityException: You need MANAGE_USERS permission to: query user
11-23 15:15:22.575  3520  4070 I ActivityManager: do not start freezing screen for locked container getKeyguardshowstate = false
11-23 15:15:22.575  3520  4070 V ApplicationPolicy: isApplicationStateBlocked userId 0 pkgname com.google.android.gms
11-23 15:15:22.575  3520  4070 W ActivityManager: userId = 0, bbcId = -10000
11-23 15:15:22.575  3520  4070 W ActivityManager: NORMAL SET : dst_category = 701, src_allowCategory = 0,701-1023
11-23 15:15:22.575  3520  4070 W ActivityManager: NORMAL SET : srcAppInfo.processName = com.google.identitytoolkit.demo, destAppInfo.processName = com.google.android.gms
11-23 15:15:22.585 26906 27002 I art     : Explicit concurrent mark sweep GC freed 27(848B) AllocSpace objects, 0(0B) LOS objects, 36% free, 27MB/43MB, paused 168us total 12.852ms
11-23 15:15:22.625  3520  3874 I InputDispatcher: Delivering touch to (4030): action: 0x4, toolType: 0
11-23 15:15:22.625  3520  3874 I InputDispatcher: Delivering touch to (4970): action: 0x0, toolType: 0
11-23 15:15:22.625  4970  4970 D ViewRootImpl: ViewPostImeInputStage ACTION_DOWN
11-23 15:15:22.625  4970  5096 V Vibrator: Called vibrateImmVibe(byte[], MagnitudeType) API - PUID: 1000, PackageName: com.sec.android.inputmethod
11-23 15:15:22.625  4970  5096 V Vibrator: vibrateImmVibe - PUID: 1000, PackageName: com.sec.android.inputmethod, pattern, mag: 8000
11-23 15:15:22.625  3520  4415 D VibratorService: Turning vibrator off - ImmVibe.
11-23 15:15:22.625  3520  3874 I InputDispatcher: Delivering touch to (4970): action: 0x1, toolType: 0
11-23 15:15:22.635  3520  4415 V VibratorService: vibrateImmVibePattern - package: com.sec.android.inputmethod, magnitude: 8000
11-23 15:15:22.635  4970  4970 E SamsungIME: <AbstractKeyboardView> - onDraw() called
11-23 15:15:22.645  4970  4970 D SamsungIME: SwiftkeyWrapper-checkCurrentSequence : use IC
11-23 15:15:22.655  4970  4970 D SamsungIME: Skip dismiss ExpandCandidate. it will be post-invalidated later
11-23 15:15:22.675  3520  3874 I InputDispatcher: Delivering touch to (4030): action: 0x4, toolType: 0
11-23 15:15:22.675  3520  3874 I InputDispatcher: Delivering touch to (26906): action: 0x0, toolType: 0
11-23 15:15:22.675 26906 26906 D ViewRootImpl: ViewPostImeInputStage ACTION_DOWN
11-23 15:15:22.675  3520  3874 I InputDispatcher: Delivering touch to (26906): action: 0x1, toolType: 0
11-23 15:15:22.725  3520  3874 I InputDispatcher: Delivering touch to (4030): action: 0x4, toolType: 0
11-23 15:15:22.735  3520  3874 I InputDispatcher: Delivering touch to (26906): action: 0x0, toolType: 0
11-23 15:15:22.735 26906 26906 D ViewRootImpl: ViewPostImeInputStage ACTION_DOWN
11-23 15:15:22.735  3520  3874 I InputDispatcher: Delivering touch to (26906): action: 0x1, toolType: 0
11-23 15:15:22.775  3520  3610 I ActivityManager: Waited long enough for: ServiceRecord{cb99546 u0 com.amazon.venezia/com.amazon.mas.client.locker.service.appmgr.AppManagerService}
11-23 15:15:22.785  3520  3874 I InputDispatcher: Delivering touch to (4030): action: 0x4, toolType: 0
11-23 15:15:22.785  3520  3874 I InputDispatcher: Delivering touch to (26906): action: 0x0, toolType: 0
11-23 15:15:22.785 26906 26906 D ViewRootImpl: ViewPostImeInputStage ACTION_DOWN
11-23 15:15:22.785  3520  3874 I InputDispatcher: Delivering touch to (26906): action: 0x1, toolType: 0
11-23 15:15:22.835  4970  4970 D SamsungIME: Skip dismiss ExpandCandidate. it will be post-invalidated later
11-23 15:15:22.835  3520  3874 I InputDispatcher: Delivering touch to (4030): action: 0x4, toolType: 0
11-23 15:15:22.835  3520  3874 I InputDispatcher: Delivering touch to (4970): action: 0x0, toolType: 0
11-23 15:15:22.835  4970  4970 D ViewRootImpl: ViewPostImeInputStage ACTION_DOWN
11-23 15:15:22.835  3520  3874 I InputDispatcher: Delivering touch to (4970): action: 0x1, toolType: 0
11-23 15:15:22.835  4970  5096 V Vibrator: Called vibrateImmVibe(byte[], MagnitudeType) API - PUID: 1000, PackageName: com.sec.android.inputmethod
11-23 15:15:22.835  4970  5096 V Vibrator: vibrateImmVibe - PUID: 1000, PackageName: com.sec.android.inputmethod, pattern, mag: 8000
11-23 15:15:22.835  3520  4440 D VibratorService: Turning vibrator off - ImmVibe.
11-23 15:15:22.845  3520  4440 V VibratorService: vibrateImmVibePattern - package: com.sec.android.inputmethod, magnitude: 8000
11-23 15:15:22.855  4970  4970 E SamsungIME: <AbstractKeyboardView> - onDraw() called
11-23 15:15:22.865  4970  4970 D SamsungIME: SwiftkeyWrapper-checkCurrentSequence : use IC
11-23 15:15:22.885  4970  4970 D SamsungIME: Skip dismiss ExpandCandidate. it will be post-invalidated later
11-23 15:15:22.885  3520  3874 I InputDispatcher: Delivering touch to (4030): action: 0x4, toolType: 0
11-23 15:15:22.885  3520  3874 I InputDispatcher: Delivering touch to (26906): action: 0x0, toolType: 0
11-23 15:15:22.885 26906 26906 D ViewRootImpl: ViewPostImeInputStage ACTION_DOWN
11-23 15:15:22.895  3520  3874 I InputDispatcher: Delivering touch to (26906): action: 0x1, toolType: 0
11-23 15:15:22.945  3520  3874 I InputDispatcher: Delivering touch to (4030): action: 0x4, toolType: 0
11-23 15:15:22.945  3520  3874 I InputDispatcher: Delivering touch to (26906): action: 0x0, toolType: 0
11-23 15:15:22.945 26906 26906 D ViewRootImpl: ViewPostImeInputStage ACTION_DOWN
11-23 15:15:22.945  3520  3874 I InputDispatcher: Delivering touch to (26906): action: 0x1, toolType: 0
11-23 15:15:22.995  3520  3874 I InputDispatcher: Delivering touch to (4030): action: 0x4, toolType: 0
11-23 15:15:22.995  3520  3874 I InputDispatcher: Delivering touch to (4970): action: 0x0, toolType: 0
11-23 15:15:22.995  4970  4970 D ViewRootImpl: ViewPostImeInputStage ACTION_DOWN
11-23 15:15:22.995  3520  3874 I InputDispatcher: Delivering touch to (4970): action: 0x1, toolType: 0
11-23 15:15:22.995  4970  5096 V Vibrator: Called vibrateImmVibe(byte[], MagnitudeType) API - PUID: 1000, PackageName: com.sec.android.inputmethod
11-23 15:15:22.995  4970  5096 V Vibrator: vibrateImmVibe - PUID: 1000, PackageName: com.sec.android.inputmethod, pattern, mag: 8000
11-23 15:15:22.995  3520  4412 D VibratorService: Turning vibrator off - ImmVibe.
11-23 15:15:22.995  4970  4970 E SamsungIME: <AbstractKeyboardView> - onDraw() called
11-23 15:15:23.005  3520  4412 V VibratorService: vibrateImmVibePattern - package: com.sec.android.inputmethod, magnitude: 8000
11-23 15:15:23.015  4970  4970 D SamsungIME: SwiftkeyWrapper-checkCurrentSequence : use IC
11-23 15:15:23.025  4970  4970 D SamsungIME: Skip dismiss ExpandCandidate. it will be post-invalidated later
11-23 15:15:23.045  3520  3874 I InputDispatcher: Delivering touch to (4030): action: 0x0, toolType: 0
11-23 15:15:23.045  4030  4030 D ViewRootImpl: ViewPostImeInputStage ACTION_DOWN
11-23 15:15:23.045  3520  3874 I InputDispatcher: Delivering touch to (4030): action: 0x1, toolType: 0
11-23 15:15:23.055  4030  4030 D PhoneStatusBar: makeExpandedVisible:false
11-23 15:15:23.055  4030  4030 D StatusBar-Window: fnf=false sanc=false, kni=false, sbf=true
11-23 15:15:23.055  4030  4030 D CoverUI : applyFocusableFlag() : Remove SAMSUNG_FLAG_SVIEW_COVER
11-23 15:15:23.055  3520  4678 V Vibrator: Called cancel() API - PUID: 1000, PackageName: android
11-23 15:15:23.055  3520  4678 D VibratorService: Turning vibrator off - ImmVibe.
11-23 15:15:23.055  3520  4678 D LightsService: [api] [SvcLED] turnOff:: id = 4 (uid: 1000 pid: 3520) 
11-23 15:15:23.055  3520  4678 D LightsService: [SvcLED] setSvcLedStateLocked:: SvcLEDState : 0x0 -> 0x0 | SvcLED(id=4) set Off
11-23 15:15:23.055  3520  3817 D LightsService: [SvcLED] Lux failed to be updated in 700ms. -> handleForcedSvcLEDTasK
11-23 15:15:23.055  3520  3817 D LightsService: [SvcLED]  setSvcLedLightLocked :: Current SvcLED(id=3) maintains its priority right
11-23 15:15:23.055  4030  4030 D PhoneStatusBar: disable: < expand icons alerts system_info back home recent clock search >
11-23 15:15:23.055  4030  4030 D StatusBar-DoNotDistrub: isDisableAlert isDormantModeOn:false isNotificationDisabled:false
11-23 15:15:23.065  3520  6476 D SSRM:a  : DeviceInfo:: 000000000000
11-23 15:15:23.065  3520  6476 D SSRM:a  : SettingsAirViewInfo:: 000000000
11-23 15:15:23.065  4030  4030 D PhoneStatusBar: makeExpandedInvisible: mExpandedVisible=true mExpandedVisible=true
11-23 15:15:23.065  4030  4030 V NotificationStackScrollLayout: start: -268.0stackHeight: 268.0
11-23 15:15:23.065  4030  4030 V NotificationStackScrollLayout: start: -268.0stackHeight: 268.0
11-23 15:15:23.065  4030  4030 V NotificationStackScrollLayout: start: -268.0stackHeight: 268.0
11-23 15:15:23.065  4030  4030 D StatusBar-QSPanel: setSingleLine:true
11-23 15:15:23.065  4030  4030 D StatusBar-QSPanel: adjustCellWidth mButtonWidth : 272, displayWidth : 1440
11-23 15:15:23.065  4030  4030 D StatusBar-QSPanel: updateButtonInfo mButtonWidth : 272 mColumns:5 orien: 1 mButtonCorrectionWidth:32
11-23 15:15:23.065  4030  4030 D StatusBar-QSPanel: setSingleLine height:384
11-23 15:15:23.065  4030  4030 D STATUSBAR-PhoneStatusBar:  mBrightnessEnablebySettings = true mBrightnessEnablebyBattery = true mBrightnessEnablebyDisableFlag = true mPmsBrightnessEnablebySettings = true
11-23 15:15:23.065  4030  4030 D STATUSBAR-PhoneStatusBar: showHideQConnectLayout userID : 0 emMode:false, mQconnectEnable:true
11-23 15:15:23.065  4030  4030 D PhoneStatusBar: updateQSpanelHeight: 384 height:608
11-23 15:15:23.065  4030  4030 V NotificationStackScrollLayout: start: -268.0stackHeight: 268.0
11-23 15:15:23.065  4030  4030 D PanelView: flingSettings mQsMin:788 mQsMax:788 mQsEx:788.0mQsPeek:608
11-23 15:15:23.065  4030  4030 D PanelView: There is/are notification(s) 
11-23 15:15:23.065  4030  4030 D PanelView: kidsfalse mQsExpansionEnabled:true
11-23 15:15:23.065  4030  4030 V NotificationStackScrollLayout: start: -268.0stackHeight: 268.0
11-23 15:15:23.065  4030  4030 D StatusBar-Window: fnf=true sanc=false, kni=false, sbf=false
11-23 15:15:23.065  4030  4030 D CoverUI : applyFocusableFlag() : Remove SAMSUNG_FLAG_SVIEW_COVER
11-23 15:15:23.065  4030  4030 D PhoneStatusBar: disable: < expand icons alerts system_info back home recent clock search >
11-23 15:15:23.065  4030  4030 D StatusBar-DoNotDistrub: isDisableAlert isDormantModeOn:false isNotificationDisabled:false
11-23 15:15:23.095 26893 26893 I Timeline: Timeline: Activity_launch_request id:com.google.identitytoolkit.demo time:3468529
11-23 15:15:23.095  3520  4677 E PersonaManagerService: inState():  stateMachine is null !!
11-23 15:15:23.095  3520  4677 I PersonaManagerService: PersonaId don't exist
11-23 15:15:23.095  3520  4677 I ActivityManager: do not start freezing screen for locked container getKeyguardshowstate = false
11-23 15:15:23.105  3520  4677 D CustomFrequencyManagerService: releaseDVFSLockLocked : Getting Lock type frm List : DVFS_MIN_LIMIT  frequency : 1800000  uid : 1000  pid : 3520  tag : ACTIVITY_RESUME_BOOSTER@3
11-23 15:15:23.105  3520  4677 D CustomFrequencyManagerService: acquireDVFSLockLocked : type : DVFS_MIN_LIMIT  frequency : 1800000  uid : 1000  pid : 3520  pkgName : ACTIVITY_RESUME_BOOSTER@3
11-23 15:15:23.105  3520  4677 W ActivityManager: mDVFSHelper.acquire()
11-23 15:15:23.155  3520  3874 I InputDispatcher: Delivering touch to (4030): action: 0x4, toolType: 0
11-23 15:15:23.155  3520  3874 I InputDispatcher: Delivering touch to (4970): action: 0x0, toolType: 0
11-23 15:15:23.155  4970  4970 D ViewRootImpl: ViewPostImeInputStage ACTION_DOWN
11-23 15:15:23.155  4970  5096 V Vibrator: Called vibrateImmVibe(byte[], MagnitudeType) API - PUID: 1000, PackageName: com.sec.android.inputmethod
11-23 15:15:23.155  4970  5096 V Vibrator: vibrateImmVibe - PUID: 1000, PackageName: com.sec.android.inputmethod, pattern, mag: 8000
11-23 15:15:23.155  3520  4072 D VibratorService: Turning vibrator off - ImmVibe.
11-23 15:15:23.155  3520  3874 I InputDispatcher: Delivering touch to (4970): action: 0x1, toolType: 0
11-23 15:15:23.165  3520  4072 V VibratorService: vibrateImmVibePattern - package: com.sec.android.inputmethod, magnitude: 8000
11-23 15:15:23.165  4970  4970 E SamsungIME: <AbstractKeyboardView> - onDraw() called
11-23 15:15:23.175  4970  4970 D SamsungIME: SwiftkeyWrapper-checkCurrentSequence : use IC
11-23 15:15:23.185  4970  4970 D SamsungIME: Skip dismiss ExpandCandidate. it will be post-invalidated later
11-23 15:15:23.215  3520  3874 I InputDispatcher: Delivering touch to (4030): action: 0x4, toolType: 0
11-23 15:15:23.215  3520  3874 I InputDispatcher: Delivering touch to (26906): action: 0x0, toolType: 0
11-23 15:15:23.215 26906 26906 D ViewRootImpl: ViewPostImeInputStage ACTION_DOWN
11-23 15:15:23.215  3520  3874 I InputDispatcher: Delivering touch to (26906): action: 0x1, toolType: 0
11-23 15:15:23.265  3520  3874 I InputDispatcher: Delivering touch to (4030): action: 0x0, toolType: 0
11-23 15:15:23.265  4030  4030 D ViewRootImpl: ViewPostImeInputStage ACTION_DOWN
11-23 15:15:23.265  3520  3874 I InputDispatcher: Delivering touch to (4030): action: 0x1, toolType: 0
11-23 15:15:23.265  4030  4030 D PhoneStatusBar: makeExpandedVisible:false
11-23 15:15:23.265  4030  4030 D StatusBar-Window: fnf=false sanc=false, kni=false, sbf=true
11-23 15:15:23.265  4030  4030 D CoverUI : applyFocusableFlag() : Remove SAMSUNG_FLAG_SVIEW_COVER
11-23 15:15:23.265  3520  4677 V Vibrator: Called cancel() API - PUID: 1000, PackageName: android
11-23 15:15:23.265  3520  4677 D VibratorService: Turning vibrator off - ImmVibe.
11-23 15:15:23.275  3520  4677 D LightsService: [api] [SvcLED] turnOff:: id = 4 (uid: 1000 pid: 3520) 
11-23 15:15:23.275  3520  4677 D LightsService: [SvcLED] setSvcLedStateLocked:: SvcLEDState : 0x0 -> 0x0 | SvcLED(id=4) set Off
11-23 15:15:23.275  3520  3817 D LightsService: [SvcLED] Lux failed to be updated in 700ms. -> handleForcedSvcLEDTasK
11-23 15:15:23.275  3520  3817 D LightsService: [SvcLED]  setSvcLedLightLocked :: Current SvcLED(id=3) maintains its priority right
11-23 15:15:23.275  4030  4030 D PhoneStatusBar: disable: < expand icons alerts system_info back home recent clock search >
11-23 15:15:23.275  4030  4030 D StatusBar-DoNotDistrub: isDisableAlert isDormantModeOn:false isNotificationDisabled:false
11-23 15:15:23.275  3520  6476 D SSRM:a  : DeviceInfo:: 000000000000
11-23 15:15:23.275  3520  6476 D SSRM:a  : SettingsAirViewInfo:: 000000000
11-23 15:15:23.275  4030  4030 D PhoneStatusBar: makeExpandedInvisible: mExpandedVisible=true mExpandedVisible=true
11-23 15:15:23.275  4030  4030 V NotificationStackScrollLayout: start: -268.0stackHeight: 268.0
11-23 15:15:23.275  4030  4030 V NotificationStackScrollLayout: start: -268.0stackHeight: 268.0
11-23 15:15:23.275  4030  4030 V NotificationStackScrollLayout: start: -268.0stackHeight: 268.0
11-23 15:15:23.275  4030  4030 D StatusBar-QSPanel: setSingleLine:true
11-23 15:15:23.275  4030  4030 D StatusBar-QSPanel: adjustCellWidth mButtonWidth : 272, displayWidth : 1440
11-23 15:15:23.275  4030  4030 D StatusBar-QSPanel: updateButtonInfo mButtonWidth : 272 mColumns:5 orien: 1 mButtonCorrectionWidth:32
11-23 15:15:23.275  4030  4030 D STATUSBAR-PhoneStatusBar:  mBrightnessEnablebySettings = true mBrightnessEnablebyBattery = true mBrightnessEnablebyDisableFlag = true mPmsBrightnessEnablebySettings = true
11-23 15:15:23.275  4030  4030 D StatusBar-QSPanel: setSingleLine height:384
11-23 15:15:23.275  4030  4030 D STATUSBAR-PhoneStatusBar: showHideQConnectLayout userID : 0 emMode:false, mQconnectEnable:true
11-23 15:15:23.275  4030  4030 D PhoneStatusBar: updateQSpanelHeight: 384 height:608
11-23 15:15:23.275  4030  4030 V NotificationStackScrollLayout: start: -268.0stackHeight: 268.0
11-23 15:15:23.275  4030  4030 D PanelView: flingSettings mQsMin:788 mQsMax:788 mQsEx:788.0mQsPeek:608
11-23 15:15:23.275  4030  4030 D PanelView: There is/are notification(s) 
11-23 15:15:23.275  4030  4030 D PanelView: kidsfalse mQsExpansionEnabled:true
11-23 15:15:23.275  4030  4030 V NotificationStackScrollLayout: start: -268.0stackHeight: 268.0
11-23 15:15:23.275  4030  4030 D StatusBar-Window: fnf=true sanc=false, kni=false, sbf=false
11-23 15:15:23.275  4030  4030 D CoverUI : applyFocusableFlag() : Remove SAMSUNG_FLAG_SVIEW_COVER
11-23 15:15:23.275  4030  4030 D PhoneStatusBar: disable: < expand icons alerts system_info back home recent clock search >
11-23 15:15:23.275  4030  4030 D StatusBar-DoNotDistrub: isDisableAlert isDormantModeOn:false isNotificationDisabled:false
11-23 15:15:23.315  3520  3874 I InputDispatcher: Delivering touch to (4030): action: 0x4, toolType: 0
