11-23 15:17:16.245  3520  4695 D ActivityManager: retrieveServiceLocked(): component = com.google.android.gms/com.google.android.gms.chimera.GmsIntentOperationService; callingUser = 0; userId(target) = 0
11-23 15:17:16.245  3520  4695 W ActivityManager: userId = 0, bbcId = -10000
11-23 15:17:16.245  3520  4695 W ActivityManager: NORMAL SET : dst_category = 701, src_allowCategory = 0,701-1023
11-23 15:17:16.245  3520  4695 W ActivityManager: NORMAL SET : srcAppInfo.processName = com.google.android.gms, destAppInfo.processName = com.google.android.gms
11-23 15:17:16.255  3520  3533 D ActivityManager: retrieveServiceLocked(): component = null; callingUser = 0; userId(target) = 0
11-23 15:17:16.255  3520  3533 W ActivityManager: userId = 0, bbcId = -10000
11-23 15:17:16.255  3520  3533 W ActivityManager: NORMAL SET : dst_category = 701, src_allowCategory = 0,701-1023
11-23 15:17:16.255  3520  3533 W ActivityManager: NORMAL SET : srcAppInfo.processName = com.google.android.gms, destAppInfo.processName = com.google.android.gms
11-23 15:17:16.275  3520  4072 E ActivityManager: checkUser: useridlist=null, currentuser=0
11-23 15:17:16.275  3520  4072 E ActivityManager: checkUser: useridlist=null, currentuser=0
11-23 15:17:16.275  3520  4072 E ActivityManager: checkUser: useridlist=null, currentuser=0
11-23 15:17:16.275  3520  4072 E ActivityManager: checkUser: useridlist=null, currentuser=0
11-23 15:17:16.295 31911 31911 E Zygote  : MountEmulatedStorage()
11-23 15:17:16.295 31911 31911 E Zygote  : v2
11-23 15:17:16.295 31911 31911 I libpersona: KNOX_SDCARD checking this for 10154
11-23 15:17:16.295 31911 31911 I libpersona: KNOX_SDCARD not a persona
11-23 15:17:16.295 31911 31911 I SELinux : Function: selinux_compare_spd_ram , priority [2] , priority version is VE=SEPF_SM-G920V_5.0.2_0011
11-23 15:17:16.295 31911 31911 E SELinux : [DEBUG] get_category: variable seinfo: untrusted sensitivity: NULL, cateogry: NULL
11-23 15:17:16.295  3520  4072 I ActivityManager: Start proc com.google.android.apps.plus for broadcast com.google.android.apps.plus/.service.PhotosAppTransitionMonitor: pid=31911 uid=10154 gids={50154, 9997, 3003, 3002, 1028, 1015} abi=armeabi-v7a
11-23 15:17:16.295  3520  4412 D ActivityManager: retrieveServiceLocked(): component = com.google.android.gms/com.google.android.gms.icing.service.LightweightIndexService$LightweightWorkerService; callingUser = 0; userId(target) = 0
11-23 15:17:16.295  3520  4233 E Watchdog: !@Sync 119
11-23 15:17:16.295  3520  4412 W ActivityManager: userId = 0, bbcId = -10000
11-23 15:17:16.295  3520  4412 W ActivityManager: NORMAL SET : dst_category = 701, src_allowCategory = 0,701-1023
11-23 15:17:16.295  3520  4412 W ActivityManager: NORMAL SET : srcAppInfo.processName = com.google.android.gms, destAppInfo.processName = com.google.android.gms
11-23 15:17:16.315 25440 31909 W IcingInternalCorpora: getNumBytesRead when not calculated.
11-23 15:17:16.315  3010  3010 I art     : Explicit concurrent mark sweep GC freed 8767(372KB) AllocSpace objects, 0(0B) LOS objects, 37% free, 26MB/42MB, paused 859us total 22.570ms
11-23 15:17:16.325 25440 26106 I Icing   : Usage reports 0 indexed 0 rejected 0 imm upload true
11-23 15:17:16.325 31911 31911 D TimaKeyStoreProvider: TimaSignature is unavailable
11-23 15:17:16.325 31911 31911 D ActivityThread: Added TimaKeyStore provider
11-23 15:17:16.325  4518 31902 I UpdateIcingCorporaServi: UpdateCorporaTask done [took 277 ms] updated apps [took 277 ms] 
11-23 15:17:16.335  3010  3010 I art     : Explicit concurrent mark sweep GC freed 5(160B) AllocSpace objects, 0(0B) LOS objects, 37% free, 26MB/42MB, paused 815us total 18.230ms
11-23 15:17:16.345  3520  4440 D ActivityManager: retrieveServiceLocked(): component = com.google.android.gms/com.google.android.gms.icing.service.LightweightIndexService$LightweightWorkerService; callingUser = 0; userId(target) = 0
11-23 15:17:16.345  3520  4440 W ActivityManager: userId = 0, bbcId = -10000
11-23 15:17:16.345  3520  4440 W ActivityManager: NORMAL SET : dst_category = 701, src_allowCategory = 0,701-1023
11-23 15:17:16.345  3520  4440 W ActivityManager: NORMAL SET : srcAppInfo.processName = com.google.android.gms, destAppInfo.processName = com.google.android.gms
11-23 15:17:16.345 25440 26106 I Icing   : Usage reports 0 indexed 0 rejected 0 imm upload false
11-23 15:17:16.355  3520  4072 I InjectionManagerService -AppFeature: getCoreFeaturePkgList :[]
11-23 15:17:16.355 31911 31911 I InjectionManager: Inside getClassLibPath + mLibMap{0=, 1=}
11-23 15:17:16.355  3010  3010 I art     : Explicit concurrent mark sweep GC freed 5(160B) AllocSpace objects, 0(0B) LOS objects, 37% free, 26MB/42MB, paused 525us total 16.866ms
11-23 15:17:16.355  3520  4086 D ActivityManager: retrieveServiceLocked(): component = com.google.android.gms/com.google.android.gms.icing.service.LightweightIndexService$LightweightWorkerService; callingUser = 0; userId(target) = 0
11-23 15:17:16.355  3520  4086 W ActivityManager: userId = 0, bbcId = -10000
11-23 15:17:16.355  3520  4086 W ActivityManager: NORMAL SET : dst_category = 701, src_allowCategory = 0,701-1023
11-23 15:17:16.355  3520  4086 W ActivityManager: NORMAL SET : srcAppInfo.processName = com.google.android.gms, destAppInfo.processName = com.google.android.gms
11-23 15:17:16.355 31911 31911 W ResourcesManager: Asset path '/system/framework/com.google.android.maps.jar' does not exist or contains no resources.
11-23 15:17:16.355 25440 26106 I Icing   : Usage reports 0 indexed 0 rejected 0 imm upload false
11-23 15:17:16.365 31911 31911 I InjectionManager: Inside getClassLibPath caller 
11-23 15:17:16.695 31911 31931 W System.err: mkdir failed: EEXIST (File exists) : /data/data/com.google.android.apps.plus/files/tiktok
11-23 15:17:16.705 31911 31911 D InjectionManager: InjectionManager
11-23 15:17:16.705 31911 31911 D InjectionManager: fillFeatureStoreMap com.google.android.apps.plus
11-23 15:17:16.705 31911 31911 I InjectionManager: Constructor com.google.android.apps.plus, Feature store :{}
11-23 15:17:16.705 31911 31911 I InjectionManager: featureStore :{}
11-23 15:17:16.715  3520  4604 D ActivityManager: retrieveServiceLocked(): component = com.google.android.apps.plus/com.google.android.apps.plus.service.PhotosAppTransitionService; callingUser = 0; userId(target) = 0
11-23 15:17:16.715  3520  4604 W ActivityManager: userId = 0, bbcId = -10000
11-23 15:17:16.715  3520  4604 W ActivityManager: NORMAL SET : dst_category = 701, src_allowCategory = 0,701-1023
11-23 15:17:16.715  3520  4604 W ActivityManager: NORMAL SET : srcAppInfo.processName = com.google.android.apps.plus, destAppInfo.processName = com.google.android.apps.plus
11-23 15:17:16.735  3520  4072 E ActivityManager: checkUser: useridlist=null, currentuser=0
11-23 15:17:16.735  3520  4072 E ActivityManager: checkUser: useridlist=null, currentuser=0
11-23 15:17:16.735  3520  4072 E ActivityManager: checkUser: useridlist=null, currentuser=0
11-23 15:17:16.735  3520  4072 E ActivityManager: checkUser: useridlist=null, currentuser=0
11-23 15:17:16.775 31936 31936 E Zygote  : MountEmulatedStorage()
11-23 15:17:16.775 31936 31936 E Zygote  : v2
11-23 15:17:16.775 31936 31936 I libpersona: KNOX_SDCARD checking this for 10116
11-23 15:17:16.775 31936 31936 I SELinux : Function: selinux_compare_spd_ram , priority [2] , priority version is VE=SEPF_SM-G920V_5.0.2_0011
11-23 15:17:16.775 31936 31936 I libpersona: KNOX_SDCARD not a persona
11-23 15:17:16.775 31936 31936 E SELinux : [DEBUG] get_category: variable seinfo: untrusted sensitivity: NULL, cateogry: NULL
11-23 15:17:16.785  3520  4072 I ActivityManager: Start proc com.google.android.apps.docs for broadcast com.google.android.apps.docs/.receivers.AppPackageAddRemoveReceiver: pid=31936 uid=10116 gids={50116, 9997, 1028, 1015, 3003} abi=arm64-v8a
11-23 15:17:16.815 31936 31936 D TimaKeyStoreProvider: TimaSignature is unavailable
11-23 15:17:16.815 31936 31936 D ActivityThread: Added TimaKeyStore provider
11-23 15:17:16.845  3520  4604 I InjectionManagerService -AppFeature: getCoreFeaturePkgList :[]
11-23 15:17:16.845 31936 31936 I InjectionManager: Inside getClassLibPath + mLibMap{0=, 1=}
11-23 15:17:16.855 31936 31936 I InjectionManager: Inside getClassLibPath caller 
11-23 15:17:16.875  3520  4412 I ActivityManager: Killing 24586:com.android.defcontainer/u0a7 (adj 15): empty #31
11-23 15:17:16.965 31936 31955 I GAv4    : Google Analytics 8.4.87 is starting up. To enable debug logging on a device run:
11-23 15:17:16.965 31936 31955 I GAv4    :   adb shell setprop log.tag.GAv4 DEBUG
11-23 15:17:16.965 31936 31955 I GAv4    :   adb logcat -s GAv4
11-23 15:17:16.975 31936 31955 W GAv4    : AnalyticsReceiver is not registered or is disabled. Register the receiver for reliable dispatching on non-Google Play devices. See http://goo.gl/8Rd3yj for instructions.
11-23 15:17:16.985  3520  3593 W libprocessgroup: failed to open /acct/uid_10007/pid_24586/cgroup.procs: No such file or directory
11-23 15:17:16.985 31936 31955 W GAv4    : CampaignTrackingReceiver is not registered, not exported or is disabled. Installation campaign tracking is not possible. See http://goo.gl/8Rd3yj for instructions.
11-23 15:17:16.985 31936 31960 W GAv4    : AnalyticsService not registered in the app manifest. Hits might not be delivered reliably. See http://goo.gl/8Rd3yj for instructions.
11-23 15:17:16.995  3520  4439 D ActivityManager: retrieveServiceLocked(): component = null; callingUser = 0; userId(target) = 0
11-23 15:17:16.995  3520  4439 W ActivityManager: userId = 0, bbcId = -10000
11-23 15:17:16.995  3520  4439 W ActivityManager: NORMAL SET : dst_category = 701, src_allowCategory = 0,701-1023
11-23 15:17:16.995  3520  4439 W ActivityManager: NORMAL SET : srcAppInfo.processName = com.google.android.apps.docs, destAppInfo.processName = com.google.android.gms
11-23 15:17:17.035 31936 31936 D InjectionManager: InjectionManager
11-23 15:17:17.035 31936 31936 D InjectionManager: fillFeatureStoreMap com.google.android.apps.docs
11-23 15:17:17.035 31936 31936 I InjectionManager: Constructor com.google.android.apps.docs, Feature store :{}
11-23 15:17:17.035 31936 31936 I InjectionManager: featureStore :{}
11-23 15:17:17.035  3520  3532 I ActivityManager: Killing 31393:com.samsung.android.app.vrsetupwizardstub/u0a67 (adj 15): empty #31
11-23 15:17:17.045  3520  3532 E ActivityManager: checkUser: useridlist=null, currentuser=0
11-23 15:17:17.045  3520  3532 E ActivityManager: checkUser: useridlist=null, currentuser=0
11-23 15:17:17.045  3520  3532 E ActivityManager: checkUser: useridlist=null, currentuser=0
11-23 15:17:17.045  3520  3532 E ActivityManager: checkUser: useridlist=null, currentuser=0
11-23 15:17:17.065 31970 31970 E Zygote  : MountEmulatedStorage()
11-23 15:17:17.065 31970 31970 E Zygote  : v2
11-23 15:17:17.065 31970 31970 I libpersona: KNOX_SDCARD checking this for 1000
11-23 15:17:17.065 31970 31970 I libpersona: KNOX_SDCARD not a persona
11-23 15:17:17.065 31970 31970 I SELinux : Function: selinux_compare_spd_ram , priority [2] , priority version is VE=SEPF_SM-G920V_5.0.2_0011
11-23 15:17:17.075 31970 31970 E SELinux : [DEBUG] get_category: variable seinfo: platform sensitivity: NULL, cateogry: NULL
11-23 15:17:17.075  3520  3532 I ActivityManager: Start proc com.samsung.android.bbc.bbcagent for broadcast com.samsung.android.bbc.bbcagent/.bbccontroller.receiver.PackageEventReceiver: pid=31970 uid=1000 gids={41000, 9997, 3003, 3002, 3001, 1028, 1015, 1007, 1023, 2001, 1024, 1001, 3004, 3005} abi=arm64-v8a
11-23 15:17:17.095 31970 31970 D TimaKeyStoreProvider: TimaSignature is unavailable
11-23 15:17:17.105 31970 31970 D ActivityThread: Added TimaKeyStore provider
11-23 15:17:17.125  3520  4070 I InjectionManagerService -AppFeature: getCoreFeaturePkgList :[]
11-23 15:17:17.125 31970 31970 I InjectionManager: Inside getClassLibPath + mLibMap{0=, 1=}
11-23 15:17:17.125 31970 31970 I InjectionManager: Inside getClassLibPath caller 
11-23 15:17:17.135 31970 31970 D InjectionManager: InjectionManager
11-23 15:17:17.135 31970 31970 D InjectionManager: fillFeatureStoreMap com.samsung.android.bbc.bbcagent
11-23 15:17:17.135 31970 31970 I InjectionManager: Constructor com.samsung.android.bbc.bbcagent, Feature store :{}
11-23 15:17:17.135 31970 31970 I InjectionManager: featureStore :{}
11-23 15:17:17.155  3520  3593 W libprocessgroup: failed to open /acct/uid_10067/pid_31393/cgroup.procs: No such file or directory
11-23 15:17:17.155  3520  4695 E ActivityManager: checkUser: useridlist=null, currentuser=0
11-23 15:17:17.155  3520  4695 E ActivityManager: checkUser: useridlist=null, currentuser=0
11-23 15:17:17.155  3520  4695 E ActivityManager: checkUser: useridlist=null, currentuser=0
11-23 15:17:17.155  3520  4695 E ActivityManager: checkUser: useridlist=null, currentuser=0
11-23 15:17:17.165 31985 31985 E Zygote  : MountEmulatedStorage()
11-23 15:17:17.165 31985 31985 E Zygote  : v2
11-23 15:17:17.165 31985 31985 I libpersona: KNOX_SDCARD checking this for 10115
11-23 15:17:17.165 31985 31985 I libpersona: KNOX_SDCARD not a persona
11-23 15:17:17.175 31985 31985 I SELinux : Function: selinux_compare_spd_ram , priority [2] , priority version is VE=SEPF_SM-G920V_5.0.2_0011
11-23 15:17:17.175 31985 31985 E SELinux : [DEBUG] get_category: variable seinfo: platform sensitivity: NULL, cateogry: NULL
11-23 15:17:17.175  3520  4695 I ActivityManager: Start proc com.android.documentsui for broadcast com.android.documentsui/.PackageReceiver: pid=31985 uid=10115 gids={50115, 9997} abi=arm64-v8a
11-23 15:17:17.175  3520  4695 I ActivityManager: Killing 31409:com.sec.esdk.elm/u0a118 (adj 15): empty #31
11-23 15:17:17.195 31985 31985 D TimaKeyStoreProvider: TimaSignature is unavailable
11-23 15:17:17.195 31985 31985 D ActivityThread: Added TimaKeyStore provider
11-23 15:17:17.215  3520  4604 I InjectionManagerService -AppFeature: getCoreFeaturePkgList :[]
11-23 15:17:17.215 31985 31985 I InjectionManager: Inside getClassLibPath + mLibMap{0=, 1=}
11-23 15:17:17.215 31985 31985 I InjectionManager: Inside getClassLibPath caller 
11-23 15:17:17.235 31985 31985 D InjectionManager: InjectionManager
11-23 15:17:17.235 31985 31985 D InjectionManager: fillFeatureStoreMap com.android.documentsui
11-23 15:17:17.235 31985 31985 I InjectionManager: Constructor com.android.documentsui, Feature store :{}
11-23 15:17:17.235 31985 31985 I InjectionManager: featureStore :{}
11-23 15:17:17.235  3520  3532 E ActivityManager: checkUser: useridlist=null, currentuser=0
11-23 15:17:17.235  3520  3532 E ActivityManager: checkUser: useridlist=null, currentuser=0
11-23 15:17:17.235  3520  3532 E ActivityManager: checkUser: useridlist=null, currentuser=0
11-23 15:17:17.235  3520  3532 E ActivityManager: checkUser: useridlist=null, currentuser=0
11-23 15:17:17.255 32001 32001 E Zygote  : MountEmulatedStorage()
11-23 15:17:17.255 32001 32001 I libpersona: KNOX_SDCARD checking this for 10010
11-23 15:17:17.255 32001 32001 E Zygote  : v2
11-23 15:17:17.255 32001 32001 I libpersona: KNOX_SDCARD not a persona
11-23 15:17:17.255 32001 32001 I SELinux : Function: selinux_compare_spd_ram , priority [2] , priority version is VE=SEPF_SM-G920V_5.0.2_0011
11-23 15:17:17.255 32001 32001 E SELinux : [DEBUG] get_category: variable seinfo: platform sensitivity: NULL, cateogry: NULL
11-23 15:17:17.255  3520  3532 I ActivityManager: Start proc com.android.externalstorage for content provider com.android.externalstorage/.ExternalStorageProvider: pid=32001 uid=10010 gids={50010, 9997, 1028, 1015, 1023} abi=arm64-v8a
11-23 15:17:17.285 32001 32001 D TimaKeyStoreProvider: TimaSignature is unavailable
11-23 15:17:17.285  3520  3593 W libprocessgroup: failed to open /acct/uid_10118/pid_31409/cgroup.procs: No such file or directory
11-23 15:17:17.285 32001 32001 D ActivityThread: Added TimaKeyStore provider
11-23 15:17:17.295  3520  4072 I ActivityManager: Killing 31427:com.verizon.vzwavs/u0a0 (adj 15): empty #31
11-23 15:17:17.295  3520  4695 I ActivityManager: Killing 31448:com.sec.android.service.health/u0a17 (adj 15): empty #31
11-23 15:17:17.305  3520  4604 D ActivityManager: retrieveServiceLocked(): component = com.google.android.gms/com.google.android.gms.chimera.GmsIntentOperationService; callingUser = 0; userId(target) = 0
11-23 15:17:17.305  3520  4604 W ActivityManager: userId = 0, bbcId = -10000
11-23 15:17:17.305  3520  4604 W ActivityManager: NORMAL SET : dst_category = 701, src_allowCategory = 0,701-1023
11-23 15:17:17.305  3520  4604 W ActivityManager: NORMAL SET : srcAppInfo.processName = com.google.android.gms, destAppInfo.processName = com.google.android.gms
11-23 15:17:17.315  3520  3533 D ActivityManager: retrieveServiceLocked(): component = null; callingUser = 0; userId(target) = 0
11-23 15:17:17.315  3520  4678 I InjectionManagerService -AppFeature: getCoreFeaturePkgList :[]
11-23 15:17:17.315  4056  4056 V DownloadManager: onReceive intent + android.intent.action.UID_REMOVED
11-23 15:17:17.315 32001 32001 I InjectionManager: Inside getClassLibPath + mLibMap{0=, 1=}
11-23 15:17:17.315  3520  3533 W ActivityManager: userId = 0, bbcId = -10000
11-23 15:17:17.315  3520  3533 W ActivityManager: NORMAL SET : dst_category = 701, src_allowCategory = 0,701-1023
11-23 15:17:17.315  3520  3533 W ActivityManager: NORMAL SET : srcAppInfo.processName = com.google.android.gms, destAppInfo.processName = com.google.android.gms
11-23 15:17:17.315 32001 32001 I InjectionManager: Inside getClassLibPath caller 
11-23 15:17:17.335 25440 26106 I Icing   : Indexing 8F6AC244A2E5132743F91EF7C270268A266A9FC8 from com.google.android.googlequicksearchbox
11-23 15:17:17.335 25030 25466 W ContentTaskController: Invalid newTask was provided to startTracking.
11-23 15:17:17.335 32001 32001 D ExternalStorage: After updating volumes, found 1 active roots
11-23 15:17:17.335  3520  4439 W ActivityManager: userId = 0, bbcId = -10000
11-23 15:17:17.335  3520  4439 W ActivityManager: NORMAL SET : dst_category = 701, src_allowCategory = 0,701-1023
11-23 15:17:17.335  3520  4439 W ActivityManager: NORMAL SET : srcAppInfo.processName = com.google.android.gms, destAppInfo.processName = com.google.android.gms
11-23 15:17:17.345  3520  4678 D ActivityManager: retrieveServiceLocked(): component = com.google.android.gms/com.google.android.gms.chimera.GmsIntentOperationService; callingUser = 0; userId(target) = 0
11-23 15:17:17.345 32001 32001 D InjectionManager: InjectionManager
11-23 15:17:17.345 32001 32001 D InjectionManager: fillFeatureStoreMap com.android.externalstorage
11-23 15:17:17.345  3520  4678 W ActivityManager: userId = 0, bbcId = -10000
11-23 15:17:17.345  3520  4678 W ActivityManager: NORMAL SET : dst_category = 701, src_allowCategory = 0,701-1023
11-23 15:17:17.345  3520  4678 W ActivityManager: NORMAL SET : srcAppInfo.processName = com.google.android.gms, destAppInfo.processName = com.google.android.gms
11-23 15:17:17.345 32001 32001 I InjectionManager: Constructor com.android.externalstorage, Feature store :{}
11-23 15:17:17.345 32001 32001 I InjectionManager: featureStore :{}
11-23 15:17:17.345  3520  4604 D ActivityManager: retrieveServiceLocked(): component = com.google.android.gms/com.google.android.gms.chimera.GmsIntentOperationService; callingUser = 0; userId(target) = 0
11-23 15:17:17.345  3520  4604 W ActivityManager: userId = 0, bbcId = -10000
11-23 15:17:17.345  3520  4604 W ActivityManager: NORMAL SET : dst_category = 701, src_allowCategory = 0,701-1023
11-23 15:17:17.345  3520  4604 W ActivityManager: NORMAL SET : srcAppInfo.processName = com.google.android.gms, destAppInfo.processName = com.google.android.gms
11-23 15:17:17.355  3520  4681 D ActivityManager: retrieveServiceLocked(): component = com.google.android.gms/com.google.android.gms.chimera.GmsIntentOperationService; callingUser = 0; userId(target) = 0
11-23 15:17:17.355  3520  4681 W ActivityManager: userId = 0, bbcId = -10000
11-23 15:17:17.355  3520  4681 W ActivityManager: NORMAL SET : dst_category = 701, src_allowCategory = 0,701-1023
11-23 15:17:17.355  3520  4681 W ActivityManager: NORMAL SET : srcAppInfo.processName = com.google.android.gms, destAppInfo.processName = com.google.android.gms
11-23 15:17:17.405 31985 32000 D Documents: Update found 6 roots in 173ms
11-23 15:17:17.405  3520  3593 W libprocessgroup: failed to open /acct/uid_10017/pid_31448/cgroup.procs: No such file or directory
11-23 15:17:17.405  3520  3593 W libprocessgroup: failed to open /acct/uid_10000/pid_31427/cgroup.procs: No such file or directory
11-23 15:17:17.415 31985 32016 D Documents: Update found 6 roots in 78ms
11-23 15:17:17.425 25440 26106 I Icing   : Indexing done 8F6AC244A2E5132743F91EF7C270268A266A9FC8
11-23 15:17:17.425 25440 26106 I Icing   : Indexing 0A00F313F490729372F02AF01428A7E3AF45F90F from com.google.android.gms
11-23 15:17:17.435 25440 26106 I Icing   : Indexing done 0A00F313F490729372F02AF01428A7E3AF45F90F
11-23 15:17:17.455  3520  4681 D ActivityManager: retrieveServiceLocked(): component = com.google.android.gms/com.google.android.gms.icing.service.IndexWorkerService; callingUser = 0; userId(target) = 0
11-23 15:17:17.455  3520  4681 W ActivityManager: userId = 0, bbcId = -10000
11-23 15:17:17.455  3520  4681 W ActivityManager: NORMAL SET : dst_category = 701, src_allowCategory = 0,701-1023
11-23 15:17:17.455  3520  4681 W ActivityManager: NORMAL SET : srcAppInfo.processName = com.google.android.gms, destAppInfo.processName = com.google.android.gms
11-23 15:17:17.845  3520  3735 D PackageManager: [MSG] WRITE_PACKAGE_RESTRICTIONS
11-23 15:17:17.875  3520  3735 W System.err: remove failed: ENOENT (No such file or directory) : /data/system/users/0/package-restrictions.xml.bak
11-23 15:17:18.875  4030  4030 D StatusBar.NetworkController: refreshViews connected={ wifi } level=0 combinedSignalIconId=0x7f02054f/com.android.systemui:drawable/stat_sys_wifi_signal_4 mobileLabel= wifiLabel="9902431946" emergencyOnly=false combinedLabel="9902431946" mAirplaneMode=true mDataActivity=0 mPhoneSignalIconId=0x0/(null) mQSPhoneSignalIconId=0x0/(null) mDataDirectionIconId=0x0/(null) mDataSignalIconId=0x0/(null) mDataTypeIconId=0x0/(null) mQSDataTypeIconId=0x0/(null) mNoSimIconId=0x0/(null) mWifiIconId=0x7f02054f/com.android.systemui:drawable/stat_sys_wifi_signal_4 mQSWifiIconId=0x7f020139/com.android.systemui:drawable/ic_qs_wifi_4 mWifiActivityIconId=0x7f020519/com.android.systemui:drawable/stat_sys_signal_inout mBluetoothTetherIconId=0x7f02052c/com.android.systemui:drawable/stat_sys_tether_bluetooth
11-23 15:17:18.875  4030  4030 D STATUSBAR-WifiQuickSettingButton: onWifiSignalChanged enabled=true enabledDesc:"9902431946"
11-23 15:17:18.875  4030  4030 D StatusBar.NetworkController: refreshNwBoosterIndicator - setNWBoosterIndicators(false)
11-23 15:17:18.875  4030  4030 D StatusBar.NetworkController: applyVZW
11-23 15:17:18.885  4030  4030 D SignalClusterView: mMobileDataState:-1, mBtTetherState:false, mHasService:false
11-23 15:17:18.895  4030  4030 D StatusBar.NetworkController: applyVZW : mDataTypeDisabledIconId(null)
11-23 15:17:18.895  4030  4030 D StatusBar.NetworkController: refreshNwBoosterIndicator - setNWBoosterIndicators(false)
11-23 15:17:18.895  4030  4030 D StatusBar.NetworkController: applyVZW
11-23 15:17:18.895  4030  4030 D SignalClusterView: mMobileDataState:-1, mBtTetherState:false, mHasService:false
11-23 15:17:18.905  4030  4030 D StatusBar.NetworkController: applyVZW : mDataTypeDisabledIconId(null)
11-23 15:17:18.905  4030  4030 D StatusBar.NetworkController: refreshNwBoosterIndicator - setNWBoosterIndicators(false)
11-23 15:17:18.905  4030  4030 D StatusBar.NetworkController: applyVZW
11-23 15:17:18.905  4030  4030 D SignalClusterView: mMobileDataState:-1, mBtTetherState:false, mHasService:false
11-23 15:17:18.915  4030  4030 D StatusBar.NetworkController: applyVZW : mDataTypeDisabledIconId(null)
11-23 15:17:18.915  4030  4030 D StatusBar.NetworkController: refreshNwBoosterIndicator - setNWBoosterIndicators(false)
11-23 15:17:18.915  4030  4030 D StatusBar.NetworkController: applyVZW
11-23 15:17:18.915  4030  4030 D StatusBar.NetworkController: applyVZW : mDataTypeDisabledIconId(null)
11-23 15:17:18.925  3520  6476 D SSRM:n  : SIOP:: AP = 420, PST = 477, CP = 246, CUR = -114
11-23 15:17:18.925  3520  6476 D S       : limitCPUFreq:: freq = -1
11-23 15:17:18.925  3520  6476 D CustomFrequencyManagerService: releaseDVFSLockLocked : Getting Lock type frm List : DVFS_MAX_LIMIT  frequency : 1800000  uid : 1000  pid : 3520  tag : SIOP_ARM_MAX@16
11-23 15:17:18.925  3520  6476 D S       : limitGPUFreq:: freq = -1
11-23 15:17:18.925  3520  6476 D S       : broadcastSiopLevelIntent:: currentSiopLevel = 1
11-23 15:17:18.935  4056  4056 D ContentApp:  LEVEL : 1
11-23 15:17:19.285  4227  4227 I wpa_supplicant: wlan0: RX EAPOL from 74:da:38:2b:43:ef
11-23 15:17:19.285  4227  4227 I wpa_supplicant: wlan0: State: COMPLETED -> GROUP_HANDSHAKE
11-23 15:17:19.285  4227  4227 I wpa_supplicant: CTRL-EVENT-STATE-CHANGE id=0 state=8 BSSID=74.43.EF SSID=39393032343331393436
11-23 15:17:19.295  4227  4227 I wpa_supplicant: wlan0: WPA: Group rekeying completed with 74:da:38:2b:43:ef [GTK=TKIP]
11-23 15:17:19.295  4227  4227 I wpa_supplicant: wlan0: State: GROUP_HANDSHAKE -> COMPLETED
11-23 15:17:19.295  4227  4227 I wpa_supplicant: Blacklist: Clear (temp) 
11-23 15:17:19.295  4227  4227 I wpa_supplicant: CTRL-EVENT-STATE-CHANGE id=0 state=9 BSSID=74.43.EF SSID=39393032343331393436
11-23 15:17:19.295  2983  2983 W libEGL  : EGLNativeWindowType 0x7f82c9fa10 disconnect failed
11-23 15:17:19.295  2983  2983 E VirtualDisplaySurface: VirtualDisplaySurface is deleted,WFDMode 0
11-23 15:17:19.305  3520  3945 D SecContentProvider2: uri = 20 selection = getPromptCredentialsEnabled
11-23 15:17:19.305  3520  3945 D SecContentProvider2: mCursor = null
11-23 15:17:19.315  3520  3945 D SecContentProvider2: uri = 20 selection = getPromptCredentialsEnabled
11-23 15:17:19.315  3520  3945 D SecContentProvider2: mCursor = null
11-23 15:17:19.845 31844 31844 W fb4a(:<default>):ServiceInfoParser: X.2dU: Service com.facebook.analytics2.logger.LollipopUploadService is missing meta key com.facebook.common.jobscheduler.compat.jobIds
11-23 15:17:19.845 31844 31844 W fb4a(:<default>):ServiceInfoParser: X.2dU: Service com.facebook.bugreporter.scheduler.LollipopBugReportService is missing meta key com.facebook.common.jobscheduler.compat.jobIds
11-23 15:17:19.845 31844 31844 W fb4a(:<default>):ServiceInfoParser: X.2dU: Service com.facebook.prefetch.feed.scheduler.NewsFeedPrefetchLollipopService is missing meta key com.facebook.common.jobscheduler.compat.jobIds
11-23 15:17:19.875  4030  4030 D StatusBar.NetworkController: refreshViews connected={ wifi } level=0 combinedSignalIconId=0x7f02054f/com.android.systemui:drawable/stat_sys_wifi_signal_4 mobileLabel= wifiLabel="9902431946" emergencyOnly=false combinedLabel="9902431946" mAirplaneMode=true mDataActivity=0 mPhoneSignalIconId=0x0/(null) mQSPhoneSignalIconId=0x0/(null) mDataDirectionIconId=0x0/(null) mDataSignalIconId=0x0/(null) mDataTypeIconId=0x0/(null) mQSDataTypeIconId=0x0/(null) mNoSimIconId=0x0/(null) mWifiIconId=0x7f02054f/com.android.systemui:drawable/stat_sys_wifi_signal_4 mQSWifiIconId=0x7f020139/com.android.systemui:drawable/ic_qs_wifi_4 mWifiActivityIconId=0x7f02051c/com.android.systemui:drawable/stat_sys_signal_no_inout mBluetoothTetherIconId=0x7f02052c/com.android.systemui:drawable/stat_sys_tether_bluetooth
11-23 15:17:19.875  4030  4030 D STATUSBAR-WifiQuickSettingButton: onWifiSignalChanged enabled=true enabledDesc:"9902431946"
11-23 15:17:19.875  4030  4030 D StatusBar.NetworkController: refreshNwBoosterIndicator - setNWBoosterIndicators(false)
11-23 15:17:19.875  4030  4030 D StatusBar.NetworkController: applyVZW
11-23 15:17:19.875  4030  4030 D SignalClusterView: mMobileDataState:-1, mBtTetherState:false, mHasService:false
11-23 15:17:19.885  4030  4030 D StatusBar.NetworkController: applyVZW : mDataTypeDisabledIconId(null)
11-23 15:17:19.885  4030  4030 D StatusBar.NetworkController: refreshNwBoosterIndicator - setNWBoosterIndicators(false)
11-23 15:17:19.885  4030  4030 D StatusBar.NetworkController: applyVZW
11-23 15:17:19.885  4030  4030 D SignalClusterView: mMobileDataState:-1, mBtTetherState:false, mHasService:false
11-23 15:17:19.885  4030  4030 D StatusBar.NetworkController: applyVZW : mDataTypeDisabledIconId(null)
11-23 15:17:19.885  4030  4030 D StatusBar.NetworkController: refreshNwBoosterIndicator - setNWBoosterIndicators(false)
11-23 15:17:19.885  4030  4030 D StatusBar.NetworkController: applyVZW
11-23 15:17:19.885  4030  4030 D SignalClusterView: mMobileDataState:-1, mBtTetherState:false, mHasService:false
11-23 15:17:19.895  4030  4030 D StatusBar.NetworkController: applyVZW : mDataTypeDisabledIconId(null)
11-23 15:17:19.895  4030  4030 D StatusBar.NetworkController: refreshNwBoosterIndicator - setNWBoosterIndicators(false)
11-23 15:17:19.895  4030  4030 D StatusBar.NetworkController: applyVZW
11-23 15:17:19.895  4030  4030 D StatusBar.NetworkController: applyVZW : mDataTypeDisabledIconId(null)
11-23 15:17:19.945 24357 32028 D Aatp    : /ping
11-23 15:17:19.965 31936 31956 W System.err: remove failed: ENOENT (No such file or directory) : /data/data/com.google.android.apps.docs/databases/ClientFlag.db
11-23 15:17:19.965 31936 31956 W System.err: remove failed: ENOENT (No such file or directory) : /data/data/com.google.android.apps.docs/databases/ClientFlag.db-journal
11-23 15:17:19.965 31936 31956 W System.err: remove failed: ENOENT (No such file or directory) : /data/data/com.google.android.apps.docs/databases/ClientFlag.db-shm
11-23 15:17:19.965 31936 31956 W System.err: remove failed: ENOENT (No such file or directory) : /data/data/com.google.android.apps.docs/databases/ClientFlag.db-wal
11-23 15:17:19.975 31936 31956 E SQLiteLog: (284) automatic index on sqlite_sq_7F88044D80(entryId)
11-23 15:17:20.015 31936 31956 W ResourcesManager: Asset path '/system/framework/com.android.media.remotedisplay.jar' does not exist or contains no resources.
11-23 15:17:20.015 31936 31956 W ResourcesManager: Asset path '/system/framework/com.android.location.provider.jar' does not exist or contains no resources.
11-23 15:17:20.015 31936 31956 I InjectionManager: Inside getClassLibPath caller 
11-23 15:17:20.035 31844 31844 W InstanceID/Rpc: Found 10012
11-23 15:17:20.045  3520  3610 W ActivityManager: userId = 0, bbcId = -10000
11-23 15:17:20.045  3520  3610 W ActivityManager: NORMAL SET : dst_category = 701, src_allowCategory = 0,701-1023
11-23 15:17:20.045  3520  3610 W ActivityManager: NORMAL SET : srcAppInfo.processName = com.facebook.katana, destAppInfo.processName = com.google.android.gms
11-23 15:17:20.055 31936 31956 V JNIHelp : Registering com/google/android/gms/org/conscrypt/NativeCrypto's 235 native methods...
11-23 15:17:20.075 31936 31956 I art     : Rejecting re-init on previously-failed class java.lang.Class<com.google.android.gms.org.conscrypt.OpenSSLExtendedSessionImpl>
11-23 15:17:20.075 24357 32034 D Aatp    : /wifi
11-23 15:17:20.075 31936 31956 I art     : Rejecting re-init on previously-failed class java.lang.Class<com.google.android.gms.org.conscrypt.OpenSSLExtendedSessionImpl>
11-23 15:17:20.085  3520  4677 D BatteryService: !@BatteryListener : batteryPropertiesChanged!
11-23 15:17:20.095 25030 25479 W ContentTaskController: Invalid newTask was provided to startTracking.
11-23 15:17:20.095  3520  4677 D BatteryService: level:100, scale:100, status:5, health:2, present:true, voltage: 4342, temperature: 255, technology: Li-ion, AC powered:false, USB powered:true, POGO powered:false, Wireless powered:false, icon:17303396, invalid charger:0
11-23 15:17:20.095  3520  4677 D BatteryService: online:4, current avg:-18, charge type:1, power sharing:false, high voltage charger:false, capacity:280000, current_now:141
11-23 15:17:20.095  3520  3520 D BatteryService: Sending ACTION_BATTERY_CHANGED.
11-23 15:17:20.095  3520  3520 I MotionRecognitionService: Plugged
11-23 15:17:20.095  3520  3520 I MotionRecognitionService: mGripSensorEnabled= false
11-23 15:17:20.095  4030  4030 D KeyguardUpdateMonitor: received broadcast android.intent.action.BATTERY_CHANGED
11-23 15:17:20.095  4030  4030 D KeyguardUpdateMonitor: handleBatteryUpdate
11-23 15:17:20.105 31936 31956 W ActivityThread: ClassLoader.loadClass: The class loader returned by Thread.getContextClassLoader() may fail for processes that host multiple applications. You should explicitly specify a context class loader. For example: Thread.setContextClassLoader(getClass().getClassLoader());
11-23 15:17:20.105 31936 31956 W System  : Could not create com.google.android.gms.org.conscrypt.OpenSSLSocketFactoryImpl with ClassLoader android.app.LoadedApk$WarningContextClassLoader@5feca89: com.google.android.gms.org.conscrypt.OpenSSLSocketFactoryImpl
11-23 15:17:20.105  4357  4357 V EmergencyMode: [EmergencyStateReceiver] onReceive : android.intent.action.BATTERY_CHANGED
11-23 15:17:20.105 31936 31956 I ProviderInstaller: Installed default security provider GmsCore_OpenSSL
11-23 15:17:20.105  4357  4357 V EmergencyMode: [EmergencyStateReceiver] ACTION_BATTERY_CHANGED mBatteryLevelForLogging = 100
11-23 15:17:20.105 24357 32034 D Aatp    : sha1: 6be71950fb8337947945f65e978b7c06664c4d4a
11-23 15:17:20.105 31936 31956 W System.err: remove failed: ENOTEMPTY (Directory not empty) : /data/data/com.google.android.apps.docs/cache/diskCache
11-23 15:17:20.105 31936 31956 W System.err: remove failed: ENOTEMPTY (Directory not empty) : /data/data/com.google.android.apps.docs/cache/docs_glide
11-23 15:17:20.105  4030  4030 D QSTile.TorchLightTile: ACTION_BATTERY_CHANGED - Level :: 100, Status :: 5
11-23 15:17:20.105  4473  4473 D BatteryMonitor: new battery level: 100
11-23 15:17:20.105  4400  4400 D PhoneApp: PhoneAppBroadcastReceiver onReceive android.intent.action.BATTERY_CHANGED
11-23 15:17:20.105 24357 32034 D AatpDeviceManager: k: enabled v: False
11-23 15:17:20.105 24357 32034 D AatpDeviceManager: k: NanoHttpd.QUERY_STRING v: enabled=False
11-23 15:17:20.115  6211  6211 V HeadsetService: HeadsetService - Received Intent.ACTION_BATTERY_CHANGED
11-23 15:17:20.115  6211  6281 D HeadsetStateMachine: Disconnected process message: 10
11-23 15:17:20.115  3520  4678 D ActivityManager: retrieveServiceLocked(): component = com.amazon.aatp.aatpdevicemanager/com.amazon.aatp.aatpdevicemanager.tasks.EnableWifi; callingUser = 0; userId(target) = 0
11-23 15:17:20.115  3520  4678 W ActivityManager: userId = 0, bbcId = -10000
11-23 15:17:20.115  3520  4678 W ActivityManager: NORMAL SET : dst_category = 1023, src_allowCategory = 0,701-1023
11-23 15:17:20.115  3520  4678 W ActivityManager: NORMAL SET : srcAppInfo.processName = com.amazon.aatp.aatpdevicemanager, destAppInfo.processName = com.amazon.aatp.aatpdevicemanager
11-23 15:17:20.125  4400  4400 D TelephonyExtension: Not stopping low battery tone
11-23 15:17:20.125  4030  4030 D BatteryMeterView: ACTION_BATTERY_CHANGED : level:100 status:5 health:2
11-23 15:17:20.135  4030  4030 D BatteryMeterView: ACTION_BATTERY_CHANGED : level:100 status:5 health:2
11-23 15:17:20.135  4030  4030 D BatteryMeterView: ACTION_BATTERY_CHANGED : level:100 status:5 health:2
11-23 15:17:20.135 24357 32034 D Aatp    : /task/6be71950fb8337947945f65e978b7c06664c4d4a
11-23 15:17:20.145  3520  3520 D WindowManager: showStatusBarByNotification() mOpenByNotification=false
11-23 15:17:20.145 24357 24357 D AatpDeviceManager: taskStatus update (6be71950fb8337947945f65e978b7c06664c4d4a: {"state":1})
11-23 15:17:20.155 24357 32039 D AWSDeviceFarmAndroidLib: WifiLock: release
11-23 15:17:20.155 24357 32039 D AWSDeviceFarmAndroidLib: setWifiEnabled: setting wifi to: true
11-23 15:17:20.165 24357 32039 I WifiManager: packageName : com.amazon.aatp.aatpdevicemanagerlabel :AatpDeviceManager
11-23 15:17:20.165  3520  4678 D SecContentProvider: uri = 18 selection = isWifiEnabled
11-23 15:17:20.165  3520  4678 D SecContentProvider2: uri = 20 selection = isWifiStateChangeAllowed
11-23 15:17:20.165  3520  4678 D SecContentProvider2: mCursor = null
11-23 15:17:20.175  3520  4678 D WifiService: setWifiEnabled: true pid=24357, uid=10673
11-23 15:17:20.175  3520  4678 W ActivityManager: Permission Denial: getCurrentUser() from pid=24357, uid=10673 requires android.permission.INTERACT_ACROSS_USERS
11-23 15:17:20.175  3520  4678 W WifiService: Failed getting userId using ActivityManagerNative
11-23 15:17:20.175  3520  4678 W WifiService: java.lang.SecurityException: Permission Denial: getCurrentUser() from pid=24357, uid=10673 requires android.permission.INTERACT_ACROSS_USERS
11-23 15:17:20.175  3520  4678 W WifiService: 	at com.android.server.am.ActivityManagerService.getCurrentUser(ActivityManagerService.java:24694)
11-23 15:17:20.175  3520  4678 W WifiService: 	at com.android.server.wifi.WifiServiceImpl.setWifiEnabled(WifiServiceImpl.java:2210)
11-23 15:17:20.175  3520  4678 W WifiService: 	at com.android.server.wifi.WifiServiceImpl.setWifiEnabled(WifiServiceImpl.java:2198)
11-23 15:17:20.175  3520  4678 W WifiService: 	at android.net.wifi.IWifiManager$Stub.onTransact(IWifiManager.java:223)
11-23 15:17:20.175  3520  4678 W WifiService: 	at android.os.Binder.execTransact(Binder.java:446)
11-23 15:17:20.175  3520  4678 D SettingsProvider: name = wifi_on
11-23 15:17:20.195  4030  4030 D NotificationContentView: AH:256, SH:256
11-23 15:17:20.205  3520  4678 W Settings: Setting tether_dun_required has moved from android.provider.Settings.System to android.provider.Settings.Global
11-23 15:17:20.205  3520  4678 D SettingsProvider: name = tether_dun_required
11-23 15:17:20.205  4030  4030 D NotificationContentView: AH:256, SH:256
11-23 15:17:20.205  4030  4030 D KnoxNotification: ----- inflateViews : modified publicViewLocal -----
11-23 15:17:20.205 24357 32039 D AWSDeviceFarmAndroidLib: setWifiEnabled: wifi is: true
11-23 15:17:20.205  3520  3533 I WifiService: disconnect: pid=24357, uid=10673
11-23 15:17:20.215  4227  4227 I wpa_supplicant: [wpa_supplicant_ctrl_iface_process] : DISCONNECT
11-23 15:17:20.225  4227  4227 I wpa_supplicant: CTRL-EVENT-DISCONNECTED bssid=74.43.EF reason=3 locally_generated=1
11-23 15:17:20.225  4227  4227 I wpa_supplicant: wlan0: State: COMPLETED -> DISCONNECTED
11-23 15:17:20.225  4030  4030 D KnoxNotification: ----- inflateViews : modified KnoxViewLocal -----
11-23 15:17:20.225  4227  4227 I wpa_supplicant: CTRL-EVENT-STATE-CHANGE id=0 state=0 BSSID=74.43.EF SSID=39393032343331393436
11-23 15:17:20.225  4227  4227 I wpa_supplicant: wlan0: State: DISCONNECTED -> DISCONNECTED
11-23 15:17:20.225  4473  4484 D PdnController: Interface Changed wlan0 link up
11-23 15:17:20.225  3520  3945 E WifiStateMachine: WifiStateMachine: Leaving Connected state
11-23 15:17:20.225  3520  3721 D Tethering: interfaceLinkStateChanged wlan0, true
11-23 15:17:20.225  3520  3721 D Tethering: interfaceStatusChanged wlan0, true
11-23 15:17:20.225  3520  3721 D EPDG -- [NETMGMT]: Interface wlan0 link up
11-23 15:17:20.225  3520  3721 I Nat464Xlat: interfaceLinkStateChanged wlan0, true
11-23 15:17:20.225  3520  3951 D EPDG -- [EPDGService]: Interface wlan0 link up
11-23 15:17:20.225  3520  3951 D EPDG -- [EPDGService]: mobileIntfPrefix is rmnet_data
11-23 15:17:20.225  3520  3951 D EPDG -- [EPDGService]: Not Mobile Interface. Ignoring Interface State Change Event
11-23 15:17:20.235  4227  4227 I wpa_supplicant: reset timer : RESET_TIMER 0
11-23 15:17:20.235  4227  4227 I wpa_supplicant: wlan0: Setting scan request: 0 sec 0 usec
11-23 15:17:20.235  4227  4227 I wpa_supplicant: P2P: Current p2p state = IDLE
11-23 15:17:20.235  4227  4227 I wpa_supplicant: wlan0: State: DISCONNECTED -> SCANNING
11-23 15:17:20.235  4227  4227 I wpa_supplicant: CTRL-EVENT-STATE-CHANGE id=-1 state=3 BSSID=00.00.00 SSID=
11-23 15:17:20.235  4227  4227 I wpa_supplicant: First Scan Start
11-23 15:17:20.235  4030  4030 D PersonaManager: PersonaID is invalid or persona doesn't exists. : 0
11-23 15:17:20.235  4030  4030 D PersonaManager: isKioskContainerExistOnDevice
11-23 15:17:20.235  4473  4486 D PdnController: Interface Changed wlan0 link up
11-23 15:17:20.235  4030  4030 D PersonaManager: isKioskContainerExistOnDevice
11-23 15:17:20.235  3520  3721 D Tethering: interfaceLinkStateChanged wlan0, true
11-23 15:17:20.235  3520  3721 D Tethering: interfaceStatusChanged wlan0, true
11-23 15:17:20.235  3520  3721 D EPDG -- [NETMGMT]: Interface wlan0 link up
11-23 15:17:20.235  3520  3721 I Nat464Xlat: interfaceLinkStateChanged wlan0, true
11-23 15:17:20.235  3520  3951 D EPDG -- [EPDGService]: Interface wlan0 link up
11-23 15:17:20.235  3520  3951 D EPDG -- [EPDGService]: mobileIntfPrefix is rmnet_data
11-23 15:17:20.235  3520  3951 D EPDG -- [EPDGService]: Not Mobile Interface. Ignoring Interface State Change Event
11-23 15:17:20.235  4227  4227 I wpa_supplicant: Scan requested (ret=0) - scan timeout 30 seconds
11-23 15:17:20.235  4227  4227 I wpa_supplicant: Scan aborted because the firmware maybe busy.
11-23 15:17:20.235  4227  4227 I wpa_supplicant: Therefore we will repeat the scan command after 1 seconds.
11-23 15:17:20.235  4227  4227 I wpa_supplicant: wlan0: Setting scan request: 1 sec 0 usec
11-23 15:17:20.255  4030  4030 D PanelView: There is/are notification(s) 
11-23 15:17:20.255  4030  4030 D PanelView: kidsfalse mQsExpansionEnabled:true
11-23 15:17:20.265  4030  4030 D PersonaManager: isKioskContainerExistOnDevice
11-23 15:17:20.265  4030  4030 D PanelView: There is/are notification(s) 
11-23 15:17:20.265  4030  4030 D PanelView: kidsfalse mQsExpansionEnabled:true
11-23 15:17:20.275 24357 32040 D Aatp    : /task/6be71950fb8337947945f65e978b7c06664c4d4a/status
11-23 15:17:20.285  3520  3945 E WifiConfigStore: saveWifiConfigBSSID Setting BSSID for "9902431946"WPA_PSK to any
11-23 15:17:20.295  3520  3610 W ActivityManager: userId = 0, bbcId = -10000
11-23 15:17:20.295  3520  3610 W ActivityManager: NORMAL SET : dst_category = 701, src_allowCategory = 0,701-1023
11-23 15:17:20.295  3520  3610 W ActivityManager: NORMAL SET : srcAppInfo.processName = com.facebook.katana, destAppInfo.processName = com.google.android.gms
11-23 15:17:20.305  3520  3944 D WifiP2pService: InactiveState{ what=143375 }
11-23 15:17:20.305  3520  3944 D WifiP2pService: P2pEnabledState{ what=143375 }
11-23 15:17:20.305  2978  3508 D CommandListener: Clearing all IP addresses on wlan0
11-23 15:17:20.305  4030  4030 D StatusBar.NetworkController: refreshViews connected={ wifi } level=0 combinedSignalIconId=0x7f02054f/com.android.systemui:drawable/stat_sys_wifi_signal_4 mobileLabel= wifiLabel="9902431946" emergencyOnly=false combinedLabel="9902431946" mAirplaneMode=true mDataActivity=0 mPhoneSignalIconId=0x0/(null) mQSPhoneSignalIconId=0x0/(null) mDataDirectionIconId=0x0/(null) mDataSignalIconId=0x0/(null) mDataTypeIconId=0x0/(null) mQSDataTypeIconId=0x0/(null) mNoSimIconId=0x0/(null) mWifiIconId=0x7f02054f/com.android.systemui:drawable/stat_sys_wifi_signal_4 mQSWifiIconId=0x7f020139/com.android.systemui:drawable/ic_qs_wifi_4 mWifiActivityIconId=0x7f02051c/com.android.systemui:drawable/stat_sys_signal_no_inout mBluetoothTetherIconId=0x7f02052c/com.android.systemui:drawable/stat_sys_tether_bluetooth
11-23 15:17:20.305  4030  4030 D STATUSBAR-WifiQuickSettingButton: onWifiSignalChanged enabled=true enabledDesc:"9902431946"
11-23 15:17:20.305  4030  4030 D StatusBar.NetworkController: refreshNwBoosterIndicator - setNWBoosterIndicators(false)
11-23 15:17:20.305  4030  4030 D StatusBar.NetworkController: applyVZW
11-23 15:17:20.305 25030 26408 V NativeCrypto: Read error: ssl=0x7f93e48380: I/O error during system call, Connection timed out
11-23 15:17:20.315 25440 25763 V NativeCrypto: Read error: ssl=0x7f6b8848c0: I/O error during system call, Connection timed out
11-23 15:17:20.315 25030 26408 V NativeCrypto: SSL shutdown failed: ssl=0x7f93e48380: I/O error during system call, Broken pipe
11-23 15:17:20.325  3520  3947 E ConnectivityService: updateNetworkInfo()
11-23 15:17:20.325  3520  3947 D ConnectivityService: NetworkAgentInfo [WIFI () - 502] EVENT_NETWORK_INFO_CHANGED, going from CONNECTED to DISCONNECTED, reason = null, [ Transports: WIFI Capabilities: INTERNET&NOT_RESTRICTED&TRUSTED&NOT_VPN LinkUpBandwidth>=1048576Kbps LinkDnBandwidth>=1048576Kbps]
11-23 15:17:20.325  4030  4030 D StatusBar.NetworkController: applyVZW : mDataTypeDisabledIconId(null)
11-23 15:17:20.325  4030  4030 D StatusBar.NetworkController: refreshNwBoosterIndicator - setNWBoosterIndicators(false)
11-23 15:17:20.325  4030  4030 D StatusBar.NetworkController: applyVZW
11-23 15:17:20.325  3520  3947 D ConnectivityService: NetworkAgentInfo [WIFI () - 502] got DISCONNECTED, was satisfying 4
11-23 15:17:20.325 25030 26408 E GCM     : Wifi connection closed with errorCode 20
11-23 15:17:20.325  3520  3945 E WifiConfigStore: saveWifiConfigBSSID Setting BSSID for "9902431946"WPA_PSK to any
11-23 15:17:20.335  3520  3520 I WifiTrafficPoller: evaluateTrafficStatsPolling
11-23 15:17:20.335  3520  3520 D WifiNotificationController: showWifiNotificationForVzw show : false, id : -1
11-23 15:17:20.335  3520  3520 I WifiNotificationController: showVzwWifiNotification: false
11-23 15:17:20.335  3520  3520 D LightsService: [api] [SvcLED] turnOff:: id = 4 (uid: 1000 pid: 3520) 
11-23 15:17:20.335  3520  3520 D LightsService: [SvcLED] setSvcLedStateLocked:: SvcLEDState : 0x0 -> 0x0 | SvcLED(id=4) set Off
11-23 15:17:20.335  3520  3817 D LightsService: [SvcLED] Lux failed to be updated in 700ms. -> handleForcedSvcLEDTasK
11-23 15:17:20.335  3520  3817 D LightsService: [SvcLED]  setSvcLedLightLocked :: Current SvcLED(id=3) maintains its priority right
11-23 15:17:20.335  3520  3520 I CLocInfoService: External Intent Received android.net.wifi.STATE_CHANGE
11-23 15:17:20.345  4030  4030 D StatusBar.NetworkController: applyVZW : mDataTypeDisabledIconId(null)
11-23 15:17:20.355  3520  3533 D ConnectivityService: reportBadNetwork(NetworkAgentInfo [WIFI () - 502]) by 10012
11-23 15:17:20.355  4030  4030 D StatusBar.NetworkController: refreshNwBoosterIndicator - setNWBoosterIndicators(false)
11-23 15:17:20.355  4030  4030 D StatusBar.NetworkController: applyVZW
11-23 15:17:20.355  3520  3951 D EPDG -- [EPDGService]: Wifi is disconnected
11-23 15:17:20.365  3520  4880 D NetworkMonitorNetworkAgentInfo [WIFI () - null]: ValidatedState{ when=-8ms what=532488 arg1=10012