11-23 15:17:08.225 31013 31013 W Finsky  : [1] com.google.android.finsky.FinskyAppImpl.H(1520): No account configured on this device.
11-23 15:17:08.245 31013 31013 W Finsky  : [1] com.google.android.finsky.FinskyAppImpl.H(1520): No account configured on this device.
11-23 15:17:08.255 31013 31013 W Finsky  : [1] com.google.android.finsky.FinskyAppImpl.H(1520): No account configured on this device.
11-23 15:17:08.255 31013 31013 W Finsky  : [1] com.google.android.finsky.FinskyAppImpl.H(1520): No account configured on this device.
11-23 15:17:08.255 31013 31013 W Finsky  : [1] com.google.android.finsky.FinskyAppImpl.H(1520): No account configured on this device.
11-23 15:17:08.265 31013 31013 W Finsky  : [1] com.google.android.finsky.FinskyAppImpl.H(1520): No account configured on this device.
11-23 15:17:08.265 31013 31013 W Finsky  : [1] com.google.android.finsky.FinskyAppImpl.H(1520): No account configured on this device.
11-23 15:17:08.265 31013 31013 W Finsky  : [1] com.google.android.finsky.FinskyAppImpl.H(1520): No account configured on this device.
11-23 15:17:08.275 31013 31013 W Finsky  : [1] com.google.android.finsky.FinskyAppImpl.H(1520): No account configured on this device.
11-23 15:17:08.275 31013 31013 W Finsky  : [1] com.google.android.finsky.FinskyAppImpl.H(1520): No account configured on this device.
11-23 15:17:08.275 31013 31013 W Finsky  : [1] com.google.android.finsky.FinskyAppImpl.H(1520): No account configured on this device.
11-23 15:17:08.275 31013 31013 W Finsky  : [1] com.google.android.finsky.FinskyAppImpl.H(1520): No account configured on this device.
11-23 15:17:08.305 31013 31013 W Finsky  : [1] com.google.android.finsky.FinskyAppImpl.H(1520): No account configured on this device.
11-23 15:17:08.305 31013 31013 W Finsky  : [1] com.google.android.finsky.FinskyAppImpl.H(1520): No account configured on this device.
11-23 15:17:08.305 31013 31013 W Finsky  : [1] com.google.android.finsky.FinskyAppImpl.H(1520): No account configured on this device.
11-23 15:17:08.305 31013 31013 W Finsky  : [1] com.google.android.finsky.FinskyAppImpl.H(1520): No account configured on this device.
11-23 15:17:08.305 31013 31013 W Finsky  : [1] com.google.android.finsky.FinskyAppImpl.H(1520): No account configured on this device.
11-23 15:17:08.305 31013 31013 W Finsky  : [1] com.google.android.finsky.FinskyAppImpl.H(1520): No account configured on this device.
11-23 15:17:08.305 31013 31013 I Finsky  : [1] com.google.android.finsky.services.DailyHygiene.a(238): No need to run daily hygiene.
11-23 15:17:08.315 31013 31013 W Finsky  : [1] com.google.android.finsky.FinskyAppImpl.H(1520): No account configured on this device.
11-23 15:17:08.315 31013 31013 W Finsky  : [1] com.google.android.finsky.FinskyAppImpl.H(1520): No account configured on this device.
11-23 15:17:08.315 31013 31013 W Settings: Setting download_manager_max_bytes_over_mobile has moved from android.provider.Settings.Secure to android.provider.Settings.Global.
11-23 15:17:08.315 31013 31013 W Settings: Setting download_manager_recommended_max_bytes_over_mobile has moved from android.provider.Settings.Secure to android.provider.Settings.Global.
11-23 15:17:08.315 31013 31013 W Finsky  : [1] com.google.android.finsky.FinskyAppImpl.H(1520): No account configured on this device.
11-23 15:17:08.325 31013 31013 W Finsky  : [1] com.google.android.finsky.FinskyAppImpl.H(1520): No account configured on this device.
11-23 15:17:08.325  3520  3533 D ActivityManager: retrieveServiceLocked(): component = com.android.vending/com.google.android.finsky.wear.WearSupportService; callingUser = 0; userId(target) = 0
11-23 15:17:08.325  3520  3533 W ActivityManager: userId = 0, bbcId = -10000
11-23 15:17:08.325  3520  3533 W ActivityManager: NORMAL SET : dst_category = 701, src_allowCategory = 0,701-1023
11-23 15:17:08.325  3520  3533 W ActivityManager: NORMAL SET : srcAppInfo.processName = com.android.vending, destAppInfo.processName = com.android.vending
11-23 15:17:08.335 31013 31013 W Finsky  : [1] com.google.android.finsky.FinskyAppImpl.H(1520): No account configured on this device.
11-23 15:17:08.335 31013 31013 W Finsky  : [1] com.google.android.finsky.FinskyAppImpl.H(1520): No account configured on this device.
11-23 15:17:08.335 31013 31013 W Finsky  : [1] com.google.android.finsky.FinskyAppImpl.H(1520): No account configured on this device.
11-23 15:17:08.335 31013 31013 W Finsky  : [1] com.google.android.finsky.FinskyAppImpl.H(1520): No account configured on this device.
11-23 15:17:08.335 31013 31013 W Finsky  : [1] com.google.android.finsky.FinskyAppImpl.H(1520): No account configured on this device.
11-23 15:17:08.345 31013 31013 W Finsky  : [1] com.google.android.finsky.FinskyAppImpl.H(1520): No account configured on this device.
11-23 15:17:08.345 31013 31013 W Finsky  : [1] com.google.android.finsky.FinskyAppImpl.H(1520): No account configured on this device.
11-23 15:17:08.345 31013 31013 W Finsky  : [1] com.google.android.finsky.FinskyAppImpl.H(1520): No account configured on this device.
11-23 15:17:08.345 31013 31013 W Finsky  : [1] com.google.android.finsky.FinskyAppImpl.H(1520): No account configured on this device.
11-23 15:17:08.345 31013 31013 W Finsky  : [1] com.google.android.finsky.FinskyAppImpl.b(1224): No account configured on this device.
11-23 15:17:08.355 31013 31013 W Finsky  : [1] com.google.android.finsky.FinskyAppImpl.H(1520): No account configured on this device.
11-23 15:17:08.355 31013 31013 W Finsky  : [1] com.google.android.finsky.FinskyAppImpl.H(1520): No account configured on this device.
11-23 15:17:08.355 31013 31013 W Finsky  : [1] com.google.android.finsky.FinskyAppImpl.H(1520): No account configured on this device.
11-23 15:17:08.355 31013 31013 W Finsky  : [1] com.google.android.finsky.FinskyAppImpl.H(1520): No account configured on this device.
11-23 15:17:08.355 31013 31013 W Finsky  : [1] com.google.android.finsky.FinskyAppImpl.H(1520): No account configured on this device.
11-23 15:17:08.355 31013 31013 D InjectionManager: InjectionManager
11-23 15:17:08.355 31013 31013 D InjectionManager: fillFeatureStoreMap com.android.vending
11-23 15:17:08.355 31013 31013 I InjectionManager: Constructor com.android.vending, Feature store :{}
11-23 15:17:08.355 31013 31013 I InjectionManager: featureStore :{}
11-23 15:17:08.365 31013 31013 W Finsky  : [1] com.google.android.finsky.FinskyAppImpl.H(1520): No account configured on this device.
11-23 15:17:08.365 31013 31013 I Finsky  : [1] com.google.android.finsky.wear.WearSupportService.a(307): Wear auto uninstall disabled for package com.trellis
11-23 15:17:08.365  3520  4678 D ActivityManager: retrieveServiceLocked(): component = com.android.vending/com.google.android.finsky.wear.WearSupportService; callingUser = 0; userId(target) = 0
11-23 15:17:08.365  3520  4678 W ActivityManager: userId = 0, bbcId = -10000
11-23 15:17:08.365  3520  4678 W ActivityManager: NORMAL SET : dst_category = 701, src_allowCategory = 0,701-1023
11-23 15:17:08.365  3520  4678 W ActivityManager: NORMAL SET : srcAppInfo.processName = com.android.vending, destAppInfo.processName = com.android.vending
11-23 15:17:08.375 31013 31013 W Finsky  : [1] com.google.android.finsky.FinskyAppImpl.H(1520): No account configured on this device.
11-23 15:17:08.375 31013 31013 W Finsky  : [1] com.google.android.finsky.FinskyAppImpl.H(1520): No account configured on this device.
11-23 15:17:08.375  3520  4706 E ActivityManager: checkUser: useridlist=null, currentuser=0
11-23 15:17:08.375  3520  4706 E ActivityManager: checkUser: useridlist=null, currentuser=0
11-23 15:17:08.375  3520  4706 E ActivityManager: checkUser: useridlist=null, currentuser=0
11-23 15:17:08.375  3520  4706 E ActivityManager: checkUser: useridlist=null, currentuser=0
11-23 15:17:08.375 31013 31074 W Finsky  : [3206] com.google.android.finsky.FinskyAppImpl.H(1520): No account configured on this device.
11-23 15:17:08.385 31013 31074 V GoogleSignatureVerifier: com.google.android.gms signature not valid.  Found: 
11-23 15:17:08.385 31013 31074 V GoogleSignatureVerifier: MIIEQzCCAyugAwIBAgIJAMLgh0ZkSjCNMA0GCSqGSIb3DQEBBAUAMHQxCzAJBgNVBAYTAlVTMRMw
11-23 15:17:08.385 31013 31074 V GoogleSignatureVerifier: EQYDVQQIEwpDYWxpZm9ybmlhMRYwFAYDVQQHEw1Nb3VudGFpbiBWaWV3MRQwEgYDVQQKEwtHb29n
11-23 15:17:08.385 31013 31074 V GoogleSignatureVerifier: bGUgSW5jLjEQMA4GA1UECxMHQW5kcm9pZDEQMA4GA1UEAxMHQW5kcm9pZDAeFw0wODA4MjEyMzEz
11-23 15:17:08.385 31013 31074 V GoogleSignatureVerifier: MzRaFw0zNjAxMDcyMzEzMzRaMHQxCzAJBgNVBAYTAlVTMRMwEQYDVQQIEwpDYWxpZm9ybmlhMRYw
11-23 15:17:08.385 31013 31074 V GoogleSignatureVerifier: FAYDVQQHEw1Nb3VudGFpbiBWaWV3MRQwEgYDVQQKEwtHb29nbGUgSW5jLjEQMA4GA1UECxMHQW5k
11-23 15:17:08.385 31013 31074 V GoogleSignatureVerifier: cm9pZDEQMA4GA1UEAxMHQW5kcm9pZDCCASAwDQYJKoZIhvcNAQEBBQADggENADCCAQgCggEBAKtW
11-23 15:17:08.385 31013 31074 V GoogleSignatureVerifier: LgDYO6IIrgqWbxJOKdoR8qtW0I9Y4sypEwPpt1TTcvZApxsdyxMJZ2JORland2qSGT2y5b+3JKke
11-23 15:17:08.385 31013 31074 V GoogleSignatureVerifier: dxiLDmpHpDsz2WCbdxgxRczfey5YZnTJ4VZbH0xqWVW/8lGmPav5xVwnIiJS6HXk+BVKZF+JcWjA
11-23 15:17:08.385 31013 31074 V GoogleSignatureVerifier: sb/GEuq/eFdpuzSqeYTcfi6idkyugwfYwXFU1+5fZKUaRKYCwkkFQVfcAs1fXA5V+++FGfvjJ/Cx
11-23 15:17:08.385 31013 31074 V GoogleSignatureVerifier: URaSxaBvGdGDhfXE28LWuT9ozCl5xw4Yq5OGazvV24mZVSoOO0yZ31j7kYvtwYK6NeADwbSxDdJE
11-23 15:17:08.385 31013 31074 V GoogleSignatureVerifier: qO4k//0zOHKrUiGYXtqw/A0LFFtqoZKFjnkCAQOjgdkwgdYwHQYDVR0OBBYEFMd9jMIhF1Ylmn/T
11-23 15:17:08.385 31013 31074 V GoogleSignatureVerifier: gt9r45jk14alMIGmBgNVHSMEgZ4wgZuAFMd9jMIhF1Ylmn/Tgt9r45jk14aloXikdjB0MQswCQYD
11-23 15:17:08.385 31013 31074 V GoogleSignatureVerifier: VQQGEwJVUzETMBEGA1UECBMKQ2FsaWZvcm5pYTEWMBQGA1UEBxMNTW91bnRhaW4gVmlldzEUMBIG
11-23 15:17:08.385 31013 31074 V GoogleSignatureVerifier: A1UEChMLR29vZ2xlIEluYy4xEDAOBgNVBAsTB0FuZHJvaWQxEDAOBgNVBAMTB0FuZHJvaWSCCQDC
11-23 15:17:08.385 31013 31074 V GoogleSignatureVerifier: 4IdGZEowjTAMBgNVHRMEBTADAQH/MA0GCSqGSIb3DQEBBAUAA4IBAQBt0lLO74UwLDYKqs6Tm8/y
11-23 15:17:08.385 31013 31074 V GoogleSignatureVerifier: zKkEu116FmH4rkaymUIE0P9KaMftGlMexFlaYjzmB2OxZyl6euNXEsQH8gjwyxCUKRJNexBiGcCE
11-23 15:17:08.385 31013 31074 V GoogleSignatureVerifier: yj6z+a1fuHHvkiaai+KL8W1EyNmgjmyy8AW7P+LLlkR+ho5zEHatRbM/YAnqGcFh5iZBqpknHf1S
11-23 15:17:08.385 31013 31074 V GoogleSignatureVerifier: KMXFh4dd239FJ1jWYfbMDMy3NS5CTMQ2XFI1MvcyUTdZPErjQfTbQe3aDQsQcafEQPD+nqActifK
11-23 15:17:08.385 31013 31074 V GoogleSignatureVerifier: Z0Np0IS9L9kR/wbNvyz6ENwPiTrjV2KRkEjH78ZMcUQXg0L3BYHJ3lc69Vs5Ddf9uUGGMYldX3Wf
11-23 15:17:08.385 31013 31074 V GoogleSignatureVerifier: MBEmh/9iFBDAaTCK
11-23 15:17:08.395 31075 31075 E Zygote  : MountEmulatedStorage()
11-23 15:17:08.395 31075 31075 I libpersona: KNOX_SDCARD checking this for 10121
11-23 15:17:08.395 31075 31075 E Zygote  : v2
11-23 15:17:08.395 31075 31075 I libpersona: KNOX_SDCARD not a persona
11-23 15:17:08.395 31075 31075 I SELinux : Function: selinux_compare_spd_ram , priority [2] , priority version is VE=SEPF_SM-G920V_5.0.2_0011
11-23 15:17:08.395 31075 31075 E SELinux : [DEBUG] get_category: variable seinfo: default sensitivity: NULL, cateogry: NULL
11-23 15:17:08.395  3520  4706 I ActivityManager: Start proc com.facebook.katana for broadcast com.facebook.katana/com.facebook.feed.platformads.AppInstallReceiver: pid=31075 uid=10121 gids={50121, 9997, 1028, 1015, 3003} abi=armeabi-v7a
11-23 15:17:08.395  3520  3940 D ActivityManager: retrieveServiceLocked(): component = null; callingUser = 0; userId(target) = 0
11-23 15:17:08.395  3520  3940 W ActivityManager: userId = 0, bbcId = -10000
11-23 15:17:08.395  3520  3940 W ActivityManager: NORMAL SET : dst_category = 701, src_allowCategory = 0,701-1023
11-23 15:17:08.395  3520  3940 W ActivityManager: NORMAL SET : srcAppInfo.processName = com.android.vending, destAppInfo.processName = com.google.android.gms
11-23 15:17:08.405  3520  4415 I ActivityManager: Killing 30627:com.android.documentsui/u0a115 (adj 15): empty #31
11-23 15:17:08.415 31013 31013 I Finsky  : [1] com.google.android.finsky.installer.z.a(1287): Installer kick - no action, not running yet
11-23 15:17:08.415 31075 31075 D TimaKeyStoreProvider: TimaSignature is unavailable
11-23 15:17:08.425 31075 31075 D ActivityThread: Added TimaKeyStore provider
11-23 15:17:08.425 31013 31013 W Finsky  : [1] com.google.android.finsky.FinskyAppImpl.H(1520): No account configured on this device.
11-23 15:17:08.425 31013 31013 W Finsky  : [1] com.google.android.finsky.FinskyAppImpl.H(1520): No account configured on this device.
11-23 15:17:08.435  3520  3940 D ActivityManager: retrieveServiceLocked(): component = null; callingUser = 0; userId(target) = 0
11-23 15:17:08.435  3520  3940 W ActivityManager: userId = 0, bbcId = -10000
11-23 15:17:08.435  3520  3940 W ActivityManager: NORMAL SET : dst_category = 701, src_allowCategory = 0,701-1023
11-23 15:17:08.435  3520  3940 W ActivityManager: NORMAL SET : srcAppInfo.processName = com.android.vending, destAppInfo.processName = com.google.android.gms
11-23 15:17:08.435 31013 31013 I Finsky  : [1] com.google.android.finsky.c.l.a(250): result=false type=4
11-23 15:17:08.435  3520  4695 D ActivityManager: retrieveServiceLocked(): component = com.android.vending/com.google.android.finsky.services.RestoreService; callingUser = 0; userId(target) = 0
11-23 15:17:08.435  3520  4695 W ActivityManager: userId = 0, bbcId = -10000
11-23 15:17:08.435  3520  4695 W ActivityManager: NORMAL SET : dst_category = 701, src_allowCategory = 0,701-1023
11-23 15:17:08.435  3520  4695 W ActivityManager: NORMAL SET : srcAppInfo.processName = com.android.vending, destAppInfo.processName = com.android.vending
11-23 15:17:08.445 25030 25030 I WearableService: Wear is not allowed to run on this device. Not starting Wear service.
11-23 15:17:08.445 31013 31013 W System.err: remove failed: ENOENT (No such file or directory) : /data/data/com.android.vending/databases/assets14.db
11-23 15:17:08.445 31013 31013 W System.err: remove failed: ENOENT (No such file or directory) : /data/data/com.android.vending/databases/assets14.db-journal
11-23 15:17:08.445 31013 31013 W System.err: remove failed: ENOENT (No such file or directory) : /data/data/com.android.vending/databases/assets14.db-shm
11-23 15:17:08.445 31013 31013 W System.err: remove failed: ENOENT (No such file or directory) : /data/data/com.android.vending/databases/assets14.db-wal
11-23 15:17:08.445 31013 31013 W System.err: remove failed: ENOENT (No such file or directory) : /data/data/com.android.vending/databases/market_assets.db
11-23 15:17:08.445 31013 31013 W System.err: remove failed: ENOENT (No such file or directory) : /data/data/com.android.vending/databases/market_assets.db-journal
11-23 15:17:08.445  3520  4070 I InjectionManagerService -AppFeature: getCoreFeaturePkgList :[]
11-23 15:17:08.445 31013 31013 W System.err: remove failed: ENOENT (No such file or directory) : /data/data/com.android.vending/databases/market_assets.db-shm
11-23 15:17:08.445 31013 31013 W System.err: remove failed: ENOENT (No such file or directory) : /data/data/com.android.vending/databases/market_assets.db-wal
11-23 15:17:08.445 31075 31075 I InjectionManager: Inside getClassLibPath + mLibMap{0=, 1=}
11-23 15:17:08.455 31013 31013 I Finsky  : [1] com.google.android.finsky.services.bd.a(1069): Restore complete with 0 success and 0 failed.
11-23 15:17:08.455 31075 31075 W ResourcesManager: Asset path '/system/framework/com.google.android.maps.jar' does not exist or contains no resources.
11-23 15:17:08.465 31013 31074 W Finsky  : [3206] com.google.android.finsky.FinskyAppImpl.H(1520): No account configured on this device.
11-23 15:17:08.465 31075 31075 I InjectionManager: Inside getClassLibPath caller 
11-23 15:17:08.465 31013 31013 E Finsky  : [1] com.google.android.finsky.wear.bp.a(843): onConnectionFailed: ConnectionResult{statusCode=API_UNAVAILABLE, resolution=null, message=null}
11-23 15:17:08.465 31013 31013 I Finsky  : [1] com.google.android.finsky.wear.an.run(2399): Dropping command=send_installed_apps due to Gms not connected
11-23 15:17:08.465 31013 31013 I Finsky  : [1] com.google.android.finsky.wear.an.run(2399): Dropping command=send_installed_apps due to Gms not connected
11-23 15:17:08.475  3520  4604 I ActivityManager: Killing 30643:com.android.externalstorage/u0a10 (adj 15): empty #31
11-23 15:17:08.475 31013 31074 W Finsky  : [3206] com.google.android.finsky.FinskyAppImpl.H(1520): No account configured on this device.
11-23 15:17:08.475 31071 31071 D AndroidRuntime: 
11-23 15:17:08.475 31071 31071 D AndroidRuntime: >>>>>> AndroidRuntime START com.android.internal.os.RuntimeInit <<<<<<
11-23 15:17:08.475 31071 31071 D AndroidRuntime: CheckJNI is OFF
11-23 15:17:08.475 31071 31071 D AndroidRuntime: readGMSProperty: start
11-23 15:17:08.475 31071 31071 D AndroidRuntime: readGMSProperty: already setted!!
11-23 15:17:08.475 31071 31071 D AndroidRuntime: propertySet: couldn't set property (it is from app)
11-23 15:17:08.475 31071 31071 D AndroidRuntime: readGMSProperty: could not set the property(default)!!
11-23 15:17:08.475 31071 31071 D AndroidRuntime: readGMSProperty: end
11-23 15:17:08.475 31071 31071 D AndroidRuntime: addProductProperty: start
11-23 15:17:08.515 31075 31075 W System.err: remove failed: ENOENT (No such file or directory) : /data/data/com.facebook.katana/remedy_log
11-23 15:17:08.515  3520  3593 W libprocessgroup: failed to open /acct/uid_10115/pid_30627/cgroup.procs: No such file or directory
11-23 15:17:08.535 31075 31096 W System.err: remove failed: ENOENT (No such file or directory) : /data/data/com.facebook.katana/app_libs
11-23 15:17:08.545  3520  3593 W libprocessgroup: failed to open /acct/uid_10010/pid_30643/cgroup.procs: No such file or directory
11-23 15:17:08.565 31075 31096 V dalvik-internals: Hooking function _ZN3art12FaultManager35EnsureArtActionInFrontOfSignalChainEv
11-23 15:17:08.565 31075 31096 V dalvik-internals: hooked _ZN3art12FaultManager35EnsureArtActionInFrontOfSignalChainEv using jump ()
11-23 15:17:08.565 31075 31096 V dalvik-internals: hooked signal using trap ()
11-23 15:17:08.565 31075 31096 V dalvik-internals: hooked sysv_signal using trap ()
11-23 15:17:08.565 31075 31096 V dalvik-internals: hooked bsd_signal using trap ()
11-23 15:17:08.565 31075 31096 V dalvik-internals: hooked sigaction using jump ()
11-23 15:17:08.565 31075 31096 V dalvik-internals: Hooking function _ZN3art6mirror5Class19FindInterfaceMethodEPKNS0_8DexCacheEj
11-23 15:17:08.565 31075 31096 V dalvik-internals: hooked _ZN3art6mirror5Class19FindInterfaceMethodEPKNS0_8DexCacheEj using jump ()
11-23 15:17:08.565 31075 31096 V dalvik-internals: Hooking function _ZN3art6mirror5Class25FindDeclaredVirtualMethodEPKNS0_8DexCacheEj
11-23 15:17:08.565 31075 31096 V dalvik-internals: hooked _ZN3art6mirror5Class25FindDeclaredVirtualMethodEPKNS0_8DexCacheEj using jump ()
11-23 15:17:08.565 31075 31096 V dalvik-internals: Hooking function _ZN3art6mirror5Class17FindVirtualMethodEPKNS0_8DexCacheEj
11-23 15:17:08.565 31075 31096 V dalvik-internals: hooked _ZN3art6mirror5Class17FindVirtualMethodEPKNS0_8DexCacheEj using jump ()
11-23 15:17:08.565 31075 31096 V appstatelogger: Registered App State Logger stream with Breakpad
11-23 15:17:08.565 31075 31096 I dalvik-internals: installed sigmux crash handler for crash log
11-23 15:17:08.575 31075 31096 V dalvik-internals: Hooking function _ZN3art15DexFileVerifier6VerifyEPKNS_7DexFileEPKhjPKcPNSt3__112basic_stringIcNS8_11char_traitsIcEENS8_9allocatorIcEEEE
11-23 15:17:08.575 31075 31096 V dalvik-internals: hooked _ZN3art15DexFileVerifier6VerifyEPKNS_7DexFileEPKhjPKcPNSt3__112basic_stringIcNS8_11char_traitsIcEENS8_9allocatorIcEEEE using jump ()
11-23 15:17:08.575 31075 31096 V dalvik-internals: hooked fork
11-23 15:17:08.605 31071 31071 E AffinityControl: AffinityControl: registerfunction enter
11-23 15:17:08.615 31071 31071 D AndroidRuntime: Calling main entry com.android.commands.am.Am
11-23 15:17:08.615  3520  4072 I ActivityManager: sanitizing user id to all except knox due to call from shell
11-23 15:17:08.615  3520  4072 V ApplicationPolicy: isApplicationStateBlocked userId -4 pkgname com.google.identitytoolkit.demo
11-23 15:17:08.615 31071 31071 D AndroidRuntime: Shutting down VM
11-23 15:17:08.825 31071 31071 W art     : ConditionVariable::~ConditionVariable for GC request condition variable called with 1 waiters.
11-23 15:17:08.855  4030  4030 D StatusBar.NetworkController: refreshViews connected={ wifi } level=0 combinedSignalIconId=0x7f02054f/com.android.systemui:drawable/stat_sys_wifi_signal_4 mobileLabel= wifiLabel="9902431946" emergencyOnly=false combinedLabel="9902431946" mAirplaneMode=true mDataActivity=0 mPhoneSignalIconId=0x0/(null) mQSPhoneSignalIconId=0x0/(null) mDataDirectionIconId=0x0/(null) mDataSignalIconId=0x0/(null) mDataTypeIconId=0x0/(null) mQSDataTypeIconId=0x0/(null) mNoSimIconId=0x0/(null) mWifiIconId=0x7f02054f/com.android.systemui:drawable/stat_sys_wifi_signal_4 mQSWifiIconId=0x7f020139/com.android.systemui:drawable/ic_qs_wifi_4 mWifiActivityIconId=0x7f02051c/com.android.systemui:drawable/stat_sys_signal_no_inout mBluetoothTetherIconId=0x7f02052c/com.android.systemui:drawable/stat_sys_tether_bluetooth
11-23 15:17:08.855  4030  4030 D STATUSBAR-WifiQuickSettingButton: onWifiSignalChanged enabled=true enabledDesc:"9902431946"
11-23 15:17:08.855  4030  4030 D StatusBar.NetworkController: refreshNwBoosterIndicator - setNWBoosterIndicators(false)
11-23 15:17:08.855  4030  4030 D StatusBar.NetworkController: applyVZW
11-23 15:17:08.855  4030  4030 D SignalClusterView: mMobileDataState:-1, mBtTetherState:false, mHasService:false
11-23 15:17:08.855  4030  4030 D StatusBar.NetworkController: applyVZW : mDataTypeDisabledIconId(null)
11-23 15:17:08.855  4030  4030 D StatusBar.NetworkController: refreshNwBoosterIndicator - setNWBoosterIndicators(false)
11-23 15:17:08.855  4030  4030 D StatusBar.NetworkController: applyVZW
11-23 15:17:08.855  4030  4030 D SignalClusterView: mMobileDataState:-1, mBtTetherState:false, mHasService:false
11-23 15:17:08.855  4030  4030 D StatusBar.NetworkController: applyVZW : mDataTypeDisabledIconId(null)
11-23 15:17:08.855  4030  4030 D StatusBar.NetworkController: refreshNwBoosterIndicator - setNWBoosterIndicators(false)
11-23 15:17:08.855  4030  4030 D StatusBar.NetworkController: applyVZW
11-23 15:17:08.855  4030  4030 D SignalClusterView: mMobileDataState:-1, mBtTetherState:false, mHasService:false
11-23 15:17:08.865  4030  4030 D StatusBar.NetworkController: applyVZW : mDataTypeDisabledIconId(null)
11-23 15:17:08.865  4030  4030 D StatusBar.NetworkController: refreshNwBoosterIndicator - setNWBoosterIndicators(false)
11-23 15:17:08.865  4030  4030 D StatusBar.NetworkController: applyVZW
11-23 15:17:08.865  4030  4030 D StatusBar.NetworkController: applyVZW : mDataTypeDisabledIconId(null)
11-23 15:17:08.915  3520  6476 D SSRM:n  : SIOP:: AP = 430, PST = 485, CP = 248, CUR = -63
11-23 15:17:08.965 31075 31109 W 0SJ     : Verify
11-23 15:17:09.265 31118 31118 D AndroidRuntime: 
11-23 15:17:09.265 31118 31118 D AndroidRuntime: >>>>>> AndroidRuntime START com.android.internal.os.RuntimeInit <<<<<<
11-23 15:17:09.265 31118 31118 D AndroidRuntime: CheckJNI is OFF
11-23 15:17:09.265 31118 31118 D AndroidRuntime: readGMSProperty: start
11-23 15:17:09.265 31118 31118 D AndroidRuntime: readGMSProperty: already setted!!
11-23 15:17:09.265 31118 31118 D AndroidRuntime: propertySet: couldn't set property (it is from app)
11-23 15:17:09.265 31118 31118 D AndroidRuntime: readGMSProperty: could not set the property(default)!!
11-23 15:17:09.265 31118 31118 D AndroidRuntime: readGMSProperty: end
11-23 15:17:09.265 31118 31118 D AndroidRuntime: addProductProperty: start
11-23 15:17:09.385 31118 31118 E AffinityControl: AffinityControl: registerfunction enter
11-23 15:17:09.405 31118 31118 D AndroidRuntime: Calling main entry com.android.commands.pm.Pm
11-23 15:17:09.405  3520  4412 V ApplicationPolicy: isApplicationStateBlocked userId 0 pkgname com.google.identitytoolkit.demo
11-23 15:17:09.405  3520  4412 I ActivityManager: Force stopping com.google.identitytoolkit.demo appid=10674 user=0: clear data
11-23 15:17:09.415  3520  4412 I ActivityManager: Force stopping com.google.identitytoolkit.demo appid=10674 user=0: clear data
11-23 15:17:09.415  3520  4412 V ApplicationPolicy: isApplicationStateBlocked userId 0 pkgname com.google.identitytoolkit.demo
11-23 15:17:09.415  3520  4412 D PackageManager: START CLEAR APPLICATION USER DATA: observer{814489401}
11-23 15:17:09.415  3520  4412 D PackageManager: pkg{<packageName>}
11-23 15:17:09.415  3520  4412 D PackageManager: user{0}
11-23 15:17:09.415  3520  4412 V ApplicationPolicy: isApplicationStateBlocked userId 0 pkgname com.google.identitytoolkit.demo
11-23 15:17:09.415  3520  3735 D PackageManager: [MSG] CLEAR_APPLICATION_USER_DATA
11-23 15:17:09.415  3520  3981 D TaskPersister: removeObsoleteFile: deleting file=71_task.xml
11-23 15:17:09.435  3520  3735 D ActivityManager: retrieveServiceLocked(): component = com.android.defcontainer/com.android.defcontainer.DefaultContainerService; callingUser = 0; userId(target) = 0
11-23 15:17:09.445  4385  4385 D PersonaManager: isKioskContainerExistOnDevice
11-23 15:17:09.455  4385  4385 D RegisteredServicesCache: empty dynamic service
11-23 15:17:09.455 25030 25470 W GeofencerStateMachine: Ignoring removeGeofence because network location is disabled.
11-23 15:17:09.455  4385  4385 D PersonaManager: isKioskContainerExistOnDevice
11-23 15:17:09.465  3520  3735 D PackageManager: result of install: true{814489401}
11-23 15:17:09.465 31118 31118 D AndroidRuntime: Shutting down VM
11-23 15:17:09.465  4385  4385 D RegisteredServicesCache: empty dynamic service
11-23 15:17:09.565 31075 31141 W fb4a(:<default>):0ay: The sessioned store is not available. Are you fetching sessioned quick experiment data while the user is logged out?
11-23 15:17:09.675 31118 31118 W art     : ConditionVariable::~ConditionVariable for GC request condition variable called with 1 waiters.
11-23 15:17:09.785  3520  4072 D ActivityManager: retrieveServiceLocked(): component = com.facebook.katana/com.facebook.feed.platformads.AppInstallService; callingUser = 0; userId(target) = 0
11-23 15:17:09.785  3520  4072 W ActivityManager: userId = 0, bbcId = -10000
11-23 15:17:09.785  3520  4072 W ActivityManager: NORMAL SET : dst_category = 1023, src_allowCategory = 0,701-1023
11-23 15:17:09.785  3520  4072 W ActivityManager: NORMAL SET : srcAppInfo.processName = com.facebook.katana, destAppInfo.processName = com.facebook.katana
11-23 15:17:09.785 31075 31075 D InjectionManager: InjectionManager
11-23 15:17:09.785 31075 31075 D InjectionManager: fillFeatureStoreMap com.facebook.katana
11-23 15:17:09.795 31075 31075 I InjectionManager: Constructor com.facebook.katana, Feature store :{}
11-23 15:17:09.795 31075 31075 I InjectionManager: featureStore :{}
11-23 15:17:09.795  3520  4072 D ActivityManager: retrieveServiceLocked(): component = com.google.android.googlequicksearchbox/com.google.android.apps.gsa.search.core.icingsync.UpdateIcingCorporaService; callingUser = 0; userId(target) = 0
11-23 15:17:09.795  3520  4072 W ActivityManager: userId = 0, bbcId = -10000
11-23 15:17:09.795  3520  4072 W ActivityManager: NORMAL SET : dst_category = 701, src_allowCategory = 0,701-1023
11-23 15:17:09.795  3520  4072 W ActivityManager: NORMAL SET : srcAppInfo.processName = com.google.android.googlequicksearchbox, destAppInfo.processName = com.google.android.googlequicksearchbox
11-23 15:17:09.795  3520  4070 D ActivityManager: retrieveServiceLocked(): component = com.google.android.googlequicksearchbox/com.google.android.apps.gsa.search.core.icingsync.UpdateIcingCorporaService; callingUser = 0; userId(target) = 0
11-23 15:17:09.795  3520  4070 W ActivityManager: userId = 0, bbcId = -10000
11-23 15:17:09.795  3520  4070 W ActivityManager: NORMAL SET : dst_category = 701, src_allowCategory = 0,701-1023
11-23 15:17:09.795  3520  4070 W ActivityManager: NORMAL SET : srcAppInfo.processName = com.google.android.googlequicksearchbox, destAppInfo.processName = com.google.android.googlequicksearchbox
11-23 15:17:09.805  3520  4439 I ActivityManager: Killing 30658:com.android.calendar/u0a166 (adj 15): empty #31
11-23 15:17:09.805  4518 31154 I UpdateIcingCorporaServi: Updating corpora: APPS=com.trellis, CONTACTS=MAYBE
11-23 15:17:09.815  3520  4086 D ActivityManager: retrieveServiceLocked(): component = com.google.android.gms/com.google.android.gms.chimera.GmsIntentOperationService; callingUser = 0; userId(target) = 0
11-23 15:17:09.815  3520  4086 W ActivityManager: userId = 0, bbcId = -10000
11-23 15:17:09.815  3520  4086 W ActivityManager: NORMAL SET : dst_category = 701, src_allowCategory = 0,701-1023
11-23 15:17:09.815  3520  4086 W ActivityManager: NORMAL SET : srcAppInfo.processName = com.google.android.gms, destAppInfo.processName = com.google.android.gms
11-23 15:17:09.825  3520  4415 D ActivityManager: retrieveServiceLocked(): component = com.google.android.gms/com.google.android.gms.chimera.PersistentIntentOperationService; callingUser = 0; userId(target) = 0
11-23 15:17:09.825  3520  4415 W ActivityManager: userId = 0, bbcId = -10000
11-23 15:17:09.825  3520  4415 W ActivityManager: NORMAL SET : dst_category = 701, src_allowCategory = 0,701-1023
11-23 15:17:09.825  3520  4415 W ActivityManager: NORMAL SET : srcAppInfo.processName = com.google.android.gms, destAppInfo.processName = com.google.android.gms
11-23 15:17:09.825 25440 30607 I LocationSettingsChecker: Removing dialog suppression flag for package com.trellis
11-23 15:17:09.835  3520  4070 D ActivityManager: retrieveServiceLocked(): component = com.google.android.gms/com.google.android.gms.chimera.PersistentIntentOperationService; callingUser = 0; userId(target) = 0
11-23 15:17:09.835  3520  4070 W ActivityManager: userId = 0, bbcId = -10000
11-23 15:17:09.845  3520  4070 W ActivityManager: NORMAL SET : dst_category = 701, src_allowCategory = 0,701-1023
11-23 15:17:09.845  3520  4070 W ActivityManager: NORMAL SET : srcAppInfo.processName = com.google.android.gms, destAppInfo.processName = com.google.android.gms
11-23 15:17:09.875  4518 31154 I UpdateIcingCorporaServi: UpdateCorporaTask done [took 65 ms] updated apps [took 64 ms] 
11-23 15:17:09.915  3520  3593 W libprocessgroup: failed to open /acct/uid_10166/pid_30658/cgroup.procs: No such file or directory
11-23 15:17:10.025  3520  4604 I art     : Explicit concurrent mark sweep GC freed 30271(1728KB) AllocSpace objects, 4(80KB) LOS objects, 20% free, 63MB/79MB, paused 1.384ms total 197.282ms
11-23 15:17:10.025  3520  4604 D ActivityManager: retrieveServiceLocked(): component = com.google.android.gms/com.google.android.location.util.PreferenceService; callingUser = 0; userId(target) = 0
11-23 15:17:10.025  3520  4604 W ActivityManager: userId = 0, bbcId = -10000
11-23 15:17:10.025  3520  4604 W ActivityManager: NORMAL SET : dst_category = 701, src_allowCategory = 0,701-1023
11-23 15:17:10.025  3520  4604 W ActivityManager: NORMAL SET : srcAppInfo.processName = com.google.android.gms, destAppInfo.processName = com.google.android.gms
11-23 15:17:10.035  3520  4677 D ActivityManager: retrieveServiceLocked(): component = null; callingUser = 0; userId(target) = 0
11-23 15:17:10.035  3520  4677 W ActivityManager: userId = 0, bbcId = -10000
11-23 15:17:10.035  3520  4677 W ActivityManager: NORMAL SET : dst_category = 701, src_allowCategory = 0,701-1023
11-23 15:17:10.035  3520  4677 W ActivityManager: NORMAL SET : srcAppInfo.processName = com.google.android.gms, destAppInfo.processName = com.google.android.gms
11-23 15:17:10.035  3520  4678 D ActivityManager: retrieveServiceLocked(): component = com.google.android.gms/com.google.android.gms.config.ConfigService; callingUser = 0; userId(target) = 0
11-23 15:17:10.035  3520  4678 W ActivityManager: userId = 0, bbcId = -10000
11-23 15:17:10.035  3520  4678 W ActivityManager: NORMAL SET : dst_category = 701, src_allowCategory = 0,701-1023
11-23 15:17:10.035  3520  4678 W ActivityManager: NORMAL SET : srcAppInfo.processName = com.google.android.gms, destAppInfo.processName = com.google.android.gms
11-23 15:17:10.045  3520  4086 D BatteryService: !@BatteryListener : batteryPropertiesChanged!
11-23 15:17:10.045  3520  4086 D BatteryService: level:100, scale:100, status:5, health:2, present:true, voltage: 4205, temperature: 254, technology: Li-ion, AC powered:false, USB powered:true, POGO powered:false, Wireless powered:false, icon:17303396, invalid charger:0
11-23 15:17:10.045  3520  4086 D BatteryService: online:4, current avg:-114, charge type:1, power sharing:false, high voltage charger:false, capacity:280000, current_now:-338
11-23 15:17:10.045  3520  3520 D BatteryService: Sending ACTION_BATTERY_CHANGED.
11-23 15:17:10.055  3520  4412 D ActivityManager: retrieveServiceLocked(): component = com.google.android.gms/com.google.android.gms.chimera.PersistentIntentOperationService; callingUser = 0; userId(target) = 0
11-23 15:17:10.055  3520  4412 W ActivityManager: userId = 0, bbcId = -10000
11-23 15:17:10.055  3520  4412 W ActivityManager: NORMAL SET : dst_category = 701, src_allowCategory = 0,701-1023
11-23 15:17:10.055  3520  4412 W ActivityManager: NORMAL SET : srcAppInfo.processName = com.google.android.gms, destAppInfo.processName = com.google.android.gms
11-23 15:17:10.055  3520  4706 D ActivityManager: retrieveServiceLocked(): component = null; callingUser = 0; userId(target) = 0
11-23 15:17:10.055 31159 31159 D AndroidRuntime: 
11-23 15:17:10.055 31159 31159 D AndroidRuntime: >>>>>> AndroidRuntime START com.android.internal.os.RuntimeInit <<<<<<
11-23 15:17:10.065  3520  4706 W ActivityManager: userId = 0, bbcId = -10000
11-23 15:17:10.065  3520  4706 W ActivityManager: NORMAL SET : dst_category = 701, src_allowCategory = 0,701-1023
11-23 15:17:10.065  3520  4706 W ActivityManager: NORMAL SET : srcAppInfo.processName = com.google.android.gms, destAppInfo.processName = com.google.android.gms
11-23 15:17:10.065 31159 31159 D AndroidRuntime: CheckJNI is OFF
11-23 15:17:10.065 31159 31159 D AndroidRuntime: readGMSProperty: start
11-23 15:17:10.065 31159 31159 D AndroidRuntime: readGMSProperty: already setted!!
11-23 15:17:10.065 31159 31159 D AndroidRuntime: propertySet: couldn't set property (it is from app)
11-23 15:17:10.065 31159 31159 D AndroidRuntime: readGMSProperty: could not set the property(default)!!
11-23 15:17:10.065 31159 31159 D AndroidRuntime: readGMSProperty: end
11-23 15:17:10.065 31159 31159 D AndroidRuntime: addProductProperty: start
11-23 15:17:10.065  3520  3532 D ActivityManager: retrieveServiceLocked(): component = null; callingUser = 0; userId(target) = 0
11-23 15:17:10.065  3520  3532 W ActivityManager: userId = 0, bbcId = -10000
11-23 15:17:10.065  3520  3532 W ActivityManager: NORMAL SET : dst_category = 701, src_allowCategory = 0,701-1023
11-23 15:17:10.065  3520  3532 W ActivityManager: NORMAL SET : srcAppInfo.processName = com.google.android.gms, destAppInfo.processName = com.google.android.gms
11-23 15:17:10.075  3520  3520 I MotionRecognitionService: Plugged
11-23 15:17:10.075  3520  3520 I MotionRecognitionService: mGripSensorEnabled= false
11-23 15:17:10.075  4030  4030 D KeyguardUpdateMonitor: received broadcast android.intent.action.BATTERY_CHANGED
11-23 15:17:10.075  4030  4030 D KeyguardUpdateMonitor: handleBatteryUpdate
11-23 15:17:10.075  4357  4357 V EmergencyMode: [EmergencyStateReceiver] onReceive : android.intent.action.BATTERY_CHANGED
11-23 15:17:10.075  4357  4357 V EmergencyMode: [EmergencyStateReceiver] ACTION_BATTERY_CHANGED mBatteryLevelForLogging = 100
11-23 15:17:10.085 25440 30607 I PeopleContactsSync: triggerPendingContactsCleanup: no accounts
11-23 15:17:10.085  4030  4030 D QSTile.TorchLightTile: ACTION_BATTERY_CHANGED - Level :: 100, Status :: 5
11-23 15:17:10.085  4473  4473 D BatteryMonitor: new battery level: 100
11-23 15:17:10.085  4400  4400 D PhoneApp: PhoneAppBroadcastReceiver onReceive android.intent.action.BATTERY_CHANGED
11-23 15:17:10.085  6211  6211 V HeadsetService: HeadsetService - Received Intent.ACTION_BATTERY_CHANGED
11-23 15:17:10.085  6211  6281 D HeadsetStateMachine: Disconnected process message: 10
11-23 15:17:10.095  3520  3533 D ActivityManager: retrieveServiceLocked(): component = com.google.android.gms/com.google.android.gms.icing.service.IndexWorkerService; callingUser = 0; userId(target) = 0
11-23 15:17:10.095  3520  3533 W ActivityManager: userId = 0, bbcId = -10000
11-23 15:17:10.095  3520  3533 W ActivityManager: NORMAL SET : dst_category = 701, src_allowCategory = 0,701-1023
11-23 15:17:10.095  3520  3533 W ActivityManager: NORMAL SET : srcAppInfo.processName = com.google.android.gms, destAppInfo.processName = com.google.android.gms
11-23 15:17:10.095  3520  4677 D ActivityManager: retrieveServiceLocked(): component = com.google.android.gms/com.google.android.gms.wearable.service.WearableControlService; callingUser = 0; userId(target) = 0
11-23 15:17:10.095  3520  4677 W ActivityManager: userId = 0, bbcId = -10000
11-23 15:17:10.095  3520  4677 W ActivityManager: NORMAL SET : dst_category = 701, src_allowCategory = 0,701-1023
11-23 15:17:10.095  3520  4677 W ActivityManager: NORMAL SET : srcAppInfo.processName = com.google.android.gms, destAppInfo.processName = com.google.android.gms
11-23 15:17:10.105  4030  4030 D BatteryMeterView: ACTION_BATTERY_CHANGED : level:100 status:5 health:2
11-23 15:17:10.105  4030  4030 D BatteryMeterView: ACTION_BATTERY_CHANGED : level:100 status:5 health:2
11-23 15:17:10.105  4030  4030 D BatteryMeterView: ACTION_BATTERY_CHANGED : level:100 status:5 health:2
11-23 15:17:10.105  3520  4086 D ActivityManager: retrieveServiceLocked(): component = com.google.android.gms/com.google.android.gms.chimera.GmsIntentOperationService; callingUser = 0; userId(target) = 0
11-23 15:17:10.105  3520  4086 W ActivityManager: userId = 0, bbcId = -10000
11-23 15:17:10.105  3520  4086 W ActivityManager: NORMAL SET : dst_category = 701, src_allowCategory = 0,701-1023
11-23 15:17:10.105  3520  4086 W ActivityManager: NORMAL SET : srcAppInfo.processName = com.google.android.gms, destAppInfo.processName = com.google.android.gms
11-23 15:17:10.105  3520  4412 D ActivityManager: retrieveServiceLocked(): component = com.google.android.gms/com.google.android.gms.icing.proxy.UpdateIcingCorporaService; callingUser = 0; userId(target) = 0
11-23 15:17:10.115 25030 25479 E NetworkScheduler.SR: Invalid parameter app
11-23 15:17:10.115 25030 25479 E NetworkScheduler.SR: Invalid package name : Perhaps you didn't include a PendingIntent in the extras?
11-23 15:17:10.115  4400  4400 D TelephonyExtension: Not stopping low battery tone
11-23 15:17:10.115  3520  4412 W ActivityManager: userId = 0, bbcId = -10000
11-23 15:17:10.115  3520  4412 W ActivityManager: NORMAL SET : dst_category = 701, src_allowCategory = 0,701-1023
11-23 15:17:10.115  3520  4412 W ActivityManager: NORMAL SET : srcAppInfo.processName = com.google.android.gms, destAppInfo.processName = com.google.android.gms
11-23 15:17:10.125  3520  4604 D ActivityManager: retrieveServiceLocked(): component = com.google.android.gms/com.google.android.gms.icing.service.IndexWorkerService; callingUser = 0; userId(target) = 0
11-23 15:17:10.125  3520  4604 W ActivityManager: userId = 0, bbcId = -10000
11-23 15:17:10.125  3520  4604 W ActivityManager: NORMAL SET : dst_category = 701, src_allowCategory = 0,701-1023
11-23 15:17:10.125  3520  4604 W ActivityManager: NORMAL SET : srcAppInfo.processName = com.google.android.gms, destAppInfo.processName = com.google.android.gms
11-23 15:17:10.125  3520  4695 D ActivityManager: retrieveServiceLocked(): component = com.google.android.gms/com.google.android.gms.chimera.PersistentIntentOperationService; callingUser = 0; userId(target) = 0
11-23 15:17:10.125  3520  4695 W ActivityManager: userId = 0, bbcId = -10000
11-23 15:17:10.125  3520  4695 W ActivityManager: NORMAL SET : dst_category = 701, src_allowCategory = 0,701-1023
11-23 15:17:10.125  3520  4695 W ActivityManager: NORMAL SET : srcAppInfo.processName = com.google.android.gms, destAppInfo.processName = com.google.android.gms
11-23 15:17:10.135 25440 31157 W System.err: remove failed: ENOENT (No such file or directory) : /data/data/com.google.android.gms/databases/history_query.db
11-23 15:17:10.135 25440 31157 W System.err: remove failed: ENOENT (No such file or directory) : /data/data/com.google.android.gms/databases/history_query.db-journal
11-23 15:17:10.135 25440 31157 W System.err: remove failed: ENOENT (No such file or directory) : /data/data/com.google.android.gms/databases/history_query.db-shm
11-23 15:17:10.135 25440 31157 W System.err: remove failed: ENOENT (No such file or directory) : /data/data/com.google.android.gms/databases/history_query.db-wal
11-23 15:17:10.145  3520  4695 D ActivityManager: retrieveServiceLocked(): component = com.google.android.gms/com.google.android.gms.chimera.GmsIntentOperationService; callingUser = 0; userId(target) = 0
11-23 15:17:10.145  3520  4695 W ActivityManager: userId = 0, bbcId = -10000
11-23 15:17:10.145  3520  4695 W ActivityManager: NORMAL SET : dst_category = 701, src_allowCategory = 0,701-1023
11-23 15:17:10.145  3520  4695 W ActivityManager: NORMAL SET : srcAppInfo.processName = com.google.android.gms, destAppInfo.processName = com.google.android.gms
11-23 15:17:10.155  3520  4681 D ActivityManager: retrieveServiceLocked(): component = null; callingUser = 0; userId(target) = 0
11-23 15:17:10.165  3520  4681 W ActivityManager: userId = 0, bbcId = -10000
11-23 15:17:10.165  3520  4681 W ActivityManager: NORMAL SET : dst_category = 701, src_allowCategory = 0,701-1023
11-23 15:17:10.165  3520  4681 W ActivityManager: NORMAL SET : srcAppInfo.processName = com.google.android.gms, destAppInfo.processName = com.google.android.gms
11-23 15:17:10.165  3520  3867 V AlarmManager: waitForAlarm result :4
11-23 15:17:10.165  3520  4706 D ActivityManager: retrieveServiceLocked(): component = null; callingUser = 0; userId(target) = 0
11-23 15:17:10.165 25440 25662 I Icing   : doRemovePackageData com.trellis
11-23 15:17:10.175  3520  4706 W ActivityManager: userId = 0, bbcId = -10000
11-23 15:17:10.175  3520  4706 W ActivityManager: NORMAL SET : dst_category = 701, src_allowCategory = 0,701-1023
11-23 15:17:10.175  3520  4706 W ActivityManager: NORMAL SET : srcAppInfo.processName = com.google.android.gms, destAppInfo.processName = com.google.android.gms
11-23 15:17:10.185 31159 31159 E AffinityControl: AffinityControl: registerfunction enter
11-23 15:17:10.185  3520  4695 D ActivityManager: retrieveServiceLocked(): component = com.google.android.gms/com.google.android.gms.icing.proxy.UpdateIcingCorporaService; callingUser = 0; userId(target) = 0
11-23 15:17:10.185  3520  4695 W ActivityManager: userId = 0, bbcId = -10000
11-23 15:17:10.185  3520  4695 W ActivityManager: NORMAL SET : dst_category = 701, src_allowCategory = 0,701-1023
11-23 15:17:10.185  3520  4695 W ActivityManager: NORMAL SET : srcAppInfo.processName = com.google.android.gms, destAppInfo.processName = com.google.android.gms
11-23 15:17:10.195 31159 31159 D AndroidRuntime: Calling main entry com.android.commands.pm.Pm
11-23 15:17:10.205  3520  4415 E ActivityManager: checkUser: useridlist=null, currentuser=0
11-23 15:17:10.205  3520  4415 E ActivityManager: checkUser: useridlist=null, currentuser=0
11-23 15:17:10.205  3520  4415 E ActivityManager: checkUser: useridlist=null, currentuser=0
11-23 15:17:10.205  3520  4415 E ActivityManager: checkUser: useridlist=null, currentuser=0
11-23 15:17:10.205 25440 25662 W Settings: Setting adb_enabled has moved from android.provider.Settings.Secure to android.provider.Settings.Global.
11-23 15:17:10.215 31182 31182 E Zygote  : MountEmulatedStorage()
11-23 15:17:10.215 31182 31182 I libpersona: KNOX_SDCARD checking this for 10154
11-23 15:17:10.215 31182 31182 E Zygote  : v2
11-23 15:17:10.215 31182 31182 I libpersona: KNOX_SDCARD not a persona
11-23 15:17:10.215 31182 31182 I SELinux : Function: selinux_compare_spd_ram , priority [2] , priority version is VE=SEPF_SM-G920V_5.0.2_0011
11-23 15:17:10.225 31182 31182 E SELinux : [DEBUG] get_category: variable seinfo: untrusted sensitivity: NULL, cateogry: NULL
11-23 15:17:10.225  3520  4415 I ActivityManager: Start proc com.google.android.apps.plus for broadcast com.google.android.apps.plus/.service.PhotosAppTransitionMonitor: pid=31182 uid=10154 gids={50154, 9997, 3003, 3002, 1028, 1015} abi=armeabi-v7a
11-23 15:17:10.245 31182 31182 D TimaKeyStoreProvider: TimaSignature is unavailable
11-23 15:17:10.245 31182 31182 D ActivityThread: Added TimaKeyStore provider
11-23 15:17:10.265  3520  4439 I InjectionManagerService -AppFeature: getCoreFeaturePkgList :[]
11-23 15:17:10.265 31182 31182 I InjectionManager: Inside getClassLibPath + mLibMap{0=, 1=}
11-23 15:17:10.275 31159 31159 D AndroidRuntime: Shutting down VM
11-23 15:17:10.275  3520  4706 D ActivityManager: retrieveServiceLocked(): component = com.google.android.gms/com.google.android.gms.chimera.GmsIntentOperationService; callingUser = 0; userId(target) = 0
11-23 15:17:10.275  3520  4706 W ActivityManager: userId = 0, bbcId = -10000
11-23 15:17:10.275  3520  4706 W ActivityManager: NORMAL SET : dst_category = 701, src_allowCategory = 0,701-1023
11-23 15:17:10.275  3520  4706 W ActivityManager: NORMAL SET : srcAppInfo.processName = com.google.android.gms, destAppInfo.processName = com.google.android.gms
11-23 15:17:10.275 31182 31182 W ResourcesManager: Asset path '/system/framework/com.google.android.maps.jar' does not exist or contains no resources.
11-23 15:17:10.285 31182 31182 I InjectionManager: Inside getClassLibPath caller 
11-23 15:17:10.285  3520  4695 D ActivityManager: retrieveServiceLocked(): component = null; callingUser = 0; userId(target) = 0
11-23 15:17:10.285 25440 31179 W IcingInternalCorpora: getNumBytesRead when not calculated.
11-23 15:17:10.295  3520  4695 W ActivityManager: userId = 0, bbcId = -10000
11-23 15:17:10.295  3520  4695 W ActivityManager: NORMAL SET : dst_category = 701, src_allowCategory = 0,701-1023
11-23 15:17:10.295  3520  4695 W ActivityManager: NORMAL SET : srcAppInfo.processName = com.google.android.gms, destAppInfo.processName = com.google.android.gms
11-23 15:17:10.305  3520  4070 D ActivityManager: retrieveServiceLocked(): component = null; callingUser = 0; userId(target) = 0
11-23 15:17:10.305  3520  4070 W ActivityManager: userId = 0, bbcId = -10000
11-23 15:17:10.305  3520  4070 W ActivityManager: NORMAL SET : dst_category = 701, src_allowCategory = 0,701-1023
11-23 15:17:10.305  3520  4070 W ActivityManager: NORMAL SET : srcAppInfo.processName = com.google.android.gms, destAppInfo.processName = com.google.android.gms
11-23 15:17:10.315  3520  3532 W ActivityManager: userId = 0, bbcId = -10000
11-23 15:17:10.315  3520  3532 D ActivityManager: retrieveServiceLocked(): component = com.google.android.gms/com.google.android.gms.icing.service.LightweightIndexService$LightweightWorkerService; callingUser = 0; userId(target) = 0
11-23 15:17:10.315  3520  3532 W ActivityManager: NORMAL SET : dst_category = 701, src_allowCategory = 0,701-1023
11-23 15:17:10.315  3520  3532 W ActivityManager: NORMAL SET : srcAppInfo.processName = com.google.android.gms, destAppInfo.processName = com.google.android.gms
11-23 15:17:10.325 25440 25662 I Icing   : Usage reports 0 indexed 0 rejected 0 imm upload false
11-23 15:17:10.325  3520  4072 D ActivityManager: retrieveServiceLocked(): component = com.google.android.gms/com.google.android.gms.icing.service.LightweightIndexService$LightweightWorkerService; callingUser = 0; userId(target) = 0
11-23 15:17:10.325  3520  4072 W ActivityManager: userId = 0, bbcId = -10000
11-23 15:17:10.325  3520  4072 W ActivityManager: NORMAL SET : dst_category = 701, src_allowCategory = 0,701-1023
11-23 15:17:10.325  3520  4072 W ActivityManager: NORMAL SET : srcAppInfo.processName = com.google.android.gms, destAppInfo.processName = com.google.android.gms
11-23 15:17:10.325 25440 25662 I Icing   : Usage reports 0 indexed 0 rejected 0 imm upload false
11-23 15:17:10.355  3520  3940 D ConnectivityService: listenForNetwork for NetworkRequest [ id=8, legacyType=-1, [ Capabilities: INTERNET&NOT_RESTRICTED&TRUSTED&NOT_VPN] ]
11-23 15:17:10.355  3520  3947 D ConnectivityService: handleRegisterNetworkRequest checking NetworkAgentInfo [WIFI () - 502]
11-23 15:17:10.355  3520  3947 D ConnectivityService: apparently satisfied.  currentScore=60
11-23 15:17:10.355  3520  3947 D ConnectivityService: handleRegisterNetworkRequest checking NetworkAgentInfo [WIFI_P2P () - 501]
11-23 15:17:10.355 25440 31200 D ConnectivityManager.CallbackHandler: CM callback handler got msg 524290
11-23 15:17:10.385 25440 31199 W System.err: remove failed: ENOENT (No such file or directory) : /data/data/com.google.android.gms/shared_prefs/drive.shared_prefs.xml.bak
11-23 15:17:10.465 25440 25515 W DriveInitializer: Awaiting to be initialized
11-23 15:17:10.465 25440 31204 W DriveInitializer: Background init thread started
11-23 15:17:10.485 31159 31159 W art     : ConditionVariable::~ConditionVariable for GC request condition variable called with 1 waiters.
11-23 15:17:10.495  3520  3610 W ProcessCpuTracker: Skipping unknown process pid 31159
11-23 15:17:10.535 31182 31212 W System.err: mkdir failed: EEXIST (File exists) : /data/data/com.google.android.apps.plus/files/tiktok
11-23 15:17:10.545 31182 31182 D InjectionManager: InjectionManager
11-23 15:17:10.545 31182 31182 D InjectionManager: fillFeatureStoreMap com.google.android.apps.plus
11-23 15:17:10.545 31182 31182 I InjectionManager: Constructor com.google.android.apps.plus, Feature store :{}
11-23 15:17:10.545 31182 31182 I InjectionManager: featureStore :{}
