11-23 15:17:11.815  3520  3735 D PackageManager: result of delete: 1{955878527}
11-23 15:17:11.815  3520  3532 D ActivityManager: retrieveServiceLocked(): component = com.google.android.gms/com.google.android.gms.chimera.GmsIntentOperationService; callingUser = 0; userId(target) = 0
11-23 15:17:11.815  3520  3532 W ActivityManager: userId = 0, bbcId = -10000
11-23 15:17:11.815  3520  3532 W ActivityManager: NORMAL SET : dst_category = 701, src_allowCategory = 0,701-1023
11-23 15:17:11.815  3520  3532 W ActivityManager: NORMAL SET : srcAppInfo.processName = com.google.android.gms, destAppInfo.processName = com.google.android.gms
11-23 15:17:11.815  3520  4072 D ActivityManager: retrieveServiceLocked(): component = com.google.android.gms/com.google.android.gms.chimera.PersistentIntentOperationService; callingUser = 0; userId(target) = 0
11-23 15:17:11.825  3520  4072 W ActivityManager: userId = 0, bbcId = -10000
11-23 15:17:11.825  3520  4072 W ActivityManager: NORMAL SET : dst_category = 701, src_allowCategory = 0,701-1023
11-23 15:17:11.825  3520  4072 W ActivityManager: NORMAL SET : srcAppInfo.processName = com.google.android.gms, destAppInfo.processName = com.google.android.gms
11-23 15:17:11.825  3520  4440 D ActivityManager: retrieveServiceLocked(): component = com.google.android.gms/com.google.android.gms.icing.service.IndexWorkerService; callingUser = 0; userId(target) = 0
11-23 15:17:11.825  3520  4440 W ActivityManager: userId = 0, bbcId = -10000
11-23 15:17:11.825  3520  4440 W ActivityManager: NORMAL SET : dst_category = 701, src_allowCategory = 0,701-1023
11-23 15:17:11.825  3520  4440 W ActivityManager: NORMAL SET : srcAppInfo.processName = com.google.android.gms, destAppInfo.processName = com.google.android.gms
11-23 15:17:11.835  3520  4677 E ActivityManager: checkUser: useridlist=null, currentuser=0
11-23 15:17:11.845  3520  4677 E ActivityManager: checkUser: useridlist=null, currentuser=0
11-23 15:17:11.845  3520  4677 E ActivityManager: checkUser: useridlist=null, currentuser=0
11-23 15:17:11.845  3520  4677 E ActivityManager: checkUser: useridlist=null, currentuser=0
11-23 15:17:11.845 25440 26106 I Icing   : doRemovePackageData com.google.identitytoolkit.demo
11-23 15:17:11.845 31315 31315 D AndroidRuntime: Shutting down VM
11-23 15:17:11.855 31374 31374 E Zygote  : MountEmulatedStorage()
11-23 15:17:11.855 31374 31374 E Zygote  : v2
11-23 15:17:11.855 31374 31374 I libpersona: KNOX_SDCARD checking this for 10166
11-23 15:17:11.855 31374 31374 I libpersona: KNOX_SDCARD not a persona
11-23 15:17:11.855 31374 31374 I SELinux : Function: selinux_compare_spd_ram , priority [2] , priority version is VE=SEPF_SM-G920V_5.0.2_0011
11-23 15:17:11.855 31374 31374 E SELinux : [DEBUG] get_category: variable seinfo: platform sensitivity: NULL, cateogry: NULL
11-23 15:17:11.855  3520  4677 I ActivityManager: Start proc com.android.calendar for broadcast com.android.calendar/.common.receiver.WeatherActionReceiver: pid=31374 uid=10166 gids={50166, 9997, 3003, 1028, 1015, 1023, 3002} abi=arm64-v8a
11-23 15:17:11.865  3520  4677 I ActivityManager: Killing 30764:com.osp.app.signin/u0a43 (adj 15): empty #31
11-23 15:17:11.885 31374 31374 D TimaKeyStoreProvider: TimaSignature is unavailable
11-23 15:17:11.885 31374 31374 D ActivityThread: Added TimaKeyStore provider
11-23 15:17:11.905  3520  4604 I InjectionManagerService -AppFeature: getCoreFeaturePkgList :[]
11-23 15:17:11.905 31374 31374 I InjectionManager: Inside getClassLibPath + mLibMap{0=, 1=}
11-23 15:17:11.905 31374 31374 W ResourcesManager: Asset path '/system/framework/secvisualeffect.jar' does not exist or contains no resources.
11-23 15:17:11.905 31374 31374 W ResourcesManager: Asset path '/system/framework/sechardware.jar' does not exist or contains no resources.
11-23 15:17:11.905 31374 31374 W ResourcesManager: Asset path '/system/framework/com.google.android.maps.jar' does not exist or contains no resources.
11-23 15:17:11.905 31374 31374 W ResourcesManager: Asset path '/system/framework/twframework.jar' does not exist or contains no resources.
11-23 15:17:11.915 31374 31374 I InjectionManager: Inside getClassLibPath caller 
11-23 15:17:11.935 31268 31366 D Documents: Update found 6 roots in 316ms
11-23 15:17:11.945  3520  3735 W ResourcesManager: Asset path '/system/framework/com.google.android.media.effects.jar' does not exist or contains no resources.
11-23 15:17:11.945  3520  4412 D ActivityManager: retrieveServiceLocked(): component = com.google.android.gms/com.google.android.gms.icing.service.IndexWorkerService; callingUser = 0; userId(target) = 0
11-23 15:17:11.945  3520  4412 W ActivityManager: userId = 0, bbcId = -10000
11-23 15:17:11.945  3520  4412 W ActivityManager: NORMAL SET : dst_category = 701, src_allowCategory = 0,701-1023
11-23 15:17:11.945  3520  4412 W ActivityManager: NORMAL SET : srcAppInfo.processName = com.google.android.gms, destAppInfo.processName = com.google.android.gms
11-23 15:17:11.945  3520  3735 D PackageManager: [MSG] START_CLEANING_PACKAGE packageName{com.google.identitytoolkit.demo}
11-23 15:17:11.945  3520  3735 D PackageManager: userId{-1}
11-23 15:17:11.945  3520  3735 D PackageManager: andCode{true}
11-23 15:17:11.945  3520  3735 D ActivityManager: retrieveServiceLocked(): component = com.android.defcontainer/com.android.defcontainer.DefaultContainerService; callingUser = 0; userId(target) = 0
11-23 15:17:11.955 31374 31374 D InjectionManager: InjectionManager
11-23 15:17:11.955 31374 31374 D InjectionManager: fillFeatureStoreMap com.android.calendar
11-23 15:17:11.955 31374 31374 I InjectionManager: Constructor com.android.calendar, Feature store :{}
11-23 15:17:11.955 31374 31374 I InjectionManager: featureStore :{}
11-23 15:17:11.955  3520  4072 I splitIntent: Queue : backgroundsplit_0 intent android.intent.action.PACKAGE_DATA_CLEARED is finished at BG and BG split queue. set mSplitStart and mBgSplitQueueOnlyRun false.
11-23 15:17:11.955 26454 26467 D daemonapp: [zero daemon]>>> WCProvider:376 [0:0] Provider query : content://apaccuweatherprovider/settings
11-23 15:17:11.955 24586 31392 W System.err: remove failed: ENOENT (No such file or directory) : /storage/emulated/0/Android/data/com.google.identitytoolkit.demo
11-23 15:17:11.955 24586 31392 W System.err: remove failed: ENOENT (No such file or directory) : /storage/emulated/0/Android/media/com.google.identitytoolkit.demo
11-23 15:17:11.955 24586 31392 W System.err: remove failed: ENOENT (No such file or directory) : /storage/emulated/0/Android/obb/com.google.identitytoolkit.demo
11-23 15:17:11.975  3520  3520 W ActivityManager: userId = 0, bbcId = -10000
11-23 15:17:11.975  3520  3520 W ActivityManager: NORMAL SET : dst_category = 701, src_allowCategory = 0,701-1023
11-23 15:17:11.975  3520  3520 W ActivityManager: NORMAL SET : srcAppInfo.processName = com.google.android.gms, destAppInfo.processName = com.google.android.gms
11-23 15:17:11.985  3520  4439 I ActivityManager: Killing 30786:com.android.settings/1000 (adj 15): empty #31
11-23 15:17:11.985  3520  4695 D ActivityManager: retrieveServiceLocked(): component = com.google.android.gms/com.google.android.gms.chimera.GmsIntentOperationService; callingUser = 0; userId(target) = 0
11-23 15:17:11.985  3520  4695 W ActivityManager: userId = 0, bbcId = -10000
11-23 15:17:11.985  3520  4695 W ActivityManager: NORMAL SET : dst_category = 701, src_allowCategory = 0,701-1023
11-23 15:17:11.985  3520  4695 W ActivityManager: NORMAL SET : srcAppInfo.processName = com.google.android.gms, destAppInfo.processName = com.google.android.gms
11-23 15:17:11.995  3520  3940 D ActivityManager: retrieveServiceLocked(): component = com.google.android.gms/com.google.android.gms.chimera.GmsIntentOperationService; callingUser = 0; userId(target) = 0
11-23 15:17:11.995  3520  3940 W ActivityManager: userId = 0, bbcId = -10000
11-23 15:17:11.995  3520  3940 W ActivityManager: NORMAL SET : dst_category = 701, src_allowCategory = 0,701-1023
11-23 15:17:11.995  3520  3940 W ActivityManager: NORMAL SET : srcAppInfo.processName = com.google.android.gms, destAppInfo.processName = com.google.android.gms
11-23 15:17:12.005  3520  3593 D EnterpriseDeviceManagerService: Package has changed for user 0
11-23 15:17:12.005  3520  3520 D AccessibilityManagerService: updateInputFilter universalSwitchState:false
11-23 15:17:12.005  3520  3593 D EnterpriseDeviceManagerService: Admin package name: com.google.android.gms
11-23 15:17:12.005  3520  4678 E ActivityManager: checkUser: useridlist=null, currentuser=0
11-23 15:17:12.005  3520  4678 E ActivityManager: checkUser: useridlist=null, currentuser=0
11-23 15:17:12.005  3520  4678 E ActivityManager: checkUser: useridlist=null, currentuser=0
11-23 15:17:12.015  3520  4678 E ActivityManager: checkUser: useridlist=null, currentuser=0
11-23 15:17:12.025 31393 31393 E Zygote  : MountEmulatedStorage()
11-23 15:17:12.025 31393 31393 E Zygote  : v2
11-23 15:17:12.025 31393 31393 I libpersona: KNOX_SDCARD checking this for 10067
11-23 15:17:12.025 31393 31393 I libpersona: KNOX_SDCARD not a persona
11-23 15:17:12.025 31393 31393 I SELinux : Function: selinux_compare_spd_ram , priority [2] , priority version is VE=SEPF_SM-G920V_5.0.2_0011
11-23 15:17:12.025 31393 31393 E SELinux : [DEBUG] get_category: variable seinfo: platform sensitivity: NULL, cateogry: NULL
11-23 15:17:12.025  3520  3593 W Resources: Converting to string: TypedValue{t=0x12/d=0xffffffff a=-1}
11-23 15:17:12.035  3520  4678 I ActivityManager: Start proc com.samsung.android.app.vrsetupwizardstub for broadcast com.samsung.android.app.vrsetupwizardstub/.system.PackageIntentReceiver: pid=31393 uid=10067 gids={50067, 9997, 3003, 1028, 1015} abi=arm64-v8a
11-23 15:17:12.045  3520  3593 W Resources: Converting to string: TypedValue{t=0x12/d=0xffffffff a=-1}
11-23 15:17:12.045  3520  3593 W Resources: Converting to string: TypedValue{t=0x12/d=0xffffffff a=-1}
11-23 15:17:12.045 31393 31393 D TimaKeyStoreProvider: TimaSignature is unavailable
11-23 15:17:12.045 31393 31393 D ActivityThread: Added TimaKeyStore provider
11-23 15:17:12.045  3520  3593 W Resources: Converting to string: TypedValue{t=0x12/d=0xffffffff a=-1}
11-23 15:17:12.055  3520  3593 W Resources: Converting to string: TypedValue{t=0x12/d=0xffffffff a=-1}
11-23 15:17:12.065 31315 31315 W art     : ConditionVariable::~ConditionVariable for GC request condition variable called with 1 waiters.
11-23 15:17:12.075  3520  4440 I InjectionManagerService -AppFeature: getCoreFeaturePkgList :[]
11-23 15:17:12.075 31393 31393 I InjectionManager: Inside getClassLibPath + mLibMap{0=, 1=}
11-23 15:17:12.085  3520  3593 W Resources: Converting to string: TypedValue{t=0x12/d=0xffffffff a=-1}
11-23 15:17:12.085 31393 31393 I InjectionManager: Inside getClassLibPath caller 
11-23 15:17:12.085 31393 31393 D InjectionManager: InjectionManager
11-23 15:17:12.085 31393 31393 D InjectionManager: fillFeatureStoreMap com.samsung.android.app.vrsetupwizardstub
11-23 15:17:12.085 31393 31393 I InjectionManager: Constructor com.samsung.android.app.vrsetupwizardstub, Feature store :{}
11-23 15:17:12.085 31393 31393 I InjectionManager: featureStore :{}
11-23 15:17:12.095 31393 31393 D VRSetupWizardStub/PackageIntentReceiver: onReceive()
11-23 15:17:12.095 31393 31393 D VRSetupWizardStub/PackageIntentReceiver: Action Package Remove
11-23 15:17:12.095 31393 31393 D VRSetupWizardStub/PackageIntentReceiver: packagename:com.google.identitytoolkit.demo
11-23 15:17:12.095  3520  4415 I ActivityManager: Killing 25740:com.samsung.android.SettingsReceiver/1000 (adj 15): empty #31
11-23 15:17:12.105  3520  4604 D ActivityManager: retrieveServiceLocked(): component = com.amazon.venezia/com.amazon.mas.client.locker.service.appmgr.AppManagerService; callingUser = 0; userId(target) = 0
11-23 15:17:12.105  3520  4604 W ActivityManager: userId = 0, bbcId = -10000
11-23 15:17:12.105  3520  4604 W ActivityManager: NORMAL SET : dst_category = 1023, src_allowCategory = 0,701-1023
11-23 15:17:12.105  3520  4604 W ActivityManager: NORMAL SET : srcAppInfo.processName = com.amazon.venezia, destAppInfo.processName = com.amazon.venezia
11-23 15:17:12.115  7342  7342 I KLMS-2.5.074: : KLMSAbstractReciever(): onReceive(): Intent { act=android.intent.action.PACKAGE_REMOVED dat=package:com.google.identitytoolkit.demo flg=0x4000010 cmp=com.samsung.klmsagent/.listner.MainReciver (has extras) } | timestamp: Wed Nov 23 15:17:12 EST 2016
11-23 15:17:12.115  3520  4412 D ActivityManager: retrieveServiceLocked(): component = com.samsung.klmsagent/com.samsung.klmsagent.services.KLMSIntentService; callingUser = 0; userId(target) = 0
11-23 15:17:12.115  3520  4412 W ActivityManager: userId = 0, bbcId = -10000
11-23 15:17:12.115  3520  4412 W ActivityManager: NORMAL SET : dst_category = 0, src_allowCategory = 0,2-1023
11-23 15:17:12.115  3520  4412 W ActivityManager: NORMAL SET : srcAppInfo.processName = com.samsung.klmsagent, destAppInfo.processName = com.samsung.klmsagent
11-23 15:17:12.115  7342  7342 I KLMS-2.5.074: : KLMSAbstractReciever(): onReceive().END.
11-23 15:17:12.115  3520  4604 I splitIntent: Do not split the intent. r.nextReceiver = 4 receivers.size =49 intent : android.intent.action.PACKAGE_REMOVED
11-23 15:17:12.125  3520  4604 E ActivityManager: checkUser: useridlist=null, currentuser=0
11-23 15:17:12.125  3520  4604 E ActivityManager: checkUser: useridlist=null, currentuser=0
11-23 15:17:12.125  3520  4604 E ActivityManager: checkUser: useridlist=null, currentuser=0
11-23 15:17:12.125  3520  4604 E ActivityManager: checkUser: useridlist=null, currentuser=0
11-23 15:17:12.125  7342  7342 I KLMS-2.5.074: : KLMSIntentService(): onCreate()
11-23 15:17:12.125  7342  7342 I KLMS-2.5.074: : KLMSSystemProperties(): getBoolean(): ro.product_ship = true
11-23 15:17:12.135  7342  7342 I KLMS-2.5.074: : KLMSUtility(): isTestMode(): product_ship: true | testApk: false
11-23 15:17:12.135  7342 31408 I KLMS-2.5.074: : KLMSIntentService(): onHandleIntent().START: Intent { act=android.intent.action.PACKAGE_REMOVED dat=package:com.google.identitytoolkit.demo flg=0x4000010 cmp=com.samsung.klmsagent/.services.KLMSIntentService (has extras) }
11-23 15:17:12.135  7342 31408 I KLMS-2.5.074: : KLMSIntentService(): PACKAGE_REMOVED
11-23 15:17:12.135 31409 31409 E Zygote  : MountEmulatedStorage()
11-23 15:17:12.135 31409 31409 E Zygote  : v2
11-23 15:17:12.135 31409 31409 I libpersona: KNOX_SDCARD checking this for 10118
11-23 15:17:12.135 31409 31409 I libpersona: KNOX_SDCARD not a persona
11-23 15:17:12.135 31409 31409 I SELinux : Function: selinux_compare_spd_ram , priority [2] , priority version is VE=SEPF_SM-G920V_5.0.2_0011
11-23 15:17:12.135 31409 31409 E SELinux : [DEBUG] get_category: variable seinfo: platform sensitivity: NULL, cateogry: NULL
11-23 15:17:12.135  3520  4604 I ActivityManager: Start proc com.sec.esdk.elm for broadcast com.sec.esdk.elm/.receiver.MainReceiver: pid=31409 uid=10118 gids={50118, 9997, 3003} abi=arm64-v8a
11-23 15:17:12.145  7342 31408 I KLMS-2.5.074: : KLMSIntentService(): listeningToPackageRemoved().START
11-23 15:17:12.145  3520  3593 W ResourceType: Failure getting entry for 0x7f07007b (t=6 e=123) (error -75)
11-23 15:17:12.145  7342 31408 I KLMS-2.5.074: : KLMSIntentService(): REPLACING: false | pkgName: com.google.identitytoolkit.demo
11-23 15:17:12.145  3520  3593 W Resources: Converting to string: TypedValue{t=0x12/d=0xffffffff a=-1}
11-23 15:17:12.155  3520  3593 W Resources: Converting to string: TypedValue{t=0x12/d=0xffffffff a=-1}
11-23 15:17:12.155  3520  3593 W ResourcesManager: Asset path '/system/framework/secvisualeffect.jar' does not exist or contains no resources.
11-23 15:17:12.155  3520  3593 W ResourcesManager: Asset path '/system/framework/sechardware.jar' does not exist or contains no resources.
11-23 15:17:12.155  3520  3593 W ResourcesManager: Asset path '/system/framework/com.google.android.maps.jar' does not exist or contains no resources.
11-23 15:17:12.155  3520  3593 W ResourcesManager: Asset path '/system/framework/twframework.jar' does not exist or contains no resources.
11-23 15:17:12.165  3520  3593 W Resources: Converting to string: TypedValue{t=0x12/d=0xffffffff a=-1}
11-23 15:17:12.175 31409 31409 D TimaKeyStoreProvider: TimaSignature is unavailable
11-23 15:17:12.175 31409 31409 D ActivityThread: Added TimaKeyStore provider
11-23 15:17:12.175  3520  3593 W Resources: Converting to string: TypedValue{t=0x12/d=0xffffffff a=-1}
11-23 15:17:12.175  3520  3593 W Resources: Converting to string: TypedValue{t=0x12/d=0xffffffff a=-1}
11-23 15:17:12.175  3520  3593 W Resources: Converting to string: TypedValue{t=0x12/d=0x0 a=-1}
11-23 15:17:12.175  3520  3593 W Resources: Converting to string: TypedValue{t=0x12/d=0xffffffff a=-1}
11-23 15:17:12.185  3520  3593 W Resources: Converting to string: TypedValue{t=0x12/d=0xffffffff a=-1}
11-23 15:17:12.185  3520  3593 W Resources: Converting to string: TypedValue{t=0x12/d=0xffffffff a=-1}
11-23 15:17:12.185  3520  3593 W Resources: Converting to string: TypedValue{t=0x12/d=0x0 a=-1}
11-23 15:17:12.185  3520  3593 W Resources: Converting to string: TypedValue{t=0x12/d=0xffffffff a=-1}
11-23 15:17:12.185  3520  3593 W Resources: Converting to string: TypedValue{t=0x12/d=0x0 a=-1}
11-23 15:17:12.185  3520  3593 D UsbSettingsManager: clearDefaults: com.google.identitytoolkit.demo
11-23 15:17:12.185  3520  3593 I CrashAnrDetector: onPackageRemoved : com.google.identitytoolkit.demo
11-23 15:17:12.185  3520  3533 I InjectionManagerService -AppFeature: getCoreFeaturePkgList :[]
11-23 15:17:12.185 31409 31409 I InjectionManager: Inside getClassLibPath + mLibMap{0=, 1=}
11-23 15:17:12.195  3520  3593 W libprocessgroup: failed to open /acct/uid_10034/pid_25640/cgroup.procs: No such file or directory
11-23 15:17:12.195  3520  3593 W libprocessgroup: failed to open /acct/uid_10043/pid_30764/cgroup.procs: No such file or directory
11-23 15:17:12.195  3520  3593 W libprocessgroup: failed to open /acct/uid_1000/pid_30786/cgroup.procs: No such file or directory
11-23 15:17:12.195  3520  3593 W libprocessgroup: failed to open /acct/uid_1000/pid_25740/cgroup.procs: No such file or directory
11-23 15:17:12.195 31409 31409 I InjectionManager: Inside getClassLibPath caller 
11-23 15:17:12.205 31409 31409 D InjectionManager: InjectionManager
11-23 15:17:12.205 31409 31409 D InjectionManager: fillFeatureStoreMap com.sec.esdk.elm
11-23 15:17:12.205 31409 31409 I InjectionManager: Constructor com.sec.esdk.elm, Feature store :{}
11-23 15:17:12.205 31409 31409 I InjectionManager: featureStore :{}
11-23 15:17:12.205  7342 31408 I KLMS-2.5.074: : KLMSIntentService(): Notification App List is Null. Remove Notification.
11-23 15:17:12.215 31409 31409 D elm:15072: ELMAbstractReceiver.onReceive() : Intent { act=android.intent.action.PACKAGE_REMOVED dat=package:com.google.identitytoolkit.demo flg=0x4000010 cmp=com.sec.esdk.elm/.receiver.MainReceiver (has extras) }
11-23 15:17:12.215 31409 31409 D elm:15072: ELMEngine.ELMEngine( context ).
11-23 15:17:12.215 31409 31409 D elm:15072: MDMBridge.setEnterpriseBridge()
11-23 15:17:12.215  3520  4412 D ActivityManager: retrieveServiceLocked(): component = com.sec.esdk.elm/com.sec.esdk.elm.service.ElmAgentService; callingUser = 0; userId(target) = 0
11-23 15:17:12.215  3520  4412 W ActivityManager: userId = 0, bbcId = -10000
11-23 15:17:12.215  3520  4412 W ActivityManager: NORMAL SET : dst_category = 0, src_allowCategory = 0,2-1023
11-23 15:17:12.215  3520  4412 W ActivityManager: NORMAL SET : srcAppInfo.processName = com.sec.esdk.elm, destAppInfo.processName = com.sec.esdk.elm
11-23 15:17:12.215  7342 31408 I KLMS-2.5.074: : KLMSValidator(): IsPackageExistInDevice().Not Exsit: com.google.identitytoolkit.demo
11-23 15:17:12.225 31409 31409 D elm:15072: ELMAbstractReceiver : Receive Intent { act=android.intent.action.PACKAGE_REMOVED dat=package:com.google.identitytoolkit.demo flg=0x4000010 cmp=com.sec.esdk.elm/.service.ElmAgentService (has extras) } END.
11-23 15:17:12.225 31409 31409 D elm:15072: ElmAgentService : onCreate()
11-23 15:17:12.225  7342 31408 I KLMS-2.5.074: : KLMSIntentService(): listeningToPackageRemoved().END
11-23 15:17:12.225 31409 31424 D elm:15072: ElmAgentService : onHandleIntent() Intent { act=android.intent.action.PACKAGE_REMOVED dat=package:com.google.identitytoolkit.demo flg=0x4000010 cmp=com.sec.esdk.elm/.service.ElmAgentService (has extras) }
11-23 15:17:12.225 31409 31424 D elm:15072: MainReceiver.listeningToPackageRemoved()
11-23 15:17:12.225 31409 31424 D elm:15072: MDMBridge.getInstance()
11-23 15:17:12.225 31409 31424 D elm:15072: MDMBridge.getAllLicenseInfoFromSDK()
11-23 15:17:12.225  3520  3520 E ActivityManager: checkUser: useridlist=null, currentuser=0
11-23 15:17:12.225  3520  3520 E ActivityManager: checkUser: useridlist=null, currentuser=0
11-23 15:17:12.225  3520  3520 E ActivityManager: checkUser: useridlist=null, currentuser=0
11-23 15:17:12.225  3520  3520 E ActivityManager: checkUser: useridlist=null, currentuser=0
11-23 15:17:12.235 31409 31424 D elm:15072: MDMBridge.getAllLicenseInfoFromSDK()
11-23 15:17:12.245 31427 31427 E Zygote  : MountEmulatedStorage()
11-23 15:17:12.245 31427 31427 E Zygote  : v2
11-23 15:17:12.245 31427 31427 I libpersona: KNOX_SDCARD checking this for 10000
11-23 15:17:12.245 31427 31427 I libpersona: KNOX_SDCARD not a persona
11-23 15:17:12.245 31427 31427 I SELinux : Function: selinux_compare_spd_ram , priority [2] , priority version is VE=SEPF_SM-G920V_5.0.2_0011
11-23 15:17:12.245 31427 31427 E SELinux : [DEBUG] get_category: variable seinfo: default sensitivity: NULL, cateogry: NULL
11-23 15:17:12.245  3520  3520 I ActivityManager: Start proc com.verizon.vzwavs for broadcast com.verizon.vzwavs/.WakeupReceiver: pid=31427 uid=10000 gids={50000, 9997, 3003} abi=arm64-v8a
11-23 15:17:12.255 31409 31409 D elm:15072: ElmAgentService : onDestroy().
11-23 15:17:12.255  3520  3940 I ActivityManager: Killing 30812:com.samsung.android.intelligenceservice/u0a5 (adj 15): empty #31
11-23 15:17:12.255  4385  4385 D PersonaManager: isKioskContainerExistOnDevice
11-23 15:17:12.255  4385  4385 D RegisteredServicesCache: empty dynamic service
11-23 15:17:12.265  7342  7342 I KLMS-2.5.074: : KLMSIntentService(): onDestroy()
11-23 15:17:12.275 31427 31427 D TimaKeyStoreProvider: TimaSignature is unavailable
11-23 15:17:12.275 31427 31427 D ActivityThread: Added TimaKeyStore provider
11-23 15:17:12.285  3520  3533 I InjectionManagerService -AppFeature: getCoreFeaturePkgList :[]
11-23 15:17:12.285 31427 31427 I InjectionManager: Inside getClassLibPath + mLibMap{0=, 1=}
11-23 15:17:12.295 31427 31427 I InjectionManager: Inside getClassLibPath caller 
11-23 15:17:12.305 31427 31427 D InjectionManager: InjectionManager
11-23 15:17:12.305 31427 31427 D InjectionManager: fillFeatureStoreMap com.verizon.vzwavs
11-23 15:17:12.305 31427 31427 I InjectionManager: Constructor com.verizon.vzwavs, Feature store :{}
11-23 15:17:12.305 31427 31427 I InjectionManager: featureStore :{}
11-23 15:17:12.305  3520  4678 D ActivityManager: retrieveServiceLocked(): component = com.verizon.vzwavs/com.verizon.vzwavs.AVSService; callingUser = 0; userId(target) = 0
11-23 15:17:12.305  3520  4678 W ActivityManager: userId = 0, bbcId = -10000
11-23 15:17:12.305  3520  4678 W ActivityManager: NORMAL SET : dst_category = 1023, src_allowCategory = 0,701-1023
11-23 15:17:12.305  3520  4678 W ActivityManager: NORMAL SET : srcAppInfo.processName = com.verizon.vzwavs, destAppInfo.processName = com.verizon.vzwavs
11-23 15:17:12.325  3520  4412 D ActivityManager: retrieveServiceLocked(): component = com.amazon.venezia/com.amazon.venezia.uninstall.UninstallService; callingUser = 0; userId(target) = 0
11-23 15:17:12.325  3520  4412 W ActivityManager: userId = 0, bbcId = -10000
11-23 15:17:12.325  3520  4412 W ActivityManager: NORMAL SET : dst_category = 1023, src_allowCategory = 0,701-1023
11-23 15:17:12.325  3520  4412 W ActivityManager: NORMAL SET : srcAppInfo.processName = com.amazon.venezia, destAppInfo.processName = com.amazon.venezia
11-23 15:17:12.325  3520  4681 E ActivityManager: checkUser: useridlist=null, currentuser=0
11-23 15:17:12.325  3520  4681 E ActivityManager: checkUser: useridlist=null, currentuser=0
11-23 15:17:12.325  3520  4681 E ActivityManager: checkUser: useridlist=null, currentuser=0
11-23 15:17:12.325  3520  4681 E ActivityManager: checkUser: useridlist=null, currentuser=0
11-23 15:17:12.345 31448 31448 E Zygote  : MountEmulatedStorage()
11-23 15:17:12.345 31448 31448 E Zygote  : v2
11-23 15:17:12.345 31448 31448 I libpersona: KNOX_SDCARD checking this for 10017
11-23 15:17:12.345 31448 31448 I libpersona: KNOX_SDCARD not a persona
11-23 15:17:12.345 31448 31448 I SELinux : Function: selinux_compare_spd_ram , priority [2] , priority version is VE=SEPF_SM-G920V_5.0.2_0011
11-23 15:17:12.345 31448 31448 E SELinux : [DEBUG] get_category: variable seinfo: platform sensitivity: NULL, cateogry: NULL
11-23 15:17:12.345  3520  4681 I ActivityManager: Start proc com.sec.android.service.health for broadcast com.sec.android.service.health/.upgrade.UninstallReceiver: pid=31448 uid=10017 gids={50017, 9997} abi=arm64-v8a
11-23 15:17:12.365  3520  4681 I ActivityManager: Killing 30827:com.samsung.android.app.assistantmenu/1000 (adj 15): empty #31
11-23 15:17:12.365 31448 31448 D TimaKeyStoreProvider: TimaSignature is unavailable
11-23 15:17:12.365 31448 31448 D ActivityThread: Added TimaKeyStore provider
11-23 15:17:12.385  3520  3532 I InjectionManagerService -AppFeature: getCoreFeaturePkgList :[]
11-23 15:17:12.395 31448 31448 I InjectionManager: Inside getClassLibPath + mLibMap{0=, 1=}
11-23 15:17:12.395 31448 31448 I InjectionManager: Inside getClassLibPath caller 
11-23 15:17:12.415 31448 31448 D InjectionManager: InjectionManager
11-23 15:17:12.415 31448 31448 D InjectionManager: fillFeatureStoreMap com.sec.android.service.health
11-23 15:17:12.415 31448 31448 I InjectionManager: Constructor com.sec.android.service.health, Feature store :{}
11-23 15:17:12.415 31448 31448 I InjectionManager: featureStore :{}
11-23 15:17:12.415 31448 31448 D com.sec.android.service.health.upgrade.UninstallReceiver: onReceive()
11-23 15:17:12.415 31448 31448 I com.sec.android.service.health.upgrade.UninstallReceiver: onReceive called  PACKAGE_REMOVED package:com.google.identitytoolkit.demo
11-23 15:17:12.415 31448 31448 D com.sec.android.service.health.upgrade.UninstallReceiver: onReceive() : package name is not s health. Return !!!
11-23 15:17:12.415  3520  4677 E ActivityManager: checkUser: useridlist=null, currentuser=0
11-23 15:17:12.415  3520  4677 E ActivityManager: checkUser: useridlist=null, currentuser=0
11-23 15:17:12.415  3520  4677 E ActivityManager: checkUser: useridlist=null, currentuser=0
11-23 15:17:12.415  3520  4677 E ActivityManager: checkUser: useridlist=null, currentuser=0
11-23 15:17:12.425  3520  3593 W libprocessgroup: failed to open /acct/uid_10005/pid_30812/cgroup.procs: No such file or directory
11-23 15:17:12.435 31464 31464 E Zygote  : MountEmulatedStorage()
11-23 15:17:12.435 31464 31464 I libpersona: KNOX_SDCARD checking this for 10019
11-23 15:17:12.435 31464 31464 E Zygote  : v2
11-23 15:17:12.435 31464 31464 I libpersona: KNOX_SDCARD not a persona
11-23 15:17:12.445 31464 31464 I SELinux : Function: selinux_compare_spd_ram , priority [2] , priority version is VE=SEPF_SM-G920V_5.0.2_0011
11-23 15:17:12.445 31464 31464 E SELinux : [DEBUG] get_category: variable seinfo: default sensitivity: NULL, cateogry: NULL
11-23 15:17:12.445  3520  4677 I ActivityManager: Start proc com.LogiaGroup.LogiaDeck for broadcast com.LogiaGroup.LogiaDeck/.Receivers.UninstallBroadCastReceiver: pid=31464 uid=10019 gids={50019, 9997, 1028, 1015, 3003} abi=arm64-v8a
11-23 15:17:12.445  3520  3593 W libprocessgroup: failed to open /acct/uid_1000/pid_30827/cgroup.procs: No such file or directory
11-23 15:17:12.445  3520  4072 I ActivityManager: Killing 30844:com.sec.knox.bridge/1000 (adj 15): empty #31
11-23 15:17:12.465 31464 31464 D TimaKeyStoreProvider: TimaSignature is unavailable
11-23 15:17:12.465 31464 31464 D ActivityThread: Added TimaKeyStore provider
11-23 15:17:12.475  3520  4681 I InjectionManagerService -AppFeature: getCoreFeaturePkgList :[]
11-23 15:17:12.475 31464 31464 I InjectionManager: Inside getClassLibPath + mLibMap{0=, 1=}
11-23 15:17:12.485 31464 31464 W ResourceType: ResTable_typeSpec entry count inconsistent: given 1, previously 135
11-23 15:17:12.485 31464 31464 W ResourceType: ResTable_typeSpec entry count inconsistent: given 1, previously 36
11-23 15:17:12.485 31464 31464 I InjectionManager: Inside getClassLibPath caller 
11-23 15:17:12.515 31446 31446 D AndroidRuntime: 
11-23 15:17:12.515 31446 31446 D AndroidRuntime: >>>>>> AndroidRuntime START com.android.internal.os.RuntimeInit <<<<<<
11-23 15:17:12.515 31446 31446 D AndroidRuntime: CheckJNI is OFF
11-23 15:17:12.525 31446 31446 D AndroidRuntime: readGMSProperty: start
11-23 15:17:12.525 31446 31446 D AndroidRuntime: readGMSProperty: already setted!!
11-23 15:17:12.525 31446 31446 D AndroidRuntime: propertySet: couldn't set property (it is from app)
11-23 15:17:12.525 31446 31446 D AndroidRuntime: readGMSProperty: could not set the property(default)!!
11-23 15:17:12.525 31446 31446 D AndroidRuntime: readGMSProperty: end
11-23 15:17:12.525 31446 31446 D AndroidRuntime: addProductProperty: start
11-23 15:17:12.525  3520  4070 D ActivityManager: retrieveServiceLocked(): component = com.LogiaGroup.LogiaDeck/com.LogiaGroup.LogiaDeck.Services.SmsManagerService; callingUser = 0; userId(target) = 0
11-23 15:17:12.535  3520  4070 W ActivityManager: userId = 0, bbcId = -10000
11-23 15:17:12.535  3520  4070 W ActivityManager: NORMAL SET : dst_category = 1023, src_allowCategory = 0,701-1023
11-23 15:17:12.535  3520  4070 W ActivityManager: NORMAL SET : srcAppInfo.processName = com.LogiaGroup.LogiaDeck, destAppInfo.processName = com.LogiaGroup.LogiaDeck
11-23 15:17:12.535 31464 31464 D InjectionManager: InjectionManager
11-23 15:17:12.535 31464 31464 D InjectionManager: fillFeatureStoreMap com.LogiaGroup.LogiaDeck
11-23 15:17:12.535 31464 31464 I InjectionManager: Constructor com.LogiaGroup.LogiaDeck, Feature store :{}
11-23 15:17:12.535 31464 31464 I InjectionManager: featureStore :{}
11-23 15:17:12.535  3520  3940 D ActivityManager: retrieveServiceLocked(): component = com.LogiaGroup.LogiaDeck/com.LogiaGroup.LogiaDeck.Services.UninstallIntentService; callingUser = 0; userId(target) = 0
11-23 15:17:12.535  3520  3940 W ActivityManager: userId = 0, bbcId = -10000
11-23 15:17:12.535  3520  3940 W ActivityManager: NORMAL SET : dst_category = 1023, src_allowCategory = 0,701-1023
11-23 15:17:12.535  3520  3940 W ActivityManager: NORMAL SET : srcAppInfo.processName = com.LogiaGroup.LogiaDeck, destAppInfo.processName = com.LogiaGroup.LogiaDeck
11-23 15:17:12.545  3520  4681 E ActivityManager: checkUser: useridlist=null, currentuser=0
11-23 15:17:12.545  3520  4681 E ActivityManager: checkUser: useridlist=null, currentuser=0
11-23 15:17:12.545  3520  4681 E ActivityManager: checkUser: useridlist=null, currentuser=0
11-23 15:17:12.545  3520  4681 E ActivityManager: checkUser: useridlist=null, currentuser=0
11-23 15:17:12.565 31481 31481 E Zygote  : MountEmulatedStorage()
11-23 15:17:12.565 31481 31481 I libpersona: KNOX_SDCARD checking this for 1000
11-23 15:17:12.565 31481 31481 E Zygote  : v2
11-23 15:17:12.565 31481 31481 I libpersona: KNOX_SDCARD not a persona
11-23 15:17:12.565 31481 31481 I SELinux : Function: selinux_compare_spd_ram , priority [2] , priority version is VE=SEPF_SM-G920V_5.0.2_0011
11-23 15:17:12.575 31481 31481 E SELinux : [DEBUG] get_category: variable seinfo: platform sensitivity: NULL, cateogry: NULL
11-23 15:17:12.575  3520  4681 I ActivityManager: Start proc com.sec.pcw.device for broadcast com.sec.pcw.device/.receiver.SYSTEMReceiver: pid=31481 uid=1000 gids={41000, 9997, 3003, 3002, 3001, 1028, 1015, 1007, 1023, 2001, 1024, 1001, 3004, 3005} abi=arm64-v8a
11-23 15:17:12.575  3520  3593 W libprocessgroup: failed to open /acct/uid_1000/pid_30844/cgroup.procs: No such file or directory
11-23 15:17:12.585  3520  4440 I ActivityManager: Killing 30859:com.samsung.android.app.filterinstaller/1000 (adj 15): empty #31
11-23 15:17:12.585 31481 31481 D TimaKeyStoreProvider: TimaSignature is unavailable
11-23 15:17:12.595 31481 31481 D ActivityThread: Added TimaKeyStore provider
11-23 15:17:12.595  3009  3009 I art     : Explicit concurrent mark sweep GC freed 8705(370KB) AllocSpace objects, 0(0B) LOS objects, 37% free, 26MB/42MB, paused 414us total 20.831ms
11-23 15:17:12.605  3520  4070 I InjectionManagerService -AppFeature: getCoreFeaturePkgList :[]
11-23 15:17:12.605 31481 31481 I InjectionManager: Inside getClassLibPath + mLibMap{0=, 1=}
11-23 15:17:12.605  3009  3009 I art     : Explicit concurrent mark sweep GC freed 5(160B) AllocSpace objects, 0(0B) LOS objects, 37% free, 26MB/42MB, paused 152us total 14.241ms
11-23 15:17:12.605 31481 31481 I InjectionManager: Inside getClassLibPath caller 
11-23 15:17:12.615  3009  3009 I art     : Explicit concurrent mark sweep GC freed 5(160B) AllocSpace objects, 0(0B) LOS objects, 37% free, 26MB/42MB, paused 137us total 10.546ms
11-23 15:17:12.625 31481 31481 I PCWCLIENTTRACE_LOG: DEFAULT_LOGON : true
11-23 15:17:12.625 31481 31481 I PCWCLIENTTRACE_LOG: DEFAULT_LOGLEVEL : 3
11-23 15:17:12.625 31481 31481 I PCWCLIENTTRACE_DMDBOpenHelper: new DMDBOpenHelper instance
11-23 15:17:12.635 31481 31481 D InjectionManager: InjectionManager
11-23 15:17:12.635 31481 31481 D InjectionManager: fillFeatureStoreMap com.sec.pcw.device
11-23 15:17:12.635 31481 31481 I InjectionManager: Constructor com.sec.pcw.device, Feature store :{}
11-23 15:17:12.635 31481 31481 I InjectionManager: featureStore :{}
11-23 15:17:12.645 31481 31481 I PCWCLIENTTRACE_PushUtil: SPPPushClient is installed : true
11-23 15:17:12.645 31481 31481 I PCWCLIENTTRACE_PushUtil: sales region : global
11-23 15:17:12.645 31481 31481 I PCWCLIENTTRACE_PushUtil: getPushTypeList : [SPP, GCM]
11-23 15:17:12.645 31481 31481 I PCWCLIENTTRACE_SYSTEMReceiver: [onReceive] - android.intent.action.PACKAGE_REMOVED
11-23 15:17:12.645 24690 24690 I GalaxyFinderApplication: [onReceive] android.intent.action.PACKAGE_REMOVED
11-23 15:17:12.645  3520  4439 E ActivityManager: checkUser: useridlist=null, currentuser=0
11-23 15:17:12.645  3520  4439 E ActivityManager: checkUser: useridlist=null, currentuser=0
11-23 15:17:12.645  3520  4439 E ActivityManager: checkUser: useridlist=null, currentuser=0
11-23 15:17:12.645  3520  4439 E ActivityManager: checkUser: useridlist=null, currentuser=0
11-23 15:17:12.655 31504 31504 E Zygote  : MountEmulatedStorage()
11-23 15:17:12.655 31504 31504 E Zygote  : v2
11-23 15:17:12.655 31504 31504 I libpersona: KNOX_SDCARD checking this for 10034
11-23 15:17:12.655 31504 31504 I libpersona: KNOX_SDCARD not a persona
11-23 15:17:12.655 31504 31504 I SELinux : Function: selinux_compare_spd_ram , priority [2] , priority version is VE=SEPF_SM-G920V_5.0.2_0011
11-23 15:17:12.655 31504 31504 E SELinux : [DEBUG] get_category: variable seinfo: release sensitivity: NULL, cateogry: NULL
11-23 15:17:12.655  3520  4439 I ActivityManager: Start proc com.sec.android.app.shealth for broadcast com.sec.android.app.shealth/com.samsung.android.app.shealth.home.dashboard.sdk.RemoteTileBroadcastReceiver: pid=31504 uid=10034 gids={50034, 9997, 1028, 1015, 3003, 3002, 3001} abi=arm64-v8a
11-23 15:17:12.665  3520  4439 I ActivityManager: Killing 30875:com.sec.android.widgetapp.samsungapps/u0a125 (adj 15): empty #31
11-23 15:17:12.675 31504 31504 D TimaKeyStoreProvider: TimaSignature is unavailable
11-23 15:17:12.675 31504 31504 D ActivityThread: Added TimaKeyStore provider
11-23 15:17:12.675 31446 31446 E AffinityControl: AffinityControl: registerfunction enter
11-23 15:17:12.685  3520  3940 I InjectionManagerService -AppFeature: getCoreFeaturePkgList :[]
11-23 15:17:12.685 31504 31504 I InjectionManager: Inside getClassLibPath + mLibMap{0=, 1=}
11-23 15:17:12.685 31504 31504 W ResourcesManager: Asset path '/system/framework/twframework.jar' does not exist or contains no resources.
11-23 15:17:12.685 31504 31504 I InjectionManager: Inside getClassLibPath caller 
11-23 15:17:12.695 31446 31446 D AndroidRuntime: Calling main entry com.android.commands.pm.Pm
11-23 15:17:12.735  3520  4070 D ActivityManager: retrieveServiceLocked(): component = com.samsung.android.app.galaxyfinder/com.samsung.android.app.galaxyfinder.tag.TagReadyService; callingUser = 0; userId(target) = 0
11-23 15:17:12.735  3520  4070 W ActivityManager: userId = 0, bbcId = -10000
11-23 15:17:12.735  3520  4070 W ActivityManager: NORMAL SET : dst_category = 0, src_allowCategory = 0,2-1023
11-23 15:17:12.735  3520  4070 W ActivityManager: NORMAL SET : srcAppInfo.processName = com.samsung.android.app.galaxyfinder, destAppInfo.processName = com.samsung.android.app.galaxyfinder
11-23 15:17:12.755  3520  3593 W libprocessgroup: failed to open /acct/uid_1000/pid_30859/cgroup.procs: No such file or directory
11-23 15:17:12.755  3520  3593 W libprocessgroup: failed to open /acct/uid_10125/pid_30875/cgroup.procs: No such file or directory
11-23 15:17:12.765 31504 31504 D InjectionManager: InjectionManager
11-23 15:17:12.765 31504 31504 D InjectionManager: fillFeatureStoreMap com.sec.android.app.shealth
11-23 15:17:12.765 31504 31504 I InjectionManager: Constructor com.sec.android.app.shealth, Feature store :{}
11-23 15:17:12.765 31504 31504 I InjectionManager: featureStore :{}
11-23 15:17:12.765  3520  3533 D ActivityManager: retrieveServiceLocked(): component = com.sec.android.app.shealth/com.samsung.android.app.shealth.home.dashboard.sdk.RemoteTileService; callingUser = 0; userId(target) = 0
11-23 15:17:12.765  3520  3533 W ActivityManager: userId = 0, bbcId = -10000
11-23 15:17:12.765  3520  3533 W ActivityManager: NORMAL SET : dst_category = 0, src_allowCategory = 0,2-1023
11-23 15:17:12.765  3520  3533 W ActivityManager: NORMAL SET : srcAppInfo.processName = com.sec.android.app.shealth, destAppInfo.processName = com.sec.android.app.shealth
11-23 15:17:12.785  3520  4706 E ActivityManager: checkUser: useridlist=null, currentuser=0
11-23 15:17:12.785 31446 31446 D AndroidRuntime: Shutting down VM
11-23 15:17:12.785  3520  4706 E ActivityManager: checkUser: useridlist=null, currentuser=0
11-23 15:17:12.785  3520  4706 E ActivityManager: checkUser: useridlist=null, currentuser=0
11-23 15:17:12.785  3520  4706 E ActivityManager: checkUser: useridlist=null, currentuser=0
11-23 15:17:12.795 31528 31528 E Zygote  : MountEmulatedStorage()
11-23 15:17:12.795 31528 31528 I libpersona: KNOX_SDCARD checking this for 10043
11-23 15:17:12.795 31528 31528 E Zygote  : v2
11-23 15:17:12.795 31528 31528 I libpersona: KNOX_SDCARD not a persona
11-23 15:17:12.795 31528 31528 I SELinux : Function: selinux_compare_spd_ram , priority [2] , priority version is VE=SEPF_SM-G920V_5.0.2_0011
11-23 15:17:12.795 31528 31528 E SELinux : [DEBUG] get_category: variable seinfo: default sensitivity: NULL, cateogry: NULL
11-23 15:17:12.795  3520  4706 I ActivityManager: Start proc com.osp.app.signin for broadcast com.osp.app.signin/com.msc.sa.selfupdate.SelfUpgradeReceiver: pid=31528 uid=10043 gids={50043, 9997, 3003, 1028, 1015} abi=arm64-v8a
11-23 15:17:12.805  3520  4412 I ActivityManager: Killing 30890:com.samsung.android.provider.filterprovider/u0a123 (adj 15): empty #31
11-23 15:17:12.815 31528 31528 D TimaKeyStoreProvider: TimaSignature is unavailable
11-23 15:17:12.815 31528 31528 D ActivityThread: Added TimaKeyStore provider
11-23 15:17:12.825  3520  4695 I InjectionManagerService -AppFeature: getCoreFeaturePkgList :[]
11-23 15:17:12.835 31528 31528 I InjectionManager: Inside getClassLibPath + mLibMap{0=, 1=}
11-23 15:17:12.835 31528 31528 I InjectionManager: Inside getClassLibPath caller 
11-23 15:17:12.855 31528 31528 I SA      : [SSP] onCreated
11-23 15:17:12.875 31528 31528 I SA      : [TPM] There is no property file
11-23 15:17:12.875 31528 31528 I SA      : [SCU] isHaveSA() - false
11-23 15:17:12.875 31528 31528 I SA      : [TPM] getModelProperty : null
11-23 15:17:12.875 31528 31528 I SA      : [TPM] getCSCProperty : null
11-23 15:17:12.885 31528 31528 I SA      : [DM] FLOATING AMOLED FEATURE: false
11-23 15:17:12.885 31528 31528 I SA      : [DM] PRODUCT AMOLED FEATURE: false
11-23 15:17:12.885 31528 31528 I SA      : [DM] TFT FEATURE: true
11-23 15:17:12.885 31528 31528 D InjectionManager: InjectionManager
11-23 15:17:12.885 31528 31528 D InjectionManager: fillFeatureStoreMap com.osp.app.signin
11-23 15:17:12.885 31528 31528 I InjectionManager: Constructor com.osp.app.signin, Feature store :{}
11-23 15:17:12.885 31528 31528 I InjectionManager: featureStore :{}
11-23 15:17:12.885 31528 31528 I SA      : [DM] init START
11-23 15:17:12.895 31528 31528 I SA      : [DM] SetupWizard doesn't exist
11-23 15:17:12.895 31528 31528 I SA      : [DM] This device is not a Vodafone
11-23 15:17:12.895 31528 31528 W ResourceType: No package identifier when getting value for resource number 0x00000000
11-23 15:17:12.895 31528 31528 W ResourceType: No package identifier when getting value for resource number 0x00000000
11-23 15:17:12.895 31528 31528 W ResourceType: No package identifier when getting value for resource number 0x00000000
11-23 15:17:12.895 31528 31528 W ResourceType: No package identifier when getting value for resource number 0x00000000
11-23 15:17:12.895 31528 31528 W ResourceType: No package identifier when getting value for resource number 0x00000000
11-23 15:17:12.895 31528 31528 W ResourceType: No package identifier when getting value for resource number 0x00000000
11-23 15:17:12.895 31528 31528 W ResourceType: Failure getting entry for 0x7f060008 (t=5 e=8) (error -75)
11-23 15:17:12.895 31528 31528 W ResourceType: Failure getting entry for 0x7f060009 (t=5 e=9) (error -75)
11-23 15:17:12.895 31528 31528 W ResourceType: Failure getting entry for 0x7f06000c (t=5 e=12) (error -75)
11-23 15:17:12.895 31528 31528 W ResourceType: Failure getting entry for 0x7f06000d (t=5 e=13) (error -75)
11-23 15:17:12.895 31528 31528 W ResourceType: Failure getting entry for 0x7f060002 (t=5 e=2) (error -75)
11-23 15:17:12.895 31528 31528 W ResourceType: No package identifier when getting value for resource number 0x00000000
11-23 15:17:12.895 31528 31528 W ResourceType: No package identifier when getting value for resource number 0x00000000
11-23 15:17:12.895 31528 31528 W ResourceType: No package identifier when getting value for resource number 0x00000000
11-23 15:17:12.895 31528 31528 W ResourceType: No package identifier when getting value for resource number 0x00000000
11-23 15:17:12.905 31528 31528 W ResourceType: No package identifier when getting value for resource number 0x00000000
11-23 15:17:12.905 31528 31528 W ResourceType: No package identifier when getting value for resource number 0x00000000
11-23 15:17:12.905 31528 31528 W ResourceType: No package identifier when getting value for resource number 0x00000000
11-23 15:17:12.905 31528 31528 W ResourceType: No package identifier when getting value for resource number 0x00000000
11-23 15:17:12.905 31528 31528 W ResourceType: No package identifier when getting value for resource number 0x00000000
11-23 15:17:12.905 31528 31528 W ResourceType: No package identifier when getting value for resource number 0x00000000
11-23 15:17:12.905 31528 31528 W ResourceType: Failure getting entry for 0x7f060010 (t=5 e=16) (error -75)
11-23 15:17:12.905 31528 31528 W ResourceType: Failure getting entry for 0x7f060011 (t=5 e=17) (error -75)
11-23 15:17:12.905 31528 31528 W ResourceType: Failure getting entry for 0x7f060012 (t=5 e=18) (error -75)
11-23 15:17:12.905 31528 31528 W ResourceType: No package identifier when getting value for resource number 0x00000000
11-23 15:17:12.905 31528 31528 W ResourceType: Failure getting entry for 0x7f060013 (t=5 e=19) (error -75)
11-23 15:17:12.905 31528 31528 W ResourceType: No package identifier when getting value for resource number 0x00000000
11-23 15:17:12.905 31528 31528 W ResourceType: No package identifier when getting value for resource number 0x00000000
11-23 15:17:12.905 31528 31528 W ResourceType: No package identifier when getting value for resource number 0x00000000
11-23 15:17:12.905 31528 31528 W ResourceType: No package identifier when getting value for resource number 0x00000000
11-23 15:17:12.905 31528 31528 W ResourceType: No package identifier when getting value for resource number 0x00000000
11-23 15:17:12.905 31528 31528 W ResourceType: No package identifier when getting value for resource number 0x00000000
11-23 15:17:12.905 31528 31528 W ResourceType: No package identifier when getting value for resource number 0x00000000
11-23 15:17:12.905 31528 31528 W ResourceType: Failure getting entry for 0x7f06000a (t=5 e=10) (error -75)
11-23 15:17:12.905 31528 31528 W ResourceType: Failure getting entry for 0x7f06000b (t=5 e=11) (error -75)
11-23 15:17:12.905 31528 31528 W ResourceType: Failure getting entry for 0x7f060003 (t=5 e=3) (error -75)
11-23 15:17:12.905 31528 31528 W ResourceType: No package identifier when getting value for resource number 0x00000000
11-23 15:17:12.905 31528 31528 W ResourceType: No package identifier when getting value for resource number 0x00000000
11-23 15:17:12.905 31528 31528 W ResourceType: No package identifier when getting value for resource number 0x00000000
11-23 15:17:12.905 31528 31528 W ResourceType: No package identifier when getting value for resource number 0x00000000
11-23 15:17:12.905 31528 31528 I SA      : [SCU] isHaveSA() - false
11-23 15:17:12.905 31528 31528 I SA      : support phone number id : false
11-23 15:17:12.905 31528 31528 I SA      : [DM] Supports Ref Jpn : true
11-23 15:17:12.905 31528 31528 I SA      : [DM] init END
11-23 15:17:12.905 31528 31528 I SA      : [SUR] onReceive log=[SA = 2.1.0182 V = 21 HWD = 2560X1440 4.0 dpi = 640  SIZE = 2 LOCALE = en_US CSC = VZW MCC = 310 MNC 410 T = user DEVICE = zerofltevzw P = zerofltevzw I = LRX22G M = SM-G920V OKLEFT false DIS LRX22G.G920VVRU1AOE2 PSS = 5.621303445749858  ]
11-23 15:17:12.905 31528 31528 I SA      : [SUR] onReceive Intent=[ action_PACKAGE_REMOVED package extra.REMOVED_FOR_ALL_USERS.:true extra.UID.:10674 extra.DATA_REMOVED.:true extra.user_handle.:0 ]
11-23 15:17:12.915  3520  4072 I ActivityManager: Killing 30906:com.samsung.android.app.watchmanagerstub/u0a126 (adj 15): empty #31
11-23 15:17:12.915  3520  4677 D ActivityManager: retrieveServiceLocked(): component = com.android.providers.contacts/com.android.providers.contacts.VoicemailCleanupService; callingUser = 0; userId(target) = 0
11-23 15:17:12.915  3520  4677 W ActivityManager: userId = 0, bbcId = -10000
11-23 15:17:12.915  3520  4677 W ActivityManager: NORMAL SET : dst_category = 0, src_allowCategory = 0,2-1023
11-23 15:17:12.915  3520  4677 W ActivityManager: NORMAL SET : srcAppInfo.processName = android.process.acore, destAppInfo.processName = android.process.acore
11-23 15:17:12.915  3520  3593 W libprocessgroup: failed to open /acct/uid_10123/pid_30890/cgroup.procs: No such file or directory
11-23 15:17:12.925 24478 24478 D Mms/FreeMessageStatusReceiver: onReceive, action : android.intent.action.PACKAGE_REMOVED
11-23 15:17:12.925  3520  4440 D ActivityManager: retrieveServiceLocked(): component = com.android.mms/com.android.mms.freemessage.FreeMessageReceiverService; callingUser = 0; userId(target) = 0
11-23 15:17:12.925  3520  4440 W ActivityManager: userId = 0, bbcId = -10000
11-23 15:17:12.925  3520  4440 W ActivityManager: NORMAL SET : dst_category = 0, src_allowCategory = 0,2-1023
11-23 15:17:12.925  3520  4440 W ActivityManager: NORMAL SET : srcAppInfo.processName = com.android.mms, destAppInfo.processName = com.android.mms
11-23 15:17:12.935 24478 31547 D Mms/FreeMessageReceiverService: onHandleIntent, action : android.intent.action.PACKAGE_REMOVED
11-23 15:17:12.935 24478 31547 D Mms/FreeMessageReceiverService: onHandleIntent: ACTION_PACKAGE_REMOVED
11-23 15:17:12.935  3520  3533 E ActivityManager: checkUser: useridlist=null, currentuser=0
11-23 15:17:12.935  3520  3533 E ActivityManager: checkUser: useridlist=null, currentuser=0
11-23 15:17:12.935  3520  3533 E ActivityManager: checkUser: useridlist=null, currentuser=0
11-23 15:17:12.935  3520  3533 E ActivityManager: checkUser: useridlist=null, currentuser=0
11-23 15:17:12.955 31548 31548 E Zygote  : MountEmulatedStorage()
11-23 15:17:12.955 31548 31548 E Zygote  : v2
11-23 15:17:12.955 31548 31548 I libpersona: KNOX_SDCARD checking this for 1000
11-23 15:17:12.955 31548 31548 I libpersona: KNOX_SDCARD not a persona
11-23 15:17:12.955 31548 31548 I SELinux : Function: selinux_compare_spd_ram , priority [2] , priority version is VE=SEPF_SM-G920V_5.0.2_0011
11-23 15:17:12.955 31548 31548 E SELinux : [DEBUG] get_category: variable seinfo: platform sensitivity: NULL, cateogry: NULL
11-23 15:17:12.955  3520  3533 I ActivityManager: Start proc com.android.settings for broadcast com.android.settings/.safetycare.GeoLookoutRemoveReceiver: pid=31548 uid=1000 gids={41000, 9997, 3003, 3002, 3001, 1028, 1015, 1007, 1023, 2001, 1024, 1001, 3004, 3005} abi=arm64-v8a
11-23 15:17:12.975 31548 31548 D TimaKeyStoreProvider: TimaSignature is unavailable
11-23 15:17:12.975 31548 31548 D ActivityThread: Added TimaKeyStore provider
11-23 15:17:12.985  3520  4086 I InjectionManagerService -AppFeature: getCoreFeaturePkgList :[]
11-23 15:17:12.985 31548 31548 I InjectionManager: Inside getClassLibPath + mLibMap{0=, 1=}
11-23 15:17:12.995 31548 31548 W ResourcesManager: Asset path '/system/framework/sec_platform_library.jar' does not exist or contains no resources.
11-23 15:17:12.995 31548 31548 W ResourcesManager: Asset path '/system/framework/smatlib.jar' does not exist or contains no resources.
