11-23 15:17:14.055 31732 31732 D ActivityThread: Loading provider com.samsung.mirrorlink.acms.pkgnames: com.samsung.android.mirrorlink.acms.provider.AcmsPkgNameProvide
11-23 15:17:14.055 31732 31763 D AcmsCertificateMngr: AcmsCertificateMngr
11-23 15:17:14.055 31732 31763 D AcmsRevocationMngr: AcmsRevocationMngr
11-23 15:17:14.065 31750 31750 D TimaKeyStoreProvider: TimaSignature is unavailable
11-23 15:17:14.065 31750 31750 D ActivityThread: Added TimaKeyStore provider
11-23 15:17:14.085  3520  4681 I InjectionManagerService -AppFeature: getCoreFeaturePkgList :[]
11-23 15:17:14.085 31750 31750 I InjectionManager: Inside getClassLibPath + mLibMap{0=, 1=}
11-23 15:17:14.085 31750 31750 I InjectionManager: Inside getClassLibPath caller 
11-23 15:17:14.095 31732 31732 D AcmsService: Inside handle Intent
11-23 15:17:14.095 31732 31732 D AcmsService: App removed - package name: com.google.identitytoolkit.demo
11-23 15:17:14.095 31732 31732 D AcmsCore: Post to AcmsCoreHandler
11-23 15:17:14.095 31732 31732 D AcmsServiceMonitor: AcmsServiceMonitor.getAcmsSvcMonitor() - Enter
11-23 15:17:14.095 31732 31732 D AcmsServiceMonitor: Incrementing - Counter value: 3
11-23 15:17:14.095 31732 31732 D AcmsCore: Incremented Counter Value: postToAcmsCoreHandler =>5
11-23 15:17:14.095 31732 31732 D AcmsService: Decremented Counter Value : handleStartIntent
11-23 15:17:14.095 31732 31732 D AcmsServiceMonitor: Decrementing - Counter value: 2
11-23 15:17:14.105 31750 31750 E SQLiteLog: (284) automatic index on shooting_modes(title_id)
11-23 15:17:14.115 31750 31750 D InjectionManager: InjectionManager
11-23 15:17:14.115 31750 31750 D InjectionManager: fillFeatureStoreMap com.samsung.android.provider.shootingmodeprovider
11-23 15:17:14.115 31750 31750 I InjectionManager: Constructor com.samsung.android.provider.shootingmodeprovider, Feature store :{}
11-23 15:17:14.115 31750 31750 I InjectionManager: featureStore :{}
11-23 15:17:14.115  3520  3532 D ActivityManager: retrieveServiceLocked(): component = com.samsung.android.provider.shootingmodeprovider/com.samsung.android.app.shootingmodeinstaller.ShootingModesService; callingUser = 0; userId(target) = 0
11-23 15:17:14.115  3520  3532 W ActivityManager: userId = 0, bbcId = -10000
11-23 15:17:14.115  3520  3532 W ActivityManager: NORMAL SET : dst_category = 0, src_allowCategory = 0,2-1023
11-23 15:17:14.115  3520  3532 W ActivityManager: NORMAL SET : srcAppInfo.processName = com.samsung.android.provider.shootingmodeprovider, destAppInfo.processName = com.samsung.android.provider.shootingmodeprovider
11-23 15:17:14.125  3520  3593 W libprocessgroup: failed to open /acct/uid_10180/pid_30970/cgroup.procs: No such file or directory
11-23 15:17:14.125  3520  3593 W libprocessgroup: failed to open /acct/uid_10121/pid_31075/cgroup.procs: No such file or directory
11-23 15:17:14.135  3520  4070 E ActivityManager: checkUser: useridlist=null, currentuser=0
11-23 15:17:14.135  3520  4070 E ActivityManager: checkUser: useridlist=null, currentuser=0
11-23 15:17:14.135  3520  4070 E ActivityManager: checkUser: useridlist=null, currentuser=0
11-23 15:17:14.135  3520  4070 E ActivityManager: checkUser: useridlist=null, currentuser=0
11-23 15:17:14.145 31767 31767 E Zygote  : MountEmulatedStorage()
11-23 15:17:14.145 31767 31767 E Zygote  : v2
11-23 15:17:14.145 31767 31767 I libpersona: KNOX_SDCARD checking this for 10038
11-23 15:17:14.145 31767 31767 I libpersona: KNOX_SDCARD not a persona
11-23 15:17:14.145 31767 31767 I SELinux : Function: selinux_compare_spd_ram , priority [2] , priority version is VE=SEPF_SM-G920V_5.0.2_0011
11-23 15:17:14.145 31767 31767 E SELinux : [DEBUG] get_category: variable seinfo: samsung sensitivity: NULL, cateogry: NULL
11-23 15:17:14.155  3520  4070 I ActivityManager: Start proc com.sec.spp.push for broadcast com.sec.spp.push/.receiver.PackageInfoChangeReceiver: pid=31767 uid=10038 gids={50038, 9997, 3003, 1028, 1015} abi=arm64-v8a
11-23 15:17:14.165 31767 31767 D TimaKeyStoreProvider: TimaSignature is unavailable
11-23 15:17:14.165 31767 31767 D ActivityThread: Added TimaKeyStore provider
11-23 15:17:14.185  3520  3533 I InjectionManagerService -AppFeature: getCoreFeaturePkgList :[]
11-23 15:17:14.185 31767 31767 I InjectionManager: Inside getClassLibPath + mLibMap{0=, 1=}
11-23 15:17:14.185 31767 31767 I InjectionManager: Inside getClassLibPath caller 
11-23 15:17:14.215 31767 31767 D SPPClientService: Create
11-23 15:17:14.215 31767 31767 D InjectionManager: InjectionManager
11-23 15:17:14.215 31767 31767 D InjectionManager: fillFeatureStoreMap com.sec.spp.push
11-23 15:17:14.215 31767 31767 I InjectionManager: Constructor com.sec.spp.push, Feature store :{}
11-23 15:17:14.215 31767 31767 I InjectionManager: featureStore :{}
11-23 15:17:14.225 31767 31782 D SPPClientService: Create SPP
11-23 15:17:14.225 31767 31782 E SPPClientService: ShipBuild Binary : True
11-23 15:17:14.245 31767 31767 E SPPClientService: [PackageInfoChangeReceiver] android.intent.action.PACKAGE_REMOVED
11-23 15:17:14.245 31767 31767 E SPPClientService: [PackageInfoChangeReceiver] [handlePkgRemovedEvent] PackageName : com.google.identitytoolkit.demo, false, true
11-23 15:17:14.245  3520  4072 E ActivityManager: checkUser: useridlist=null, currentuser=0
11-23 15:17:14.245  3520  4072 E ActivityManager: checkUser: useridlist=null, currentuser=0
11-23 15:17:14.245  3520  4072 E ActivityManager: checkUser: useridlist=null, currentuser=0
11-23 15:17:14.245  3520  4072 E ActivityManager: checkUser: useridlist=null, currentuser=0
11-23 15:17:14.245 31767 31782 W System.err: remove failed: ENOENT (No such file or directory) : /data/data/com.sec.spp.push/files/pushLog0.txt
11-23 15:17:14.245 31767 31782 D SPPClientService: PushLog.txt file is not deleted.
11-23 15:17:14.255 31767 31782 W System.err: remove failed: ENOENT (No such file or directory) : /data/data/com.sec.spp.push/files/pushLog1.txt
11-23 15:17:14.255 31767 31782 D SPPClientService: PushLog.txt file is not deleted.
11-23 15:17:14.255 31767 31782 D SPPClientService: ============PushLog. stop!
11-23 15:17:14.265 31767 31767 E SPPClientService: [PackageInfoChangeReceiver] [handlePkgRemovedEvent] User : Owner, appId : null
11-23 15:17:14.265 31784 31784 E Zygote  : MountEmulatedStorage()
11-23 15:17:14.265 31784 31784 I libpersona: KNOX_SDCARD checking this for 10029
11-23 15:17:14.265 31784 31784 E Zygote  : v2
11-23 15:17:14.265 31784 31784 I libpersona: KNOX_SDCARD not a persona
11-23 15:17:14.265 31784 31784 I SELinux : Function: selinux_compare_spd_ram , priority [2] , priority version is VE=SEPF_SM-G920V_5.0.2_0011
11-23 15:17:14.275 31784 31784 E SELinux : [DEBUG] get_category: variable seinfo: untrusted sensitivity: NULL, cateogry: NULL
11-23 15:17:14.275  3520  4072 I ActivityManager: Start proc com.android.vending for broadcast com.android.vending/com.google.android.finsky.receivers.PackageMonitorReceiver$RegisteredReceiver: pid=31784 uid=10029 gids={50029, 9997, 3003, 1028, 1015} abi=arm64-v8a
11-23 15:17:14.275  3520  4072 I ActivityManager: Killing 31348:com.sec.android.widgetapp.ap.hero.accuweather/u0a85 (adj 15): empty #31
11-23 15:17:14.295 31784 31784 D TimaKeyStoreProvider: TimaSignature is unavailable
11-23 15:17:14.295 31784 31784 D ActivityThread: Added TimaKeyStore provider
11-23 15:17:14.315  3520  4678 I InjectionManagerService -AppFeature: getCoreFeaturePkgList :[]
11-23 15:17:14.315 31784 31784 I InjectionManager: Inside getClassLibPath + mLibMap{0=, 1=}
11-23 15:17:14.315 31784 31784 I InjectionManager: Inside getClassLibPath caller 
11-23 15:17:14.375  3520  3532 E ActivityManager: checkUser: useridlist=null, currentuser=0
11-23 15:17:14.375  3520  3532 E ActivityManager: checkUser: useridlist=null, currentuser=0
11-23 15:17:14.375  3520  3532 E ActivityManager: checkUser: useridlist=null, currentuser=0
11-23 15:17:14.375  3520  3532 E ActivityManager: checkUser: useridlist=null, currentuser=0
11-23 15:17:14.385  3520  3593 W libprocessgroup: failed to open /acct/uid_10085/pid_31348/cgroup.procs: No such file or directory
11-23 15:17:14.395 31801 31801 E Zygote  : MountEmulatedStorage()
11-23 15:17:14.395 31801 31801 E Zygote  : v2
11-23 15:17:14.395 31801 31801 I libpersona: KNOX_SDCARD checking this for 10012
11-23 15:17:14.395 31801 31801 I libpersona: KNOX_SDCARD not a persona
11-23 15:17:14.395 31801 31801 I SELinux : Function: selinux_compare_spd_ram , priority [2] , priority version is VE=SEPF_SM-G920V_5.0.2_0011
11-23 15:17:14.395 31801 31801 E SELinux : [DEBUG] get_category: variable seinfo: untrusted sensitivity: NULL, cateogry: NULL
11-23 15:17:14.395  3520  3532 I ActivityManager: Start proc com.google.process.gapps for content provider com.google.android.gsf/.gservices.GservicesProvider: pid=31801 uid=10012 gids={50012, 9997, 2001, 3003, 1007, 3006, 1028, 1015, 3002, 3001, 3007} abi=arm64-v8a
11-23 15:17:14.415 31801 31801 D TimaKeyStoreProvider: TimaSignature is unavailable
11-23 15:17:14.415 31801 31801 D ActivityThread: Added TimaKeyStore provider
11-23 15:17:14.435  3520  4415 I InjectionManagerService -AppFeature: getCoreFeaturePkgList :[]
11-23 15:17:14.435 31801 31801 I InjectionManager: Inside getClassLibPath + mLibMap{0=, 1=}
11-23 15:17:14.435 31801 31801 I InjectionManager: Inside getClassLibPath caller 
11-23 15:17:14.455 31801 31801 I GservicesProvider: Gservices pushing to system: true; secure/global: true
11-23 15:17:14.515 31801 31801 I GoogleHttpClient: GMS http client unavailable, use old client
11-23 15:17:14.515 31801 31801 I InjectionManager: Inside getClassLibPath caller 
11-23 15:17:14.525 31801 31801 I GoogleHttpClient: GMS http client unavailable, use old client
11-23 15:17:14.525 31801 31801 D InjectionManager: InjectionManager
11-23 15:17:14.525 31801 31801 D InjectionManager: fillFeatureStoreMap com.google.android.gsf
11-23 15:17:14.525 31801 31801 I InjectionManager: Constructor com.google.android.gsf, Feature store :{}
11-23 15:17:14.525 31801 31801 I InjectionManager: featureStore :{}
11-23 15:17:14.545 31784 31799 W Finsky  : [3331] com.google.android.finsky.FinskyAppImpl.H(1520): No account configured on this device.
11-23 15:17:14.545 31784 31784 W Finsky  : [1] com.google.android.finsky.FinskyAppImpl.H(1520): No account configured on this device.
11-23 15:17:14.565 31784 31784 W Finsky  : [1] com.google.android.finsky.FinskyAppImpl.H(1520): No account configured on this device.
11-23 15:17:14.575 31784 31784 W Finsky  : [1] com.google.android.finsky.FinskyAppImpl.H(1520): No account configured on this device.
11-23 15:17:14.575 31784 31784 W Finsky  : [1] com.google.android.finsky.FinskyAppImpl.H(1520): No account configured on this device.
11-23 15:17:14.575 31784 31784 W Finsky  : [1] com.google.android.finsky.FinskyAppImpl.H(1520): No account configured on this device.
11-23 15:17:14.585 31784 31784 W Finsky  : [1] com.google.android.finsky.FinskyAppImpl.H(1520): No account configured on this device.
11-23 15:17:14.585 31784 31784 W Finsky  : [1] com.google.android.finsky.FinskyAppImpl.H(1520): No account configured on this device.
11-23 15:17:14.625 31784 31784 W Finsky  : [1] com.google.android.finsky.FinskyAppImpl.H(1520): No account configured on this device.
11-23 15:17:14.625 31784 31784 W Finsky  : [1] com.google.android.finsky.FinskyAppImpl.H(1520): No account configured on this device.
11-23 15:17:14.625 31784 31784 W Finsky  : [1] com.google.android.finsky.FinskyAppImpl.H(1520): No account configured on this device.
11-23 15:17:14.635 31784 31784 W Finsky  : [1] com.google.android.finsky.FinskyAppImpl.H(1520): No account configured on this device.
11-23 15:17:14.645 31784 31784 W Finsky  : [1] com.google.android.finsky.FinskyAppImpl.H(1520): No account configured on this device.
11-23 15:17:14.665 31784 31784 W Finsky  : [1] com.google.android.finsky.FinskyAppImpl.H(1520): No account configured on this device.
11-23 15:17:14.675 31784 31784 W Finsky  : [1] com.google.android.finsky.FinskyAppImpl.H(1520): No account configured on this device.
11-23 15:17:14.675 31784 31784 W Finsky  : [1] com.google.android.finsky.FinskyAppImpl.H(1520): No account configured on this device.
11-23 15:17:14.685 31784 31784 W Finsky  : [1] com.google.android.finsky.FinskyAppImpl.H(1520): No account configured on this device.
11-23 15:17:14.685 31784 31784 W Finsky  : [1] com.google.android.finsky.FinskyAppImpl.H(1520): No account configured on this device.
11-23 15:17:14.685 31784 31784 W Finsky  : [1] com.google.android.finsky.FinskyAppImpl.H(1520): No account configured on this device.
11-23 15:17:14.695 31784 31784 W Finsky  : [1] com.google.android.finsky.FinskyAppImpl.H(1520): No account configured on this device.
11-23 15:17:14.695 31784 31784 W Finsky  : [1] com.google.android.finsky.FinskyAppImpl.H(1520): No account configured on this device.
11-23 15:17:14.695 31784 31784 W Finsky  : [1] com.google.android.finsky.FinskyAppImpl.H(1520): No account configured on this device.
11-23 15:17:14.705 31784 31784 W Finsky  : [1] com.google.android.finsky.FinskyAppImpl.H(1520): No account configured on this device.
11-23 15:17:14.705 31784 31784 W Finsky  : [1] com.google.android.finsky.FinskyAppImpl.H(1520): No account configured on this device.
11-23 15:17:14.715 31784 31784 W Finsky  : [1] com.google.android.finsky.FinskyAppImpl.H(1520): No account configured on this device.
11-23 15:17:14.715 31784 31784 W Finsky  : [1] com.google.android.finsky.FinskyAppImpl.H(1520): No account configured on this device.
11-23 15:17:14.725 31784 31784 W Finsky  : [1] com.google.android.finsky.FinskyAppImpl.H(1520): No account configured on this device.
11-23 15:17:14.725 31784 31784 W Finsky  : [1] com.google.android.finsky.FinskyAppImpl.H(1520): No account configured on this device.
11-23 15:17:14.725 31784 31784 W Finsky  : [1] com.google.android.finsky.FinskyAppImpl.H(1520): No account configured on this device.
11-23 15:17:14.725 31784 31784 W Finsky  : [1] com.google.android.finsky.FinskyAppImpl.H(1520): No account configured on this device.
11-23 15:17:14.725 31784 31784 I Finsky  : [1] com.google.android.finsky.services.DailyHygiene.a(238): No need to run daily hygiene.
11-23 15:17:14.735 31784 31784 W Finsky  : [1] com.google.android.finsky.FinskyAppImpl.H(1520): No account configured on this device.
11-23 15:17:14.735 31784 31784 W Finsky  : [1] com.google.android.finsky.FinskyAppImpl.H(1520): No account configured on this device.
11-23 15:17:14.735 31784 31784 W Settings: Setting download_manager_max_bytes_over_mobile has moved from android.provider.Settings.Secure to android.provider.Settings.Global.
11-23 15:17:14.735 31784 31784 W Settings: Setting download_manager_recommended_max_bytes_over_mobile has moved from android.provider.Settings.Secure to android.provider.Settings.Global.
11-23 15:17:14.735 31784 31784 W Finsky  : [1] com.google.android.finsky.FinskyAppImpl.H(1520): No account configured on this device.
11-23 15:17:14.745 31784 31784 W Finsky  : [1] com.google.android.finsky.FinskyAppImpl.H(1520): No account configured on this device.
11-23 15:17:14.745  3520  3940 D ActivityManager: retrieveServiceLocked(): component = com.android.vending/com.google.android.finsky.wear.WearSupportService; callingUser = 0; userId(target) = 0
11-23 15:17:14.745  3520  3940 W ActivityManager: userId = 0, bbcId = -10000
11-23 15:17:14.745  3520  3940 W ActivityManager: NORMAL SET : dst_category = 701, src_allowCategory = 0,701-1023
11-23 15:17:14.745  3520  3940 W ActivityManager: NORMAL SET : srcAppInfo.processName = com.android.vending, destAppInfo.processName = com.android.vending
11-23 15:17:14.755 31784 31784 W Finsky  : [1] com.google.android.finsky.FinskyAppImpl.H(1520): No account configured on this device.
11-23 15:17:14.755 31784 31784 W Finsky  : [1] com.google.android.finsky.FinskyAppImpl.H(1520): No account configured on this device.
11-23 15:17:14.755 31784 31784 W Finsky  : [1] com.google.android.finsky.FinskyAppImpl.H(1520): No account configured on this device.
11-23 15:17:14.755 31784 31784 W Finsky  : [1] com.google.android.finsky.FinskyAppImpl.H(1520): No account configured on this device.
11-23 15:17:14.765 31784 31784 W Finsky  : [1] com.google.android.finsky.FinskyAppImpl.H(1520): No account configured on this device.
11-23 15:17:14.765 31784 31784 W Finsky  : [1] com.google.android.finsky.FinskyAppImpl.H(1520): No account configured on this device.
11-23 15:17:14.765 31784 31784 W Finsky  : [1] com.google.android.finsky.FinskyAppImpl.H(1520): No account configured on this device.
11-23 15:17:14.765 31784 31784 W Finsky  : [1] com.google.android.finsky.FinskyAppImpl.H(1520): No account configured on this device.
11-23 15:17:14.765 31784 31784 W Finsky  : [1] com.google.android.finsky.FinskyAppImpl.H(1520): No account configured on this device.
11-23 15:17:14.775 31784 31784 W Finsky  : [1] com.google.android.finsky.FinskyAppImpl.b(1224): No account configured on this device.
11-23 15:17:14.775 31784 31784 W Finsky  : [1] com.google.android.finsky.FinskyAppImpl.H(1520): No account configured on this device.
11-23 15:17:14.775 31784 31784 W Finsky  : [1] com.google.android.finsky.FinskyAppImpl.H(1520): No account configured on this device.
11-23 15:17:14.775 31784 31784 W Finsky  : [1] com.google.android.finsky.FinskyAppImpl.H(1520): No account configured on this device.
11-23 15:17:14.775 31784 31784 W Finsky  : [1] com.google.android.finsky.FinskyAppImpl.H(1520): No account configured on this device.
11-23 15:17:14.775 31784 31784 W Finsky  : [1] com.google.android.finsky.FinskyAppImpl.H(1520): No account configured on this device.
11-23 15:17:14.775 31784 31784 D InjectionManager: InjectionManager
11-23 15:17:14.775 31784 31784 D InjectionManager: fillFeatureStoreMap com.android.vending
11-23 15:17:14.775 31784 31784 I InjectionManager: Constructor com.android.vending, Feature store :{}
11-23 15:17:14.775 31784 31784 I InjectionManager: featureStore :{}
11-23 15:17:14.785 31784 31784 W Finsky  : [1] com.google.android.finsky.FinskyAppImpl.H(1520): No account configured on this device.
11-23 15:17:14.785 31784 31784 I Finsky  : [1] com.google.android.finsky.wear.WearSupportService.a(307): Wear auto uninstall disabled for package com.google.identitytoolkit.demo
11-23 15:17:14.785  3520  3532 D ActivityManager: retrieveServiceLocked(): component = com.android.vending/com.google.android.finsky.wear.WearSupportService; callingUser = 0; userId(target) = 0
11-23 15:17:14.785  3520  3532 W ActivityManager: userId = 0, bbcId = -10000
11-23 15:17:14.785  3520  3532 W ActivityManager: NORMAL SET : dst_category = 701, src_allowCategory = 0,701-1023
11-23 15:17:14.785  3520  3532 W ActivityManager: NORMAL SET : srcAppInfo.processName = com.android.vending, destAppInfo.processName = com.android.vending
11-23 15:17:14.785 31784 31784 W Finsky  : [1] com.google.android.finsky.FinskyAppImpl.H(1520): No account configured on this device.
11-23 15:17:14.795 31784 31784 W Finsky  : [1] com.google.android.finsky.FinskyAppImpl.H(1520): No account configured on this device.
11-23 15:17:14.795  3520  4086 E ActivityManager: checkUser: useridlist=null, currentuser=0
11-23 15:17:14.795  3520  4086 E ActivityManager: checkUser: useridlist=null, currentuser=0
11-23 15:17:14.795  3520  4086 E ActivityManager: checkUser: useridlist=null, currentuser=0
11-23 15:17:14.795  3520  4086 E ActivityManager: checkUser: useridlist=null, currentuser=0
11-23 15:17:14.795 31784 31843 W Finsky  : [3356] com.google.android.finsky.FinskyAppImpl.H(1520): No account configured on this device.
11-23 15:17:14.805 31784 31843 V GoogleSignatureVerifier: com.google.android.gms signature not valid.  Found: 
11-23 15:17:14.805 31784 31843 V GoogleSignatureVerifier: MIIEQzCCAyugAwIBAgIJAMLgh0ZkSjCNMA0GCSqGSIb3DQEBBAUAMHQxCzAJBgNVBAYTAlVTMRMw
11-23 15:17:14.805 31784 31843 V GoogleSignatureVerifier: EQYDVQQIEwpDYWxpZm9ybmlhMRYwFAYDVQQHEw1Nb3VudGFpbiBWaWV3MRQwEgYDVQQKEwtHb29n
11-23 15:17:14.805 31784 31843 V GoogleSignatureVerifier: bGUgSW5jLjEQMA4GA1UECxMHQW5kcm9pZDEQMA4GA1UEAxMHQW5kcm9pZDAeFw0wODA4MjEyMzEz
11-23 15:17:14.805 31784 31843 V GoogleSignatureVerifier: MzRaFw0zNjAxMDcyMzEzMzRaMHQxCzAJBgNVBAYTAlVTMRMwEQYDVQQIEwpDYWxpZm9ybmlhMRYw
11-23 15:17:14.805 31784 31843 V GoogleSignatureVerifier: FAYDVQQHEw1Nb3VudGFpbiBWaWV3MRQwEgYDVQQKEwtHb29nbGUgSW5jLjEQMA4GA1UECxMHQW5k
11-23 15:17:14.805 31784 31843 V GoogleSignatureVerifier: cm9pZDEQMA4GA1UEAxMHQW5kcm9pZDCCASAwDQYJKoZIhvcNAQEBBQADggENADCCAQgCggEBAKtW
11-23 15:17:14.805 31784 31843 V GoogleSignatureVerifier: LgDYO6IIrgqWbxJOKdoR8qtW0I9Y4sypEwPpt1TTcvZApxsdyxMJZ2JORland2qSGT2y5b+3JKke
11-23 15:17:14.805 31784 31843 V GoogleSignatureVerifier: dxiLDmpHpDsz2WCbdxgxRczfey5YZnTJ4VZbH0xqWVW/8lGmPav5xVwnIiJS6HXk+BVKZF+JcWjA
11-23 15:17:14.805 31784 31843 V GoogleSignatureVerifier: sb/GEuq/eFdpuzSqeYTcfi6idkyugwfYwXFU1+5fZKUaRKYCwkkFQVfcAs1fXA5V+++FGfvjJ/Cx
11-23 15:17:14.805 31784 31843 V GoogleSignatureVerifier: URaSxaBvGdGDhfXE28LWuT9ozCl5xw4Yq5OGazvV24mZVSoOO0yZ31j7kYvtwYK6NeADwbSxDdJE
11-23 15:17:14.805 31784 31843 V GoogleSignatureVerifier: qO4k//0zOHKrUiGYXtqw/A0LFFtqoZKFjnkCAQOjgdkwgdYwHQYDVR0OBBYEFMd9jMIhF1Ylmn/T
11-23 15:17:14.805 31784 31843 V GoogleSignatureVerifier: gt9r45jk14alMIGmBgNVHSMEgZ4wgZuAFMd9jMIhF1Ylmn/Tgt9r45jk14aloXikdjB0MQswCQYD
11-23 15:17:14.805 31784 31843 V GoogleSignatureVerifier: VQQGEwJVUzETMBEGA1UECBMKQ2FsaWZvcm5pYTEWMBQGA1UEBxMNTW91bnRhaW4gVmlldzEUMBIG
11-23 15:17:14.805 31784 31843 V GoogleSignatureVerifier: A1UEChMLR29vZ2xlIEluYy4xEDAOBgNVBAsTB0FuZHJvaWQxEDAOBgNVBAMTB0FuZHJvaWSCCQDC
11-23 15:17:14.805 31784 31843 V GoogleSignatureVerifier: 4IdGZEowjTAMBgNVHRMEBTADAQH/MA0GCSqGSIb3DQEBBAUAA4IBAQBt0lLO74UwLDYKqs6Tm8/y
11-23 15:17:14.805 31784 31843 V GoogleSignatureVerifier: zKkEu116FmH4rkaymUIE0P9KaMftGlMexFlaYjzmB2OxZyl6euNXEsQH8gjwyxCUKRJNexBiGcCE
11-23 15:17:14.805 31784 31843 V GoogleSignatureVerifier: yj6z+a1fuHHvkiaai+KL8W1EyNmgjmyy8AW7P+LLlkR+ho5zEHatRbM/YAnqGcFh5iZBqpknHf1S
11-23 15:17:14.805 31784 31843 V GoogleSignatureVerifier: KMXFh4dd239FJ1jWYfbMDMy3NS5CTMQ2XFI1MvcyUTdZPErjQfTbQe3aDQsQcafEQPD+nqActifK
11-23 15:17:14.805 31784 31843 V GoogleSignatureVerifier: Z0Np0IS9L9kR/wbNvyz6ENwPiTrjV2KRkEjH78ZMcUQXg0L3BYHJ3lc69Vs5Ddf9uUGGMYldX3Wf
11-23 15:17:14.805 31784 31843 V GoogleSignatureVerifier: MBEmh/9iFBDAaTCK
11-23 15:17:14.805 31844 31844 E Zygote  : MountEmulatedStorage()
11-23 15:17:14.805 31844 31844 E Zygote  : v2
11-23 15:17:14.805 31844 31844 I libpersona: KNOX_SDCARD checking this for 10121
11-23 15:17:14.805 31844 31844 I libpersona: KNOX_SDCARD not a persona
11-23 15:17:14.805 31844 31844 I SELinux : Function: selinux_compare_spd_ram , priority [2] , priority version is VE=SEPF_SM-G920V_5.0.2_0011
11-23 15:17:14.815  3520  4086 I ActivityManager: Start proc com.facebook.katana for broadcast com.facebook.katana/com.facebook.feed.platformads.AppInstallReceiver: pid=31844 uid=10121 gids={50121, 9997, 1028, 1015, 3003} abi=armeabi-v7a
11-23 15:17:14.815 31844 31844 E SELinux : [DEBUG] get_category: variable seinfo: default sensitivity: NULL, cateogry: NULL
11-23 15:17:14.815  3520  4412 D ActivityManager: retrieveServiceLocked(): component = null; callingUser = 0; userId(target) = 0
11-23 15:17:14.815  3520  4412 W ActivityManager: userId = 0, bbcId = -10000
11-23 15:17:14.815  3520  4412 W ActivityManager: NORMAL SET : dst_category = 701, src_allowCategory = 0,701-1023
11-23 15:17:14.815  3520  4412 W ActivityManager: NORMAL SET : srcAppInfo.processName = com.android.vending, destAppInfo.processName = com.google.android.gms
11-23 15:17:14.825  3520  4677 I ActivityManager: Killing 31218:com.google.android.apps.docs/u0a116 (adj 15): empty #31
11-23 15:17:14.835 31784 31784 I Finsky  : [1] com.google.android.finsky.installer.z.a(1287): Installer kick - no action, not running yet
11-23 15:17:14.835 31844 31844 D TimaKeyStoreProvider: TimaSignature is unavailable
11-23 15:17:14.835 31844 31844 D ActivityThread: Added TimaKeyStore provider
11-23 15:17:14.845 31784 31784 W Finsky  : [1] com.google.android.finsky.FinskyAppImpl.H(1520): No account configured on this device.
11-23 15:17:14.845 31784 31784 W Finsky  : [1] com.google.android.finsky.FinskyAppImpl.H(1520): No account configured on this device.
11-23 15:17:14.855 31784 31784 I Finsky  : [1] com.google.android.finsky.c.l.a(250): result=false type=4
11-23 15:17:14.855  3520  4415 D ActivityManager: retrieveServiceLocked(): component = null; callingUser = 0; userId(target) = 0
11-23 15:17:14.855  3520  4415 W ActivityManager: userId = 0, bbcId = -10000
11-23 15:17:14.855  3520  4415 W ActivityManager: NORMAL SET : dst_category = 701, src_allowCategory = 0,701-1023
11-23 15:17:14.855  3520  4415 W ActivityManager: NORMAL SET : srcAppInfo.processName = com.android.vending, destAppInfo.processName = com.google.android.gms
11-23 15:17:14.855  3520  4440 D ActivityManager: retrieveServiceLocked(): component = com.android.vending/com.google.android.finsky.services.RestoreService; callingUser = 0; userId(target) = 0
11-23 15:17:14.855  3520  4440 W ActivityManager: userId = 0, bbcId = -10000
11-23 15:17:14.855  3520  4440 W ActivityManager: NORMAL SET : dst_category = 701, src_allowCategory = 0,701-1023
11-23 15:17:14.855  3520  4440 W ActivityManager: NORMAL SET : srcAppInfo.processName = com.android.vending, destAppInfo.processName = com.android.vending
11-23 15:17:14.865 25030 25030 I WearableService: Wear is not allowed to run on this device. Not starting Wear service.
11-23 15:17:14.865  3520  4415 I InjectionManagerService -AppFeature: getCoreFeaturePkgList :[]
11-23 15:17:14.865 31784 31784 W System.err: remove failed: ENOENT (No such file or directory) : /data/data/com.android.vending/databases/assets14.db
11-23 15:17:14.865 31784 31784 W System.err: remove failed: ENOENT (No such file or directory) : /data/data/com.android.vending/databases/assets14.db-journal
11-23 15:17:14.865 31784 31784 W System.err: remove failed: ENOENT (No such file or directory) : /data/data/com.android.vending/databases/assets14.db-shm
11-23 15:17:14.865 31784 31784 W System.err: remove failed: ENOENT (No such file or directory) : /data/data/com.android.vending/databases/assets14.db-wal
11-23 15:17:14.865 31844 31844 I InjectionManager: Inside getClassLibPath + mLibMap{0=, 1=}
11-23 15:17:14.865 31784 31784 W System.err: remove failed: ENOENT (No such file or directory) : /data/data/com.android.vending/databases/market_assets.db
11-23 15:17:14.865 31784 31784 W System.err: remove failed: ENOENT (No such file or directory) : /data/data/com.android.vending/databases/market_assets.db-journal
11-23 15:17:14.865 31784 31784 W System.err: remove failed: ENOENT (No such file or directory) : /data/data/com.android.vending/databases/market_assets.db-shm
11-23 15:17:14.865 31784 31784 W System.err: remove failed: ENOENT (No such file or directory) : /data/data/com.android.vending/databases/market_assets.db-wal
11-23 15:17:14.875 31784 31843 W Finsky  : [3356] com.google.android.finsky.FinskyAppImpl.H(1520): No account configured on this device.
11-23 15:17:14.875 31784 31784 I Finsky  : [1] com.google.android.finsky.services.bd.a(1069): Restore complete with 0 success and 0 failed.
11-23 15:17:14.875 31784 31843 W Finsky  : [3356] com.google.android.finsky.FinskyAppImpl.H(1520): No account configured on this device.
11-23 15:17:14.875 31784 31784 E Finsky  : [1] com.google.android.finsky.wear.bp.a(843): onConnectionFailed: ConnectionResult{statusCode=API_UNAVAILABLE, resolution=null, message=null}
11-23 15:17:14.875 31844 31844 W ResourcesManager: Asset path '/system/framework/com.google.android.maps.jar' does not exist or contains no resources.
11-23 15:17:14.875 31784 31784 I Finsky  : [1] com.google.android.finsky.wear.an.run(2399): Dropping command=send_installed_apps due to Gms not connected
11-23 15:17:14.885 31784 31784 I Finsky  : [1] com.google.android.finsky.wear.an.run(2399): Dropping command=send_installed_apps due to Gms not connected
11-23 15:17:14.885 31844 31844 I InjectionManager: Inside getClassLibPath caller 
11-23 15:17:14.895  3520  4415 I ActivityManager: Killing 31268:com.android.documentsui/u0a115 (adj 15): empty #31
11-23 15:17:14.915 31844 31844 W System.err: remove failed: ENOENT (No such file or directory) : /data/data/com.facebook.katana/remedy_log
11-23 15:17:14.925 31844 31865 W System.err: remove failed: ENOENT (No such file or directory) : /data/data/com.facebook.katana/app_libs
11-23 15:17:14.955 31844 31865 V dalvik-internals: Hooking function _ZN3art12FaultManager35EnsureArtActionInFrontOfSignalChainEv
11-23 15:17:14.955 31844 31865 V dalvik-internals: hooked _ZN3art12FaultManager35EnsureArtActionInFrontOfSignalChainEv using jump ()
11-23 15:17:14.955 31844 31865 V dalvik-internals: hooked signal using trap ()
11-23 15:17:14.955 31844 31865 V dalvik-internals: hooked sysv_signal using trap ()
11-23 15:17:14.955 31844 31865 V dalvik-internals: hooked bsd_signal using trap ()
11-23 15:17:14.955 31844 31865 V dalvik-internals: hooked sigaction using jump ()
11-23 15:17:14.955 31844 31865 V dalvik-internals: Hooking function _ZN3art6mirror5Class19FindInterfaceMethodEPKNS0_8DexCacheEj
11-23 15:17:14.955 31844 31865 V dalvik-internals: hooked _ZN3art6mirror5Class19FindInterfaceMethodEPKNS0_8DexCacheEj using jump ()
11-23 15:17:14.955 31844 31865 V dalvik-internals: Hooking function _ZN3art6mirror5Class25FindDeclaredVirtualMethodEPKNS0_8DexCacheEj
11-23 15:17:14.955 31844 31865 V dalvik-internals: hooked _ZN3art6mirror5Class25FindDeclaredVirtualMethodEPKNS0_8DexCacheEj using jump ()
11-23 15:17:14.955 31844 31865 V dalvik-internals: Hooking function _ZN3art6mirror5Class17FindVirtualMethodEPKNS0_8DexCacheEj
11-23 15:17:14.955 31844 31865 V dalvik-internals: hooked _ZN3art6mirror5Class17FindVirtualMethodEPKNS0_8DexCacheEj using jump ()
11-23 15:17:14.955 31844 31865 V appstatelogger: Registered App State Logger stream with Breakpad
11-23 15:17:14.955 31844 31865 I dalvik-internals: installed sigmux crash handler for crash log
11-23 15:17:14.965 31844 31865 V dalvik-internals: Hooking function _ZN3art15DexFileVerifier6VerifyEPKNS_7DexFileEPKhjPKcPNSt3__112basic_stringIcNS8_11char_traitsIcEENS8_9allocatorIcEEEE
11-23 15:17:14.965 31844 31865 V dalvik-internals: hooked _ZN3art15DexFileVerifier6VerifyEPKNS_7DexFileEPKhjPKcPNSt3__112basic_stringIcNS8_11char_traitsIcEENS8_9allocatorIcEEEE using jump ()
11-23 15:17:14.965 31844 31865 V dalvik-internals: hooked fork
11-23 15:17:14.975  3520  3593 W libprocessgroup: failed to open /acct/uid_10116/pid_31218/cgroup.procs: No such file or directory
11-23 15:17:14.975  3520  3593 W libprocessgroup: failed to open /acct/uid_10115/pid_31268/cgroup.procs: No such file or directory
11-23 15:17:15.115 31732 31763 D AcmsKeyStoreHelper:  getKeyStoreForApplication Enter
11-23 15:17:15.125 31732 31763 I AcmsKeyStoreHelper: Key Store exist
11-23 15:17:15.125 31732 31763 I AcmsKeyStoreHelper: Hence loading the keystore file
11-23 15:17:15.155 31732 31763 D AcmsKeyStoreHelper:  getKeyStoreForApplication Exit
11-23 15:17:15.155 31732 31763 I AcmsCertificateMngr: getKeyStoreForApplication success 
11-23 15:17:15.155 31732 31763 D AcmsCore: Decremented Counter Value : AcmsCoreHandler.handleMessage=>1
11-23 15:17:15.155 31732 31763 D AcmsServiceMonitor: AcmsServiceMonitor.getAcmsSvcMonitor() - Enter
11-23 15:17:15.155 31732 31763 D AcmsServiceMonitor: Decrementing - Counter value: 1
11-23 15:17:15.155 31732 31763 D AcmsCertificateMngr: handleAppRemoved() Enter com.google.identitytoolkit.demo
11-23 15:17:15.155 31732 31763 D ActivityThread: Loading provider com.samsung.mirrorlink.acms.provider: com.samsung.android.mirrorlink.acms.provider.AcmsDbProvider
11-23 15:17:15.195 31844 31869 W 0SJ     : Verify
11-23 15:17:15.385  3520  4677 I art     : Explicit concurrent mark sweep GC freed 42732(2MB) AllocSpace objects, 1(20KB) LOS objects, 20% free, 63MB/79MB, paused 1.319ms total 221.532ms
11-23 15:17:15.385 31732 31763 D AcmsAppEntryInterface: App not found in DB Hence ignore
11-23 15:17:15.385 31732 31763 D AcmsCore: Decremented Counter Value : AcmsCoreHandler.handleMessage=>5
11-23 15:17:15.385 31732 31763 D AcmsServiceMonitor: AcmsServiceMonitor.getAcmsSvcMonitor() - Enter
11-23 15:17:15.385 31732 31763 D AcmsServiceMonitor: Decrementing - Counter value: 0
11-23 15:17:15.385 31732 31763 D AcmsServiceMonitor: Counter value is 0: Stopping ACMS service
11-23 15:17:15.395 31732 31732 D AcmsServiceMonitor: getSvcCounter - Counter value: 0
11-23 15:17:15.395 31732 31732 D AcmsService: Enter onDestroy
11-23 15:17:15.395 31732 31732 I AcmsService: cleanUp(): inside service clean up
11-23 15:17:15.395 31732 31732 D AcmsCore: AcmsCore: inside DeInit
11-23 15:17:15.395 31732 31732 D AcmsCore: AcmsCore: mLooperHandler is not null and making it null
11-23 15:17:15.395 31732 31732 D AcmsCertificateMngr: AcmsCertificateMngr: inside cleanup
11-23 15:17:15.395 31732 31732 D AcmsRevocationMngr: AcmsRevocationMngr: inside cleanup
11-23 15:17:15.395 31732 31732 D AcmsKeyStoreHelper: KeyStoreHelper: inside cleanup
11-23 15:17:15.395 31732 31732 D AcmsAppEntryInterface: AppEntryInterface: Inside CleanUp
11-23 15:17:15.395 31732 31732 D AcmsServiceMonitor: getSvcCounter - Counter value: 0
11-23 15:17:15.395 31732 31732 D AcmsService: killing acms process
11-23 15:17:15.395 31732 31732 I Process : Sending signal. PID: 31732 SIG: 9
11-23 15:17:15.525  3520  4677 I ActivityManager: Process ACMS.Process (pid 31732)(adj 0) has died(128,770)
11-23 15:17:15.535  3520  3610 W ProcessCpuTracker: Skipping unknown process pid 31732
11-23 15:17:15.695 31844 31881 W fb4a(:<default>):0ay: The sessioned store is not available. Are you fetching sessioned quick experiment data while the user is logged out?
11-23 15:17:15.995  3520  4072 D ActivityManager: retrieveServiceLocked(): component = com.facebook.katana/com.facebook.feed.platformads.AppInstallService; callingUser = 0; userId(target) = 0
11-23 15:17:15.995  3520  4072 W ActivityManager: userId = 0, bbcId = -10000
11-23 15:17:16.005  3520  4072 W ActivityManager: NORMAL SET : dst_category = 1023, src_allowCategory = 0,701-1023
11-23 15:17:16.005  3520  4072 W ActivityManager: NORMAL SET : srcAppInfo.processName = com.facebook.katana, destAppInfo.processName = com.facebook.katana
11-23 15:17:16.005 31844 31844 D InjectionManager: InjectionManager
11-23 15:17:16.005 31844 31844 D InjectionManager: fillFeatureStoreMap com.facebook.katana
11-23 15:17:16.005 31844 31844 I InjectionManager: Constructor com.facebook.katana, Feature store :{}
11-23 15:17:16.005 31844 31844 I InjectionManager: featureStore :{}
11-23 15:17:16.015  3520  4439 D ActivityManager: retrieveServiceLocked(): component = com.google.android.googlequicksearchbox/com.google.android.apps.gsa.search.core.icingsync.UpdateIcingCorporaService; callingUser = 0; userId(target) = 0
11-23 15:17:16.025  3520  4439 W ActivityManager: userId = 0, bbcId = -10000
11-23 15:17:16.025  3520  4439 W ActivityManager: NORMAL SET : dst_category = 701, src_allowCategory = 0,701-1023
11-23 15:17:16.025  3520  4439 W ActivityManager: NORMAL SET : srcAppInfo.processName = com.google.android.googlequicksearchbox, destAppInfo.processName = com.google.android.googlequicksearchbox
11-23 15:17:16.035  3520  4706 D ActivityManager: retrieveServiceLocked(): component = com.google.android.googlequicksearchbox/com.google.android.apps.gsa.search.core.icingsync.UpdateIcingCorporaService; callingUser = 0; userId(target) = 0
11-23 15:17:16.035  3520  4706 W ActivityManager: userId = 0, bbcId = -10000
11-23 15:17:16.035  3520  4706 W ActivityManager: NORMAL SET : dst_category = 701, src_allowCategory = 0,701-1023
11-23 15:17:16.035  3520  4706 W ActivityManager: NORMAL SET : srcAppInfo.processName = com.google.android.googlequicksearchbox, destAppInfo.processName = com.google.android.googlequicksearchbox
11-23 15:17:16.035  3520  4070 I ActivityManager: Killing 31374:com.android.calendar/u0a166 (adj 15): empty #31
11-23 15:17:16.045  4518 31902 I UpdateIcingCorporaServi: Updating corpora: APPS=com.google.identitytoolkit.demo, CONTACTS=MAYBE
11-23 15:17:16.065  3520  3940 D ActivityManager: retrieveServiceLocked(): component = com.google.android.gms/com.google.android.gms.chimera.GmsIntentOperationService; callingUser = 0; userId(target) = 0
11-23 15:17:16.075  3520  3940 W ActivityManager: userId = 0, bbcId = -10000
11-23 15:17:16.075  3520  3940 W ActivityManager: NORMAL SET : dst_category = 701, src_allowCategory = 0,701-1023
11-23 15:17:16.085  3520  3940 W ActivityManager: NORMAL SET : srcAppInfo.processName = com.google.android.gms, destAppInfo.processName = com.google.android.gms
11-23 15:17:16.085  3520  4604 D ActivityManager: retrieveServiceLocked(): component = com.google.android.gms/com.google.android.gms.chimera.PersistentIntentOperationService; callingUser = 0; userId(target) = 0
11-23 15:17:16.085  3520  4604 W ActivityManager: userId = 0, bbcId = -10000
11-23 15:17:16.085  3520  4604 W ActivityManager: NORMAL SET : dst_category = 701, src_allowCategory = 0,701-1023
11-23 15:17:16.085  3520  4604 W ActivityManager: NORMAL SET : srcAppInfo.processName = com.google.android.gms, destAppInfo.processName = com.google.android.gms
11-23 15:17:16.095 25440 31155 I LocationSettingsChecker: Removing dialog suppression flag for package com.google.identitytoolkit.demo
11-23 15:17:16.095  3520  4439 D ActivityManager: retrieveServiceLocked(): component = null; callingUser = 0; userId(target) = 0
11-23 15:17:16.105  3520  4439 W ActivityManager: userId = 0, bbcId = -10000
11-23 15:17:16.105  3520  4439 W ActivityManager: NORMAL SET : dst_category = 701, src_allowCategory = 0,701-1023
11-23 15:17:16.105  3520  4439 W ActivityManager: NORMAL SET : srcAppInfo.processName = com.google.android.gms, destAppInfo.processName = com.google.android.gms
11-23 15:17:16.105  3520  4706 D ActivityManager: retrieveServiceLocked(): component = com.google.android.gms/com.google.android.gms.chimera.PersistentIntentOperationService; callingUser = 0; userId(target) = 0
11-23 15:17:16.105  3520  4706 W ActivityManager: userId = 0, bbcId = -10000
11-23 15:17:16.105  3520  4706 W ActivityManager: NORMAL SET : dst_category = 701, src_allowCategory = 0,701-1023
11-23 15:17:16.105  3520  4706 W ActivityManager: NORMAL SET : srcAppInfo.processName = com.google.android.gms, destAppInfo.processName = com.google.android.gms
11-23 15:17:16.105  3520  4677 D ActivityManager: retrieveServiceLocked(): component = com.google.android.gms/com.google.android.location.util.PreferenceService; callingUser = 0; userId(target) = 0
11-23 15:17:16.115  3520  4677 W ActivityManager: userId = 0, bbcId = -10000
11-23 15:17:16.115  3520  4677 W ActivityManager: NORMAL SET : dst_category = 701, src_allowCategory = 0,701-1023
11-23 15:17:16.115  3520  4677 W ActivityManager: NORMAL SET : srcAppInfo.processName = com.google.android.gms, destAppInfo.processName = com.google.android.gms
11-23 15:17:16.115  3520  3532 D ActivityManager: retrieveServiceLocked(): component = com.google.android.gms/com.google.android.gms.config.ConfigService; callingUser = 0; userId(target) = 0
11-23 15:17:16.115  3520  3532 W ActivityManager: userId = 0, bbcId = -10000
11-23 15:17:16.115  3520  3532 W ActivityManager: NORMAL SET : dst_category = 701, src_allowCategory = 0,701-1023
11-23 15:17:16.115  3520  3532 W ActivityManager: NORMAL SET : srcAppInfo.processName = com.google.android.gms, destAppInfo.processName = com.google.android.gms
11-23 15:17:16.125  3520  3940 D ActivityManager: retrieveServiceLocked(): component = null; callingUser = 0; userId(target) = 0
11-23 15:17:16.125  3520  3940 W ActivityManager: userId = 0, bbcId = -10000
11-23 15:17:16.125  3520  3940 W ActivityManager: NORMAL SET : dst_category = 701, src_allowCategory = 0,701-1023
11-23 15:17:16.125  3520  3940 W ActivityManager: NORMAL SET : srcAppInfo.processName = com.google.android.gms, destAppInfo.processName = com.google.android.gms
11-23 15:17:16.135  3520  4695 D ActivityManager: retrieveServiceLocked(): component = com.google.android.gms/com.google.android.gms.chimera.PersistentIntentOperationService; callingUser = 0; userId(target) = 0
11-23 15:17:16.135  3520  4695 W ActivityManager: userId = 0, bbcId = -10000
11-23 15:17:16.135  3520  4695 W ActivityManager: NORMAL SET : dst_category = 701, src_allowCategory = 0,701-1023
11-23 15:17:16.135  3520  4695 W ActivityManager: NORMAL SET : srcAppInfo.processName = com.google.android.gms, destAppInfo.processName = com.google.android.gms
11-23 15:17:16.135  3520  4678 D ActivityManager: retrieveServiceLocked(): component = null; callingUser = 0; userId(target) = 0
11-23 15:17:16.145  3520  4678 W ActivityManager: userId = 0, bbcId = -10000
11-23 15:17:16.145  3520  4678 W ActivityManager: NORMAL SET : dst_category = 701, src_allowCategory = 0,701-1023
11-23 15:17:16.145  3520  4678 W ActivityManager: NORMAL SET : srcAppInfo.processName = com.google.android.gms, destAppInfo.processName = com.google.android.gms
11-23 15:17:16.145  3520  4440 D ActivityManager: retrieveServiceLocked(): component = com.google.android.gms/com.google.android.gms.icing.service.IndexWorkerService; callingUser = 0; userId(target) = 0
11-23 15:17:16.145 25440 30607 W System.err: remove failed: ENOENT (No such file or directory) : /data/data/com.google.android.gms/databases/history_query.db
11-23 15:17:16.145  3520  4440 W ActivityManager: userId = 0, bbcId = -10000
11-23 15:17:16.145  3520  4440 W ActivityManager: NORMAL SET : dst_category = 701, src_allowCategory = 0,701-1023
11-23 15:17:16.145  3520  4440 W ActivityManager: NORMAL SET : srcAppInfo.processName = com.google.android.gms, destAppInfo.processName = com.google.android.gms
11-23 15:17:16.145 25440 30607 W System.err: remove failed: ENOENT (No such file or directory) : /data/data/com.google.android.gms/databases/history_query.db-journal
11-23 15:17:16.145 25440 30607 W System.err: remove failed: ENOENT (No such file or directory) : /data/data/com.google.android.gms/databases/history_query.db-shm
11-23 15:17:16.145 25440 30607 W System.err: remove failed: ENOENT (No such file or directory) : /data/data/com.google.android.gms/databases/history_query.db-wal
11-23 15:17:16.155  3520  3593 W libprocessgroup: failed to open /acct/uid_10166/pid_31374/cgroup.procs: No such file or directory
11-23 15:17:16.165 25440 31155 I PeopleContactsSync: triggerPendingContactsCleanup: no accounts
11-23 15:17:16.165  3520  4070 D ActivityManager: retrieveServiceLocked(): component = null; callingUser = 0; userId(target) = 0
11-23 15:17:16.175  3520  4070 W ActivityManager: userId = 0, bbcId = -10000
11-23 15:17:16.175  3520  4070 W ActivityManager: NORMAL SET : dst_category = 701, src_allowCategory = 0,701-1023
11-23 15:17:16.175  3520  4070 W ActivityManager: NORMAL SET : srcAppInfo.processName = com.google.android.googlequicksearchbox, destAppInfo.processName = com.google.android.gms
11-23 15:17:16.185  3520  4677 D ActivityManager: retrieveServiceLocked(): component = com.google.android.gms/com.google.android.gms.chimera.GmsIntentOperationService; callingUser = 0; userId(target) = 0
11-23 15:17:16.185  3520  4677 W ActivityManager: userId = 0, bbcId = -10000
11-23 15:17:16.185  3520  4677 W ActivityManager: NORMAL SET : dst_category = 701, src_allowCategory = 0,701-1023
11-23 15:17:16.185  3520  4677 W ActivityManager: NORMAL SET : srcAppInfo.processName = com.google.android.gms, destAppInfo.processName = com.google.android.gms
11-23 15:17:16.185  3520  4604 D ActivityManager: retrieveServiceLocked(): component = com.google.android.gms/com.google.android.gms.wearable.service.WearableControlService; callingUser = 0; userId(target) = 0
11-23 15:17:16.185  3520  4604 W ActivityManager: userId = 0, bbcId = -10000
11-23 15:17:16.185  3520  4604 W ActivityManager: NORMAL SET : dst_category = 701, src_allowCategory = 0,701-1023
11-23 15:17:16.185  3520  4604 W ActivityManager: NORMAL SET : srcAppInfo.processName = com.google.android.gms, destAppInfo.processName = com.google.android.gms
11-23 15:17:16.185  3520  4415 D ActivityManager: retrieveServiceLocked(): component = com.google.android.gms/com.google.android.gms.chimera.GmsIntentOperationService; callingUser = 0; userId(target) = 0
11-23 15:17:16.185  3520  4415 W ActivityManager: userId = 0, bbcId = -10000
11-23 15:17:16.185  3520  4415 W ActivityManager: NORMAL SET : dst_category = 701, src_allowCategory = 0,701-1023
11-23 15:17:16.185  3520  4415 W ActivityManager: NORMAL SET : srcAppInfo.processName = com.google.android.gms, destAppInfo.processName = com.google.android.gms
11-23 15:17:16.195  3520  4695 D ActivityManager: retrieveServiceLocked(): component = com.google.android.gms/com.google.android.gms.icing.service.IndexWorkerService; callingUser = 0; userId(target) = 0
11-23 15:17:16.195 25030 25466 E NetworkScheduler.SR: Invalid parameter app
11-23 15:17:16.195 25030 25466 E NetworkScheduler.SR: Invalid package name : Perhaps you didn't include a PendingIntent in the extras?
11-23 15:17:16.195  3520  4695 W ActivityManager: userId = 0, bbcId = -10000
11-23 15:17:16.195  3520  4695 W ActivityManager: NORMAL SET : dst_category = 701, src_allowCategory = 0,701-1023
11-23 15:17:16.195  3520  4695 W ActivityManager: NORMAL SET : srcAppInfo.processName = com.google.android.gms, destAppInfo.processName = com.google.android.gms
11-23 15:17:16.195  3520  3532 D ActivityManager: retrieveServiceLocked(): component = com.google.android.gms/com.google.android.gms.icing.proxy.UpdateIcingCorporaService; callingUser = 0; userId(target) = 0
11-23 15:17:16.195  3520  3532 W ActivityManager: userId = 0, bbcId = -10000
11-23 15:17:16.195  3520  3532 W ActivityManager: NORMAL SET : dst_category = 701, src_allowCategory = 0,701-1023
11-23 15:17:16.195  3520  3532 W ActivityManager: NORMAL SET : srcAppInfo.processName = com.google.android.gms, destAppInfo.processName = com.google.android.gms
11-23 15:17:16.195  3520  4706 D ActivityManager: retrieveServiceLocked(): component = com.google.android.gms/com.google.android.gms.chimera.PersistentIntentOperationService; callingUser = 0; userId(target) = 0
11-23 15:17:16.195  3520  4706 W ActivityManager: userId = 0, bbcId = -10000
11-23 15:17:16.195  3520  4706 W ActivityManager: NORMAL SET : dst_category = 701, src_allowCategory = 0,701-1023
11-23 15:17:16.195  3520  4706 W ActivityManager: NORMAL SET : srcAppInfo.processName = com.google.android.gms, destAppInfo.processName = com.google.android.gms
11-23 15:17:16.205 25440 25662 I Icing   : doRemovePackageData com.google.identitytoolkit.demo
11-23 15:17:16.205 25440 25662 W Settings: Setting adb_enabled has moved from android.provider.Settings.Secure to android.provider.Settings.Global.
11-23 15:17:16.215  3520  3532 D ActivityManager: retrieveServiceLocked(): component = com.google.android.gms/com.google.android.gms.icing.proxy.UpdateIcingCorporaService; callingUser = 0; userId(target) = 0
11-23 15:17:16.215  3520  3532 W ActivityManager: userId = 0, bbcId = -10000
11-23 15:17:16.215  3520  3532 W ActivityManager: NORMAL SET : dst_category = 701, src_allowCategory = 0,701-1023
11-23 15:17:16.215  3520  3532 W ActivityManager: NORMAL SET : srcAppInfo.processName = com.google.android.gms, destAppInfo.processName = com.google.android.gms
11-23 15:17:16.215  3520  4604 D ActivityManager: retrieveServiceLocked(): component = com.google.android.gms/com.google.android.gms.chimera.GmsIntentOperationService; callingUser = 0; userId(target) = 0
11-23 15:17:16.215  3520  4604 W ActivityManager: userId = 0, bbcId = -10000
11-23 15:17:16.215  3520  4604 W ActivityManager: NORMAL SET : dst_category = 701, src_allowCategory = 0,701-1023
11-23 15:17:16.215  3520  4604 W ActivityManager: NORMAL SET : srcAppInfo.processName = com.google.android.gms, destAppInfo.processName = com.google.android.gms
11-23 15:17:16.225  3520  4695 D ActivityManager: retrieveServiceLocked(): component = com.google.android.gms/com.google.android.gms.icing.service.IndexWorkerService; callingUser = 0; userId(target) = 0
11-23 15:17:16.225  3520  4695 W ActivityManager: userId = 0, bbcId = -10000
11-23 15:17:16.225  3520  4695 W ActivityManager: NORMAL SET : dst_category = 701, src_allowCategory = 0,701-1023
11-23 15:17:16.225  3520  4695 W ActivityManager: NORMAL SET : srcAppInfo.processName = com.google.android.gms, destAppInfo.processName = com.google.android.gms
11-23 15:17:16.235  3520  3532 D ActivityManager: retrieveServiceLocked(): component = com.google.android.gms/com.google.android.gms.icing.service.IndexWorkerService; callingUser = 0; userId(target) = 0
11-23 15:17:16.235  3520  3532 W ActivityManager: userId = 0, bbcId = -10000
11-23 15:17:16.235  3520  3532 W ActivityManager: NORMAL SET : dst_category = 701, src_allowCategory = 0,701-1023
11-23 15:17:16.235  3520  3532 W ActivityManager: NORMAL SET : srcAppInfo.processName = com.google.android.gms, destAppInfo.processName = com.google.android.gms
11-23 15:17:16.235  3520  4440 D ActivityManager: retrieveServiceLocked(): component = null; callingUser = 0; userId(target) = 0
11-23 15:17:16.235  3520  4440 W ActivityManager: userId = 0, bbcId = -10000
11-23 15:17:16.235  3520  4440 W ActivityManager: NORMAL SET : dst_category = 701, src_allowCategory = 0,701-1023
11-23 15:17:16.235  3520  4440 W ActivityManager: NORMAL SET : srcAppInfo.processName = com.google.android.gms, destAppInfo.processName = com.google.android.gms
11-23 15:17:16.235  3520  4070 D ActivityManager: retrieveServiceLocked(): component = null; callingUser = 0; userId(target) = 0
11-23 15:17:16.245  3520  4070 W ActivityManager: userId = 0, bbcId = -10000
11-23 15:17:16.245  3520  4070 W ActivityManager: NORMAL SET : dst_category = 701, src_allowCategory = 0,701-1023
11-23 15:17:16.245  3520  4070 W ActivityManager: NORMAL SET : srcAppInfo.processName = com.google.android.gms, destAppInfo.processName = com.google.android.gms
