11-23 15:14:08.745  3520  3610 I ActivityManager: Start proc com.sec.spp.push:RemoteDlcProcess for broadcast com.sec.spp.push/.dlc.util.DlcRegiReceiver: pid=24903 uid=10038 gids={50038, 9997, 3003, 1028, 1015} abi=arm64-v8a
11-23 15:14:08.745  3520  3940 D ActivityManager: retrieveServiceLocked(): component = com.google.android.gms/com.google.android.gms.chimera.PersistentIntentOperationService; callingUser = 0; userId(target) = 0
11-23 15:14:08.745  3520  3940 W ActivityManager: userId = 0, bbcId = -10000
11-23 15:14:08.745  3520  3940 W ActivityManager: NORMAL SET : dst_category = 701, src_allowCategory = 0,701-1023
11-23 15:14:08.745  3520  3940 W ActivityManager: NORMAL SET : srcAppInfo.processName = com.google.android.gms, destAppInfo.processName = com.google.android.gms
11-23 15:14:08.775 24903 24903 D TimaKeyStoreProvider: TimaSignature is unavailable
11-23 15:14:08.775 24903 24903 D ActivityThread: Added TimaKeyStore provider
11-23 15:14:08.785  3520  4439 D ActivityManager: retrieveServiceLocked(): component = com.google.android.gms/com.google.android.gms.icing.service.IndexWorkerService; callingUser = 0; userId(target) = 0
11-23 15:14:08.785  3520  4439 W ActivityManager: userId = 0, bbcId = -10000
11-23 15:14:08.785  3520  4439 W ActivityManager: NORMAL SET : dst_category = 701, src_allowCategory = 0,701-1023
11-23 15:14:08.785  3520  4439 W ActivityManager: NORMAL SET : srcAppInfo.processName = com.google.android.gms, destAppInfo.processName = com.google.android.gms
11-23 15:14:08.785  5186  5186 D accuweather: [AccuPhone]>>> WSWidget:427 [0:0] getWeatherRenderer : 1
11-23 15:14:08.785  5186  5186 D accuweather: [AccuPhone]>>> SManager:2782 [0:0] dark mode set = 0
11-23 15:14:08.785  5186  5186 I PluginManager: getService -- sService=com.samsung.android.thememanager.IThemeManager$Stub$Proxy@3d555aeb
11-23 15:14:08.785  5186  5186 I PluginManager: getService -- sService=com.samsung.android.thememanager.IThemeManager$Stub$Proxy@3d555aeb
11-23 15:14:08.785  5186  5186 D accuweather: [AccuPhone]>>> UTheme:192 [0:0] is theme set = false
11-23 15:14:08.785  5186  5186 D accuweather: [AccuPhone]>>> SManager:2368 [0:0] cur sha w = 1372, cur sha h = 432next sha w = 1372, next sha h = 432, ShaAnim = false
11-23 15:14:08.785  5186  5186 D LongShadowManager: AlphaMask NULL.2.0
11-23 15:14:08.785  3520  4706 I InjectionManagerService -AppFeature: getCoreFeaturePkgList :[]
11-23 15:14:08.785 24903 24903 I InjectionManager: Inside getClassLibPath + mLibMap{0=, 1=}
11-23 15:14:08.795  5186  5186 D TextView: CharAt(i) : :
11-23 15:14:08.805 24903 24903 I InjectionManager: Inside getClassLibPath caller 
11-23 15:14:08.835 24903 24903 D SPPClientService: Create
11-23 15:14:08.845 24903 24903 D InjectionManager: InjectionManager
11-23 15:14:08.845 24903 24919 D SPPClientService: Create DLC
11-23 15:14:08.845 24903 24903 D InjectionManager: fillFeatureStoreMap com.sec.spp.push
11-23 15:14:08.845 24903 24919 E SPPClientService: ShipBuild Binary : True
11-23 15:14:08.845 24903 24903 I InjectionManager: Constructor com.sec.spp.push, Feature store :{}
11-23 15:14:08.845 24903 24903 I InjectionManager: featureStore :{}
11-23 15:14:08.845  5186  5186 I GFX raster: took 46.950083ms for 612*612 texture 0
11-23 15:14:08.845  5186  5186 W GFX DEBUGLOG GPUCompressionToBitmapDecoder: Bitmap=0x7f908a9100 bitmapCt=12 bitmapW=612 bitmapH=612 BitmapInternalFormat=93b1, Counterpart=0x7f90847a40 counterpartCT=4 counterpartW=612 counterparth=612
11-23 15:14:08.845  5186  5186 E         : GFX convertToRaster() in Canvas.cpp HWACC for bitmap size 612x612
11-23 15:14:08.855  3520  3533 D ActivityManager: retrieveServiceLocked(): component = com.sec.spp.push/com.sec.spp.push.dlc.sender.SenderService; callingUser = 0; userId(target) = 0
11-23 15:14:08.855  3520  3533 W ActivityManager: userId = 0, bbcId = -10000
11-23 15:14:08.855  3520  3533 W ActivityManager: NORMAL SET : dst_category = 1023, src_allowCategory = 0,701-1023
11-23 15:14:08.855  3520  3533 W ActivityManager: NORMAL SET : srcAppInfo.processName = com.sec.spp.push, destAppInfo.processName = com.sec.spp.push
11-23 15:14:08.875  3520  4415 D ActivityManager: retrieveServiceLocked(): component = com.sec.spp.push/com.sec.spp.push.dlc.db.DbService; callingUser = 0; userId(target) = 0
11-23 15:14:08.875  3520  4415 W ActivityManager: userId = 0, bbcId = -10000
11-23 15:14:08.875  3520  4415 W ActivityManager: NORMAL SET : dst_category = 1023, src_allowCategory = 0,701-1023
11-23 15:14:08.875  3520  4415 W ActivityManager: NORMAL SET : srcAppInfo.processName = com.sec.spp.push, destAppInfo.processName = com.sec.spp.push
11-23 15:14:08.895  5186  5186 I GFX raster: took 37.780167ms for 612*612 texture 0
11-23 15:14:08.895  5186  5186 W GFX DEBUGLOG GPUCompressionToBitmapDecoder: Bitmap=0x7f908a9100 bitmapCt=12 bitmapW=612 bitmapH=612 BitmapInternalFormat=93b1, Counterpart=0x7f90847a40 counterpartCT=4 counterpartW=612 counterparth=612
11-23 15:14:08.895  5186  5186 E         : GFX convertToRaster() in Canvas.cpp HWACC for bitmap size 612x612
11-23 15:14:08.935 24903 24923 I System.out: (HTTPLog)-Static: SBServiceAPI: getService class android.os.ServiceManager
11-23 15:14:08.935 24903 24923 I System.out: (HTTPLog)-Static: isSBSettingEnabled false
11-23 15:14:08.935 24903 24923 I System.out: (HTTPLog)-Static: isShipBuild true
11-23 15:14:08.935 24903 24923 I System.out: (HTTPLog)-Thread-2850-814017763: SmartBonding Enabling is false, SHIP_BUILD is true, log to file is false, DBG is false
11-23 15:14:08.935 24903 24923 I System.out: (HTTPLog)-Static: isSBSettingEnabled false
11-23 15:14:08.935  2978  3504 D EnterpriseController: mIsMarkChainAdded is 0 mIsBlockChainAdded is 0 netId is 0
11-23 15:14:08.935  2978  3504 D Netd    : getNetworkForDns: using netid 502 for uid 10038
11-23 15:14:08.935  5186  5186 I GFX raster: took 38.565500ms for 612*612 texture 0
11-23 15:14:08.935  5186  5186 W GFX DEBUGLOG GPUCompressionToBitmapDecoder: Bitmap=0x7f908a9100 bitmapCt=12 bitmapW=612 bitmapH=612 BitmapInternalFormat=93b1, Counterpart=0x7f90847a40 counterpartCT=4 counterpartW=612 counterparth=612
11-23 15:14:08.935  5186  5186 E         : GFX convertToRaster() in Canvas.cpp HWACC for bitmap size 612x612
11-23 15:14:08.935  5186  5186 D accuweather: [AccuPhone]>>> SManager:2406 [0:0] end draw cur sha
11-23 15:14:08.935  5186  5186 D accuweather: [AccuPhone]>>> SManager:2318 [0:0] end ClockLayoutContent
11-23 15:14:08.935  5186  5186 D accuweather: [AccuPhone]>>> SManager:1615 [0:0] complete setLayoutContentEmptyMsg Content
11-23 15:14:08.965 24903 24923 I System.out: KnoxVpnUidStorageknoxVpnSupported API value returned is false
11-23 15:14:09.075 24903 24923 I System.out: (HTTPLog)-Static: isSBSettingEnabled false
11-23 15:14:09.075 24903 24923 I System.out: KnoxVpnUidStorageknoxVpnSupported API value returned is false
11-23 15:14:09.125 24926 24926 D AndroidRuntime: 
11-23 15:14:09.125 24926 24926 D AndroidRuntime: >>>>>> AndroidRuntime START com.android.internal.os.RuntimeInit <<<<<<
11-23 15:14:09.125  4030  4030 D VolumePanel: sound : release SoundPool
11-23 15:14:09.125 24926 24926 D AndroidRuntime: CheckJNI is OFF
11-23 15:14:09.135 24926 24926 D AndroidRuntime: readGMSProperty: start
11-23 15:14:09.135 24926 24926 D AndroidRuntime: readGMSProperty: already setted!!
11-23 15:14:09.135 24926 24926 D AndroidRuntime: propertySet: couldn't set property (it is from app)
11-23 15:14:09.135 24926 24926 D AndroidRuntime: readGMSProperty: could not set the property(default)!!
11-23 15:14:09.135 24926 24926 D AndroidRuntime: readGMSProperty: end
11-23 15:14:09.135 24926 24926 D AndroidRuntime: addProductProperty: start
11-23 15:14:09.135 24903 24923 I System.out: (HTTPLog)-Static: isSBSettingEnabled false
11-23 15:14:09.135 24903 24923 I System.out: KnoxVpnUidStorageknoxVpnSupported API value returned is false
11-23 15:14:09.155 24903 24923 I System.out: (HTTPLog)-Static: isSBSettingEnabled false
11-23 15:14:09.155 24903 24923 I System.out: KnoxVpnUidStorageknoxVpnSupported API value returned is false
11-23 15:14:09.205 24903 24923 I System.out: (HTTPLog)-Static: isSBSettingEnabled false
11-23 15:14:09.205 24903 24923 I System.out: KnoxVpnUidStorageknoxVpnSupported API value returned is false
11-23 15:14:09.235 24903 24923 I System.out: (HTTPLog)-Static: isSBSettingEnabled false
11-23 15:14:09.235 24903 24923 I System.out: KnoxVpnUidStorageknoxVpnSupported API value returned is false
11-23 15:14:09.285 24926 24926 E AffinityControl: AffinityControl: registerfunction enter
11-23 15:14:09.285 24903 24923 I System.out: (HTTPLog)-Static: isSBSettingEnabled false
11-23 15:14:09.285 24903 24923 I System.out: KnoxVpnUidStorageknoxVpnSupported API value returned is false
11-23 15:14:09.305 24926 24926 D AndroidRuntime: Calling main entry com.android.commands.pm.Pm
11-23 15:14:09.305  3520  4440 V ApplicationPolicy: isApplicationStateBlocked userId 0 pkgname com.google.android.apps.maps
11-23 15:14:09.305  3520  4440 I ActivityManager: Force stopping com.google.android.apps.maps appid=10140 user=0: clear data
11-23 15:14:09.305  3520  4440 I ActivityManager: Force stopping com.google.android.apps.maps appid=10140 user=0: clear data
11-23 15:14:09.315  3520  4440 D PackageManager: START CLEAR APPLICATION USER DATA: observer{191802550}
11-23 15:14:09.315  3520  4440 D PackageManager: pkg{<packageName>}
11-23 15:14:09.315  3520  4440 D PackageManager: user{0}
11-23 15:14:09.315  3520  4440 V ApplicationPolicy: isApplicationStateBlocked userId 0 pkgname com.google.android.apps.maps
11-23 15:14:09.315  3520  3735 D PackageManager: [MSG] CLEAR_APPLICATION_USER_DATA
11-23 15:14:09.325  2991  2991 I SELinux : selinux_android_setcategory: no category for userid: 0, path: /data/data/com.google.android.apps.maps/lib 
11-23 15:14:09.335  3520  3735 D ActivityManager: retrieveServiceLocked(): component = com.android.defcontainer/com.android.defcontainer.DefaultContainerService; callingUser = 0; userId(target) = 0
11-23 15:14:09.345  4385  4385 D PersonaManager: isKioskContainerExistOnDevice
11-23 15:14:09.355 11535 12296 W GeofencerStateMachine: Ignoring removeGeofence because network location is disabled.
11-23 15:14:09.355 24601 24601 I ClearDataReceiver: [#DCM#] Intent Name: android.intent.action.PACKAGE_RESTARTED
11-23 15:14:09.355 24601 24601 I ClearDataReceiver: [#DCM#] Intent Data: package:com.google.android.apps.maps
11-23 15:14:09.355  4385  4385 D RegisteredServicesCache: empty dynamic service
11-23 15:14:09.365 24733 24939 D Documents: Update found 6 roots in 8ms
11-23 15:14:09.365  3520  3735 D PackageManager: result of install: true{191802550}
11-23 15:14:09.365 24903 24923 I System.out: (HTTPLog)-Static: isSBSettingEnabled false
11-23 15:14:09.365 24903 24923 I System.out: KnoxVpnUidStorageknoxVpnSupported API value returned is false
11-23 15:14:09.375 24619 24619 D SAControlPanelReceiver: *****onReceive()*****
11-23 15:14:09.375 24619 24619 D SAControlPanelReceiver: Action: android.intent.action.PACKAGE_RESTARTED
11-23 15:14:09.375  4385  4385 D PersonaManager: isKioskContainerExistOnDevice
11-23 15:14:09.375 24926 24926 D AndroidRuntime: Shutting down VM
11-23 15:14:09.375  4170  4170 D daemonapp: [zero daemon]>>> AWDCDService:30 [0:0] AWD CD Act : androidintentactionPACKAGE_RESTARTED
11-23 15:14:09.375  4385  4385 D RegisteredServicesCache: empty dynamic service
11-23 15:14:09.385 24601 24601 I ClearDataReceiver: [#DCM#] Intent Name: android.intent.action.PACKAGE_RESTARTED
11-23 15:14:09.385 24601 24601 I ClearDataReceiver: [#DCM#] Intent Data: package:com.google.android.apps.maps
11-23 15:14:09.385 24619 24619 D SAControlPanelReceiver: *****onReceive()*****
11-23 15:14:09.385 24619 24619 D SAControlPanelReceiver: Action: android.intent.action.PACKAGE_RESTARTED
11-23 15:14:09.395  4030  4030 D StatusBar.NetworkController: refreshViews connected={ wifi } level=0 combinedSignalIconId=0x7f02054f/com.android.systemui:drawable/stat_sys_wifi_signal_4 mobileLabel= wifiLabel="9902431946" emergencyOnly=false combinedLabel="9902431946" mAirplaneMode=true mDataActivity=0 mPhoneSignalIconId=0x0/(null) mQSPhoneSignalIconId=0x0/(null) mDataDirectionIconId=0x0/(null) mDataSignalIconId=0x0/(null) mDataTypeIconId=0x0/(null) mQSDataTypeIconId=0x0/(null) mNoSimIconId=0x0/(null) mWifiIconId=0x7f02054f/com.android.systemui:drawable/stat_sys_wifi_signal_4 mQSWifiIconId=0x7f020139/com.android.systemui:drawable/ic_qs_wifi_4 mWifiActivityIconId=0x7f020519/com.android.systemui:drawable/stat_sys_signal_inout mBluetoothTetherIconId=0x7f02052c/com.android.systemui:drawable/stat_sys_tether_bluetooth
11-23 15:14:09.395  4030  4030 D STATUSBAR-WifiQuickSettingButton: onWifiSignalChanged enabled=true enabledDesc:"9902431946"
11-23 15:14:09.395  4030  4030 D StatusBar.NetworkController: refreshNwBoosterIndicator - setNWBoosterIndicators(false)
11-23 15:14:09.395  4030  4030 D StatusBar.NetworkController: applyVZW
11-23 15:14:09.395  4030  4030 D SignalClusterView: mMobileDataState:-1, mBtTetherState:false, mHasService:false
11-23 15:14:09.395  4170  4170 D daemonapp: [zero daemon]>>> AWDCDService:30 [0:0] AWD CD Act : androidintentactionPACKAGE_RESTARTED
11-23 15:14:09.395  4030  4030 D StatusBar.NetworkController: applyVZW : mDataTypeDisabledIconId(null)
11-23 15:14:09.395  4030  4030 D StatusBar.NetworkController: refreshNwBoosterIndicator - setNWBoosterIndicators(false)
11-23 15:14:09.395  4030  4030 D StatusBar.NetworkController: applyVZW
11-23 15:14:09.395  4030  4030 D SignalClusterView: mMobileDataState:-1, mBtTetherState:false, mHasService:false
11-23 15:14:09.395 24636 24636 D SVFControlReceiver: onReceive() ++++++++++
11-23 15:14:09.395 24636 24636 D SVFControlReceiver: intent.getAction() : android.intent.action.PACKAGE_DATA_CLEARED
11-23 15:14:09.395 24636 24636 D SVFControlReceiver: isTOSAccep : false
11-23 15:14:09.395 24636 24636 D SVFControlReceiver: recognigerName : null
11-23 15:14:09.395 24636 24636 D SVFControlReceiver: recogniger.size() : 0
11-23 15:14:09.395 24636 24636 D SVFControlReceiver: isExperience : false
11-23 15:14:09.395 24636 24636 D SVFControlReceiver: tosScore : 0
11-23 15:14:09.395 24636 24636 D SVFControlReceiver: recogniger : []
11-23 15:14:09.405  4030  4030 D StatusBar.NetworkController: applyVZW : mDataTypeDisabledIconId(null)
11-23 15:14:09.405  4030  4030 D StatusBar.NetworkController: refreshNwBoosterIndicator - setNWBoosterIndicators(false)
11-23 15:14:09.405  4030  4030 D StatusBar.NetworkController: applyVZW
11-23 15:14:09.405  4030  4030 D SignalClusterView: mMobileDataState:-1, mBtTetherState:false, mHasService:false
11-23 15:14:09.405  4030  4030 D StatusBar.NetworkController: applyVZW : mDataTypeDisabledIconId(null)
11-23 15:14:09.405  4030  4030 D StatusBar.NetworkController: refreshNwBoosterIndicator - setNWBoosterIndicators(false)
11-23 15:14:09.405  4030  4030 D StatusBar.NetworkController: applyVZW
11-23 15:14:09.405  4030  4030 D StatusBar.NetworkController: applyVZW : mDataTypeDisabledIconId(null)
11-23 15:14:09.425  3520  4604 D ActivityManager: retrieveServiceLocked(): component = com.samsung.android.svf/com.samsung.android.svf.SVFControlService; callingUser = 0; userId(target) = 0
11-23 15:14:09.425  3520  4604 W ActivityManager: userId = 0, bbcId = -10000
11-23 15:14:09.425  3520  4604 W ActivityManager: NORMAL SET : dst_category = 1023, src_allowCategory = 0,701-1023
11-23 15:14:09.425  3520  4604 W ActivityManager: NORMAL SET : srcAppInfo.processName = com.samsung.android.svf, destAppInfo.processName = com.samsung.android.svf
11-23 15:14:09.425 24636 24636 D SVFControlReceiver: onReceive() --------
11-23 15:14:09.425 24636 24636 I SVFControlService: VACcontrol created
11-23 15:14:09.425  3520  4439 I splitIntent: Split this intent : android.intent.action.PACKAGE_DATA_CLEARED, mSplitNum[0]=4, mSplitNum[1]=7, mSplitNum[2]=10, mBgSplitQueueNum=3 divideNum= 3 r.nextReceiver= 1 receivers.size=13
11-23 15:14:09.425  3520  4439 I splitIntent: finish to split intent : android.intent.action.PACKAGE_DATA_CLEARED !! Enqueue -> schedule it!!
11-23 15:14:09.425 24636 24940 D SVFControlService: onHandleIntent Intent { cmp=com.samsung.android.svf/.SVFControlService } +++
11-23 15:14:09.425 24636 24940 I SVFControlService: got command=null
11-23 15:14:09.425 24636 24940 D SVFControlService: onHandleIntent Intent { cmp=com.samsung.android.svf/.SVFControlService } ---
11-23 15:14:09.425 24601 24601 I ClearDataReceiver: [#DCM#] Intent Name: android.intent.action.PACKAGE_DATA_CLEARED
11-23 15:14:09.425 24601 24601 I ClearDataReceiver: [#DCM#] Intent Data: package:com.google.android.apps.maps
11-23 15:14:09.435 24659 24659 D accuweather: [AccuPhone]>>> AWCDService:15 [0:0] AW CD Act : androidintentactionPACKAGE_DATA_CLEARED
11-23 15:14:09.445 24690 24690 I GalaxyFinderApplication: [onReceive] android.intent.action.PACKAGE_DATA_CLEARED
11-23 15:14:09.455 24478 24478 D Mms/FreeMessageStatusReceiver: onReceive, action : android.intent.action.PACKAGE_DATA_CLEARED
11-23 15:14:09.465  3520  3533 D ActivityManager: retrieveServiceLocked(): component = com.android.mms/com.android.mms.freemessage.FreeMessageReceiverService; callingUser = 0; userId(target) = 0
11-23 15:14:09.465  3520  3533 W ActivityManager: userId = 0, bbcId = -10000
11-23 15:14:09.465  3520  3533 W ActivityManager: NORMAL SET : dst_category = 0, src_allowCategory = 0,2-1023
11-23 15:14:09.465  3520  3533 W ActivityManager: NORMAL SET : srcAppInfo.processName = com.android.mms, destAppInfo.processName = com.android.mms
11-23 15:14:09.465 24903 24923 I System.out: (HTTPLog)-Static: isSBSettingEnabled false
11-23 15:14:09.465 24903 24923 I System.out: KnoxVpnUidStorageknoxVpnSupported API value returned is false
11-23 15:14:09.475 24478 24941 D Mms/FreeMessageReceiverService: onHandleIntent, action : android.intent.action.PACKAGE_DATA_CLEARED
11-23 15:14:09.475 24478 24941 D Mms/FreeMessageReceiverService: onHandleIntent: ACTION_PACKAGE_DATA_CLEARED
11-23 15:14:09.475  4170  4170 D daemonapp: [zero daemon]>>> AWDCDService:30 [0:0] AWD CD Act : androidintentactionPACKAGE_DATA_CLEARED
11-23 15:14:09.485  3520  4440 D ActivityManager: retrieveServiceLocked(): component = com.google.android.gms/com.google.android.gms.chimera.GmsIntentOperationService; callingUser = 0; userId(target) = 0
11-23 15:14:09.485  3520  4440 W ActivityManager: userId = 0, bbcId = -10000
11-23 15:14:09.485  3520  4440 W ActivityManager: NORMAL SET : dst_category = 701, src_allowCategory = 0,701-1023
11-23 15:14:09.485  3520  4440 W ActivityManager: NORMAL SET : srcAppInfo.processName = com.google.android.gms, destAppInfo.processName = com.google.android.gms
11-23 15:14:09.485 16726 24843 I LocationSettingsChecker: Removing dialog suppression flag for package com.google.android.apps.maps
11-23 15:14:09.485  3520  4072 D ActivityManager: retrieveServiceLocked(): component = com.google.android.gms/com.google.android.gms.chimera.PersistentIntentOperationService; callingUser = 0; userId(target) = 0
11-23 15:14:09.485  3520  4072 W ActivityManager: userId = 0, bbcId = -10000
11-23 15:14:09.485  3520  4072 W ActivityManager: NORMAL SET : dst_category = 701, src_allowCategory = 0,701-1023
11-23 15:14:09.485  3520  4072 W ActivityManager: NORMAL SET : srcAppInfo.processName = com.google.android.gms, destAppInfo.processName = com.google.android.gms
11-23 15:14:09.485  3520  4706 D ActivityManager: retrieveServiceLocked(): component = com.google.android.gms/com.google.android.location.util.PreferenceService; callingUser = 0; userId(target) = 0
11-23 15:14:09.485  3520  4706 W ActivityManager: userId = 0, bbcId = -10000
11-23 15:14:09.485  3520  4706 W ActivityManager: NORMAL SET : dst_category = 701, src_allowCategory = 0,701-1023
11-23 15:14:09.485  3520  4706 W ActivityManager: NORMAL SET : srcAppInfo.processName = com.google.android.gms, destAppInfo.processName = com.google.android.gms
11-23 15:14:09.495  3520  4695 D ActivityManager: retrieveServiceLocked(): component = com.google.android.gms/com.google.android.gms.config.ConfigService; callingUser = 0; userId(target) = 0
11-23 15:14:09.495  3520  4695 W ActivityManager: userId = 0, bbcId = -10000
11-23 15:14:09.495  3520  4695 W ActivityManager: NORMAL SET : dst_category = 701, src_allowCategory = 0,701-1023
11-23 15:14:09.495  3520  4695 W ActivityManager: NORMAL SET : srcAppInfo.processName = com.google.android.gms, destAppInfo.processName = com.google.android.gms
11-23 15:14:09.495  3520  4678 D ActivityManager: retrieveServiceLocked(): component = com.google.android.gms/com.google.android.gms.chimera.PersistentIntentOperationService; callingUser = 0; userId(target) = 0
11-23 15:14:09.495  3520  4678 W ActivityManager: userId = 0, bbcId = -10000
11-23 15:14:09.495  3520  4678 W ActivityManager: NORMAL SET : dst_category = 701, src_allowCategory = 0,701-1023
11-23 15:14:09.495  3520  4678 W ActivityManager: NORMAL SET : srcAppInfo.processName = com.google.android.gms, destAppInfo.processName = com.google.android.gms
11-23 15:14:09.495  3520  4086 D ActivityManager: retrieveServiceLocked(): component = com.google.android.gms/com.google.android.gms.icing.service.IndexWorkerService; callingUser = 0; userId(target) = 0
11-23 15:14:09.495  3520  4086 W ActivityManager: userId = 0, bbcId = -10000
11-23 15:14:09.505  3520  4086 W ActivityManager: NORMAL SET : dst_category = 701, src_allowCategory = 0,701-1023
11-23 15:14:09.505  3520  4086 W ActivityManager: NORMAL SET : srcAppInfo.processName = com.google.android.gms, destAppInfo.processName = com.google.android.gms
11-23 15:14:09.505  3520  4681 D ActivityManager: retrieveServiceLocked(): component = com.google.android.gms/com.google.android.gms.chimera.PersistentIntentOperationService; callingUser = 0; userId(target) = 0
11-23 15:14:09.505  3520  4681 W ActivityManager: userId = 0, bbcId = -10000
11-23 15:14:09.505  3520  4681 W ActivityManager: NORMAL SET : dst_category = 701, src_allowCategory = 0,701-1023
11-23 15:14:09.505  3520  4681 W ActivityManager: NORMAL SET : srcAppInfo.processName = com.google.android.gms, destAppInfo.processName = com.google.android.gms
11-23 15:14:09.505  3520  4604 D ActivityManager: retrieveServiceLocked(): component = com.google.android.gms/com.google.android.gms.icing.service.IndexWorkerService; callingUser = 0; userId(target) = 0
11-23 15:14:09.505  3520  4604 W ActivityManager: userId = 0, bbcId = -10000
11-23 15:14:09.505  3520  4604 W ActivityManager: NORMAL SET : dst_category = 701, src_allowCategory = 0,701-1023
11-23 15:14:09.505  3520  4604 W ActivityManager: NORMAL SET : srcAppInfo.processName = com.google.android.gms, destAppInfo.processName = com.google.android.gms
11-23 15:14:09.505  3520  4677 D ActivityManager: retrieveServiceLocked(): component = com.google.android.gms/com.google.android.gms.wearable.service.WearableControlService; callingUser = 0; userId(target) = 0
11-23 15:14:09.505  3520  4677 W ActivityManager: userId = 0, bbcId = -10000
11-23 15:14:09.505  3520  4677 W ActivityManager: NORMAL SET : dst_category = 701, src_allowCategory = 0,701-1023
11-23 15:14:09.505  3520  4677 W ActivityManager: NORMAL SET : srcAppInfo.processName = com.google.android.gms, destAppInfo.processName = com.google.android.gms
11-23 15:14:09.515  3520  3532 D ActivityManager: retrieveServiceLocked(): component = com.google.android.gms/com.google.android.gms.chimera.GmsIntentOperationService; callingUser = 0; userId(target) = 0
11-23 15:14:09.515  3520  3532 W ActivityManager: userId = 0, bbcId = -10000
11-23 15:14:09.515  3520  3532 W ActivityManager: NORMAL SET : dst_category = 701, src_allowCategory = 0,701-1023
11-23 15:14:09.515  3520  3532 W ActivityManager: NORMAL SET : srcAppInfo.processName = com.google.android.gms, destAppInfo.processName = com.google.android.gms
11-23 15:14:09.525  3520  4439 I splitIntent: Queue : backgroundsplit_2 intent android.intent.action.PACKAGE_DATA_CLEARED is finished at BG and BG split queue. set mSplitStart and mBgSplitQueueOnlyRun false.
11-23 15:14:09.525 16726 16755 I Icing   : doRemovePackageData com.google.android.apps.maps
11-23 15:14:09.555  3520  4440 D ActivityManager: retrieveServiceLocked(): component = com.google.android.gms/com.google.android.gms.icing.service.IndexWorkerService; callingUser = 0; userId(target) = 0
11-23 15:14:09.555  3520  4440 W ActivityManager: userId = 0, bbcId = -10000
11-23 15:14:09.555  3520  4440 W ActivityManager: NORMAL SET : dst_category = 701, src_allowCategory = 0,701-1023
11-23 15:14:09.555  3520  4440 W ActivityManager: NORMAL SET : srcAppInfo.processName = com.google.android.gms, destAppInfo.processName = com.google.android.gms
11-23 15:14:09.565 24903 24923 I System.out: (HTTPLog)-Static: isSBSettingEnabled false
11-23 15:14:09.565 24903 24923 I System.out: KnoxVpnUidStorageknoxVpnSupported API value returned is false
11-23 15:14:09.585 24926 24926 W art     : ConditionVariable::~ConditionVariable for GC request condition variable called with 1 waiters.
11-23 15:14:09.585 24903 24923 I System.out: (HTTPLog)-Static: isSBSettingEnabled false
11-23 15:14:09.585 24903 24923 I System.out: KnoxVpnUidStorageknoxVpnSupported API value returned is false
11-23 15:14:09.635 24903 24923 I System.out: (HTTPLog)-Static: isSBSettingEnabled false
11-23 15:14:09.635 24903 24923 I System.out: KnoxVpnUidStorageknoxVpnSupported API value returned is false
11-23 15:14:09.665 24903 24923 E LLog    : [h] javax.net.ssl.SSLHandshakeException: Handshake failed
11-23 15:14:09.665 24903 24923 E LLog    : 	at com.android.org.conscrypt.OpenSSLSocketImpl.startHandshake(OpenSSLSocketImpl.java:392)
11-23 15:14:09.665 24903 24923 E LLog    : 	at com.android.okhttp.Connection.upgradeToTls(Connection.java:1285)
11-23 15:14:09.665 24903 24923 E LLog    : 	at com.android.okhttp.Connection.connect(Connection.java:1197)
11-23 15:14:09.665 24903 24923 E LLog    : 	at com.android.okhttp.internal.http.HttpEngine.connect(HttpEngine.java:393)
11-23 15:14:09.665 24903 24923 E LLog    : 	at com.android.okhttp.internal.http.HttpEngine.sendRequest(HttpEngine.java:296)
11-23 15:14:09.665 24903 24923 E LLog    : 	at com.android.okhttp.internal.http.HttpURLConnectionImpl.execute(HttpURLConnectionImpl.java:399)
11-23 15:14:09.665 24903 24923 E LLog    : 	at com.android.okhttp.internal.http.HttpURLConnectionImpl.connect(HttpURLConnectionImpl.java:110)
11-23 15:14:09.665 24903 24923 E LLog    : 	at com.android.okhttp.internal.http.HttpURLConnectionImpl.getOutputStream(HttpURLConnectionImpl.java:221)
11-23 15:14:09.665 24903 24923 E LLog    : 	at com.android.okhttp.internal.http.DelegatingHttpsURLConnection.getOutputStream(DelegatingHttpsURLConnection.java:218)
11-23 15:14:09.665 24903 24923 E LLog    : 	at com.android.okhttp.internal.http.HttpsURLConnectionImpl.getOutputStream(HttpsURLConnectionImpl.java:25)
11-23 15:14:09.665 24903 24923 E LLog    : 	at com.sec.spp.push.dlc.sender.ak.a(Unknown Source)
11-23 15:14:09.665 24903 24923 E LLog    : 	at com.sec.spp.push.dlc.sender.h.a(Unknown Source)
11-23 15:14:09.665 24903 24923 E LLog    : 	at com.sec.spp.push.dlc.sender.t.run(Unknown Source)
11-23 15:14:09.665 24903 24923 E LLog    : 	at java.lang.Thread.run(Thread.java:818)
11-23 15:14:09.665 24903 24923 E LLog    : Caused by: javax.net.ssl.SSLProtocolException: SSL handshake aborted: ssl=0x7f9af42080: Failure in SSL library, usually a protocol error
11-23 15:14:09.665 24903 24923 E LLog    : error:140770FC:SSL routines:SSL23_GET_SERVER_HELLO:unknown protocol (external/openssl/ssl/s23_clnt.c:795 0x7f90d41298:0x00000000)
11-23 15:14:09.665 24903 24923 E LLog    : 	at com.android.org.conscrypt.NativeCrypto.SSL_do_handshake(Native Method)
11-23 15:14:09.665 24903 24923 E LLog    : 	at com.android.org.conscrypt.OpenSSLSocketImpl.startHandshake(OpenSSLSocketImpl.java:320)
11-23 15:14:09.665 24903 24923 E LLog    : 	... 13 more
11-23 15:14:09.665  3520  4415 I ActivityManager: Killing 9095:com.sec.android.app.samsungapps/u0a42 (adj 15): empty #31
11-23 15:14:09.805  3520  4070 W ActivityManager: Scheduling restart of crashed service com.sec.android.app.samsungapps/.autoupdateservice.AutoUpdateService in 1000ms
11-23 15:14:09.875  3520  3593 W libprocessgroup: failed to open /acct/uid_10042/pid_9095/cgroup.procs: No such file or directory
11-23 15:14:09.995 24944 24944 D AndroidRuntime: 
11-23 15:14:09.995 24944 24944 D AndroidRuntime: >>>>>> AndroidRuntime START com.android.internal.os.RuntimeInit <<<<<<
11-23 15:14:10.005 24944 24944 D AndroidRuntime: CheckJNI is OFF
11-23 15:14:10.005 24944 24944 D AndroidRuntime: readGMSProperty: start
11-23 15:14:10.005 24944 24944 D AndroidRuntime: readGMSProperty: already setted!!
11-23 15:14:10.005 24944 24944 D AndroidRuntime: propertySet: couldn't set property (it is from app)
11-23 15:14:10.005 24944 24944 D AndroidRuntime: readGMSProperty: could not set the property(default)!!
11-23 15:14:10.005 24944 24944 D AndroidRuntime: readGMSProperty: end
11-23 15:14:10.005 24944 24944 D AndroidRuntime: addProductProperty: start
11-23 15:14:10.155 24944 24944 E AffinityControl: AffinityControl: registerfunction enter
11-23 15:14:10.175 24944 24944 D AndroidRuntime: Calling main entry com.android.commands.pm.Pm
11-23 15:14:10.175  3520  4440 V ApplicationPolicy: isApplicationStateBlocked userId 0 pkgname com.android.settings
11-23 15:14:10.175  3520  4440 I ActivityManager: Force stopping com.android.settings appid=1000 user=0: clear data
11-23 15:14:10.175  3520  4440 I ActivityManager: Killing 10197:com.samsung.android.MtpApplication/1000 (adj 2): stop com.android.settings cause clear data
11-23 15:14:10.175  3520  4440 W ActivityManager: Scheduling restart of crashed service com.samsung.android.MtpApplication/.MtpService in 10624ms
11-23 15:14:10.185  3520  4440 I ActivityManager:   Force finishing activity ActivityRecord{16f4db7c u0 com.android.settings/.SettingsReceiverActivity t69}
11-23 15:14:10.185  3520  4440 I ActivityManager: Force stopping com.android.settings appid=1000 user=0: clear data
11-23 15:14:10.185  3520  4440 I ActivityManager:   Force finishing activity ActivityRecord{16f4db7c u0 com.android.settings/.SettingsReceiverActivity t69 f}
11-23 15:14:10.185  3520  4440 W ActivityManager: Duplicate finish request for ActivityRecord{16f4db7c u0 com.android.settings/.SettingsReceiverActivity t69 f}
11-23 15:14:10.195  3520  4440 V ApplicationPolicy: isApplicationStateBlocked userId 0 pkgname com.android.settings
11-23 15:14:10.195  3520  4440 D PackageManager: START CLEAR APPLICATION USER DATA: observer{1070585035}
11-23 15:14:10.195  3520  4440 D PackageManager: pkg{<packageName>}
11-23 15:14:10.195  3520  4440 D PackageManager: user{0}
11-23 15:14:10.195  3520  4440 V ApplicationPolicy: isApplicationStateBlocked userId 0 pkgname com.android.settings
11-23 15:14:10.195  3520  3735 D PackageManager: [MSG] CLEAR_APPLICATION_USER_DATA
11-23 15:14:10.205  2991  2991 I SELinux : selinux_android_setcategory: no category for userid: 0, path: /data/data/com.android.settings/lib 
11-23 15:14:10.205  3520  3520 D LightsService: [api] [SvcLED] turnOff:: id = 4 (uid: 1000 pid: 3520) 
11-23 15:14:10.205  3520  3520 D LightsService: [SvcLED] setSvcLedStateLocked:: SvcLEDState : 0x0 -> 0x0 | SvcLED(id=4) set Off
11-23 15:14:10.205  3520  3817 D LightsService: [SvcLED] Lux failed to be updated in 700ms. -> handleForcedSvcLEDTasK
11-23 15:14:10.205  3520  3817 D LightsService: [SvcLED]  setSvcLedLightLocked :: Current SvcLED(id=3) maintains its priority right
11-23 15:14:10.205  4030  4030 D PersonaManager: isKioskContainerExistOnDevice
11-23 15:14:10.205  4030  4030 D PersonaManager: isKioskContainerExistOnDevice
11-23 15:14:10.225  3520  3735 D ActivityManager: retrieveServiceLocked(): component = com.android.defcontainer/com.android.defcontainer.DefaultContainerService; callingUser = 0; userId(target) = 0
11-23 15:14:10.235  4030  4030 D PanelView: There is/are notification(s) 
11-23 15:14:10.235  4030  4030 D PanelView: kidsfalse mQsExpansionEnabled:true
11-23 15:14:10.235  4385  4385 D PersonaManager: isKioskContainerExistOnDevice
11-23 15:14:10.235  4030  4030 D PersonaManager: isKioskContainerExistOnDevice
11-23 15:14:10.235  4030  4030 D PanelView: There is/are notification(s) 
11-23 15:14:10.235  4030  4030 D PanelView: kidsfalse mQsExpansionEnabled:true
11-23 15:14:10.245 24601 24601 I ClearDataReceiver: [#DCM#] Intent Name: android.intent.action.PACKAGE_RESTARTED
11-23 15:14:10.245 24601 24601 I ClearDataReceiver: [#DCM#] Intent Data: package:com.android.settings
11-23 15:14:10.245 11535 12296 W GeofencerStateMachine: Ignoring removeGeofence because network location is disabled.
11-23 15:14:10.245  4385  4385 D RegisteredServicesCache: empty dynamic service
11-23 15:14:10.245 24619 24619 D SAControlPanelReceiver: *****onReceive()*****
11-23 15:14:10.245 24619 24619 D SAControlPanelReceiver: Action: android.intent.action.PACKAGE_RESTARTED
11-23 15:14:10.255  4170  4170 D daemonapp: [zero daemon]>>> AWDCDService:30 [0:0] AWD CD Act : androidintentactionPACKAGE_RESTARTED
11-23 15:14:10.265 24733 24956 D Documents: Update found 6 roots in 21ms
11-23 15:14:10.265  3520  3735 D PackageManager: result of install: true{1070585035}
11-23 15:14:10.265  4385  4385 D PersonaManager: isKioskContainerExistOnDevice
11-23 15:14:10.265 24601 24601 I ClearDataReceiver: [#DCM#] Intent Name: android.intent.action.PACKAGE_RESTARTED
11-23 15:14:10.265 24601 24601 I ClearDataReceiver: [#DCM#] Intent Data: package:com.android.settings
11-23 15:14:10.265  4385  4385 D RegisteredServicesCache: empty dynamic service
11-23 15:14:10.275 24944 24944 D AndroidRuntime: Shutting down VM
11-23 15:14:10.275 24619 24619 D SAControlPanelReceiver: *****onReceive()*****
11-23 15:14:10.275 24619 24619 D SAControlPanelReceiver: Action: android.intent.action.PACKAGE_RESTARTED
11-23 15:14:10.275  4170  4170 D daemonapp: [zero daemon]>>> AWDCDService:30 [0:0] AWD CD Act : androidintentactionPACKAGE_RESTARTED
11-23 15:14:10.285 24636 24636 D SVFControlReceiver: onReceive() ++++++++++
11-23 15:14:10.285 24636 24636 D SVFControlReceiver: intent.getAction() : android.intent.action.PACKAGE_DATA_CLEARED
11-23 15:14:10.285 24636 24636 D SVFControlReceiver: isTOSAccep : false
11-23 15:14:10.285 24636 24636 D SVFControlReceiver: recognigerName : null
11-23 15:14:10.285 24636 24636 D SVFControlReceiver: recogniger.size() : 0
11-23 15:14:10.285 24636 24636 D SVFControlReceiver: isExperience : false
11-23 15:14:10.285 24636 24636 D SVFControlReceiver: tosScore : 0
11-23 15:14:10.285 24636 24636 D SVFControlReceiver: recogniger : []
11-23 15:14:10.305  3520  3532 D ActivityManager: retrieveServiceLocked(): component = com.samsung.android.svf/com.samsung.android.svf.SVFControlService; callingUser = 0; userId(target) = 0
11-23 15:14:10.305  3520  3532 W ActivityManager: userId = 0, bbcId = -10000
11-23 15:14:10.305  3520  3532 W ActivityManager: NORMAL SET : dst_category = 1023, src_allowCategory = 0,701-1023
11-23 15:14:10.305  3520  3532 W ActivityManager: NORMAL SET : srcAppInfo.processName = com.samsung.android.svf, destAppInfo.processName = com.samsung.android.svf
11-23 15:14:10.305 24636 24636 D SVFControlReceiver: onReceive() --------
11-23 15:14:10.305 24636 24636 I SVFControlService: VACcontrol created
11-23 15:14:10.305  3520  4412 I splitIntent: Split this intent : android.intent.action.PACKAGE_DATA_CLEARED, mSplitNum[0]=4, mSplitNum[1]=7, mSplitNum[2]=10, mBgSplitQueueNum=3 divideNum= 3 r.nextReceiver= 1 receivers.size=13
11-23 15:14:10.305  3520  4412 I splitIntent: finish to split intent : android.intent.action.PACKAGE_DATA_CLEARED !! Enqueue -> schedule it!!
11-23 15:14:10.305  4030  4030 D PanelView: mClearAll.setVisibility - mIsFullyOpened : false isShade : true mHasNotification : true mIsUpwardFling : false mQsFullyExpanded : true isShadeLocked : false mClearAllVisible : true
11-23 15:14:10.305 24636 24957 D SVFControlService: onHandleIntent Intent { cmp=com.samsung.android.svf/.SVFControlService } +++
11-23 15:14:10.305 24636 24957 I SVFControlService: got command=null
11-23 15:14:10.305 24636 24957 D SVFControlService: onHandleIntent Intent { cmp=com.samsung.android.svf/.SVFControlService } ---
11-23 15:14:10.305 24601 24601 I ClearDataReceiver: [#DCM#] Intent Name: android.intent.action.PACKAGE_DATA_CLEARED
11-23 15:14:10.305 24601 24601 I ClearDataReceiver: [#DCM#] Intent Data: package:com.android.settings
11-23 15:14:10.315 24659 24659 D accuweather: [AccuPhone]>>> AWCDService:15 [0:0] AW CD Act : androidintentactionPACKAGE_DATA_CLEARED
11-23 15:14:10.325 24690 24690 I GalaxyFinderApplication: [onReceive] android.intent.action.PACKAGE_DATA_CLEARED
11-23 15:14:10.345 24478 24478 D Mms/FreeMessageStatusReceiver: onReceive, action : android.intent.action.PACKAGE_DATA_CLEARED
11-23 15:14:10.345  3520  4439 D ActivityManager: retrieveServiceLocked(): component = com.android.mms/com.android.mms.freemessage.FreeMessageReceiverService; callingUser = 0; userId(target) = 0
11-23 15:14:10.345  3520  4439 W ActivityManager: userId = 0, bbcId = -10000
11-23 15:14:10.345  3520  4439 W ActivityManager: NORMAL SET : dst_category = 0, src_allowCategory = 0,2-1023
11-23 15:14:10.345  3520  4439 W ActivityManager: NORMAL SET : srcAppInfo.processName = com.android.mms, destAppInfo.processName = com.android.mms
11-23 15:14:10.355 24478 24958 D Mms/FreeMessageReceiverService: onHandleIntent, action : android.intent.action.PACKAGE_DATA_CLEARED
11-23 15:14:10.355 24478 24958 D Mms/FreeMessageReceiverService: onHandleIntent: ACTION_PACKAGE_DATA_CLEARED
11-23 15:14:10.355  4170  4170 D daemonapp: [zero daemon]>>> AWDCDService:30 [0:0] AWD CD Act : androidintentactionPACKAGE_DATA_CLEARED
11-23 15:14:10.365  3520  4695 D ActivityManager: retrieveServiceLocked(): component = com.google.android.gms/com.google.android.gms.chimera.GmsIntentOperationService; callingUser = 0; userId(target) = 0
11-23 15:14:10.365  3520  4695 W ActivityManager: userId = 0, bbcId = -10000
11-23 15:14:10.365  3520  4695 W ActivityManager: NORMAL SET : dst_category = 701, src_allowCategory = 0,701-1023
11-23 15:14:10.365  3520  4695 W ActivityManager: NORMAL SET : srcAppInfo.processName = com.google.android.gms, destAppInfo.processName = com.google.android.gms
11-23 15:14:10.365 16726 24709 I LocationSettingsChecker: Removing dialog suppression flag for package com.android.settings
11-23 15:14:10.365  3520  4678 D ActivityManager: retrieveServiceLocked(): component = com.google.android.gms/com.google.android.gms.config.ConfigService; callingUser = 0; userId(target) = 0
11-23 15:14:10.365  3520  4678 W ActivityManager: userId = 0, bbcId = -10000
11-23 15:14:10.365  3520  4678 W ActivityManager: NORMAL SET : dst_category = 701, src_allowCategory = 0,701-1023
11-23 15:14:10.365  3520  4678 W ActivityManager: NORMAL SET : srcAppInfo.processName = com.google.android.gms, destAppInfo.processName = com.google.android.gms
11-23 15:14:10.365  3520  4072 D ActivityManager: retrieveServiceLocked(): component = com.google.android.gms/com.google.android.gms.chimera.PersistentIntentOperationService; callingUser = 0; userId(target) = 0
11-23 15:14:10.375  3520  4072 W ActivityManager: userId = 0, bbcId = -10000
11-23 15:14:10.375  3520  4072 W ActivityManager: NORMAL SET : dst_category = 701, src_allowCategory = 0,701-1023
11-23 15:14:10.375  3520  4072 W ActivityManager: NORMAL SET : srcAppInfo.processName = com.google.android.gms, destAppInfo.processName = com.google.android.gms
11-23 15:14:10.375  3520  4070 D ActivityManager: retrieveServiceLocked(): component = com.google.android.gms/com.google.android.gms.chimera.PersistentIntentOperationService; callingUser = 0; userId(target) = 0
11-23 15:14:10.375  3520  4070 W ActivityManager: userId = 0, bbcId = -10000
11-23 15:14:10.375  3520  4070 W ActivityManager: NORMAL SET : dst_category = 701, src_allowCategory = 0,701-1023
11-23 15:14:10.375  3520  4070 W ActivityManager: NORMAL SET : srcAppInfo.processName = com.google.android.gms, destAppInfo.processName = com.google.android.gms
11-23 15:14:10.375  3520  4681 D ActivityManager: retrieveServiceLocked(): component = com.google.android.gms/com.google.android.location.util.PreferenceService; callingUser = 0; userId(target) = 0
11-23 15:14:10.375  3520  4681 W ActivityManager: userId = 0, bbcId = -10000
11-23 15:14:10.375  3520  4681 W ActivityManager: NORMAL SET : dst_category = 701, src_allowCategory = 0,701-1023
11-23 15:14:10.375  3520  4681 W ActivityManager: NORMAL SET : srcAppInfo.processName = com.google.android.gms, destAppInfo.processName = com.google.android.gms
11-23 15:14:10.375  3520  4604 D ActivityManager: retrieveServiceLocked(): component = com.google.android.gms/com.google.android.gms.icing.service.IndexWorkerService; callingUser = 0; userId(target) = 0
11-23 15:14:10.375  3520  4604 W ActivityManager: userId = 0, bbcId = -10000
11-23 15:14:10.375  3520  4604 W ActivityManager: NORMAL SET : dst_category = 701, src_allowCategory = 0,701-1023
11-23 15:14:10.375  3520  4604 W ActivityManager: NORMAL SET : srcAppInfo.processName = com.google.android.gms, destAppInfo.processName = com.google.android.gms
11-23 15:14:10.385  3520  4086 D ActivityManager: retrieveServiceLocked(): component = com.google.android.gms/com.google.android.gms.wearable.service.WearableControlService; callingUser = 0; userId(target) = 0
11-23 15:14:10.385  3520  4086 W ActivityManager: userId = 0, bbcId = -10000
11-23 15:14:10.385  3520  4086 W ActivityManager: NORMAL SET : dst_category = 701, src_allowCategory = 0,701-1023
11-23 15:14:10.385  3520  4086 W ActivityManager: NORMAL SET : srcAppInfo.processName = com.google.android.gms, destAppInfo.processName = com.google.android.gms
11-23 15:14:10.385  3520  3593 E libprocessgroup: failed to kill 1 processes for processgroup 10197
11-23 15:14:10.395  3520  4706 D ActivityManager: retrieveServiceLocked(): component = com.google.android.gms/com.google.android.gms.icing.service.IndexWorkerService; callingUser = 0; userId(target) = 0
11-23 15:14:10.395  3520  4706 W ActivityManager: userId = 0, bbcId = -10000
11-23 15:14:10.395  3520  4706 W ActivityManager: NORMAL SET : dst_category = 701, src_allowCategory = 0,701-1023
11-23 15:14:10.395  3520  4706 W ActivityManager: NORMAL SET : srcAppInfo.processName = com.google.android.gms, destAppInfo.processName = com.google.android.gms
11-23 15:14:10.395  3520  4086 D ActivityManager: retrieveServiceLocked(): component = com.google.android.gms/com.google.android.gms.chimera.GmsIntentOperationService; callingUser = 0; userId(target) = 0
11-23 15:14:10.395  3520  4086 W ActivityManager: userId = 0, bbcId = -10000
11-23 15:14:10.395  3520  4086 W ActivityManager: NORMAL SET : dst_category = 701, src_allowCategory = 0,701-1023
11-23 15:14:10.395  3520  4086 W ActivityManager: NORMAL SET : srcAppInfo.processName = com.google.android.gms, destAppInfo.processName = com.google.android.gms
11-23 15:14:10.395  3520  4412 I splitIntent: Queue : backgroundsplit_2 intent android.intent.action.PACKAGE_DATA_CLEARED is finished at BG and BG split queue. set mSplitStart and mBgSplitQueueOnlyRun false.
11-23 15:14:10.405 16726 16755 I Icing   : doRemovePackageData com.android.settings
11-23 15:14:10.405  3520  4706 D ActivityManager: retrieveServiceLocked(): component = com.google.android.gms/com.google.android.gms.chimera.PersistentIntentOperationService; callingUser = 0; userId(target) = 0
11-23 15:14:10.405  3520  4706 W ActivityManager: userId = 0, bbcId = -10000
11-23 15:14:10.405  3520  4706 W ActivityManager: NORMAL SET : dst_category = 701, src_allowCategory = 0,701-1023
11-23 15:14:10.405  3520  4706 W ActivityManager: NORMAL SET : srcAppInfo.processName = com.google.android.gms, destAppInfo.processName = com.google.android.gms
11-23 15:14:10.415  3520  3533 D ActivityManager: retrieveServiceLocked(): component = com.google.android.gms/com.google.android.gms.chimera.PersistentIntentOperationService; callingUser = 0; userId(target) = 0
11-23 15:14:10.415  3520  3533 W ActivityManager: userId = 0, bbcId = -10000
11-23 15:14:10.415  3520  3533 W ActivityManager: NORMAL SET : dst_category = 701, src_allowCategory = 0,701-1023
11-23 15:14:10.415  3520  3533 W ActivityManager: NORMAL SET : srcAppInfo.processName = com.google.android.gms, destAppInfo.processName = com.google.android.gms
11-23 15:14:10.435  3520  4070 D ActivityManager: retrieveServiceLocked(): component = com.google.android.gms/com.google.android.gms.icing.service.IndexWorkerService; callingUser = 0; userId(target) = 0
11-23 15:14:10.435  3520  4070 W ActivityManager: userId = 0, bbcId = -10000
11-23 15:14:10.435  3520  4070 W ActivityManager: NORMAL SET : dst_category = 701, src_allowCategory = 0,701-1023
11-23 15:14:10.435  3520  4070 W ActivityManager: NORMAL SET : srcAppInfo.processName = com.google.android.gms, destAppInfo.processName = com.google.android.gms
11-23 15:14:10.485 24944 24944 W art     : ConditionVariable::~ConditionVariable for GC request condition variable called with 1 waiters.
11-23 15:14:10.805  3520  3610 E ActivityManager: checkUser: useridlist=null, currentuser=0
11-23 15:14:10.805  3520  3610 E ActivityManager: checkUser: useridlist=null, currentuser=0
11-23 15:14:10.805  3520  3610 E ActivityManager: checkUser: useridlist=null, currentuser=0
11-23 15:14:10.805  3520  3610 E ActivityManager: checkUser: useridlist=null, currentuser=0
11-23 15:14:10.835 24963 24963 E Zygote  : MountEmulatedStorage()
11-23 15:14:10.835 24963 24963 E Zygote  : v2
11-23 15:14:10.835 24963 24963 I libpersona: KNOX_SDCARD checking this for 10042
11-23 15:14:10.835 24963 24963 I libpersona: KNOX_SDCARD not a persona
11-23 15:14:10.835 24963 24963 I SELinux : Function: selinux_compare_spd_ram , priority [2] , priority version is VE=SEPF_SM-G920V_5.0.2_0011
11-23 15:14:10.845  3520  3610 I ActivityManager: Start proc com.sec.android.app.samsungapps for service com.sec.android.app.samsungapps/.autoupdateservice.AutoUpdateService: pid=24963 uid=10042 gids={50042, 9997, 1028, 1015, 3003} abi=arm64-v8a
11-23 15:14:10.845 24963 24963 E SELinux : [DEBUG] get_category: variable seinfo: samsung sensitivity: NULL, cateogry: NULL
11-23 15:14:10.865 24963 24963 D TimaKeyStoreProvider: TimaSignature is unavailable
11-23 15:14:10.865 24963 24963 D ActivityThread: Added TimaKeyStore provider
11-23 15:14:10.885  3520  4695 I InjectionManagerService -AppFeature: getCoreFeaturePkgList :[]
11-23 15:14:10.885 24963 24963 I InjectionManager: Inside getClassLibPath + mLibMap{0=, 1=}
11-23 15:14:10.885 24963 24963 I InjectionManager: Inside getClassLibPath caller 
11-23 15:14:10.985 24963 24963 D InjectionManager: InjectionManager
11-23 15:14:10.985 24963 24963 D InjectionManager: fillFeatureStoreMap com.sec.android.app.samsungapps
11-23 15:14:10.985 24963 24963 I InjectionManager: Constructor com.sec.android.app.samsungapps, Feature store :{}
11-23 15:14:10.985 24963 24963 I InjectionManager: featureStore :{}
11-23 15:14:10.995 24961 24961 D AndroidRuntime: 
11-23 15:14:10.995 24961 24961 D AndroidRuntime: >>>>>> AndroidRuntime START com.android.internal.os.RuntimeInit <<<<<<
11-23 15:14:10.995 24961 24961 D AndroidRuntime: CheckJNI is OFF
11-23 15:14:10.995 24961 24961 D AndroidRuntime: readGMSProperty: start
11-23 15:14:10.995 24961 24961 D AndroidRuntime: readGMSProperty: already setted!!
11-23 15:14:10.995 24961 24961 D AndroidRuntime: propertySet: couldn't set property (it is from app)
11-23 15:14:10.995 24961 24961 D AndroidRuntime: readGMSProperty: could not set the property(default)!!
11-23 15:14:10.995 24961 24961 D AndroidRuntime: readGMSProperty: end
11-23 15:14:10.995 24961 24961 D AndroidRuntime: addProductProperty: start
11-23 15:14:11.045 24963 24963 W ContextImpl: Implicit intents with startService are not safe: Intent { act=com.sec.knox.containeragent.service.containermanager.ContainerManagerService } android.content.ContextWrapper.bindService:559 com.sec.knox.containeragent.ContainerManager.<init>:49 com.sec.android.app.samsungapps.vlibrary2.knoxmode.KNOXAPI.<init>:20 
11-23 15:14:11.045  3520  4439 D ActivityManager: retrieveServiceLocked(): component = null; callingUser = 0; userId(target) = 0
11-23 15:14:11.045  3520  4439 W ActivityManager: Unable to start service Intent { act=com.sec.knox.containeragent.service.containermanager.ContainerManagerService } U=0: not found
11-23 15:14:11.125 24963 24963 W [SAUI]  : ConcreteDataExchange::getFreeTabClsf::NumberFormatException
11-23 15:14:11.155 24816 24837 E SQLiteLog: (284) automatic index on sqlite_sq_7F88744D80(entryId)
11-23 15:14:11.155 24816 24837 W System.err: remove failed: ENOENT (No such file or directory) : /data/user/0/com.google.android.apps.docs/databases/ClientFlag.db
11-23 15:14:11.155 24816 24837 W System.err: remove failed: ENOENT (No such file or directory) : /data/user/0/com.google.android.apps.docs/databases/ClientFlag.db-journal
11-23 15:14:11.155 24816 24837 W System.err: remove failed: ENOENT (No such file or directory) : /data/user/0/com.google.android.apps.docs/databases/ClientFlag.db-shm
11-23 15:14:11.155 24816 24837 W System.err: remove failed: ENOENT (No such file or directory) : /data/user/0/com.google.android.apps.docs/databases/ClientFlag.db-wal
11-23 15:14:11.175 24961 24961 E AffinityControl: AffinityControl: registerfunction enter
11-23 15:14:11.175 24963 24963 W [SAUI]  : ConcreteDataExchange::getFreeTabClsf::NumberFormatException
11-23 15:14:11.185 24961 24961 D AndroidRuntime: Calling main entry com.android.commands.pm.Pm
11-23 15:14:11.195  3520  3533 V ApplicationPolicy: isApplicationStateBlocked userId 0 pkgname com.google.android.gms
11-23 15:14:11.195  3520  3533 I ActivityManager: Force stopping com.google.android.gms appid=10012 user=0: clear data
11-23 15:14:11.195  3520  3533 I ActivityManager: Killing 11535:com.google.android.gms.persistent/u0a12 (adj 1): stop com.google.android.gms cause clear data
