11-23 15:14:00.765  3520  4677 W ActivityManager: NORMAL SET : srcAppInfo.processName = com.amazon.aatp.aatpdevicemanager, destAppInfo.processName = com.amazon.aatp.aatpdevicemanager
11-23 15:14:00.785  3520  3520 D WindowManager: showStatusBarByNotification() mOpenByNotification=false
11-23 15:14:00.785 24357 24522 D Aatp    : /task/188f76a289b9a56aa08855b3dea10224b5bce32b
11-23 15:14:00.785  4424  4640 D WidgetsConnector: updateCache() dbItem - Drive scan / 42
11-23 15:14:00.795 24357 24357 D AatpDeviceManager: taskStatus update (188f76a289b9a56aa08855b3dea10224b5bce32b: {"state":1})
11-23 15:14:00.795  4424  4858 D Launcher.SurfaceWidgetPkgMgr: Query the installed surface widgets from surface widget package manager: list obtained with size= 3
11-23 15:14:00.805 24357 24523 D AatpDeviceManager: Keyguard enabled: false
11-23 15:14:00.805  4424  4858 D Launcher.SurfaceWidgetPkgMgr: My Places
11-23 15:14:00.805  4424  4858 D Launcher.SurfaceWidgetPkgMgr: Weather
11-23 15:14:00.815  4424  4858 D Launcher.SurfaceWidgetPkgMgr: Calendar
11-23 15:14:00.825 24357 24357 D AatpDeviceManager: taskStatus update (188f76a289b9a56aa08855b3dea10224b5bce32b: {"result":{"enabled":false},"state":2})
11-23 15:14:00.825  3520  3520 D LightsService: [api] [SvcLED] turnOff:: id = 4 (uid: 1000 pid: 3520) 
11-23 15:14:00.825  3520  3520 D LightsService: [SvcLED] setSvcLedStateLocked:: SvcLEDState : 0x0 -> 0x0 | SvcLED(id=4) set Off
11-23 15:14:00.825  3520  3817 D LightsService: [SvcLED] Lux failed to be updated in 700ms. -> handleForcedSvcLEDTasK
11-23 15:14:00.825  3520  3817 D LightsService: [SvcLED]  setSvcLedLightLocked :: Current SvcLED(id=3) maintains its priority right
11-23 15:14:00.825  4424  4640 D WidgetsConnector: updateCache() dbItem - Drive shortcut / 41
11-23 15:14:00.825  4424  4858 D Launcher.SurfaceWidgetPkgMgr: Query the installed surface widgets from surface widget package manager: list obtained with size= 3
11-23 15:14:00.835  4424  4858 D Launcher.SurfaceWidgetPkgMgr: My Places
11-23 15:14:00.835  4424  4858 D Launcher.SurfaceWidgetPkgMgr: Weather
11-23 15:14:00.835  4424  4858 D Launcher.SurfaceWidgetPkgMgr: Calendar
11-23 15:14:00.835  4030  4030 D NotificationContentView: AH:256, SH:256
11-23 15:14:00.835  4424  4858 D Launcher.SurfaceWidgetPkgMgr: Query the installed surface widgets from surface widget package manager: list obtained with size= 3
11-23 15:14:00.835  4424  4858 D Launcher.SurfaceWidgetPkgMgr: My Places
11-23 15:14:00.845  4424  4858 D Launcher.SurfaceWidgetPkgMgr: Weather
11-23 15:14:00.845  4424  4858 D Launcher.SurfaceWidgetPkgMgr: Calendar
11-23 15:14:00.845  4030  4030 D NotificationContentView: AH:256, SH:256
11-23 15:14:00.845  4030  4030 D KnoxNotification: ----- inflateViews : modified publicViewLocal -----
11-23 15:14:00.845  4424  4858 D Launcher.SurfaceWidgetPkgMgr: Query the installed surface widgets from surface widget package manager: list obtained with size= 3
11-23 15:14:00.845  4424  4858 D Launcher.SurfaceWidgetPkgMgr: My Places
11-23 15:14:00.845  4424  4858 D Launcher.SurfaceWidgetPkgMgr: Weather
11-23 15:14:00.845  4424  4858 D Launcher.SurfaceWidgetPkgMgr: Calendar
11-23 15:14:00.855  4424  4858 D Launcher.SurfaceWidgetPkgMgr: Query the installed surface widgets from surface widget package manager: list obtained with size= 3
11-23 15:14:00.855  4424  4858 D Launcher.SurfaceWidgetPkgMgr: My Places
11-23 15:14:00.855  4424  4858 D Launcher.SurfaceWidgetPkgMgr: Weather
11-23 15:14:00.855  4424  4858 D Launcher.SurfaceWidgetPkgMgr: Calendar
11-23 15:14:00.855  4424  4858 D Launcher.SurfaceWidgetPkgMgr: Query the installed surface widgets from surface widget package manager: list obtained with size= 3
11-23 15:14:00.855  4424  4858 D Launcher.SurfaceWidgetPkgMgr: My Places
11-23 15:14:00.865  4424  4858 D Launcher.SurfaceWidgetPkgMgr: Weather
11-23 15:14:00.865  4424  4858 D Launcher.SurfaceWidgetPkgMgr: Calendar
11-23 15:14:00.865  4030  4030 D KnoxNotification: ----- inflateViews : modified KnoxViewLocal -----
11-23 15:14:00.865  4424  4858 D Launcher.SurfaceWidgetPkgMgr: Query the installed surface widgets from surface widget package manager: list obtained with size= 3
11-23 15:14:00.865  4424  4858 D Launcher.SurfaceWidgetPkgMgr: My Places
11-23 15:14:00.865  4424  4858 D Launcher.SurfaceWidgetPkgMgr: Weather
11-23 15:14:00.865  4030  4030 D PersonaManager: PersonaID is invalid or persona doesn't exists. : 0
11-23 15:14:00.865  4424  4858 D Launcher.SurfaceWidgetPkgMgr: Calendar
11-23 15:14:00.865  4030  4030 D PersonaManager: isKioskContainerExistOnDevice
11-23 15:14:00.865  4030  4030 D PersonaManager: isKioskContainerExistOnDevice
11-23 15:14:00.865  4030  4030 I PhoneStatusBar: Icon Only
11-23 15:14:00.875  4424  4858 D Launcher.SurfaceWidgetPkgMgr: Query the installed surface widgets from surface widget package manager: list obtained with size= 3
11-23 15:14:00.875  4424  4858 D Launcher.SurfaceWidgetPkgMgr: My Places
11-23 15:14:00.875  4424  4858 D Launcher.SurfaceWidgetPkgMgr: Weather
11-23 15:14:00.875  4424  4858 D Launcher.SurfaceWidgetPkgMgr: Calendar
11-23 15:14:00.875  4424  4858 D Launcher.SurfaceWidgetPkgMgr: Query the installed surface widgets from surface widget package manager: list obtained with size= 3
11-23 15:14:00.875  4424  4858 D Launcher.SurfaceWidgetPkgMgr: My Places
11-23 15:14:00.875  4424  4858 D Launcher.SurfaceWidgetPkgMgr: Weather
11-23 15:14:00.875  4424  4858 D Launcher.SurfaceWidgetPkgMgr: Calendar
11-23 15:14:00.885  4424  4858 D Launcher.SurfaceWidgetPkgMgr: Query the installed surface widgets from surface widget package manager: list obtained with size= 3
11-23 15:14:00.885  4424  4858 D Launcher.SurfaceWidgetPkgMgr: My Places
11-23 15:14:00.885  4424  4858 D Launcher.SurfaceWidgetPkgMgr: Weather
11-23 15:14:00.885  4424  4858 D Launcher.SurfaceWidgetPkgMgr: Calendar
11-23 15:14:00.885  4030  4030 I StatusBar: Icon Only
11-23 15:14:00.885  4030  4030 D PanelView: There is/are notification(s) 
11-23 15:14:00.885  4030  4030 D PanelView: kidsfalse mQsExpansionEnabled:true
11-23 15:14:00.885  4424  4858 D Launcher.SurfaceWidgetPkgMgr: Query the installed surface widgets from surface widget package manager: list obtained with size= 3
11-23 15:14:00.895  4424  4858 D Launcher.SurfaceWidgetPkgMgr: My Places
11-23 15:14:00.895  4030  4030 D PersonaManager: isKioskContainerExistOnDevice
11-23 15:14:00.895  4030  4030 I PhoneStatusBar: Icon Only
11-23 15:14:00.895  4030  4030 I StatusBar: Icon Only
11-23 15:14:00.895  4030  4030 D PanelView: There is/are notification(s) 
11-23 15:14:00.895  4030  4030 D PanelView: kidsfalse mQsExpansionEnabled:true
11-23 15:14:00.895  4030  4030 D PersonaManager: isKioskContainerExistOnDevice
11-23 15:14:00.895  4424  4858 D Launcher.SurfaceWidgetPkgMgr: Weather
11-23 15:14:00.895  4030  4030 D PersonaManager: isKioskContainerExistOnDevice
11-23 15:14:00.895  4030  4030 I PhoneStatusBar: Icon Only
11-23 15:14:00.895  4424  4858 D Launcher.SurfaceWidgetPkgMgr: Calendar
11-23 15:14:00.895  4424  4858 D Launcher.SurfaceWidgetPkgMgr: Query the installed surface widgets from surface widget package manager: list obtained with size= 3
11-23 15:14:00.895  4424  4858 D Launcher.SurfaceWidgetPkgMgr: My Places
11-23 15:14:00.895  4030  4030 I StatusBar: Icon Only
11-23 15:14:00.895  4030  4030 D PanelView: There is/are notification(s) 
11-23 15:14:00.895  4030  4030 D PanelView: kidsfalse mQsExpansionEnabled:true
11-23 15:14:00.895  4424  4858 D Launcher.SurfaceWidgetPkgMgr: Weather
11-23 15:14:00.895  4030  4030 D PersonaManager: isKioskContainerExistOnDevice
11-23 15:14:00.895  4030  4030 I PhoneStatusBar: Icon Only
11-23 15:14:00.895  4030  4030 I StatusBar: Icon Only
11-23 15:14:00.895  4424  4858 D Launcher.SurfaceWidgetPkgMgr: Calendar
11-23 15:14:00.895  4030  4030 D PanelView: There is/are notification(s) 
11-23 15:14:00.895  4030  4030 D PanelView: kidsfalse mQsExpansionEnabled:true
11-23 15:14:00.905  4424  4858 D Launcher.SurfaceWidgetPkgMgr: Query the installed surface widgets from surface widget package manager: list obtained with size= 3
11-23 15:14:00.905  4424  4858 D Launcher.SurfaceWidgetPkgMgr: My Places
11-23 15:14:00.905  4424  4858 D Launcher.SurfaceWidgetPkgMgr: Weather
11-23 15:14:00.905  4424  4858 D Launcher.SurfaceWidgetPkgMgr: Calendar
11-23 15:14:00.905  4424  4858 D Launcher.SurfaceWidgetPkgMgr: Query the installed surface widgets from surface widget package manager: list obtained with size= 3
11-23 15:14:00.905  4424  4858 D Launcher.SurfaceWidgetPkgMgr: My Places
11-23 15:14:00.915  4424  4858 D Launcher.SurfaceWidgetPkgMgr: Weather
11-23 15:14:00.915  4424  4858 D Launcher.SurfaceWidgetPkgMgr: Calendar
11-23 15:14:00.915  4424  4858 D Launcher.SurfaceWidgetPkgMgr: Query the installed surface widgets from surface widget package manager: list obtained with size= 3
11-23 15:14:00.915  4424  4858 D Launcher.SurfaceWidgetPkgMgr: My Places
11-23 15:14:00.915  4424  4858 D Launcher.SurfaceWidgetPkgMgr: Weather
11-23 15:14:00.915  4424  4858 D Launcher.SurfaceWidgetPkgMgr: Calendar
11-23 15:14:00.925 24357 24524 D Aatp    : /task/188f76a289b9a56aa08855b3dea10224b5bce32b/status
11-23 15:14:00.925  4424  4858 D Launcher.SurfaceWidgetPkgMgr: Query the installed surface widgets from surface widget package manager: list obtained with size= 3
11-23 15:14:00.925  4424  4858 D Launcher.SurfaceWidgetPkgMgr: My Places
11-23 15:14:00.925  4424  4858 D Launcher.SurfaceWidgetPkgMgr: Weather
11-23 15:14:00.925  4424  4858 D Launcher.SurfaceWidgetPkgMgr: Calendar
11-23 15:14:00.935  4424  4858 D Launcher.SurfaceWidgetPkgMgr: Query the installed surface widgets from surface widget package manager: list obtained with size= 3
11-23 15:14:00.935  4424  4858 D Launcher.SurfaceWidgetPkgMgr: My Places
11-23 15:14:00.935  4424  4858 D Launcher.SurfaceWidgetPkgMgr: Weather
11-23 15:14:00.935  4424  4858 D Launcher.SurfaceWidgetPkgMgr: Calendar
11-23 15:14:00.935  4424  4858 D Launcher.SurfaceWidgetPkgMgr: Query the installed surface widgets from surface widget package manager: list obtained with size= 3
11-23 15:14:00.935  4424  4858 D Launcher.SurfaceWidgetPkgMgr: My Places
11-23 15:14:00.945  4424  4858 D Launcher.SurfaceWidgetPkgMgr: Weather
11-23 15:14:00.945  4424  4858 D Launcher.SurfaceWidgetPkgMgr: Calendar
11-23 15:14:00.945  4424  4858 D Launcher.SurfaceWidgetPkgMgr: Query the installed surface widgets from surface widget package manager: list obtained with size= 3
11-23 15:14:00.945  4424  4858 D Launcher.SurfaceWidgetPkgMgr: My Places
11-23 15:14:00.945  4424  4858 D Launcher.SurfaceWidgetPkgMgr: Weather
11-23 15:14:00.955  4424  4858 D Launcher.SurfaceWidgetPkgMgr: Calendar
11-23 15:14:00.955  4424  4858 D Launcher.SurfaceWidgetPkgMgr: Query the installed surface widgets from surface widget package manager: list obtained with size= 3
11-23 15:14:00.955  4424  4858 D Launcher.SurfaceWidgetPkgMgr: My Places
11-23 15:14:00.955  4424  4858 D Launcher.SurfaceWidgetPkgMgr: Weather
11-23 15:14:00.955  4424  4858 D Launcher.SurfaceWidgetPkgMgr: Calendar
11-23 15:14:00.965  4030  4030 D PanelView: mClearAll.setVisibility - mIsFullyOpened : false isShade : true mHasNotification : true mIsUpwardFling : false mQsFullyExpanded : true isShadeLocked : false mClearAllVisible : true
11-23 15:14:00.965  4424  4858 D Launcher.SurfaceWidgetPkgMgr: Query the installed surface widgets from surface widget package manager: list obtained with size= 3
11-23 15:14:00.965  4424  4858 D Launcher.SurfaceWidgetPkgMgr: My Places
11-23 15:14:00.965  4424  4858 D Launcher.SurfaceWidgetPkgMgr: Weather
11-23 15:14:00.965  4424  4858 D Launcher.SurfaceWidgetPkgMgr: Calendar
11-23 15:14:00.965  4030  4030 D PanelView: mClearAll.setVisibility - mIsFullyOpened : false isShade : true mHasNotification : true mIsUpwardFling : false mQsFullyExpanded : true isShadeLocked : false mClearAllVisible : true
11-23 15:14:00.965  4424  4858 D Launcher.SurfaceWidgetPkgMgr: Query the installed surface widgets from surface widget package manager: list obtained with size= 3
11-23 15:14:00.975  4424  4858 D Launcher.SurfaceWidgetPkgMgr: My Places
11-23 15:14:00.975  4424  4858 D Launcher.SurfaceWidgetPkgMgr: Weather
11-23 15:14:00.975  4424  4858 D Launcher.SurfaceWidgetPkgMgr: Calendar
11-23 15:14:00.975  4424  4858 D Launcher.SurfaceWidgetPkgMgr: Query the installed surface widgets from surface widget package manager: list obtained with size= 3
11-23 15:14:00.975  4424  4858 D Launcher.SurfaceWidgetPkgMgr: My Places
11-23 15:14:00.975  4424  4858 D Launcher.SurfaceWidgetPkgMgr: Weather
11-23 15:14:00.985  4424  4858 D Launcher.SurfaceWidgetPkgMgr: Calendar
11-23 15:14:00.985  4424  4858 D Launcher.SurfaceWidgetPkgMgr: Query the installed surface widgets from surface widget package manager: list obtained with size= 3
11-23 15:14:00.985  4424  4858 D Launcher.SurfaceWidgetPkgMgr: My Places
11-23 15:14:00.985  4424  4858 D Launcher.SurfaceWidgetPkgMgr: Weather
11-23 15:14:00.985  4424  4858 D Launcher.SurfaceWidgetPkgMgr: Calendar
11-23 15:14:00.995  4424  4858 D Launcher.SurfaceWidgetPkgMgr: Query the installed surface widgets from surface widget package manager: list obtained with size= 3
11-23 15:14:00.995  4424  4858 D Launcher.SurfaceWidgetPkgMgr: My Places
11-23 15:14:00.995  4424  4858 D Launcher.SurfaceWidgetPkgMgr: Weather
11-23 15:14:00.995  4424  4858 D Launcher.SurfaceWidgetPkgMgr: Calendar
11-23 15:14:00.995  4424  4858 D Launcher.SurfaceWidgetPkgMgr: Query the installed surface widgets from surface widget package manager: list obtained with size= 3
11-23 15:14:01.005  4424  4858 D Launcher.SurfaceWidgetPkgMgr: My Places
11-23 15:14:01.005  4424  4858 D Launcher.SurfaceWidgetPkgMgr: Weather
11-23 15:14:01.005  4424  4858 D Launcher.SurfaceWidgetPkgMgr: Calendar
11-23 15:14:01.005  4424  4858 D Launcher.SurfaceWidgetPkgMgr: Query the installed surface widgets from surface widget package manager: list obtained with size= 3
11-23 15:14:01.005  4424  4858 D Launcher.SurfaceWidgetPkgMgr: My Places
11-23 15:14:01.005  4424  4858 D Launcher.SurfaceWidgetPkgMgr: Weather
11-23 15:14:01.015  4424  4858 D Launcher.SurfaceWidgetPkgMgr: Calendar
11-23 15:14:01.015  4424  4858 D Launcher.SurfaceWidgetPkgMgr: Query the installed surface widgets from surface widget package manager: list obtained with size= 3
11-23 15:14:01.015  4424  4858 D Launcher.SurfaceWidgetPkgMgr: My Places
11-23 15:14:01.015  4424  4858 D Launcher.SurfaceWidgetPkgMgr: Weather
11-23 15:14:01.015  4424  4858 D Launcher.SurfaceWidgetPkgMgr: Calendar
11-23 15:14:01.025  4424  4858 D Launcher.SurfaceWidgetPkgMgr: Query the installed surface widgets from surface widget package manager: list obtained with size= 3
11-23 15:14:01.025  4424  4858 D Launcher.SurfaceWidgetPkgMgr: My Places
11-23 15:14:01.025  4424  4858 D Launcher.SurfaceWidgetPkgMgr: Weather
11-23 15:14:01.025  4424  4858 D Launcher.SurfaceWidgetPkgMgr: Calendar
11-23 15:14:01.035  4424  4858 D Launcher.SurfaceWidgetPkgMgr: Query the installed surface widgets from surface widget package manager: list obtained with size= 3
11-23 15:14:01.035  4424  4858 D Launcher.SurfaceWidgetPkgMgr: My Places
11-23 15:14:01.035  4424  4858 D Launcher.SurfaceWidgetPkgMgr: Weather
11-23 15:14:01.035  4424  4858 D Launcher.SurfaceWidgetPkgMgr: Calendar
11-23 15:14:01.035  4424  4858 D Launcher.SurfaceWidgetPkgMgr: Query the installed surface widgets from surface widget package manager: list obtained with size= 3
11-23 15:14:01.035  4424  4858 D Launcher.SurfaceWidgetPkgMgr: My Places
11-23 15:14:01.045  4424  4858 D Launcher.SurfaceWidgetPkgMgr: Weather
11-23 15:14:01.045  4424  4858 D Launcher.SurfaceWidgetPkgMgr: Calendar
11-23 15:14:01.045  4424  4858 D Launcher.SurfaceWidgetPkgMgr: Query the installed surface widgets from surface widget package manager: list obtained with size= 3
11-23 15:14:01.045  4424  4858 D Launcher.SurfaceWidgetPkgMgr: My Places
11-23 15:14:01.045  4424  4858 D Launcher.SurfaceWidgetPkgMgr: Weather
11-23 15:14:01.045  4424  4858 D Launcher.SurfaceWidgetPkgMgr: Calendar
11-23 15:14:01.055  4424  4858 D Launcher.SurfaceWidgetPkgMgr: Query the installed surface widgets from surface widget package manager: list obtained with size= 3
11-23 15:14:01.055  4424  4858 D Launcher.SurfaceWidgetPkgMgr: My Places
11-23 15:14:01.055  4424  4858 D Launcher.SurfaceWidgetPkgMgr: Weather
11-23 15:14:01.055  4424  4858 D Launcher.SurfaceWidgetPkgMgr: Calendar
11-23 15:14:01.065  4424  4858 D Launcher.SurfaceWidgetPkgMgr: Query the installed surface widgets from surface widget package manager: list obtained with size= 3
11-23 15:14:01.065  4424  4858 D Launcher.SurfaceWidgetPkgMgr: My Places
11-23 15:14:01.065  4424  4858 D Launcher.SurfaceWidgetPkgMgr: Weather
11-23 15:14:01.065  4424  4858 D Launcher.SurfaceWidgetPkgMgr: Calendar
11-23 15:14:01.065  4424  4858 D Launcher.SurfaceWidgetPkgMgr: Query the installed surface widgets from surface widget package manager: list obtained with size= 3
11-23 15:14:01.065  4424  4858 D Launcher.SurfaceWidgetPkgMgr: My Places
11-23 15:14:01.075  4424  4858 D Launcher.SurfaceWidgetPkgMgr: Weather
11-23 15:14:01.075  4424  4858 D Launcher.SurfaceWidgetPkgMgr: Calendar
11-23 15:14:01.075  4424  4858 D Launcher.SurfaceWidgetPkgMgr: Query the installed surface widgets from surface widget package manager: list obtained with size= 3
11-23 15:14:01.075  4424  4858 D Launcher.SurfaceWidgetPkgMgr: My Places
11-23 15:14:01.075  4424  4858 D Launcher.SurfaceWidgetPkgMgr: Weather
11-23 15:14:01.075  4424  4858 D Launcher.SurfaceWidgetPkgMgr: Calendar
11-23 15:14:01.085  4424  4858 D LauncherService: LauncherService.onHandleIntent(com.sec.android.intent.action.ACTION_HOMESCREEN_WIDGET_CHANGED)
11-23 15:14:01.095  4424  4858 D Launcher.SurfaceWidgetPkgMgr: Query the installed surface widgets from surface widget package manager: list obtained with size= 3
11-23 15:14:01.095  4424  4858 D Launcher.SurfaceWidgetPkgMgr: My Places
11-23 15:14:01.095  4424  4858 D Launcher.SurfaceWidgetPkgMgr: Weather
11-23 15:14:01.095  4424  4858 D Launcher.SurfaceWidgetPkgMgr: Calendar
11-23 15:14:01.125  4424  4436 D WidgetsConnector: updateCache() dbItem - Google+ User Locations / 32
11-23 15:14:01.135  4424  4858 D LauncherService: LauncherService.onHandleIntent(com.sec.android.intent.action.ACTION_HOMESCREEN_WIDGET_CHANGED)
11-23 15:14:01.145  4424  4436 D WidgetsConnector: updateCache() dbItem - Google+ posts / 31
11-23 15:14:01.155  4424  4858 D Launcher.SurfaceWidgetPkgMgr: Query the installed surface widgets from surface widget package manager: list obtained with size= 3
11-23 15:14:01.155  4424  4858 D Launcher.SurfaceWidgetPkgMgr: My Places
11-23 15:14:01.155  4424  4858 D Launcher.SurfaceWidgetPkgMgr: Weather
11-23 15:14:01.155  4424  4858 D Launcher.SurfaceWidgetPkgMgr: Calendar
11-23 15:14:01.165  4424  4858 D LauncherService:     allWidgets.isEmpty() => delete 
11-23 15:14:01.165  4424  4858 D LauncherService: LauncherService.onHandleIntent(com.sec.android.intent.action.ACTION_HOMESCREEN_WIDGET_CHANGED)
11-23 15:14:01.175  4424  4858 D Launcher.SurfaceWidgetPkgMgr: Query the installed surface widgets from surface widget package manager: list obtained with size= 3
11-23 15:14:01.175  4424  4858 D Launcher.SurfaceWidgetPkgMgr: My Places
11-23 15:14:01.175  4424  4858 D Launcher.SurfaceWidgetPkgMgr: Weather
11-23 15:14:01.185  4424  4858 D Launcher.SurfaceWidgetPkgMgr: Calendar
11-23 15:14:01.185  4424  4858 D LauncherService:     allWidgets.isEmpty() => delete 
11-23 15:14:01.195  4424  4858 D LauncherService: LauncherService.onHandleIntent(com.sec.android.intent.action.ACTION_HOMESCREEN_WIDGET_CHANGED)
11-23 15:14:01.205  4424  4858 D Launcher.SurfaceWidgetPkgMgr: Query the installed surface widgets from surface widget package manager: list obtained with size= 3
11-23 15:14:01.205  4424  4858 D Launcher.SurfaceWidgetPkgMgr: My Places
11-23 15:14:01.205  4424  4858 D Launcher.SurfaceWidgetPkgMgr: Weather
11-23 15:14:01.205  4424  4858 D Launcher.SurfaceWidgetPkgMgr: Calendar
11-23 15:14:01.235  4424  4434 D WidgetsConnector: updateCache() dbItem - Music playlist / 45
11-23 15:14:01.245  4424  4858 D LauncherService: LauncherService.onHandleIntent(com.sec.android.intent.action.ACTION_HOMESCREEN_WIDGET_CHANGED)
11-23 15:14:01.255  4424  4858 D Launcher.SurfaceWidgetPkgMgr: Query the installed surface widgets from surface widget package manager: list obtained with size= 3
11-23 15:14:01.255  4424  4858 D Launcher.SurfaceWidgetPkgMgr: My Places
11-23 15:14:01.255  4424  4858 D Launcher.SurfaceWidgetPkgMgr: Weather
11-23 15:14:01.265  4424  4858 D Launcher.SurfaceWidgetPkgMgr: Calendar
11-23 15:14:01.265  4424  4858 D LauncherService:     allWidgets.isEmpty() => delete 
11-23 15:14:01.265  4424  4434 D WidgetsConnector: updateCache() dbItem - Google Play Music / 28
11-23 15:14:01.265  4424  4858 D LauncherService: LauncherService.onHandleIntent(com.sec.android.intent.action.ACTION_HOMESCREEN_WIDGET_CHANGED)
11-23 15:14:01.285  4424  4858 D Launcher.SurfaceWidgetPkgMgr: Query the installed surface widgets from surface widget package manager: list obtained with size= 3
11-23 15:14:01.285  4424  4858 D Launcher.SurfaceWidgetPkgMgr: My Places
11-23 15:14:01.285  4424  4858 D Launcher.SurfaceWidgetPkgMgr: Weather
11-23 15:14:01.285  4424  4858 D Launcher.SurfaceWidgetPkgMgr: Calendar
11-23 15:14:01.295  4424  4434 D WidgetsConnector: updateCache() dbItem - Google Play Music / 29
11-23 15:14:01.315  4424  4436 D WidgetsConnector: updateCache() dbItem - Google Play Newsstand / 30
11-23 15:14:01.455 24527 24527 D AndroidRuntime: 
11-23 15:14:01.455 24527 24527 D AndroidRuntime: >>>>>> AndroidRuntime START com.android.internal.os.RuntimeInit <<<<<<
11-23 15:14:01.455 24527 24527 D AndroidRuntime: CheckJNI is OFF
11-23 15:14:01.455 24527 24527 D AndroidRuntime: readGMSProperty: start
11-23 15:14:01.455 24527 24527 D AndroidRuntime: readGMSProperty: already setted!!
11-23 15:14:01.455 24527 24527 D AndroidRuntime: propertySet: couldn't set property (it is from app)
11-23 15:14:01.455 24527 24527 D AndroidRuntime: readGMSProperty: could not set the property(default)!!
11-23 15:14:01.455 24527 24527 D AndroidRuntime: readGMSProperty: end
11-23 15:14:01.455 24527 24527 D AndroidRuntime: addProductProperty: start
11-23 15:14:01.455 24527 24527 I art     : RelocateImage: /system/bin/patchoat --input-image-location=/system/framework/boot.art --output-image-file=/data/local/tmp/dalvik-cache/arm64/system@framework@boot.art --input-oat-location=/system/framework/boot.oat --output-oat-file=/data/local/tmp/dalvik-cache/arm64/system@framework@boot.oat --instruction-set=arm64 --base-offset-delta=15912960
11-23 15:14:01.675 24478 24478 I Mms/MmsApp:  start initViewCache mms
11-23 15:14:01.675 24478 24478 D Mms/ComposeMessageFragment: [start]    fillCache consume time = 2004.923209
11-23 15:14:01.675 24478 24478 D Mms/ComposeMessageFragment: fillCache, easy = false
11-23 15:14:01.765 24478 24478 D AbsListView: Get MotionRecognitionManager
11-23 15:14:01.775  3520  4072 D MotionRecognitionService:  ssp status : true
11-23 15:14:01.785 24478 24478 D Mms/ComposeMessageFragment: [end]    fillCache consume time = 105.524084
11-23 15:14:01.975 24530 24530 I dex2oat : ----------------------------------------------------
11-23 15:14:01.975 24530 24530 I dex2oat : <SS>: S T A R T I N G . . .
11-23 15:14:01.975 24530 24530 I dex2oat : <SS>: Zip is absent. Canceled.
11-23 15:14:01.975 24530 24530 I dex2oat : /system/bin/dex2oat --runtime-arg -classpath --runtime-arg /system/framework/android.test.runner.jar:/system/framework/uiautomator.jar::/sdcard/SUTUtils.jar --instruction-set=arm64 --instruction-set-features=default --runtime-arg -Xrelocate --boot-image=/system/framework/boot.art --dex-file=/sdcard/SUTUtils.jar --oat-fd=7 --art-fd=-1 --oat-location=/data/local/tmp/dalvik-cache/arm64/sdcard@SUTUtils.jar@classes.dex --runtime-arg -Xms64m --runtime-arg -Xmx512m
11-23 15:14:01.985 24530 24530 W dex2oat : Failed to open dex file '/system/framework/android.test.runner.jar': Entry not found
11-23 15:14:01.985 24530 24530 W dex2oat : Failed to open dex file '/system/framework/uiautomator.jar': Entry not found
11-23 15:14:02.065 24530 24530 I dex2oat : dex2oat took 90.123ms (threads: 8)
11-23 15:14:02.165 24527 24527 E AffinityControl: AffinityControl: registerfunction enter
11-23 15:14:02.185 24527 24527 D AndroidRuntime: Calling main entry com.android.commands.uiautomator.Launcher
11-23 15:14:02.235  3520  3520 D AccessibilityManagerService: updateInputFilter universalSwitchState:false
11-23 15:14:02.235  3520  3520 D AccessibilityManagerService: updateInputFilter universalSwitchState:false
11-23 15:14:02.245  4424  4424 I Accessibility: onAccessibilityStateChanged - enabled=true
11-23 15:14:03.305  3520  3520 D AccessibilityManagerService: updateInputFilter universalSwitchState:false
11-23 15:14:03.305  3520  4070 D SettingsProvider: name = accelerometer_rotation
11-23 15:14:03.305  3520  4070 V WindowOrientationListener: mSContextAutoRotationListener.getProposedRotation, mbResultFaceDectection: false
11-23 15:14:03.305  3520  4070 V WindowOrientationListener: mSContextAutoRotationListener.getProposedRotation, Rotation: 0
11-23 15:14:03.305  3520  4070 V WindowManager: rotationForOrientationLw(orient=1, last=0); user=0  sensorRotation=0 mLidState=-1 mDockMode=0 mHdmiPlugged=false
11-23 15:14:03.315  3520  4070 V WindowOrientationListener: mSContextAutoRotationListener.getProposedRotation, mbResultFaceDectection: false
11-23 15:14:03.315  3520  4070 V WindowOrientationListener: mSContextAutoRotationListener.getProposedRotation, Rotation: 0
11-23 15:14:03.315  4424  4424 I Accessibility: onAccessibilityStateChanged - enabled=false
11-23 15:14:03.315 24527 24527 I art     : System.exit called, status: 0
11-23 15:14:03.315 24527 24527 I AndroidRuntime: VM exiting with result code 0.
11-23 15:14:03.395 24357 24551 D Aatp    : /ping
11-23 15:14:03.535 24357 24552 D Aatp    : /apps-to-uninstall
11-23 15:14:03.545 24357 24552 D Aatp    : sha1: 6a2c8d3c3b9b727a0adc47a16ed2fe58aa3c9b2c
11-23 15:14:03.545  3520  4681 D ActivityManager: retrieveServiceLocked(): component = com.amazon.aatp.aatpdevicemanager/com.amazon.aatp.aatpdevicemanager.tasks.GetUninstallAppsList; callingUser = 0; userId(target) = 0
11-23 15:14:03.555  3520  4681 W ActivityManager: userId = 0, bbcId = -10000
11-23 15:14:03.555  3520  4681 W ActivityManager: NORMAL SET : dst_category = 1023, src_allowCategory = 0,701-1023
11-23 15:14:03.555  3520  4681 W ActivityManager: NORMAL SET : srcAppInfo.processName = com.amazon.aatp.aatpdevicemanager, destAppInfo.processName = com.amazon.aatp.aatpdevicemanager
11-23 15:14:03.565 24357 24357 D AatpDeviceManager: taskStatus update (6a2c8d3c3b9b727a0adc47a16ed2fe58aa3c9b2c: {"state":1})
11-23 15:14:03.565  3520  3520 D WindowManager: showStatusBarByNotification() mOpenByNotification=false
11-23 15:14:03.565 24357 24552 D Aatp    : /task/6a2c8d3c3b9b727a0adc47a16ed2fe58aa3c9b2c
11-23 15:14:03.595  4030  4030 D NotificationContentView: AH:256, SH:256
11-23 15:14:03.605  4030  4030 D NotificationContentView: AH:256, SH:256
11-23 15:14:03.605  4030  4030 D KnoxNotification: ----- inflateViews : modified publicViewLocal -----
11-23 15:14:03.615 24357 24357 D AatpDeviceManager: taskStatus update (6a2c8d3c3b9b727a0adc47a16ed2fe58aa3c9b2c: {"result":[],"state":2})
11-23 15:14:03.615  4030  4030 D KnoxNotification: ----- inflateViews : modified KnoxViewLocal -----
11-23 15:14:03.615  3520  3520 D LightsService: [api] [SvcLED] turnOff:: id = 4 (uid: 1000 pid: 3520) 
11-23 15:14:03.615  3520  3520 D LightsService: [SvcLED] setSvcLedStateLocked:: SvcLEDState : 0x0 -> 0x0 | SvcLED(id=4) set Off
11-23 15:14:03.625  3520  3817 D LightsService: [SvcLED] Lux failed to be updated in 700ms. -> handleForcedSvcLEDTasK
11-23 15:14:03.625  3520  3817 D LightsService: [SvcLED]  setSvcLedLightLocked :: Current SvcLED(id=3) maintains its priority right
11-23 15:14:03.625  4030  4030 D PersonaManager: PersonaID is invalid or persona doesn't exists. : 0
11-23 15:14:03.625  4030  4030 D PersonaManager: isKioskContainerExistOnDevice
11-23 15:14:03.625  4030  4030 D PersonaManager: isKioskContainerExistOnDevice
11-23 15:14:03.625  4030  4030 I PhoneStatusBar: Icon Only
11-23 15:14:03.655  4030  4030 I StatusBar: Icon Only
11-23 15:14:03.655  4030  4030 D PanelView: There is/are notification(s) 
11-23 15:14:03.655  4030  4030 D PanelView: kidsfalse mQsExpansionEnabled:true
11-23 15:14:03.655  4030  4030 D PersonaManager: isKioskContainerExistOnDevice
11-23 15:14:03.655  4030  4030 I PhoneStatusBar: Icon Only
11-23 15:14:03.655  4030  4030 I StatusBar: Icon Only
11-23 15:14:03.655  4030  4030 D PanelView: There is/are notification(s) 
11-23 15:14:03.655  4030  4030 D PanelView: kidsfalse mQsExpansionEnabled:true
11-23 15:14:03.665  4030  4030 D PersonaManager: isKioskContainerExistOnDevice
11-23 15:14:03.665  4030  4030 D PersonaManager: isKioskContainerExistOnDevice
11-23 15:14:03.665  4030  4030 I PhoneStatusBar: Icon Only
11-23 15:14:03.665  4030  4030 I StatusBar: Icon Only
11-23 15:14:03.665  4030  4030 D PanelView: There is/are notification(s) 
11-23 15:14:03.665  4030  4030 D PanelView: kidsfalse mQsExpansionEnabled:true
11-23 15:14:03.675  4030  4030 D PersonaManager: isKioskContainerExistOnDevice
11-23 15:14:03.675  4030  4030 I PhoneStatusBar: Icon Only
11-23 15:14:03.675  4030  4030 I StatusBar: Icon Only
11-23 15:14:03.675  4030  4030 D PanelView: There is/are notification(s) 
11-23 15:14:03.675  4030  4030 D PanelView: kidsfalse mQsExpansionEnabled:true
11-23 15:14:03.705 24357 24554 D Aatp    : /task/6a2c8d3c3b9b727a0adc47a16ed2fe58aa3c9b2c/status
11-23 15:14:03.725  4030  4030 D PanelView: mClearAll.setVisibility - mIsFullyOpened : false isShade : true mHasNotification : true mIsUpwardFling : false mQsFullyExpanded : true isShadeLocked : false mClearAllVisible : true
11-23 15:14:03.745  4030  4030 D PanelView: mClearAll.setVisibility - mIsFullyOpened : false isShade : true mHasNotification : true mIsUpwardFling : false mQsFullyExpanded : true isShadeLocked : false mClearAllVisible : true
11-23 15:14:03.815 24357 24555 D Aatp    : /ping
11-23 15:14:03.985 24357 24556 D Aatp    : /clean-accounts
11-23 15:14:03.995 24357 24556 D Aatp    : sha1: 2ac1e8c28c8ac3d98edba561cbdb3eaacaf9fd75
11-23 15:14:04.005  3520  3940 D ActivityManager: retrieveServiceLocked(): component = com.amazon.aatp.aatpdevicemanager/com.amazon.aatp.aatpdevicemanager.tasks.CleanAccounts; callingUser = 0; userId(target) = 0
11-23 15:14:04.005  3520  3940 W ActivityManager: userId = 0, bbcId = -10000
11-23 15:14:04.005  3520  3940 W ActivityManager: NORMAL SET : dst_category = 1023, src_allowCategory = 0,701-1023
11-23 15:14:04.005  3520  3940 W ActivityManager: NORMAL SET : srcAppInfo.processName = com.amazon.aatp.aatpdevicemanager, destAppInfo.processName = com.amazon.aatp.aatpdevicemanager
11-23 15:14:04.035 24357 24556 D Aatp    : /task/2ac1e8c28c8ac3d98edba561cbdb3eaacaf9fd75
11-23 15:14:04.035  3520  3520 D WindowManager: showStatusBarByNotification() mOpenByNotification=false
11-23 15:14:04.035 24357 24357 D AatpDeviceManager: taskStatus update (2ac1e8c28c8ac3d98edba561cbdb3eaacaf9fd75: {"state":1})
11-23 15:14:04.055 24357 24557 W System.err: remove failed: ENOENT (No such file or directory) : /data/data/com.amazon.aatp.aatpdevicemanager/shared_prefs/googleaccounts.xml.bak
11-23 15:14:04.055 24357 24357 D AatpDeviceManager: taskStatus update (2ac1e8c28c8ac3d98edba561cbdb3eaacaf9fd75: {"result":"Cleaned Accounts PASS","state":2})
11-23 15:14:04.065  3520  3520 D LightsService: [api] [SvcLED] turnOff:: id = 4 (uid: 1000 pid: 3520) 
11-23 15:14:04.065  3520  3520 D LightsService: [SvcLED] setSvcLedStateLocked:: SvcLEDState : 0x0 -> 0x0 | SvcLED(id=4) set Off
11-23 15:14:04.065  3520  3817 D LightsService: [SvcLED] Lux failed to be updated in 700ms. -> handleForcedSvcLEDTasK
11-23 15:14:04.065  3520  3817 D LightsService: [SvcLED]  setSvcLedLightLocked :: Current SvcLED(id=3) maintains its priority right
11-23 15:14:04.095  4030  4030 D NotificationContentView: AH:256, SH:256
11-23 15:14:04.105  4030  4030 D NotificationContentView: AH:256, SH:256
11-23 15:14:04.105  4030  4030 D KnoxNotification: ----- inflateViews : modified publicViewLocal -----
11-23 15:14:04.125  4030  4030 D KnoxNotification: ----- inflateViews : modified KnoxViewLocal -----
11-23 15:14:04.125  4030  4030 D PersonaManager: PersonaID is invalid or persona doesn't exists. : 0
11-23 15:14:04.125  4030  4030 D PersonaManager: isKioskContainerExistOnDevice
11-23 15:14:04.135  4030  4030 D PersonaManager: isKioskContainerExistOnDevice
11-23 15:14:04.135  4030  4030 I PhoneStatusBar: Icon Only
11-23 15:14:04.155  4030  4030 I StatusBar: Icon Only
11-23 15:14:04.155  4030  4030 D PanelView: There is/are notification(s) 
11-23 15:14:04.155  4030  4030 D PanelView: kidsfalse mQsExpansionEnabled:true
11-23 15:14:04.165  4030  4030 D PersonaManager: isKioskContainerExistOnDevice
11-23 15:14:04.165  4030  4030 I PhoneStatusBar: Icon Only
11-23 15:14:04.165  4030  4030 I StatusBar: Icon Only
11-23 15:14:04.165  4030  4030 D PanelView: There is/are notification(s) 
11-23 15:14:04.165  4030  4030 D PanelView: kidsfalse mQsExpansionEnabled:true
11-23 15:14:04.165  4030  4030 D PersonaManager: isKioskContainerExistOnDevice
11-23 15:14:04.165  4030  4030 D PersonaManager: isKioskContainerExistOnDevice
11-23 15:14:04.165  4030  4030 I PhoneStatusBar: Icon Only
11-23 15:14:04.175  4030  4030 I StatusBar: Icon Only
11-23 15:14:04.175  4030  4030 D PanelView: There is/are notification(s) 
11-23 15:14:04.175  4030  4030 D PanelView: kidsfalse mQsExpansionEnabled:true
11-23 15:14:04.175  4030  4030 D PersonaManager: isKioskContainerExistOnDevice
11-23 15:14:04.175  4030  4030 I PhoneStatusBar: Icon Only
11-23 15:14:04.175  4030  4030 I StatusBar: Icon Only
11-23 15:14:04.175  4030  4030 D PanelView: There is/are notification(s) 
11-23 15:14:04.175  4030  4030 D PanelView: kidsfalse mQsExpansionEnabled:true
11-23 15:14:04.195 24357 24559 D Aatp    : /task/2ac1e8c28c8ac3d98edba561cbdb3eaacaf9fd75/status
11-23 15:14:04.235  4030  4030 D PanelView: mClearAll.setVisibility - mIsFullyOpened : false isShade : true mHasNotification : true mIsUpwardFling : false mQsFullyExpanded : true isShadeLocked : false mClearAllVisible : true
11-23 15:14:04.245  4030  4030 D PanelView: mClearAll.setVisibility - mIsFullyOpened : false isShade : true mHasNotification : true mIsUpwardFling : false mQsFullyExpanded : true isShadeLocked : false mClearAllVisible : true
11-23 15:14:04.295 24357 24560 D Aatp    : /rm-external-files
11-23 15:14:04.315 24357 24560 D Aatp    : sha1: eeac5174777f5853b589caeaac09cdec13bcad0d
11-23 15:14:04.315  3520  3533 D ActivityManager: retrieveServiceLocked(): component = com.amazon.aatp.aatpdevicemanager/com.amazon.aatp.aatpdevicemanager.tasks.RmExternalFiles; callingUser = 0; userId(target) = 0
11-23 15:14:04.325  3520  3533 W ActivityManager: userId = 0, bbcId = -10000
11-23 15:14:04.325  3520  3533 W ActivityManager: NORMAL SET : dst_category = 1023, src_allowCategory = 0,701-1023
11-23 15:14:04.325  3520  3533 W ActivityManager: NORMAL SET : srcAppInfo.processName = com.amazon.aatp.aatpdevicemanager, destAppInfo.processName = com.amazon.aatp.aatpdevicemanager
11-23 15:14:04.335 24357 24357 D AatpDeviceManager: taskStatus update (eeac5174777f5853b589caeaac09cdec13bcad0d: {"state":1})
11-23 15:14:04.345  3520  3520 D WindowManager: showStatusBarByNotification() mOpenByNotification=false
11-23 15:14:04.345 24357 24561 W System.err: java.io.FileNotFoundException: /system/etc/vold.fstab: open failed: ENOENT (No such file or directory)
11-23 15:14:04.345 24357 24560 D Aatp    : /task/eeac5174777f5853b589caeaac09cdec13bcad0d
11-23 15:14:04.345 24357 24561 W System.err: 	at libcore.io.IoBridge.open(IoBridge.java:456)
11-23 15:14:04.345 24357 24561 W System.err: 	at java.io.FileInputStream.<init>(FileInputStream.java:76)
11-23 15:14:04.345 24357 24561 W System.err: 	at java.util.Scanner.<init>(Scanner.java:158)
11-23 15:14:04.345 24357 24561 W System.err: 	at java.util.Scanner.<init>(Scanner.java:138)
11-23 15:14:04.345 24357 24561 W System.err: 	at com.amazon.aatp.util.StorageOptions.readVoldFile(StorageOptions.java:43)
11-23 15:14:04.345 24357 24561 W System.err: 	at com.amazon.aatp.util.StorageOptions.determineStorageOptions(StorageOptions.java:20)
11-23 15:14:04.355 24357 24561 W System.err: 	at com.amazon.aatp.aatpdevicemanager.tasks.RmExternalFiles.onHandleIntent(RmExternalFiles.java:34)
11-23 15:14:04.355 24357 24561 W System.err: 	at android.app.IntentService$ServiceHandler.handleMessage(IntentService.java:65)
11-23 15:14:04.355 24357 24561 W System.err: 	at android.os.Handler.dispatchMessage(Handler.java:102)
11-23 15:14:04.355 24357 24561 W System.err: 	at android.os.Looper.loop(Looper.java:145)
11-23 15:14:04.355 24357 24561 W System.err: 	at android.os.HandlerThread.run(HandlerThread.java:61)
11-23 15:14:04.355 24357 24561 W System.err: Caused by: android.system.ErrnoException: open failed: ENOENT (No such file or directory)
11-23 15:14:04.355 24357 24561 W System.err: 	at libcore.io.Posix.open(Native Method)
11-23 15:14:04.355 24357 24561 W System.err: 	at libcore.io.BlockGuardOs.open(BlockGuardOs.java:186)
11-23 15:14:04.355 24357 24561 W System.err: 	at libcore.io.IoBridge.open(IoBridge.java:442)
11-23 15:14:04.355 24357 24561 W System.err: 	... 10 more
11-23 15:14:04.355 24357 24561 D AatpDeviceManager: Wiping files from: /sdcard
11-23 15:14:04.385  4030  4030 D NotificationContentView: AH:256, SH:256
11-23 15:14:04.395  4030  4030 D NotificationContentView: AH:256, SH:256
11-23 15:14:04.395  4030  4030 D KnoxNotification: ----- inflateViews : modified publicViewLocal -----
11-23 15:14:04.415  4030  4030 D KnoxNotification: ----- inflateViews : modified KnoxViewLocal -----
11-23 15:14:04.415  4030  4030 D PersonaManager: PersonaID is invalid or persona doesn't exists. : 0
11-23 15:14:04.425  4030  4030 D PersonaManager: isKioskContainerExistOnDevice
11-23 15:14:04.425  4030  4030 D PersonaManager: isKioskContainerExistOnDevice
11-23 15:14:04.425  4030  4030 I PhoneStatusBar: Icon Only
11-23 15:14:04.425 24357 24561 W System.err: remove failed: EACCES (Permission denied) : /sdcard/DCIM/.metadata/HighLight.meta
11-23 15:14:04.435 24357 24561 D AatpDeviceManager: Wiping files from: /mnt/sdcard
11-23 15:14:04.435 24357 24561 W System.err: remove failed: EACCES (Permission denied) : /mnt/sdcard/DCIM/.metadata/HighLight.meta
11-23 15:14:04.435 24357 24561 D AatpDeviceManager: Leftover file: /sdcard/DCIM
11-23 15:14:04.435 24357 24561 D AatpDeviceManager: Leftover file: /sdcard/DCIM/.metadata
11-23 15:14:04.435 24357 24561 D AatpDeviceManager: Leftover file: /sdcard/DCIM/.metadata/HighLight.meta
11-23 15:14:04.435 24357 24561 D AatpDeviceManager: Leftover file: /mnt/sdcard/DCIM
11-23 15:14:04.435 24357 24561 D AatpDeviceManager: Leftover file: /mnt/sdcard/DCIM/.metadata
11-23 15:14:04.435 24357 24561 D AatpDeviceManager: Leftover file: /mnt/sdcard/DCIM/.metadata/HighLight.meta
11-23 15:14:04.435 24357 24561 D AatpDeviceManager: 6 files left!
11-23 15:14:04.435 24357 24357 D AatpDeviceManager: taskStatus update (eeac5174777f5853b589caeaac09cdec13bcad0d: {"result":["/sdcard/DCIM","/sdcard/DCIM/.metadata","/sdcard/DCIM/.metadata/HighLight.meta","/mnt/sdcard/DCIM","/mnt/sdcard/DCIM/.metadata","/mnt/sdcard/DCIM/.metadata/HighLight.meta"],"state":2})
11-23 15:14:04.435  3520  3520 D LightsService: [api] [SvcLED] turnOff:: id = 4 (uid: 1000 pid: 3520) 
11-23 15:14:04.435  3520  3520 D LightsService: [SvcLED] setSvcLedStateLocked:: SvcLEDState : 0x0 -> 0x0 | SvcLED(id=4) set Off
11-23 15:14:04.435  3520  3817 D LightsService: [SvcLED] Lux failed to be updated in 700ms. -> handleForcedSvcLEDTasK
11-23 15:14:04.435  3520  3817 D LightsService: [SvcLED]  setSvcLedLightLocked :: Current SvcLED(id=3) maintains its priority right
11-23 15:14:04.445  4030  4030 I StatusBar: Icon Only
11-23 15:14:04.445  4030  4030 D PanelView: There is/are notification(s) 
11-23 15:14:04.445  4030  4030 D PanelView: kidsfalse mQsExpansionEnabled:true
11-23 15:14:04.455  4030  4030 D PersonaManager: isKioskContainerExistOnDevice
11-23 15:14:04.455  4030  4030 I PhoneStatusBar: Icon Only
11-23 15:14:04.455  4030  4030 I StatusBar: Icon Only
11-23 15:14:04.455  4030  4030 D PanelView: There is/are notification(s) 
11-23 15:14:04.455  4030  4030 D PanelView: kidsfalse mQsExpansionEnabled:true
11-23 15:14:04.455  4030  4030 D PersonaManager: isKioskContainerExistOnDevice
11-23 15:14:04.455  4030  4030 D PersonaManager: isKioskContainerExistOnDevice
11-23 15:14:04.455  4030  4030 I PhoneStatusBar: Icon Only
11-23 15:14:04.465  4030  4030 I StatusBar: Icon Only
11-23 15:14:04.465  4030  4030 D PanelView: There is/are notification(s) 
11-23 15:14:04.465  4030  4030 D PanelView: kidsfalse mQsExpansionEnabled:true
11-23 15:14:04.465  4030  4030 D PersonaManager: isKioskContainerExistOnDevice
11-23 15:14:04.465  4030  4030 I PhoneStatusBar: Icon Only
11-23 15:14:04.465  4030  4030 I StatusBar: Icon Only
11-23 15:14:04.465  4030  4030 D PanelView: There is/are notification(s) 
11-23 15:14:04.465  4030  4030 D PanelView: kidsfalse mQsExpansionEnabled:true
11-23 15:14:04.495 24357 24562 D Aatp    : /task/eeac5174777f5853b589caeaac09cdec13bcad0d/status
11-23 15:14:04.525  4030  4030 D PanelView: mClearAll.setVisibility - mIsFullyOpened : false isShade : true mHasNotification : true mIsUpwardFling : false mQsFullyExpanded : true isShadeLocked : false mClearAllVisible : true
11-23 15:14:04.535  4030  4030 D PanelView: mClearAll.setVisibility - mIsFullyOpened : false isShade : true mHasNotification : true mIsUpwardFling : false mQsFullyExpanded : true isShadeLocked : false mClearAllVisible : true
11-23 15:14:05.095 24563 24563 D AndroidRuntime: 
11-23 15:14:05.095 24563 24563 D AndroidRuntime: >>>>>> AndroidRuntime START com.android.internal.os.RuntimeInit <<<<<<
11-23 15:14:05.105 24563 24563 D AndroidRuntime: CheckJNI is OFF
11-23 15:14:05.105 24563 24563 D AndroidRuntime: readGMSProperty: start
11-23 15:14:05.105 24563 24563 D AndroidRuntime: readGMSProperty: already setted!!
11-23 15:14:05.105 24563 24563 D AndroidRuntime: propertySet: couldn't set property (it is from app)
11-23 15:14:05.105 24563 24563 D AndroidRuntime: readGMSProperty: could not set the property(default)!!
11-23 15:14:05.105 24563 24563 D AndroidRuntime: readGMSProperty: end
11-23 15:14:05.105 24563 24563 D AndroidRuntime: addProductProperty: start
11-23 15:14:05.275  3520  3735 D PackageManager: [MSG] WRITE_PACKAGE_RESTRICTIONS
11-23 15:14:05.305  4424  4424 D Launcher.WidgetsProvider: runWidgetDBValidationCheck()
11-23 15:14:05.315  3520  3735 W System.err: remove failed: ENOENT (No such file or directory) : /data/system/users/0/package-restrictions.xml.bak
11-23 15:14:05.345  4424  4424 D Launcher.SurfaceWidgetPkgMgr: Query the installed surface widgets from surface widget package manager: list obtained with size= 3
11-23 15:14:05.345  4424  4424 D Launcher.SurfaceWidgetPkgMgr: My Places
11-23 15:14:05.345  4424  4424 D Launcher.SurfaceWidgetPkgMgr: Weather
11-23 15:14:05.355  4424  4424 D Launcher.SurfaceWidgetPkgMgr: Calendar
11-23 15:14:05.355 24563 24563 E AffinityControl: AffinityControl: registerfunction enter
11-23 15:14:05.385 24563 24563 D AndroidRuntime: Calling main entry com.android.commands.pm.Pm
11-23 15:14:05.385  3520  4070 V ApplicationPolicy: isApplicationStateBlocked userId 0 pkgname com.google.android.browser
11-23 15:14:05.385  3520  4070 W ActivityManager: Invalid packageName: com.google.android.browser
11-23 15:14:05.385 24563 24563 D AndroidRuntime: Shutting down VM
11-23 15:14:05.405  4424  4424 W ResourceType: ResTable_typeSpec entry count inconsistent: given 1, previously 1543
11-23 15:14:05.605 24563 24563 W art     : ConditionVariable::~ConditionVariable for GC request condition variable called with 1 waiters.
11-23 15:14:06.065 24575 24575 D AndroidRuntime: 
11-23 15:14:06.065 24575 24575 D AndroidRuntime: >>>>>> AndroidRuntime START com.android.internal.os.RuntimeInit <<<<<<
11-23 15:14:06.075 24575 24575 D AndroidRuntime: CheckJNI is OFF
11-23 15:14:06.075 24575 24575 D AndroidRuntime: readGMSProperty: start
11-23 15:14:06.075 24575 24575 D AndroidRuntime: readGMSProperty: already setted!!
11-23 15:14:06.075 24575 24575 D AndroidRuntime: propertySet: couldn't set property (it is from app)
11-23 15:14:06.075 24575 24575 D AndroidRuntime: readGMSProperty: could not set the property(default)!!
11-23 15:14:06.075 24575 24575 D AndroidRuntime: readGMSProperty: end
11-23 15:14:06.075 24575 24575 D AndroidRuntime: addProductProperty: start
11-23 15:14:06.225 24575 24575 E AffinityControl: AffinityControl: registerfunction enter
11-23 15:14:06.245 24575 24575 D AndroidRuntime: Calling main entry com.android.commands.pm.Pm
11-23 15:14:06.245  3520  3533 V ApplicationPolicy: isApplicationStateBlocked userId 0 pkgname com.android.chrome
11-23 15:14:06.245  3520  3533 I ActivityManager: Force stopping com.android.chrome appid=10105 user=0: clear data
11-23 15:14:06.245  3520  3533 I ActivityManager: Force stopping com.android.chrome appid=10105 user=0: clear data
11-23 15:14:06.255  3520  3533 D PackageManager: START CLEAR APPLICATION USER DATA: observer{953627979}
11-23 15:14:06.255  3520  3533 D PackageManager: pkg{<packageName>}
11-23 15:14:06.255  3520  3533 D PackageManager: user{0}
11-23 15:14:06.255  3520  3533 V ApplicationPolicy: isApplicationStateBlocked userId 0 pkgname com.android.chrome
11-23 15:14:06.255  3520  3735 D PackageManager: [MSG] CLEAR_APPLICATION_USER_DATA
11-23 15:14:06.265  2991  2991 I SELinux : selinux_android_setcategory: no category for userid: 0, path: /data/data/com.android.chrome/lib 
11-23 15:14:06.275  3520  3735 D ActivityManager: retrieveServiceLocked(): component = com.android.defcontainer/com.android.defcontainer.DefaultContainerService; callingUser = 0; userId(target) = 0
11-23 15:14:06.285  4385  4385 D PersonaManager: isKioskContainerExistOnDevice
11-23 15:14:06.285  3520  3735 E ActivityManager: checkUser: useridlist=null, currentuser=0
11-23 15:14:06.285  3520  3735 E ActivityManager: checkUser: useridlist=null, currentuser=0
11-23 15:14:06.285  3520  3735 E ActivityManager: checkUser: useridlist=null, currentuser=0
11-23 15:14:06.285  3520  3735 E ActivityManager: checkUser: useridlist=null, currentuser=0
11-23 15:14:06.295 24586 24586 E Zygote  : MountEmulatedStorage()
11-23 15:14:06.295 24586 24586 I libpersona: KNOX_SDCARD checking this for 10007
11-23 15:14:06.295 24586 24586 E Zygote  : v2
11-23 15:14:06.295 24586 24586 I libpersona: KNOX_SDCARD not a persona
11-23 15:14:06.295 24586 24586 I SELinux : Function: selinux_compare_spd_ram , priority [2] , priority version is VE=SEPF_SM-G920V_5.0.2_0011
11-23 15:14:06.295 24586 24586 E SELinux : [DEBUG] get_category: variable seinfo: platform sensitivity: NULL, cateogry: NULL
11-23 15:14:06.295  3520  3735 I ActivityManager: Start proc com.android.defcontainer for service com.android.defcontainer/.DefaultContainerService: pid=24586 uid=10007 gids={50007, 9997, 1028, 1015, 1023, 2001, 1035} abi=arm64-v8a
11-23 15:14:06.305  4385  4385 D RegisteredServicesCache: empty dynamic service
11-23 15:14:06.305 11535 12296 W GeofencerStateMachine: Ignoring removeGeofence because network location is disabled.
11-23 15:14:06.305  3520  3520 E ActivityManager: checkUser: useridlist=null, currentuser=0
11-23 15:14:06.305  3520  3520 E ActivityManager: checkUser: useridlist=null, currentuser=0
11-23 15:14:06.305  3520  3520 E ActivityManager: checkUser: useridlist=null, currentuser=0
11-23 15:14:06.305  3520  3520 E ActivityManager: checkUser: useridlist=null, currentuser=0
11-23 15:14:06.315 24586 24586 D TimaKeyStoreProvider: TimaSignature is unavailable
11-23 15:14:06.325 24586 24586 D ActivityThread: Added TimaKeyStore provider
11-23 15:14:06.325 24601 24601 E Zygote  : MountEmulatedStorage()
11-23 15:14:06.325 24601 24601 E Zygote  : v2
11-23 15:14:06.325 24601 24601 I libpersona: KNOX_SDCARD checking this for 10006
11-23 15:14:06.325 24601 24601 I libpersona: KNOX_SDCARD not a persona
11-23 15:14:06.325 24601 24601 I SELinux : Function: selinux_compare_spd_ram , priority [2] , priority version is VE=SEPF_SM-G920V_5.0.2_0011
11-23 15:14:06.325 24601 24601 E SELinux : [DEBUG] get_category: variable seinfo: platform sensitivity: NULL, cateogry: NULL
11-23 15:14:06.325  3520  3520 I ActivityManager: Start proc com.samsung.dcm:DCMService for broadcast com.samsung.dcm/.framework.broadcastreceivers.ClearDataReceiver: pid=24601 uid=10006 gids={50006, 9997, 3003, 1028, 1015} abi=arm64-v8a
11-23 15:14:06.335  4385  4385 D PersonaManager: isKioskContainerExistOnDevice
11-23 15:14:06.335  4385  4385 D RegisteredServicesCache: empty dynamic service
11-23 15:14:06.345  3520  3532 I InjectionManagerService -AppFeature: getCoreFeaturePkgList :[]
11-23 15:14:06.345 24586 24586 I InjectionManager: Inside getClassLibPath + mLibMap{0=, 1=}
11-23 15:14:06.345 24601 24601 D TimaKeyStoreProvider: TimaSignature is unavailable
11-23 15:14:06.345 24601 24601 D ActivityThread: Added TimaKeyStore provider
11-23 15:14:06.345 24586 24586 I InjectionManager: Inside getClassLibPath caller 
11-23 15:14:06.355 24586 24586 D InjectionManager: InjectionManager
11-23 15:14:06.355 24586 24586 D InjectionManager: fillFeatureStoreMap com.android.defcontainer
11-23 15:14:06.355 24586 24586 I InjectionManager: Constructor com.android.defcontainer, Feature store :{}
11-23 15:14:06.355 24586 24586 I InjectionManager: featureStore :{}
11-23 15:14:06.365  3520  4439 I InjectionManagerService -AppFeature: getCoreFeaturePkgList :[]
11-23 15:14:06.365 24601 24601 I InjectionManager: Inside getClassLibPath + mLibMap{0=, 1=}
