11-23 15:14:07.915 24601 24601 I ClearDataReceiver: [#DCM#] Intent Name: android.intent.action.PACKAGE_RESTARTED
11-23 15:14:07.915 24601 24601 I ClearDataReceiver: [#DCM#] Intent Data: package:com.android.systemui
11-23 15:14:07.925 24619 24619 D SAControlPanelReceiver: *****onReceive()*****
11-23 15:14:07.925 24619 24619 D SAControlPanelReceiver: Action: android.intent.action.PACKAGE_RESTARTED
11-23 15:14:07.925  4170  4170 D daemonapp: [zero daemon]>>> AWDCDService:30 [0:0] AWD CD Act : androidintentactionPACKAGE_RESTARTED
11-23 15:14:07.945 24601 24601 I ClearDataReceiver: [#DCM#] Intent Name: android.intent.action.PACKAGE_RESTARTED
11-23 15:14:07.945 24601 24601 I ClearDataReceiver: [#DCM#] Intent Data: package:com.android.systemui
11-23 15:14:07.945 24619 24619 D SAControlPanelReceiver: *****onReceive()*****
11-23 15:14:07.945 24619 24619 D SAControlPanelReceiver: Action: android.intent.action.PACKAGE_RESTARTED
11-23 15:14:07.955  3520  4412 E ActivityManager: checkUser: useridlist=null, currentuser=0
11-23 15:14:07.955  3520  4412 E ActivityManager: checkUser: useridlist=null, currentuser=0
11-23 15:14:07.955  3520  4412 E ActivityManager: checkUser: useridlist=null, currentuser=0
11-23 15:14:07.955  3520  4412 E ActivityManager: checkUser: useridlist=null, currentuser=0
11-23 15:14:07.955  4030  4030 D PanelView: mClearAll.setVisibility - mIsFullyOpened : false isShade : true mHasNotification : true mIsUpwardFling : false mQsFullyExpanded : true isShadeLocked : false mClearAllVisible : true
11-23 15:14:07.965 24816 24816 E Zygote  : MountEmulatedStorage()
11-23 15:14:07.965 24816 24816 I libpersona: KNOX_SDCARD checking this for 10116
11-23 15:14:07.965 24816 24816 E Zygote  : v2
11-23 15:14:07.965 24816 24816 I libpersona: KNOX_SDCARD not a persona
11-23 15:14:07.965 24816 24816 I SELinux : Function: selinux_compare_spd_ram , priority [2] , priority version is VE=SEPF_SM-G920V_5.0.2_0011
11-23 15:14:07.965 24816 24816 E SELinux : [DEBUG] get_category: variable seinfo: untrusted sensitivity: NULL, cateogry: NULL
11-23 15:14:07.965  3520  4412 I ActivityManager: Start proc com.google.android.apps.docs for content provider com.google.android.apps.docs/.storagebackend.StorageBackendContentProvider: pid=24816 uid=10116 gids={50116, 9997, 1028, 1015, 3003} abi=arm64-v8a
11-23 15:14:07.975  4170  4170 D daemonapp: [zero daemon]>>> AWDCDService:30 [0:0] AWD CD Act : androidintentactionPACKAGE_RESTARTED
11-23 15:14:07.985 24796 24796 W System.err: stat failed: ENOENT (No such file or directory) : /data/local/chrome-command-line
11-23 15:14:07.985 24636 24636 D SVFControlReceiver: onReceive() ++++++++++
11-23 15:14:07.985 24636 24636 D SVFControlReceiver: intent.getAction() : android.intent.action.PACKAGE_DATA_CLEARED
11-23 15:14:07.985 24636 24636 D SVFControlReceiver: isTOSAccep : false
11-23 15:14:07.985 24636 24636 D SVFControlReceiver: recognigerName : null
11-23 15:14:07.985 24636 24636 D SVFControlReceiver: recogniger.size() : 0
11-23 15:14:07.985 24636 24636 D SVFControlReceiver: isExperience : false
11-23 15:14:07.985 24636 24636 D SVFControlReceiver: tosScore : 0
11-23 15:14:07.985 24636 24636 D SVFControlReceiver: recogniger : []
11-23 15:14:08.005 24816 24816 D TimaKeyStoreProvider: TimaSignature is unavailable
11-23 15:14:08.005 24816 24816 D ActivityThread: Added TimaKeyStore provider
11-23 15:14:08.025 24796 24796 D InjectionManager: InjectionManager
11-23 15:14:08.025 24796 24796 D InjectionManager: fillFeatureStoreMap com.android.chrome
11-23 15:14:08.025 24796 24796 I InjectionManager: Constructor com.android.chrome, Feature store :{}
11-23 15:14:08.025 24796 24796 I InjectionManager: featureStore :{}
11-23 15:14:08.025  3520  4086 D ActivityManager: retrieveServiceLocked(): component = com.samsung.android.svf/com.samsung.android.svf.SVFControlService; callingUser = 0; userId(target) = 0
11-23 15:14:08.025  3520  4086 W ActivityManager: userId = 0, bbcId = -10000
11-23 15:14:08.025  3520  4086 W ActivityManager: NORMAL SET : dst_category = 1023, src_allowCategory = 0,701-1023
11-23 15:14:08.025  3520  4086 W ActivityManager: NORMAL SET : srcAppInfo.processName = com.samsung.android.svf, destAppInfo.processName = com.samsung.android.svf
11-23 15:14:08.025 24636 24636 D SVFControlReceiver: onReceive() --------
11-23 15:14:08.025  3520  4706 I splitIntent: Split this intent : android.intent.action.PACKAGE_DATA_CLEARED, mSplitNum[0]=4, mSplitNum[1]=7, mSplitNum[2]=10, mBgSplitQueueNum=3 divideNum= 3 r.nextReceiver= 1 receivers.size=13
11-23 15:14:08.035  3520  4706 I splitIntent: finish to split intent : android.intent.action.PACKAGE_DATA_CLEARED !! Enqueue -> schedule it!!
11-23 15:14:08.035 24636 24636 I SVFControlService: VACcontrol created
11-23 15:14:08.035 24636 24832 D SVFControlService: onHandleIntent Intent { cmp=com.samsung.android.svf/.SVFControlService } +++
11-23 15:14:08.035 24636 24832 I SVFControlService: got command=null
11-23 15:14:08.035 24636 24832 D SVFControlService: onHandleIntent Intent { cmp=com.samsung.android.svf/.SVFControlService } ---
11-23 15:14:08.035 24601 24601 I ClearDataReceiver: [#DCM#] Intent Name: android.intent.action.PACKAGE_DATA_CLEARED
11-23 15:14:08.035 24601 24601 I ClearDataReceiver: [#DCM#] Intent Data: package:com.android.systemui
11-23 15:14:08.035  3520  4415 I InjectionManagerService -AppFeature: getCoreFeaturePkgList :[]
11-23 15:14:08.035 24816 24816 I InjectionManager: Inside getClassLibPath + mLibMap{0=, 1=}
11-23 15:14:08.045 24659 24659 D accuweather: [AccuPhone]>>> AWCDService:15 [0:0] AW CD Act : androidintentactionPACKAGE_DATA_CLEARED
11-23 15:14:08.045 24816 24816 I InjectionManager: Inside getClassLibPath caller 
11-23 15:14:08.065 24690 24690 I GalaxyFinderApplication: [onReceive] android.intent.action.PACKAGE_DATA_CLEARED
11-23 15:14:08.065  2983  4456 I SurfaceFlinger: id=9 Removed JmageWallpa (3/8)
11-23 15:14:08.065  2983  4481 I SurfaceFlinger: id=9 Removed JmageWallpa (-2/8)
11-23 15:14:08.065  2983  3977 I SurfaceFlinger: id=9 Removed JmageWallpa (-2/8)
11-23 15:14:08.065 16726 16755 I Icing   : Indexing done 4141ED4D1E89E3560FF75473B72B6E81C5DFB310
11-23 15:14:08.075  2983  2983 I SurfaceFlinger: id=19 createSurf (1x1),2 flag=404, JmageWallpa
11-23 15:14:08.075  3520  4677 D ActivityManager: retrieveServiceLocked(): component = null; callingUser = 0; userId(target) = 0
11-23 15:14:08.085  3520  4677 W ActivityManager: userId = 0, bbcId = -10000
11-23 15:14:08.085  3520  4677 W ActivityManager: NORMAL SET : dst_category = 701, src_allowCategory = 0,701-1023
11-23 15:14:08.085  3520  4677 W ActivityManager: NORMAL SET : srcAppInfo.processName = com.google.android.gms, destAppInfo.processName = com.google.android.gms
11-23 15:14:08.085  3520  3940 D ActivityManager: retrieveServiceLocked(): component = null; callingUser = 0; userId(target) = 0
11-23 15:14:08.095  3520  3940 W ActivityManager: userId = 0, bbcId = -10000
11-23 15:14:08.095  3520  3940 W ActivityManager: NORMAL SET : dst_category = 701, src_allowCategory = 0,701-1023
11-23 15:14:08.095  3520  3940 W ActivityManager: NORMAL SET : srcAppInfo.processName = com.google.android.gms, destAppInfo.processName = com.google.android.gms
11-23 15:14:08.095  3520  4695 D ActivityManager: retrieveServiceLocked(): component = com.google.android.gms/com.google.android.gms.icing.service.LightweightIndexService$LightweightWorkerService; callingUser = 0; userId(target) = 0
11-23 15:14:08.105  3520  4695 W ActivityManager: userId = 0, bbcId = -10000
11-23 15:14:08.105  3520  4695 W ActivityManager: NORMAL SET : dst_category = 701, src_allowCategory = 0,701-1023
11-23 15:14:08.105  3520  4695 W ActivityManager: NORMAL SET : srcAppInfo.processName = com.google.android.gms, destAppInfo.processName = com.google.android.gms
11-23 15:14:08.105 16726 16755 I Icing   : Usage reports 0 indexed 0 rejected 0 imm upload true
11-23 15:14:08.105 24478 24478 D Mms/FreeMessageStatusReceiver: onReceive, action : android.intent.action.PACKAGE_DATA_CLEARED
11-23 15:14:08.105  3520  3940 D ActivityManager: retrieveServiceLocked(): component = com.android.mms/com.android.mms.freemessage.FreeMessageReceiverService; callingUser = 0; userId(target) = 0
11-23 15:14:08.115  3520  3940 W ActivityManager: userId = 0, bbcId = -10000
11-23 15:14:08.115  3520  3940 W ActivityManager: NORMAL SET : dst_category = 0, src_allowCategory = 0,2-1023
11-23 15:14:08.115  3520  3940 W ActivityManager: NORMAL SET : srcAppInfo.processName = com.android.mms, destAppInfo.processName = com.android.mms
11-23 15:14:08.115 24478 24833 D Mms/FreeMessageReceiverService: onHandleIntent, action : android.intent.action.PACKAGE_DATA_CLEARED
11-23 15:14:08.115 24478 24833 D Mms/FreeMessageReceiverService: onHandleIntent: ACTION_PACKAGE_DATA_CLEARED
11-23 15:14:08.125  3520  4681 D ActivityManager: retrieveServiceLocked(): component = com.google.android.gms/com.google.android.gms.icing.service.LightweightIndexService$LightweightWorkerService; callingUser = 0; userId(target) = 0
11-23 15:14:08.125  3520  4681 W ActivityManager: userId = 0, bbcId = -10000
11-23 15:14:08.125  3520  4681 W ActivityManager: NORMAL SET : dst_category = 701, src_allowCategory = 0,701-1023
11-23 15:14:08.125  3520  4681 W ActivityManager: NORMAL SET : srcAppInfo.processName = com.google.android.gms, destAppInfo.processName = com.google.android.gms
11-23 15:14:08.125 16726 16755 I Icing   : Usage reports 0 indexed 0 rejected 0 imm upload true
11-23 15:14:08.125 24814 24814 D AndroidRuntime: 
11-23 15:14:08.125 24814 24814 D AndroidRuntime: >>>>>> AndroidRuntime START com.android.internal.os.RuntimeInit <<<<<<
11-23 15:14:08.125 24814 24814 D AndroidRuntime: CheckJNI is OFF
11-23 15:14:08.135  3520  4439 D ActivityManager: retrieveServiceLocked(): component = com.google.android.gms/com.google.android.gms.icing.service.IndexWorkerService; callingUser = 0; userId(target) = 0
11-23 15:14:08.135 24814 24814 D AndroidRuntime: readGMSProperty: start
11-23 15:14:08.135 24814 24814 D AndroidRuntime: readGMSProperty: already setted!!
11-23 15:14:08.135 24814 24814 D AndroidRuntime: propertySet: couldn't set property (it is from app)
11-23 15:14:08.135 24814 24814 D AndroidRuntime: readGMSProperty: could not set the property(default)!!
11-23 15:14:08.135 24814 24814 D AndroidRuntime: readGMSProperty: end
11-23 15:14:08.135 24814 24814 D AndroidRuntime: addProductProperty: start
11-23 15:14:08.135  3520  4439 W ActivityManager: userId = 0, bbcId = -10000
11-23 15:14:08.135  3520  4439 W ActivityManager: NORMAL SET : dst_category = 701, src_allowCategory = 0,701-1023
11-23 15:14:08.135  3520  4439 W ActivityManager: NORMAL SET : srcAppInfo.processName = com.google.android.gms, destAppInfo.processName = com.google.android.gms
11-23 15:14:08.135  4170  4170 D daemonapp: [zero daemon]>>> AWDCDService:30 [0:0] AWD CD Act : androidintentactionPACKAGE_DATA_CLEARED
11-23 15:14:08.145  3520  4440 D ActivityManager: retrieveServiceLocked(): component = com.google.android.gms/com.google.android.gms.chimera.GmsIntentOperationService; callingUser = 0; userId(target) = 0
11-23 15:14:08.145 24816 24836 I GAv4    : Google Analytics 8.4.87 is starting up. To enable debug logging on a device run:
11-23 15:14:08.145 24816 24836 I GAv4    :   adb shell setprop log.tag.GAv4 DEBUG
11-23 15:14:08.145 24816 24836 I GAv4    :   adb logcat -s GAv4
11-23 15:14:08.145  3520  4440 W ActivityManager: userId = 0, bbcId = -10000
11-23 15:14:08.145  3520  4440 W ActivityManager: NORMAL SET : dst_category = 701, src_allowCategory = 0,701-1023
11-23 15:14:08.145  3520  4440 W ActivityManager: NORMAL SET : srcAppInfo.processName = com.google.android.gms, destAppInfo.processName = com.google.android.gms
11-23 15:14:08.145  4424  4424 I LauncherActivity: WallpaperChangeReceiver - Wallpaper Changed from ImageWallpaper
11-23 15:14:08.145 16726 24706 I LocationSettingsChecker: Removing dialog suppression flag for package com.android.systemui
11-23 15:14:08.155  3520  4678 D ActivityManager: retrieveServiceLocked(): component = com.google.android.gms/com.google.android.gms.chimera.PersistentIntentOperationService; callingUser = 0; userId(target) = 0
11-23 15:14:08.155  5186  5186 D accuweather: [AccuPhone]>>> WSWidget:66 [0:0] action : intentactionWALLPAPER_CHANGED
11-23 15:14:08.155  5186  5186 D accuweather: [AccuPhone]>>> WSWidget:130 [0:0] surface service update by wallpaper change
11-23 15:14:08.155  3520  4678 W ActivityManager: userId = 0, bbcId = -10000
11-23 15:14:08.155  3520  4678 W ActivityManager: NORMAL SET : dst_category = 701, src_allowCategory = 0,701-1023
11-23 15:14:08.155  5186  5186 D accuweather: [AccuPhone]>>> WSWidget:530 [0:0] updateView : 1
11-23 15:14:08.155  3520  4678 W ActivityManager: NORMAL SET : srcAppInfo.processName = com.google.android.gms, destAppInfo.processName = com.google.android.gms
11-23 15:14:08.155  5186  5186 D accuweather: [AccuPhone]>>> WSWidget:427 [0:0] getWeatherRenderer : 1
11-23 15:14:08.155  3520  4070 D ActivityManager: retrieveServiceLocked(): component = com.google.android.gms/com.google.android.location.util.PreferenceService; callingUser = 0; userId(target) = 0
11-23 15:14:08.165  3520  4070 W ActivityManager: userId = 0, bbcId = -10000
11-23 15:14:08.165  3520  4070 W ActivityManager: NORMAL SET : dst_category = 701, src_allowCategory = 0,701-1023
11-23 15:14:08.165  3520  4070 W ActivityManager: NORMAL SET : srcAppInfo.processName = com.google.android.gms, destAppInfo.processName = com.google.android.gms
11-23 15:14:08.165  4170  4184 D daemonapp: [zero daemon]>>> WCProvider:376 [0:0] Provider query : content://apaccuweatherprovider/settings
11-23 15:14:08.165  3520  4604 D ActivityManager: retrieveServiceLocked(): component = com.google.android.gms/com.google.android.gms.config.ConfigService; callingUser = 0; userId(target) = 0
11-23 15:14:08.175 24816 24836 W GAv4    : AnalyticsReceiver is not registered or is disabled. Register the receiver for reliable dispatching on non-Google Play devices. See http://goo.gl/8Rd3yj for instructions.
11-23 15:14:08.175  3520  4604 W ActivityManager: userId = 0, bbcId = -10000
11-23 15:14:08.175  3520  4604 W ActivityManager: NORMAL SET : dst_category = 701, src_allowCategory = 0,701-1023
11-23 15:14:08.175  3520  4604 W ActivityManager: NORMAL SET : srcAppInfo.processName = com.google.android.gms, destAppInfo.processName = com.google.android.gms
11-23 15:14:08.185  3520  3940 D ActivityManager: retrieveServiceLocked(): component = com.google.android.gms/com.google.android.gms.chimera.PersistentIntentOperationService; callingUser = 0; userId(target) = 0
11-23 15:14:08.185  3520  3940 W ActivityManager: userId = 0, bbcId = -10000
11-23 15:14:08.185  3520  3940 W ActivityManager: NORMAL SET : dst_category = 701, src_allowCategory = 0,701-1023
11-23 15:14:08.185  3520  3940 W ActivityManager: NORMAL SET : srcAppInfo.processName = com.google.android.gms, destAppInfo.processName = com.google.android.gms
11-23 15:14:08.195  3520  4412 D ActivityManager: retrieveServiceLocked(): component = com.google.android.gms/com.google.android.gms.wearable.service.WearableControlService; callingUser = 0; userId(target) = 0
11-23 15:14:08.195  3520  4412 W ActivityManager: userId = 0, bbcId = -10000
11-23 15:14:08.195  3520  4412 W ActivityManager: NORMAL SET : dst_category = 701, src_allowCategory = 0,701-1023
11-23 15:14:08.195  3520  4412 W ActivityManager: NORMAL SET : srcAppInfo.processName = com.google.android.gms, destAppInfo.processName = com.google.android.gms
11-23 15:14:08.195  3520  4086 D ActivityManager: retrieveServiceLocked(): component = com.google.android.gms/com.google.android.gms.chimera.PersistentIntentOperationService; callingUser = 0; userId(target) = 0
11-23 15:14:08.195  3520  4086 W ActivityManager: userId = 0, bbcId = -10000
11-23 15:14:08.195  3520  4086 W ActivityManager: NORMAL SET : dst_category = 701, src_allowCategory = 0,701-1023
11-23 15:14:08.195  3520  4086 W ActivityManager: NORMAL SET : srcAppInfo.processName = com.google.android.gms, destAppInfo.processName = com.google.android.gms
11-23 15:14:08.195  3520  4439 D ActivityManager: retrieveServiceLocked(): component = com.google.android.gms/com.google.android.gms.icing.service.IndexWorkerService; callingUser = 0; userId(target) = 0
11-23 15:14:08.195  3520  4439 W ActivityManager: userId = 0, bbcId = -10000
11-23 15:14:08.195  3520  4439 W ActivityManager: NORMAL SET : dst_category = 701, src_allowCategory = 0,701-1023
11-23 15:14:08.195  3520  4439 W ActivityManager: NORMAL SET : srcAppInfo.processName = com.google.android.gms, destAppInfo.processName = com.google.android.gms
11-23 15:14:08.195 24748 24748 D libEGL  : loaded /vendor/lib64/egl/libGLES_mali.so
11-23 15:14:08.205  3520  3533 D ActivityManager: retrieveServiceLocked(): component = null; callingUser = 0; userId(target) = 0
11-23 15:14:08.205  3520  3533 W ActivityManager: userId = 0, bbcId = -10000
11-23 15:14:08.205  3520  3533 W ActivityManager: NORMAL SET : dst_category = 701, src_allowCategory = 0,701-1023
11-23 15:14:08.205  3520  3533 W ActivityManager: NORMAL SET : srcAppInfo.processName = com.google.android.apps.docs, destAppInfo.processName = com.google.android.gms
11-23 15:14:08.205 24816 24836 W GAv4    : CampaignTrackingReceiver is not registered, not exported or is disabled. Installation campaign tracking is not possible. See http://goo.gl/8Rd3yj for instructions.
11-23 15:14:08.205  3520  4604 D ActivityManager: retrieveServiceLocked(): component = com.google.android.gms/com.google.android.gms.chimera.GmsIntentOperationService; callingUser = 0; userId(target) = 0
11-23 15:14:08.215  3520  4604 W ActivityManager: userId = 0, bbcId = -10000
11-23 15:14:08.215  3520  4604 W ActivityManager: NORMAL SET : dst_category = 701, src_allowCategory = 0,701-1023
11-23 15:14:08.215  3520  4604 W ActivityManager: NORMAL SET : srcAppInfo.processName = com.google.android.gms, destAppInfo.processName = com.google.android.gms
11-23 15:14:08.225  3520  4070 D ActivityManager: retrieveServiceLocked(): component = com.google.android.gms/com.google.android.gms.icing.service.IndexWorkerService; callingUser = 0; userId(target) = 0
11-23 15:14:08.225  3520  4070 W ActivityManager: userId = 0, bbcId = -10000
11-23 15:14:08.225  3520  4070 W ActivityManager: NORMAL SET : dst_category = 701, src_allowCategory = 0,701-1023
11-23 15:14:08.225  3520  4070 W ActivityManager: NORMAL SET : srcAppInfo.processName = com.google.android.gms, destAppInfo.processName = com.google.android.gms
11-23 15:14:08.225 24816 24816 D InjectionManager: InjectionManager
11-23 15:14:08.225 24816 24816 D InjectionManager: fillFeatureStoreMap com.google.android.apps.docs
11-23 15:14:08.235 24816 24816 I InjectionManager: Constructor com.google.android.apps.docs, Feature store :{}
11-23 15:14:08.235 24816 24816 I InjectionManager: featureStore :{}
11-23 15:14:08.235  3520  4072 D ActivityManager: retrieveServiceLocked(): component = com.google.android.gms/com.google.android.gms.chimera.PersistentIntentOperationService; callingUser = 0; userId(target) = 0
11-23 15:14:08.235  4170  4539 D daemonapp: [zero daemon]>>> WCProvider:376 [0:0] Provider query : content://apaccuweatherprovider/weatherinfo
11-23 15:14:08.235  3520  4072 W ActivityManager: userId = 0, bbcId = -10000
11-23 15:14:08.235  3520  4072 W ActivityManager: NORMAL SET : dst_category = 701, src_allowCategory = 0,701-1023
11-23 15:14:08.235  3520  4072 W ActivityManager: NORMAL SET : srcAppInfo.processName = com.google.android.gms, destAppInfo.processName = com.google.android.gms
11-23 15:14:08.235 24748 24748 D mali_winsys: new_window_surface returns 0x3000,  [2240x2816]-format:2
11-23 15:14:08.245  3520  4706 I splitIntent: Queue : backgroundsplit_2 intent android.intent.action.PACKAGE_DATA_CLEARED is finished at BG and BG split queue. set mSplitStart and mBgSplitQueueOnlyRun false.
11-23 15:14:08.245  3520  3610 W ActivityManager: userId = 0, bbcId = -10000
11-23 15:14:08.245  3520  3610 W ActivityManager: NORMAL SET : dst_category = 701, src_allowCategory = 0,701-1023
11-23 15:14:08.245  3520  3610 W ActivityManager: NORMAL SET : srcAppInfo.processName = com.google.android.gms, destAppInfo.processName = com.google.android.gms
11-23 15:14:08.245  5186  5186 D accuweather: [AccuPhone]>>> WDBHelper:307 [0:0] gADWI : count = 0
11-23 15:14:08.255 16726 16755 I Icing   : doRemovePackageData com.android.systemui
11-23 15:14:08.255  3520  4439 D ActivityManager: retrieveServiceLocked(): component = com.google.android.gms/com.google.android.gms.chimera.GmsIntentOperationService; callingUser = 0; userId(target) = 0
11-23 15:14:08.255  3520  4439 W ActivityManager: userId = 0, bbcId = -10000
11-23 15:14:08.255  3520  4439 W ActivityManager: NORMAL SET : dst_category = 701, src_allowCategory = 0,701-1023
11-23 15:14:08.255  3520  4439 W ActivityManager: NORMAL SET : srcAppInfo.processName = com.google.android.gms, destAppInfo.processName = com.google.android.gms
11-23 15:14:08.265  4170  4184 D daemonapp: [zero daemon]>>> WCProvider:376 [0:0] Provider query : content://apaccuweatherprovider/settings
11-23 15:14:08.265  3520  4604 D ActivityManager: retrieveServiceLocked(): component = com.google.android.gms/com.google.android.gms.chimera.GmsIntentOperationService; callingUser = 0; userId(target) = 0
11-23 15:14:08.265  3520  4604 W ActivityManager: userId = 0, bbcId = -10000
11-23 15:14:08.265  3520  4604 W ActivityManager: NORMAL SET : dst_category = 701, src_allowCategory = 0,701-1023
11-23 15:14:08.265  3520  4604 W ActivityManager: NORMAL SET : srcAppInfo.processName = com.google.android.gms, destAppInfo.processName = com.google.android.gms
11-23 15:14:08.275  3520  4706 W ActivityManager: userId = 0, bbcId = -10000
11-23 15:14:08.275  3520  4706 W ActivityManager: NORMAL SET : dst_category = 1023, src_allowCategory = 0,2-1023
11-23 15:14:08.275  3520  4706 W ActivityManager: NORMAL SET : srcAppInfo.processName = com.android.systemui, destAppInfo.processName = com.sec.android.widgetapp.samsungapps
11-23 15:14:08.275  3520  4706 E ActivityManager: checkUser: useridlist=null, currentuser=0
11-23 15:14:08.275  3520  4706 E ActivityManager: checkUser: useridlist=null, currentuser=0
11-23 15:14:08.275  3520  4706 E ActivityManager: checkUser: useridlist=null, currentuser=0
11-23 15:14:08.275  3520  4706 E ActivityManager: checkUser: useridlist=null, currentuser=0
11-23 15:14:08.275 24816 24849 W GAv4    : AnalyticsService not registered in the app manifest. Hits might not be delivered reliably. See http://goo.gl/8Rd3yj for instructions.
11-23 15:14:08.285 24733 24763 D Documents: Update found 6 roots in 643ms
11-23 15:14:08.285 24814 24814 E AffinityControl: AffinityControl: registerfunction enter
11-23 15:14:08.295 24876 24876 E Zygote  : MountEmulatedStorage()
11-23 15:14:08.295 24876 24876 E Zygote  : v2
11-23 15:14:08.295 24876 24876 I libpersona: KNOX_SDCARD checking this for 10125
11-23 15:14:08.295 24876 24876 I libpersona: KNOX_SDCARD not a persona
11-23 15:14:08.295 24876 24876 I SELinux : Function: selinux_compare_spd_ram , priority [2] , priority version is VE=SEPF_SM-G920V_5.0.2_0011
11-23 15:14:08.295 24876 24876 E SELinux : [DEBUG] get_category: variable seinfo: samsung sensitivity: NULL, cateogry: NULL
11-23 15:14:08.295  3520  4706 I ActivityManager: Start proc com.sec.android.widgetapp.samsungapps for broadcast com.sec.android.widgetapp.samsungapps/.WidgetProvider42: pid=24876 uid=10125 gids={50125, 9997, 3003, 1028, 1015} abi=arm64-v8a
11-23 15:14:08.305  5186  5186 D accuweather: [AccuPhone]>>> SManager:544 [0:0] gLSC : lastLoc = null
11-23 15:14:08.305  5186  5186 D accuweather: [AccuPhone]>>> SManager:610 [0:0] updateView iSA = false, mCI = 0, mSL = null , cls = 0 , cls = 0
11-23 15:14:08.305  5186  5186 D accuweather: [AccuPhone]>>> SManager:889 [0:0] [sCCTZ] todayInfo is null
11-23 15:14:08.305  5186  5186 D accuweather: [AccuPhone]>>> SManager:1544 [0:0] setLayoutContentEmptyMsg = 2131427362
11-23 15:14:08.305 24814 24814 D AndroidRuntime: Calling main entry com.android.commands.pm.Pm
11-23 15:14:08.305  5186  5186 D accuweather: [AccuPhone]>>> SManager:2782 [0:0] dark mode set = 0
11-23 15:14:08.315  5186  5186 D accuweather: [AccuPhone]>>> SManager:2058 [0:0] start ClockLayoutContent itc = false
11-23 15:14:08.315  3520  3532 V ApplicationPolicy: isApplicationStateBlocked userId 0 pkgname com.android.phone
11-23 15:14:08.315  3520  3532 I ActivityManager: Force stopping com.android.phone appid=1001 user=0: clear data
11-23 15:14:08.315  5186  5186 D accuweather: [AccuPhone]>>> SManager:2093 [0:0] theme debug clock image view = false
11-23 15:14:08.315  5186  5186 I PluginManager: getService -- sService=com.samsung.android.thememanager.IThemeManager$Stub$Proxy@3d555aeb
11-23 15:14:08.315  5186  5186 I PluginManager: getService -- sService=com.samsung.android.thememanager.IThemeManager$Stub$Proxy@3d555aeb
11-23 15:14:08.315  5186  5186 D accuweather: [AccuPhone]>>> UTheme:192 [0:0] is theme set = false
11-23 15:14:08.315  5186  5186 D accuweather: [AccuPhone]>>> UTheme:109 [0:0] theme debug setTF sip : null, clock : null, num : null
11-23 15:14:08.315  5186  5186 D accuweather: [AccuPhone]>>> SManager:2782 [0:0] dark mode set = 0
11-23 15:14:08.315  5186  5186 I PluginManager: getService -- sService=com.samsung.android.thememanager.IThemeManager$Stub$Proxy@3d555aeb
11-23 15:14:08.315  5186  5186 I PluginManager: getService -- sService=com.samsung.android.thememanager.IThemeManager$Stub$Proxy@3d555aeb
11-23 15:14:08.325  5186  5186 D accuweather: [AccuPhone]>>> UTheme:192 [0:0] is theme set = false
11-23 15:14:08.325  5186  5186 I PluginManager: getService -- sService=com.samsung.android.thememanager.IThemeManager$Stub$Proxy@3d555aeb
11-23 15:14:08.325  5186  5186 I PluginManager: getService -- sService=com.samsung.android.thememanager.IThemeManager$Stub$Proxy@3d555aeb
11-23 15:14:08.325  3520  3532 I ActivityManager: Force stopping com.android.phone appid=1001 user=0: clear data
11-23 15:14:08.325  5186  5186 D accuweather: [AccuPhone]>>> UTheme:192 [0:0] is theme set = false
11-23 15:14:08.325  5186  5186 I PluginManager: getService -- sService=com.samsung.android.thememanager.IThemeManager$Stub$Proxy@3d555aeb
11-23 15:14:08.325  5186  5186 I PluginManager: getService -- sService=com.samsung.android.thememanager.IThemeManager$Stub$Proxy@3d555aeb
11-23 15:14:08.325  5186  5186 D accuweather: [AccuPhone]>>> UTheme:192 [0:0] is theme set = false
11-23 15:14:08.325  3520  3532 D PackageManager: START CLEAR APPLICATION USER DATA: observer{256214251}
11-23 15:14:08.325  3520  3532 D PackageManager: pkg{<packageName>}
11-23 15:14:08.325  3520  3532 D PackageManager: user{0}
11-23 15:14:08.335  3520  3532 V ApplicationPolicy: isApplicationStateBlocked userId 0 pkgname com.android.phone
11-23 15:14:08.335  3520  3735 D PackageManager: [MSG] CLEAR_APPLICATION_USER_DATA
11-23 15:14:08.355 24876 24876 D TimaKeyStoreProvider: TimaSignature is unavailable
11-23 15:14:08.355 24876 24876 D ActivityThread: Added TimaKeyStore provider
11-23 15:14:08.375  5186  5186 D accuweather: [AccuPhone]>>> WSWidget:427 [0:0] getWeatherRenderer : 1
11-23 15:14:08.375  5186  5186 D accuweather: [AccuPhone]>>> SManager:2782 [0:0] dark mode set = 0
11-23 15:14:08.375  5186  5186 I PluginManager: getService -- sService=com.samsung.android.thememanager.IThemeManager$Stub$Proxy@3d555aeb
11-23 15:14:08.375  5186  5186 I PluginManager: getService -- sService=com.samsung.android.thememanager.IThemeManager$Stub$Proxy@3d555aeb
11-23 15:14:08.375  5186  5186 D accuweather: [AccuPhone]>>> UTheme:192 [0:0] is theme set = false
11-23 15:14:08.375  5186  5186 D accuweather: [AccuPhone]>>> SManager:2368 [0:0] cur sha w = 1372, cur sha h = 432next sha w = 1372, next sha h = 432, ShaAnim = false
11-23 15:14:08.375  5186  5186 D LongShadowManager: AlphaMask NULL.2.0
11-23 15:14:08.385  5186  5186 D TextView: CharAt(i) : :
11-23 15:14:08.395  3520  3735 D ActivityManager: retrieveServiceLocked(): component = com.android.defcontainer/com.android.defcontainer.DefaultContainerService; callingUser = 0; userId(target) = 0
11-23 15:14:08.395 24733 24795 D Documents: Update found 6 roots in 534ms
11-23 15:14:08.405  4424  4424 I LauncherActivity: WallpaperChangeReceiver - Wallpaper Changed from ImageWallpaper
11-23 15:14:08.405  3520  4706 I InjectionManagerService -AppFeature: getCoreFeaturePkgList :[]
11-23 15:14:08.405 24876 24876 I InjectionManager: Inside getClassLibPath + mLibMap{0=, 1=}
11-23 15:14:08.405  4385  4385 D PersonaManager: isKioskContainerExistOnDevice
11-23 15:14:08.405  3520  4681 D ActivityManager: retrieveServiceLocked(): component = com.google.android.gms/com.google.android.gms.icing.service.IndexWorkerService; callingUser = 0; userId(target) = 0
11-23 15:14:08.405 11535 12296 W GeofencerStateMachine: Ignoring removeGeofence because network location is disabled.
11-23 15:14:08.415  3520  4681 W ActivityManager: userId = 0, bbcId = -10000
11-23 15:14:08.415  3520  4681 W ActivityManager: NORMAL SET : dst_category = 701, src_allowCategory = 0,701-1023
11-23 15:14:08.415  3520  4681 W ActivityManager: NORMAL SET : srcAppInfo.processName = com.google.android.gms, destAppInfo.processName = com.google.android.gms
11-23 15:14:08.415 24876 24876 I InjectionManager: Inside getClassLibPath caller 
11-23 15:14:08.425  4385  4385 D RegisteredServicesCache: empty dynamic service
11-23 15:14:08.435  4385  4385 D PersonaManager: isKioskContainerExistOnDevice
11-23 15:14:08.435  3520  3735 D PackageManager: result of install: true{256214251}
11-23 15:14:08.435 24733 24894 D Documents: Update found 6 roots in 19ms
11-23 15:14:08.435 24814 24814 D AndroidRuntime: Shutting down VM
11-23 15:14:08.435  4385  4385 D RegisteredServicesCache: empty dynamic service
11-23 15:14:08.435  5186  5186 I GFX raster: took 47.906541ms for 612*612 texture 0
11-23 15:14:08.435  5186  5186 W GFX DEBUGLOG GPUCompressionToBitmapDecoder: Bitmap=0x7f908a9100 bitmapCt=12 bitmapW=612 bitmapH=612 BitmapInternalFormat=93b1, Counterpart=0x7f90847540 counterpartCT=4 counterpartW=612 counterparth=612
11-23 15:14:08.435  5186  5186 E         : GFX convertToRaster() in Canvas.cpp HWACC for bitmap size 612x612
11-23 15:14:08.445 24876 24876 D InjectionManager: InjectionManager
11-23 15:14:08.445 24876 24876 D InjectionManager: fillFeatureStoreMap com.sec.android.widgetapp.samsungapps
11-23 15:14:08.445 24876 24876 I InjectionManager: Constructor com.sec.android.widgetapp.samsungapps, Feature store :{}
11-23 15:14:08.445 24876 24876 I InjectionManager: featureStore :{}
11-23 15:14:08.445 24876 24876 D WidgetDataManager: WidgetDataManager
11-23 15:14:08.445 24876 24876 D WidgetDataManager: addWidgetData() 18
11-23 15:14:08.445 24876 24876 D DeviceInfo: setDeviceInfo()
11-23 15:14:08.465 24876 24876 E DeviceInfo: csc = VZW
11-23 15:14:08.465 24876 24876 E DeviceInfo: country = USA
11-23 15:14:08.485 24876 24876 D WidgetProvider: #S##########################################
11-23 15:14:08.485 24876 24876 D WidgetProvider: WidgetSize = 18
11-23 15:14:08.485 24876 24876 D WidgetProvider: Action = com.sec.android.intent.action.WALLPAPER_CHANGED
11-23 15:14:08.485 24876 24876 D WidgetProvider: State = WIDGET_STATE_TERM
11-23 15:14:08.485 24876 24876 D WidgetProvider: PageList Size = 0
11-23 15:14:08.485 24876 24876 D WidgetProvider: loadCacheFirst = false
11-23 15:14:08.485 24876 24876 D WidgetProvider: dontshow3galert = false
11-23 15:14:08.485 24876 24876 D WidgetProvider: instanceId = 0
11-23 15:14:08.485 24876 24876 D WidgetProvider: WhiteBG = 0
11-23 15:14:08.485 24876 24876 D WidgetProvider: #E###########################################
11-23 15:14:08.485  5186  5186 I GFX raster: took 38.650583ms for 612*612 texture 0
11-23 15:14:08.485  5186  5186 W GFX DEBUGLOG GPUCompressionToBitmapDecoder: Bitmap=0x7f908a9100 bitmapCt=12 bitmapW=612 bitmapH=612 BitmapInternalFormat=93b1, Counterpart=0x7f90847540 counterpartCT=4 counterpartW=612 counterparth=612
11-23 15:14:08.485  5186  5186 E         : GFX convertToRaster() in Canvas.cpp HWACC for bitmap size 612x612
11-23 15:14:08.495 24876 24876 I WidgetProvider: Error(No data)
11-23 15:14:08.495 24601 24601 I ClearDataReceiver: [#DCM#] Intent Name: android.intent.action.PACKAGE_RESTARTED
11-23 15:14:08.495 24601 24601 I ClearDataReceiver: [#DCM#] Intent Data: package:com.android.phone
11-23 15:14:08.505 24619 24619 D SAControlPanelReceiver: *****onReceive()*****
11-23 15:14:08.505 24619 24619 D SAControlPanelReceiver: Action: android.intent.action.PACKAGE_RESTARTED
11-23 15:14:08.505  4170  4170 D daemonapp: [zero daemon]>>> AWDCDService:30 [0:0] AWD CD Act : androidintentactionPACKAGE_RESTARTED
11-23 15:14:08.515 24601 24601 I ClearDataReceiver: [#DCM#] Intent Name: android.intent.action.PACKAGE_RESTARTED
11-23 15:14:08.515 24601 24601 I ClearDataReceiver: [#DCM#] Intent Data: package:com.android.phone
11-23 15:14:08.525 24619 24619 D SAControlPanelReceiver: *****onReceive()*****
11-23 15:14:08.525 24619 24619 D SAControlPanelReceiver: Action: android.intent.action.PACKAGE_RESTARTED
11-23 15:14:08.525  4170  4170 D daemonapp: [zero daemon]>>> AWDCDService:30 [0:0] AWD CD Act : androidintentactionPACKAGE_RESTARTED
11-23 15:14:08.525  5186  5186 I GFX raster: took 38.099459ms for 612*612 texture 0
11-23 15:14:08.525  5186  5186 W GFX DEBUGLOG GPUCompressionToBitmapDecoder: Bitmap=0x7f908a9100 bitmapCt=12 bitmapW=612 bitmapH=612 BitmapInternalFormat=93b1, Counterpart=0x7f90847540 counterpartCT=4 counterpartW=612 counterparth=612
11-23 15:14:08.525  5186  5186 E         : GFX convertToRaster() in Canvas.cpp HWACC for bitmap size 612x612
11-23 15:14:08.525  3520  4677 W ActivityManager: userId = 0, bbcId = -10000
11-23 15:14:08.525  3520  4677 W ActivityManager: NORMAL SET : dst_category = 1023, src_allowCategory = 0,2-1023
11-23 15:14:08.525  3520  4677 W ActivityManager: NORMAL SET : srcAppInfo.processName = com.android.systemui, destAppInfo.processName = com.sec.android.widgetapp.samsungapps
11-23 15:14:08.535  5186  5186 D accuweather: [AccuPhone]>>> SManager:2406 [0:0] end draw cur sha
11-23 15:14:08.535  5186  5186 D accuweather: [AccuPhone]>>> SManager:2318 [0:0] end ClockLayoutContent
11-23 15:14:08.535  5186  5186 D accuweather: [AccuPhone]>>> SManager:1615 [0:0] complete setLayoutContentEmptyMsg Content
11-23 15:14:08.535 24876 24876 D WidgetProvider: #S##########################################
11-23 15:14:08.535 24876 24876 D WidgetProvider: WidgetSize = 18
11-23 15:14:08.535 24876 24876 D WidgetProvider: Action = com.sec.android.intent.action.WALLPAPER_CHANGED
11-23 15:14:08.535 24876 24876 D WidgetProvider: State = WIDGET_STATE_INIT
11-23 15:14:08.535 24876 24876 D WidgetProvider: PageList Size = 0
11-23 15:14:08.535 24876 24876 D WidgetProvider: loadCacheFirst = false
11-23 15:14:08.535 24876 24876 D WidgetProvider: dontshow3galert = false
11-23 15:14:08.535 24876 24876 D WidgetProvider: instanceId = 0
11-23 15:14:08.535 24876 24876 D WidgetProvider: WhiteBG = 0
11-23 15:14:08.535 24876 24876 D WidgetProvider: #E###########################################
11-23 15:14:08.535  5186  5186 D accuweather: [AccuPhone]>>> Utils:2257 [0:0] isIgnoreNationalRoaming() = false
11-23 15:14:08.545  5186  5186 D accuweather: [AccuPhone]>>> Utils:2245 [0:0] handleConnectivityUpdate() = false
11-23 15:14:08.545  5186  5186 D accuweather: [AccuPhone]>>> WSWidget:541 [0:0] uV mIR : -1
11-23 15:14:08.545 24636 24636 D SVFControlReceiver: onReceive() ++++++++++
11-23 15:14:08.545 24636 24636 D SVFControlReceiver: intent.getAction() : android.intent.action.PACKAGE_DATA_CLEARED
11-23 15:14:08.545 24636 24636 D SVFControlReceiver: isTOSAccep : false
11-23 15:14:08.545 24636 24636 D SVFControlReceiver: recognigerName : null
11-23 15:14:08.545 24636 24636 D SVFControlReceiver: recogniger.size() : 0
11-23 15:14:08.545 24636 24636 D SVFControlReceiver: isExperience : false
11-23 15:14:08.545 24636 24636 D SVFControlReceiver: tosScore : 0
11-23 15:14:08.545 24636 24636 D SVFControlReceiver: recogniger : []
11-23 15:14:08.555  3520  3532 D ActivityManager: retrieveServiceLocked(): component = com.samsung.android.svf/com.samsung.android.svf.SVFControlService; callingUser = 0; userId(target) = 0
11-23 15:14:08.565  3520  3532 W ActivityManager: userId = 0, bbcId = -10000
11-23 15:14:08.565  3520  3532 W ActivityManager: NORMAL SET : dst_category = 1023, src_allowCategory = 0,701-1023
11-23 15:14:08.565  3520  3532 W ActivityManager: NORMAL SET : srcAppInfo.processName = com.samsung.android.svf, destAppInfo.processName = com.samsung.android.svf
11-23 15:14:08.565 24636 24636 D SVFControlReceiver: onReceive() --------
11-23 15:14:08.565 24636 24636 I SVFControlService: VACcontrol created
11-23 15:14:08.565  3520  4086 I splitIntent: Split this intent : android.intent.action.PACKAGE_DATA_CLEARED, mSplitNum[0]=4, mSplitNum[1]=7, mSplitNum[2]=10, mBgSplitQueueNum=3 divideNum= 3 r.nextReceiver= 1 receivers.size=13
11-23 15:14:08.565  3520  4086 I splitIntent: finish to split intent : android.intent.action.PACKAGE_DATA_CLEARED !! Enqueue -> schedule it!!
11-23 15:14:08.565 24636 24900 D SVFControlService: onHandleIntent Intent { cmp=com.samsung.android.svf/.SVFControlService } +++
11-23 15:14:08.565 24636 24900 I SVFControlService: got command=null
11-23 15:14:08.565 24636 24900 D SVFControlService: onHandleIntent Intent { cmp=com.samsung.android.svf/.SVFControlService } ---
11-23 15:14:08.575 24601 24601 I ClearDataReceiver: [#DCM#] Intent Name: android.intent.action.PACKAGE_DATA_CLEARED
11-23 15:14:08.575 24601 24601 I ClearDataReceiver: [#DCM#] Intent Data: package:com.android.phone
11-23 15:14:08.575 24659 24659 D accuweather: [AccuPhone]>>> AWCDService:15 [0:0] AW CD Act : androidintentactionPACKAGE_DATA_CLEARED
11-23 15:14:08.585 24690 24690 I GalaxyFinderApplication: [onReceive] android.intent.action.PACKAGE_DATA_CLEARED
11-23 15:14:08.585  5186  5186 D accuweather: [AccuPhone]>>> WSWidget:66 [0:0] action : intentactionWALLPAPER_CHANGED
11-23 15:14:08.585  5186  5186 D accuweather: [AccuPhone]>>> WSWidget:130 [0:0] surface service update by wallpaper change
11-23 15:14:08.585  5186  5186 D accuweather: [AccuPhone]>>> WSWidget:530 [0:0] updateView : 1
11-23 15:14:08.585  5186  5186 D accuweather: [AccuPhone]>>> WSWidget:427 [0:0] getWeatherRenderer : 1
11-23 15:14:08.595  3520  6476 D SSRM:n  : SIOP:: AP = 300, PST = 261, CP = 205, CUR = 4
11-23 15:14:08.605  4170  4539 D daemonapp: [zero daemon]>>> WCProvider:376 [0:0] Provider query : content://apaccuweatherprovider/settings
11-23 15:14:08.625 24478 24478 D Mms/FreeMessageStatusReceiver: onReceive, action : android.intent.action.PACKAGE_DATA_CLEARED
11-23 15:14:08.625  3520  3940 D ActivityManager: retrieveServiceLocked(): component = com.android.mms/com.android.mms.freemessage.FreeMessageReceiverService; callingUser = 0; userId(target) = 0
11-23 15:14:08.625  3520  3940 W ActivityManager: userId = 0, bbcId = -10000
11-23 15:14:08.625  3520  3940 W ActivityManager: NORMAL SET : dst_category = 0, src_allowCategory = 0,2-1023
11-23 15:14:08.625  3520  3940 W ActivityManager: NORMAL SET : srcAppInfo.processName = com.android.mms, destAppInfo.processName = com.android.mms
11-23 15:14:08.635 24478 24901 D Mms/FreeMessageReceiverService: onHandleIntent, action : android.intent.action.PACKAGE_DATA_CLEARED
11-23 15:14:08.635 24478 24901 D Mms/FreeMessageReceiverService: onHandleIntent: ACTION_PACKAGE_DATA_CLEARED
11-23 15:14:08.635  4170  4184 D daemonapp: [zero daemon]>>> WCProvider:376 [0:0] Provider query : content://apaccuweatherprovider/weatherinfo
11-23 15:14:08.635  4170  4170 D daemonapp: [zero daemon]>>> AWDCDService:30 [0:0] AWD CD Act : androidintentactionPACKAGE_DATA_CLEARED
11-23 15:14:08.645 24814 24814 W art     : ConditionVariable::~ConditionVariable for GC request condition variable called with 1 waiters.
11-23 15:14:08.655  5186  5186 D accuweather: [AccuPhone]>>> WDBHelper:307 [0:0] gADWI : count = 0
11-23 15:14:08.655  3520  3940 D ActivityManager: retrieveServiceLocked(): component = com.google.android.gms/com.google.android.gms.chimera.GmsIntentOperationService; callingUser = 0; userId(target) = 0
11-23 15:14:08.655  3520  3940 W ActivityManager: userId = 0, bbcId = -10000
11-23 15:14:08.655  3520  3940 W ActivityManager: NORMAL SET : dst_category = 701, src_allowCategory = 0,701-1023
11-23 15:14:08.655  3520  3940 W ActivityManager: NORMAL SET : srcAppInfo.processName = com.google.android.gms, destAppInfo.processName = com.google.android.gms
11-23 15:14:08.655  4170  4539 D daemonapp: [zero daemon]>>> WCProvider:376 [0:0] Provider query : content://apaccuweatherprovider/settings
11-23 15:14:08.665  3520  4415 D ActivityManager: retrieveServiceLocked(): component = com.google.android.gms/com.google.android.gms.chimera.PersistentIntentOperationService; callingUser = 0; userId(target) = 0
11-23 15:14:08.665 16726 24706 I LocationSettingsChecker: Removing dialog suppression flag for package com.android.phone
11-23 15:14:08.665  3520  4415 W ActivityManager: userId = 0, bbcId = -10000
11-23 15:14:08.665  3520  4415 W ActivityManager: NORMAL SET : dst_category = 701, src_allowCategory = 0,701-1023
11-23 15:14:08.665  3520  4415 W ActivityManager: NORMAL SET : srcAppInfo.processName = com.google.android.gms, destAppInfo.processName = com.google.android.gms
11-23 15:14:08.665  3520  4412 D ActivityManager: retrieveServiceLocked(): component = com.google.android.gms/com.google.android.gms.config.ConfigService; callingUser = 0; userId(target) = 0
11-23 15:14:08.675  3520  4412 W ActivityManager: userId = 0, bbcId = -10000
11-23 15:14:08.675  3520  4412 W ActivityManager: NORMAL SET : dst_category = 701, src_allowCategory = 0,701-1023
11-23 15:14:08.675  3520  4412 W ActivityManager: NORMAL SET : srcAppInfo.processName = com.google.android.gms, destAppInfo.processName = com.google.android.gms
11-23 15:14:08.675  3520  4070 D ActivityManager: retrieveServiceLocked(): component = com.google.android.gms/com.google.android.gms.chimera.PersistentIntentOperationService; callingUser = 0; userId(target) = 0
11-23 15:14:08.675  3520  4070 W ActivityManager: userId = 0, bbcId = -10000
11-23 15:14:08.675  3520  4070 W ActivityManager: NORMAL SET : dst_category = 701, src_allowCategory = 0,701-1023
11-23 15:14:08.675  3520  4070 W ActivityManager: NORMAL SET : srcAppInfo.processName = com.google.android.gms, destAppInfo.processName = com.google.android.gms
11-23 15:14:08.675  3520  3940 D ActivityManager: retrieveServiceLocked(): component = com.google.android.gms/com.google.android.location.util.PreferenceService; callingUser = 0; userId(target) = 0
11-23 15:14:08.675  3520  3940 W ActivityManager: userId = 0, bbcId = -10000
11-23 15:14:08.675  3520  3940 W ActivityManager: NORMAL SET : dst_category = 701, src_allowCategory = 0,701-1023
11-23 15:14:08.675  3520  3940 W ActivityManager: NORMAL SET : srcAppInfo.processName = com.google.android.gms, destAppInfo.processName = com.google.android.gms
11-23 15:14:08.685  3520  4440 D ActivityManager: retrieveServiceLocked(): component = com.google.android.gms/com.google.android.gms.chimera.PersistentIntentOperationService; callingUser = 0; userId(target) = 0
11-23 15:14:08.685  3520  4440 W ActivityManager: userId = 0, bbcId = -10000
11-23 15:14:08.685  3520  4440 W ActivityManager: NORMAL SET : dst_category = 701, src_allowCategory = 0,701-1023
11-23 15:14:08.685  3520  4440 W ActivityManager: NORMAL SET : srcAppInfo.processName = com.google.android.gms, destAppInfo.processName = com.google.android.gms
11-23 15:14:08.685  3520  4695 D ActivityManager: retrieveServiceLocked(): component = com.google.android.gms/com.google.android.gms.icing.service.IndexWorkerService; callingUser = 0; userId(target) = 0
11-23 15:14:08.685  3520  4695 W ActivityManager: userId = 0, bbcId = -10000
11-23 15:14:08.685  3520  4695 W ActivityManager: NORMAL SET : dst_category = 701, src_allowCategory = 0,701-1023
11-23 15:14:08.685  3520  4695 W ActivityManager: NORMAL SET : srcAppInfo.processName = com.google.android.gms, destAppInfo.processName = com.google.android.gms
11-23 15:14:08.695  3520  4678 D ActivityManager: retrieveServiceLocked(): component = com.google.android.gms/com.google.android.gms.wearable.service.WearableControlService; callingUser = 0; userId(target) = 0
11-23 15:14:08.695  3520  4678 W ActivityManager: userId = 0, bbcId = -10000
11-23 15:14:08.695  3520  4678 W ActivityManager: NORMAL SET : dst_category = 701, src_allowCategory = 0,701-1023
11-23 15:14:08.695  3520  4678 W ActivityManager: NORMAL SET : srcAppInfo.processName = com.google.android.gms, destAppInfo.processName = com.google.android.gms
11-23 15:14:08.695  3520  4415 D ActivityManager: retrieveServiceLocked(): component = com.google.android.gms/com.google.android.gms.icing.service.IndexWorkerService; callingUser = 0; userId(target) = 0
11-23 15:14:08.695  3520  4415 W ActivityManager: userId = 0, bbcId = -10000
11-23 15:14:08.695  3520  4415 W ActivityManager: NORMAL SET : dst_category = 701, src_allowCategory = 0,701-1023
11-23 15:14:08.695  3520  4415 W ActivityManager: NORMAL SET : srcAppInfo.processName = com.google.android.gms, destAppInfo.processName = com.google.android.gms
11-23 15:14:08.705  3520  4070 D ActivityManager: retrieveServiceLocked(): component = com.google.android.gms/com.google.android.gms.chimera.GmsIntentOperationService; callingUser = 0; userId(target) = 0
11-23 15:14:08.705  5186  5186 D accuweather: [AccuPhone]>>> SManager:544 [0:0] gLSC : lastLoc = null
11-23 15:14:08.705  5186  5186 D accuweather: [AccuPhone]>>> SManager:610 [0:0] updateView iSA = false, mCI = 0, mSL = null , cls = 0 , cls = 0
11-23 15:14:08.705  5186  5186 D accuweather: [AccuPhone]>>> SManager:889 [0:0] [sCCTZ] todayInfo is null
11-23 15:14:08.705  5186  5186 D accuweather: [AccuPhone]>>> SManager:1544 [0:0] setLayoutContentEmptyMsg = 2131427362
11-23 15:14:08.705  5186  5186 D accuweather: [AccuPhone]>>> SManager:2782 [0:0] dark mode set = 0
11-23 15:14:08.705  5186  5186 D accuweather: [AccuPhone]>>> SManager:2058 [0:0] start ClockLayoutContent itc = false
11-23 15:14:08.705  5186  5186 D accuweather: [AccuPhone]>>> SManager:2093 [0:0] theme debug clock image view = false
11-23 15:14:08.705  5186  5186 I PluginManager: getService -- sService=com.samsung.android.thememanager.IThemeManager$Stub$Proxy@3d555aeb
11-23 15:14:08.705  5186  5186 I PluginManager: getService -- sService=com.samsung.android.thememanager.IThemeManager$Stub$Proxy@3d555aeb
11-23 15:14:08.705  3520  4070 W ActivityManager: userId = 0, bbcId = -10000
11-23 15:14:08.705  3520  4070 W ActivityManager: NORMAL SET : dst_category = 701, src_allowCategory = 0,701-1023
11-23 15:14:08.705  3520  4070 W ActivityManager: NORMAL SET : srcAppInfo.processName = com.google.android.gms, destAppInfo.processName = com.google.android.gms
11-23 15:14:08.705  5186  5186 D accuweather: [AccuPhone]>>> UTheme:192 [0:0] is theme set = false
11-23 15:14:08.715  5186  5186 D accuweather: [AccuPhone]>>> UTheme:109 [0:0] theme debug setTF sip : null, clock : null, num : null
11-23 15:14:08.715  5186  5186 D accuweather: [AccuPhone]>>> SManager:2782 [0:0] dark mode set = 0
11-23 15:14:08.715  5186  5186 I PluginManager: getService -- sService=com.samsung.android.thememanager.IThemeManager$Stub$Proxy@3d555aeb
11-23 15:14:08.715  5186  5186 I PluginManager: getService -- sService=com.samsung.android.thememanager.IThemeManager$Stub$Proxy@3d555aeb
11-23 15:14:08.715  5186  5186 D accuweather: [AccuPhone]>>> UTheme:192 [0:0] is theme set = false
11-23 15:14:08.715  3520  4086 I splitIntent: Queue : backgroundsplit_2 intent android.intent.action.PACKAGE_DATA_CLEARED is finished at BG and BG split queue. set mSplitStart and mBgSplitQueueOnlyRun false.
11-23 15:14:08.715  5186  5186 I PluginManager: getService -- sService=com.samsung.android.thememanager.IThemeManager$Stub$Proxy@3d555aeb
11-23 15:14:08.715  5186  5186 I PluginManager: getService -- sService=com.samsung.android.thememanager.IThemeManager$Stub$Proxy@3d555aeb
11-23 15:14:08.715  5186  5186 D accuweather: [AccuPhone]>>> UTheme:192 [0:0] is theme set = false
11-23 15:14:08.715  5186  5186 I PluginManager: getService -- sService=com.samsung.android.thememanager.IThemeManager$Stub$Proxy@3d555aeb
11-23 15:14:08.715  5186  5186 I PluginManager: getService -- sService=com.samsung.android.thememanager.IThemeManager$Stub$Proxy@3d555aeb
11-23 15:14:08.715 16726 16755 I Icing   : doRemovePackageData com.android.phone
11-23 15:14:08.715  5186  5186 D accuweather: [AccuPhone]>>> UTheme:192 [0:0] is theme set = false
11-23 15:14:08.715  3520  3610 W ActivityManager: userId = 0, bbcId = -10000
11-23 15:14:08.715  3520  3610 W ActivityManager: NORMAL SET : dst_category = 1023, src_allowCategory = 0,701-1023
11-23 15:14:08.715  3520  3610 W ActivityManager: NORMAL SET : srcAppInfo.processName = com.sec.android.widgetapp.samsungapps, destAppInfo.processName = com.sec.spp.push
11-23 15:14:08.715  3520  3610 E ActivityManager: checkUser: useridlist=null, currentuser=0
11-23 15:14:08.715  3520  3610 E ActivityManager: checkUser: useridlist=null, currentuser=0
11-23 15:14:08.715  3520  3610 E ActivityManager: checkUser: useridlist=null, currentuser=0
11-23 15:14:08.715  3520  3610 E ActivityManager: checkUser: useridlist=null, currentuser=0
11-23 15:14:08.735 24903 24903 E Zygote  : MountEmulatedStorage()
11-23 15:14:08.735 24903 24903 E Zygote  : v2
11-23 15:14:08.735 24903 24903 I libpersona: KNOX_SDCARD checking this for 10038
11-23 15:14:08.735 24903 24903 I libpersona: KNOX_SDCARD not a persona
11-23 15:14:08.735 24903 24903 I SELinux : Function: selinux_compare_spd_ram , priority [2] , priority version is VE=SEPF_SM-G920V_5.0.2_0011
11-23 15:14:08.745 24903 24903 E SELinux : [DEBUG] get_category: variable seinfo: samsung sensitivity: NULL, cateogry: NULL
