11-23 15:14:20.925 25191 25191 E MtpService: mContext is NULL so getting the getApplicationContext
11-23 15:14:20.925 25191 25191 E MtpService: < MTP > Registering BroadCast registerBroadCastPolicyRec :::::
11-23 15:14:20.935 25191 25191 E MtpService: < MTP > Registering BroadCast registerBroadCastEmergencyRec :::::
11-23 15:14:20.935 25191 25191 E MtpService: onStartCommand.
11-23 15:14:20.935 25191 25209 E MtpService: handleMessage. msg= { when=-1ms what=0 arg1=3 target=com.samsung.android.MtpApplication.MtpService$ServiceHandler }
11-23 15:14:20.955 25191 25209 D         : MTP: reading debug level property
11-23 15:14:20.955 25191 25209 E MtpService: mContext is NULL so getting the getApplicationContext
11-23 15:14:21.035  4030  4030 D PanelView: mClearAll.setVisibility - mIsFullyOpened : false isShade : true mHasNotification : true mIsUpwardFling : false mQsFullyExpanded : true isShadeLocked : false mClearAllVisible : true
11-23 15:14:21.115  3520  4086 I art     : Explicit concurrent mark sweep GC freed 21716(1138KB) AllocSpace objects, 4(80KB) LOS objects, 20% free, 62MB/78MB, paused 1.534ms total 158.490ms
11-23 15:14:21.685 25116 25116 I dex2oat : dex2oat took 4.499s (threads: 8)
11-23 15:14:21.795 25222 25222 I dex2oat : ----------------------------------------------------
11-23 15:14:21.795 25222 25222 I dex2oat : <SS>: S T A R T I N G . . .
11-23 15:14:21.795 25222 25222 I dex2oat : <SS>: Zip is absent. Canceled.
11-23 15:14:21.795 25222 25222 I dex2oat : /system/bin/dex2oat --runtime-arg -classpath --runtime-arg  --instruction-set=arm64 --instruction-set-features=default --runtime-arg -Xrelocate --boot-image=/system/framework/boot.art --dex-file=/data/data/com.google.android.gms/code_cache/secondary-dexes/base.apk.classes3.zip --oat-fd=27 --art-fd=-1 --oat-location=/data/data/com.google.android.gms/code_cache/secondary-dexes/base.apk.classes3.dex --runtime-arg -Xms64m --runtime-arg -Xmx512m
11-23 15:14:24.005 25222 25230 I dex2oat : Alloc sticky concurrent mark sweep GC freed 948484(30MB) AllocSpace objects, 0(0B) LOS objects, 34% free, 7MB/11MB, paused 252us total 78.875ms
11-23 15:14:24.005 25222 25227 I dex2oat : WaitForGcToComplete blocked for 78.528ms for cause Alloc
11-23 15:14:24.005 25222 25228 I dex2oat : WaitForGcToComplete blocked for 83.114ms for cause Alloc
11-23 15:14:24.015 25222 25229 I dex2oat : WaitForGcToComplete blocked for 87.455ms for cause Alloc
11-23 15:14:24.015 25222 25222 I dex2oat : WaitForGcToComplete blocked for 91.853ms for cause Alloc
11-23 15:14:24.025 25222 25222 I dex2oat : Alloc sticky concurrent mark sweep GC freed 1010(27KB) AllocSpace objects, 0(0B) LOS objects, 34% free, 7MB/11MB, paused 403us total 5.173ms
11-23 15:14:24.025 25222 25231 I dex2oat : WaitForGcToComplete blocked for 97.050ms for cause Alloc
11-23 15:14:24.035 25222 25231 I dex2oat : Alloc sticky concurrent mark sweep GC freed 5815(156KB) AllocSpace objects, 0(0B) LOS objects, 34% free, 7MB/11MB, paused 564us total 15.165ms
11-23 15:14:24.035 25222 25225 I dex2oat : WaitForGcToComplete blocked for 106.820ms for cause Alloc
11-23 15:14:24.035 25222 25231 W dex2oat : Compilation of int arkl.computeSerializedSize() took 113.059ms
11-23 15:14:24.055 25222 25225 I dex2oat : Alloc sticky concurrent mark sweep GC freed 6145(163KB) AllocSpace objects, 0(0B) LOS objects, 34% free, 7MB/11MB, paused 919us total 16.996ms
11-23 15:14:24.055 25222 25226 I dex2oat : WaitForGcToComplete blocked for 128.987ms for cause Alloc
11-23 15:14:24.055 25222 25225 W dex2oat : Compilation of int arkg.computeSerializedSize() took 128.562ms
11-23 15:14:24.095 25222 25226 I dex2oat : Alloc sticky concurrent mark sweep GC freed 7005(188KB) AllocSpace objects, 0(0B) LOS objects, 34% free, 7MB/11MB, paused 277us total 37.864ms
11-23 15:14:24.095 25222 25226 W dex2oat : Compilation of void arjt.writeTo(atdw) took 167.772ms
11-23 15:14:24.425  4030  4030 D StatusBar.NetworkController: refreshViews connected={ wifi } level=0 combinedSignalIconId=0x7f02054f/com.android.systemui:drawable/stat_sys_wifi_signal_4 mobileLabel= wifiLabel="9902431946" emergencyOnly=false combinedLabel="9902431946" mAirplaneMode=true mDataActivity=0 mPhoneSignalIconId=0x0/(null) mQSPhoneSignalIconId=0x0/(null) mDataDirectionIconId=0x0/(null) mDataSignalIconId=0x0/(null) mDataTypeIconId=0x0/(null) mQSDataTypeIconId=0x0/(null) mNoSimIconId=0x0/(null) mWifiIconId=0x7f02054f/com.android.systemui:drawable/stat_sys_wifi_signal_4 mQSWifiIconId=0x7f020139/com.android.systemui:drawable/ic_qs_wifi_4 mWifiActivityIconId=0x7f020525/com.android.systemui:drawable/stat_sys_signal_out mBluetoothTetherIconId=0x7f02052c/com.android.systemui:drawable/stat_sys_tether_bluetooth
11-23 15:14:24.435  4030  4030 D STATUSBAR-WifiQuickSettingButton: onWifiSignalChanged enabled=true enabledDesc:"9902431946"
11-23 15:14:24.435  4030  4030 D StatusBar.NetworkController: refreshNwBoosterIndicator - setNWBoosterIndicators(false)
11-23 15:14:24.435  4030  4030 D StatusBar.NetworkController: applyVZW
11-23 15:14:24.435  4030  4030 D SignalClusterView: mMobileDataState:-1, mBtTetherState:false, mHasService:false
11-23 15:14:24.435  4030  4030 D StatusBar.NetworkController: applyVZW : mDataTypeDisabledIconId(null)
11-23 15:14:24.435  4030  4030 D StatusBar.NetworkController: refreshNwBoosterIndicator - setNWBoosterIndicators(false)
11-23 15:14:24.435  4030  4030 D StatusBar.NetworkController: applyVZW
11-23 15:14:24.435  4030  4030 D SignalClusterView: mMobileDataState:-1, mBtTetherState:false, mHasService:false
11-23 15:14:24.435  4030  4030 D StatusBar.NetworkController: applyVZW : mDataTypeDisabledIconId(null)
11-23 15:14:24.435  4030  4030 D StatusBar.NetworkController: refreshNwBoosterIndicator - setNWBoosterIndicators(false)
11-23 15:14:24.435  4030  4030 D StatusBar.NetworkController: applyVZW
11-23 15:14:24.435  4030  4030 D SignalClusterView: mMobileDataState:-1, mBtTetherState:false, mHasService:false
11-23 15:14:24.445  4030  4030 D StatusBar.NetworkController: applyVZW : mDataTypeDisabledIconId(null)
11-23 15:14:24.445  4030  4030 D StatusBar.NetworkController: refreshNwBoosterIndicator - setNWBoosterIndicators(false)
11-23 15:14:24.445  4030  4030 D StatusBar.NetworkController: applyVZW
11-23 15:14:24.445  4030  4030 D StatusBar.NetworkController: applyVZW : mDataTypeDisabledIconId(null)
11-23 15:14:25.425  4030  4030 D StatusBar.NetworkController: refreshViews connected={ wifi } level=0 combinedSignalIconId=0x7f02054f/com.android.systemui:drawable/stat_sys_wifi_signal_4 mobileLabel= wifiLabel="9902431946" emergencyOnly=false combinedLabel="9902431946" mAirplaneMode=true mDataActivity=0 mPhoneSignalIconId=0x0/(null) mQSPhoneSignalIconId=0x0/(null) mDataDirectionIconId=0x0/(null) mDataSignalIconId=0x0/(null) mDataTypeIconId=0x0/(null) mQSDataTypeIconId=0x0/(null) mNoSimIconId=0x0/(null) mWifiIconId=0x7f02054f/com.android.systemui:drawable/stat_sys_wifi_signal_4 mQSWifiIconId=0x7f020139/com.android.systemui:drawable/ic_qs_wifi_4 mWifiActivityIconId=0x7f02051c/com.android.systemui:drawable/stat_sys_signal_no_inout mBluetoothTetherIconId=0x7f02052c/com.android.systemui:drawable/stat_sys_tether_bluetooth
11-23 15:14:25.425  4030  4030 D STATUSBAR-WifiQuickSettingButton: onWifiSignalChanged enabled=true enabledDesc:"9902431946"
11-23 15:14:25.425  4030  4030 D StatusBar.NetworkController: refreshNwBoosterIndicator - setNWBoosterIndicators(false)
11-23 15:14:25.435  4030  4030 D StatusBar.NetworkController: applyVZW
11-23 15:14:25.435  4030  4030 D SignalClusterView: mMobileDataState:-1, mBtTetherState:false, mHasService:false
11-23 15:14:25.435  4030  4030 D StatusBar.NetworkController: applyVZW : mDataTypeDisabledIconId(null)
11-23 15:14:25.435  4030  4030 D StatusBar.NetworkController: refreshNwBoosterIndicator - setNWBoosterIndicators(false)
11-23 15:14:25.435  4030  4030 D StatusBar.NetworkController: applyVZW
11-23 15:14:25.435  4030  4030 D SignalClusterView: mMobileDataState:-1, mBtTetherState:false, mHasService:false
11-23 15:14:25.435  4030  4030 D StatusBar.NetworkController: applyVZW : mDataTypeDisabledIconId(null)
11-23 15:14:25.435  4030  4030 D StatusBar.NetworkController: refreshNwBoosterIndicator - setNWBoosterIndicators(false)
11-23 15:14:25.435  4030  4030 D StatusBar.NetworkController: applyVZW
11-23 15:14:25.435  4030  4030 D SignalClusterView: mMobileDataState:-1, mBtTetherState:false, mHasService:false
11-23 15:14:25.445  4030  4030 D StatusBar.NetworkController: applyVZW : mDataTypeDisabledIconId(null)
11-23 15:14:25.445  4030  4030 D StatusBar.NetworkController: refreshNwBoosterIndicator - setNWBoosterIndicators(false)
11-23 15:14:25.445  4030  4030 D StatusBar.NetworkController: applyVZW
11-23 15:14:25.445  4030  4030 D StatusBar.NetworkController: applyVZW : mDataTypeDisabledIconId(null)
11-23 15:14:26.545 25222 25222 I dex2oat : dex2oat took 4.753s (threads: 8)
11-23 15:14:26.705 25263 25263 I dex2oat : ----------------------------------------------------
11-23 15:14:26.705 25263 25263 I dex2oat : <SS>: S T A R T I N G . . .
11-23 15:14:26.705 25263 25263 I dex2oat : <SS>: Zip is absent. Canceled.
11-23 15:14:26.705 25263 25263 I dex2oat : /system/bin/dex2oat --runtime-arg -classpath --runtime-arg  --instruction-set=arm64 --instruction-set-features=default --runtime-arg -Xrelocate --boot-image=/system/framework/boot.art --dex-file=/data/data/com.google.android.gms/code_cache/secondary-dexes/base.apk.classes4.zip --oat-fd=27 --art-fd=-1 --oat-location=/data/data/com.google.android.gms/code_cache/secondary-dexes/base.apk.classes4.dex --runtime-arg -Xms64m --runtime-arg -Xmx512m
11-23 15:14:27.435  4030  4030 D StatusBar.NetworkController: refreshViews connected={ wifi } level=0 combinedSignalIconId=0x7f02054f/com.android.systemui:drawable/stat_sys_wifi_signal_4 mobileLabel= wifiLabel="9902431946" emergencyOnly=false combinedLabel="9902431946" mAirplaneMode=true mDataActivity=0 mPhoneSignalIconId=0x0/(null) mQSPhoneSignalIconId=0x0/(null) mDataDirectionIconId=0x0/(null) mDataSignalIconId=0x0/(null) mDataTypeIconId=0x0/(null) mQSDataTypeIconId=0x0/(null) mNoSimIconId=0x0/(null) mWifiIconId=0x7f02054f/com.android.systemui:drawable/stat_sys_wifi_signal_4 mQSWifiIconId=0x7f020139/com.android.systemui:drawable/ic_qs_wifi_4 mWifiActivityIconId=0x7f020519/com.android.systemui:drawable/stat_sys_signal_inout mBluetoothTetherIconId=0x7f02052c/com.android.systemui:drawable/stat_sys_tether_bluetooth
11-23 15:14:27.435  4030  4030 D STATUSBAR-WifiQuickSettingButton: onWifiSignalChanged enabled=true enabledDesc:"9902431946"
11-23 15:14:27.435  4030  4030 D StatusBar.NetworkController: refreshNwBoosterIndicator - setNWBoosterIndicators(false)
11-23 15:14:27.435  4030  4030 D StatusBar.NetworkController: applyVZW
11-23 15:14:27.435  4030  4030 D SignalClusterView: mMobileDataState:-1, mBtTetherState:false, mHasService:false
11-23 15:14:27.435  4030  4030 D StatusBar.NetworkController: applyVZW : mDataTypeDisabledIconId(null)
11-23 15:14:27.435  4030  4030 D StatusBar.NetworkController: refreshNwBoosterIndicator - setNWBoosterIndicators(false)
11-23 15:14:27.435  4030  4030 D StatusBar.NetworkController: applyVZW
11-23 15:14:27.435  4030  4030 D SignalClusterView: mMobileDataState:-1, mBtTetherState:false, mHasService:false
11-23 15:14:27.435  4030  4030 D StatusBar.NetworkController: applyVZW : mDataTypeDisabledIconId(null)
11-23 15:14:27.435  4030  4030 D StatusBar.NetworkController: refreshNwBoosterIndicator - setNWBoosterIndicators(false)
11-23 15:14:27.435  4030  4030 D StatusBar.NetworkController: applyVZW
11-23 15:14:27.435  4030  4030 D SignalClusterView: mMobileDataState:-1, mBtTetherState:false, mHasService:false
11-23 15:14:27.445  4030  4030 D StatusBar.NetworkController: applyVZW : mDataTypeDisabledIconId(null)
11-23 15:14:27.445  4030  4030 D StatusBar.NetworkController: refreshNwBoosterIndicator - setNWBoosterIndicators(false)
11-23 15:14:27.445  4030  4030 D StatusBar.NetworkController: applyVZW
11-23 15:14:27.445  4030  4030 D StatusBar.NetworkController: applyVZW : mDataTypeDisabledIconId(null)
11-23 15:14:28.435  4030  4030 D StatusBar.NetworkController: refreshViews connected={ wifi } level=0 combinedSignalIconId=0x7f02054f/com.android.systemui:drawable/stat_sys_wifi_signal_4 mobileLabel= wifiLabel="9902431946" emergencyOnly=false combinedLabel="9902431946" mAirplaneMode=true mDataActivity=0 mPhoneSignalIconId=0x0/(null) mQSPhoneSignalIconId=0x0/(null) mDataDirectionIconId=0x0/(null) mDataSignalIconId=0x0/(null) mDataTypeIconId=0x0/(null) mQSDataTypeIconId=0x0/(null) mNoSimIconId=0x0/(null) mWifiIconId=0x7f02054f/com.android.systemui:drawable/stat_sys_wifi_signal_4 mQSWifiIconId=0x7f020139/com.android.systemui:drawable/ic_qs_wifi_4 mWifiActivityIconId=0x7f02051c/com.android.systemui:drawable/stat_sys_signal_no_inout mBluetoothTetherIconId=0x7f02052c/com.android.systemui:drawable/stat_sys_tether_bluetooth
11-23 15:14:28.435  4030  4030 D STATUSBAR-WifiQuickSettingButton: onWifiSignalChanged enabled=true enabledDesc:"9902431946"
11-23 15:14:28.435  4030  4030 D StatusBar.NetworkController: refreshNwBoosterIndicator - setNWBoosterIndicators(false)
11-23 15:14:28.435  4030  4030 D StatusBar.NetworkController: applyVZW
11-23 15:14:28.435  4030  4030 D SignalClusterView: mMobileDataState:-1, mBtTetherState:false, mHasService:false
11-23 15:14:28.435  4030  4030 D StatusBar.NetworkController: applyVZW : mDataTypeDisabledIconId(null)
11-23 15:14:28.445  4030  4030 D StatusBar.NetworkController: refreshNwBoosterIndicator - setNWBoosterIndicators(false)
11-23 15:14:28.445  4030  4030 D StatusBar.NetworkController: applyVZW
11-23 15:14:28.445  4030  4030 D SignalClusterView: mMobileDataState:-1, mBtTetherState:false, mHasService:false
11-23 15:14:28.455  4030  4030 D StatusBar.NetworkController: applyVZW : mDataTypeDisabledIconId(null)
11-23 15:14:28.455  4030  4030 D StatusBar.NetworkController: refreshNwBoosterIndicator - setNWBoosterIndicators(false)
11-23 15:14:28.455  4030  4030 D StatusBar.NetworkController: applyVZW
11-23 15:14:28.455  4030  4030 D SignalClusterView: mMobileDataState:-1, mBtTetherState:false, mHasService:false
11-23 15:14:28.455  4030  4030 D StatusBar.NetworkController: applyVZW : mDataTypeDisabledIconId(null)
11-23 15:14:28.455  4030  4030 D StatusBar.NetworkController: refreshNwBoosterIndicator - setNWBoosterIndicators(false)
11-23 15:14:28.455  4030  4030 D StatusBar.NetworkController: applyVZW
11-23 15:14:28.455  4030  4030 D StatusBar.NetworkController: applyVZW : mDataTypeDisabledIconId(null)
11-23 15:14:28.685  3520  6476 D SSRM:n  : SIOP:: AP = 460, PST = 296, CP = 209, CUR = -262
11-23 15:14:28.695 25292 25292 D AndroidRuntime: 
11-23 15:14:28.695 25292 25292 D AndroidRuntime: >>>>>> AndroidRuntime START com.android.internal.os.RuntimeInit <<<<<<
11-23 15:14:28.695 25292 25292 D AndroidRuntime: CheckJNI is OFF
11-23 15:14:28.695 25292 25292 D AndroidRuntime: readGMSProperty: start
11-23 15:14:28.695 25292 25292 D AndroidRuntime: readGMSProperty: already setted!!
11-23 15:14:28.695 25292 25292 D AndroidRuntime: propertySet: couldn't set property (it is from app)
11-23 15:14:28.695 25292 25292 D AndroidRuntime: readGMSProperty: could not set the property(default)!!
11-23 15:14:28.695 25292 25292 D AndroidRuntime: readGMSProperty: end
11-23 15:14:28.695 25292 25292 D AndroidRuntime: addProductProperty: start
11-23 15:14:28.855 25292 25292 E AffinityControl: AffinityControl: registerfunction enter
11-23 15:14:28.865 25292 25292 D AndroidRuntime: Calling main entry com.android.commands.wm.Wm
11-23 15:14:28.865 25292 25292 D AndroidRuntime: Shutting down VM
11-23 15:14:28.885 25292 25305 E art     : Thread attaching while runtime is shutting down: Binder_2
11-23 15:14:28.885 25292 25305 I AndroidRuntime: NOTE: attach of thread 'Binder_2' failed
11-23 15:14:29.075 25292 25292 W art     : ConditionVariable::~ConditionVariable for GC request condition variable called with 1 waiters.
11-23 15:14:30.165 25263 25272 I dex2oat : Alloc sticky concurrent mark sweep GC freed 931256(31MB) AllocSpace objects, 0(0B) LOS objects, 29% free, 9MB/13MB, paused 254us total 90.816ms
11-23 15:14:30.165 25263 25269 I dex2oat : WaitForGcToComplete blocked for 90.904ms for cause Alloc
11-23 15:14:30.165 25263 25267 I dex2oat : WaitForGcToComplete blocked for 95.208ms for cause Alloc
11-23 15:14:30.175 25263 25269 W dex2oat : Compilation of oed oio.a() took 100.847ms
11-23 15:14:30.175 25263 25267 I dex2oat : Alloc sticky concurrent mark sweep GC freed 455(12KB) AllocSpace objects, 0(0B) LOS objects, 29% free, 9MB/13MB, paused 282us total 5.168ms
11-23 15:14:30.175 25263 25266 I dex2oat : WaitForGcToComplete blocked for 100.505ms for cause Alloc
11-23 15:14:30.175 25263 25267 W dex2oat : Compilation of void oge.onLoadFinished(com.google.android.chimera.Loader, java.lang.Object) took 102.406ms
11-23 15:14:30.175 25263 25271 I dex2oat : WaitForGcToComplete blocked for 99.054ms for cause Alloc
11-23 15:14:30.185 25263 25266 W dex2oat : Compilation of oed oip.a() took 110.921ms
11-23 15:14:30.205 25263 25271 I dex2oat : Alloc sticky concurrent mark sweep GC freed 3465(107KB) AllocSpace objects, 0(0B) LOS objects, 29% free, 9MB/13MB, paused 672us total 22.345ms
11-23 15:14:30.205 25263 25270 I dex2oat : WaitForGcToComplete blocked for 121.679ms for cause Alloc
11-23 15:14:30.225 25263 25270 I dex2oat : Alloc sticky concurrent mark sweep GC freed 4960(156KB) AllocSpace objects, 0(0B) LOS objects, 29% free, 9MB/13MB, paused 457us total 20.363ms
11-23 15:14:30.225 25263 25270 W dex2oat : Compilation of void ois.<init>() took 142.423ms
11-23 15:14:30.225 25263 25263 I dex2oat : WaitForGcToComplete blocked for 142.127ms for cause Alloc
11-23 15:14:30.235 25263 25263 I dex2oat : Alloc sticky concurrent mark sweep GC freed 1170(34KB) AllocSpace objects, 0(0B) LOS objects, 29% free, 9MB/13MB, paused 498us total 8.654ms
11-23 15:14:30.235 25263 25268 I dex2oat : WaitForGcToComplete blocked for 151.098ms for cause Alloc
11-23 15:14:30.235 25263 25263 W dex2oat : Compilation of com.google.android.chimera.Loader oit.onCreateLoader(int, android.os.Bundle) took 151.455ms
11-23 15:14:30.245 25263 25268 I dex2oat : Alloc sticky concurrent mark sweep GC freed 3760(112KB) AllocSpace objects, 0(0B) LOS objects, 29% free, 9MB/13MB, paused 590us total 16.296ms
11-23 15:14:30.255 25263 25268 W dex2oat : Compilation of oed oiq.a() took 171.258ms
11-23 15:14:30.535 25339 25339 D AndroidRuntime: 
11-23 15:14:30.535 25339 25339 D AndroidRuntime: >>>>>> AndroidRuntime START com.android.internal.os.RuntimeInit <<<<<<
11-23 15:14:30.545 25339 25339 D AndroidRuntime: CheckJNI is OFF
11-23 15:14:30.545 25339 25339 D AndroidRuntime: readGMSProperty: start
11-23 15:14:30.545 25339 25339 D AndroidRuntime: readGMSProperty: already setted!!
11-23 15:14:30.545 25339 25339 D AndroidRuntime: propertySet: couldn't set property (it is from app)
11-23 15:14:30.545 25339 25339 D AndroidRuntime: readGMSProperty: could not set the property(default)!!
11-23 15:14:30.545 25339 25339 D AndroidRuntime: readGMSProperty: end
11-23 15:14:30.545 25339 25339 D AndroidRuntime: addProductProperty: start
11-23 15:14:30.685 25339 25339 E AffinityControl: AffinityControl: registerfunction enter
11-23 15:14:30.705 25339 25339 D AndroidRuntime: Calling main entry com.android.commands.wm.Wm
11-23 15:14:30.705 25339 25339 D AndroidRuntime: Shutting down VM
11-23 15:14:30.915 25339 25339 W art     : ConditionVariable::~ConditionVariable for GC request condition variable called with 1 waiters.
11-23 15:14:31.195  2983  3137 D PermissionCache: checking android.permission.ACCESS_SURFACE_FLINGER for uid=2000 => granted (195 us)
11-23 15:14:31.215  2983  2983 D mali_winsys: new_window_surface returns 0x3000,  [1440x2560]-format:1
11-23 15:14:31.215  2983  2983 D SurfaceFlinger: debugMultiDownscale = 1
11-23 15:14:31.425 25263 25263 I dex2oat : dex2oat took 4.720s (threads: 8)
11-23 15:14:31.535 25397 25397 I dex2oat : ----------------------------------------------------
11-23 15:14:31.535 25397 25397 I dex2oat : <SS>: S T A R T I N G . . .
11-23 15:14:31.535 25397 25397 I dex2oat : <SS>: Zip is absent. Canceled.
11-23 15:14:31.535 25397 25397 I dex2oat : /system/bin/dex2oat --runtime-arg -classpath --runtime-arg  --instruction-set=arm64 --instruction-set-features=default --runtime-arg -Xrelocate --boot-image=/system/framework/boot.art --dex-file=/data/data/com.google.android.gms/code_cache/secondary-dexes/base.apk.classes5.zip --oat-fd=27 --art-fd=-1 --oat-location=/data/data/com.google.android.gms/code_cache/secondary-dexes/base.apk.classes5.dex --runtime-arg -Xms64m --runtime-arg -Xmx512m
11-23 15:14:32.365 25410 25410 D AndroidRuntime: 
11-23 15:14:32.365 25410 25410 D AndroidRuntime: >>>>>> AndroidRuntime START com.android.internal.os.RuntimeInit <<<<<<
11-23 15:14:32.365 25410 25410 D AndroidRuntime: CheckJNI is OFF
11-23 15:14:32.375 25410 25410 D AndroidRuntime: readGMSProperty: start
11-23 15:14:32.375 25410 25410 D AndroidRuntime: readGMSProperty: already setted!!
11-23 15:14:32.375 25410 25410 D AndroidRuntime: propertySet: couldn't set property (it is from app)
11-23 15:14:32.375 25410 25410 D AndroidRuntime: readGMSProperty: could not set the property(default)!!
11-23 15:14:32.375 25410 25410 D AndroidRuntime: readGMSProperty: end
11-23 15:14:32.375 25410 25410 D AndroidRuntime: addProductProperty: start
11-23 15:14:32.515 25410 25410 E AffinityControl: AffinityControl: registerfunction enter
11-23 15:14:32.525 25410 25410 D AndroidRuntime: Calling main entry com.android.commands.pm.Pm
11-23 15:14:32.605 25410 25410 D AndroidRuntime: Shutting down VM
11-23 15:14:32.835 25410 25410 W art     : ConditionVariable::~ConditionVariable for GC request condition variable called with 1 waiters.
11-23 15:14:33.665 25397 25397 I dex2oat : dex2oat took 2.130s (threads: 8)
11-23 15:14:33.705 25030 25030 I MultiDex: install done
11-23 15:14:33.785 25030 25030 V JNIHelp : Registering com/google/android/gms/org/conscrypt/NativeCrypto's 235 native methods...
11-23 15:14:33.795 25030 25030 I art     : Rejecting re-init on previously-failed class java.lang.Class<com.google.android.gms.org.conscrypt.OpenSSLExtendedSessionImpl>
11-23 15:14:33.795 25030 25030 I art     : Rejecting re-init on previously-failed class java.lang.Class<com.google.android.gms.org.conscrypt.OpenSSLExtendedSessionImpl>
11-23 15:14:33.825 25030 25030 W ActivityThread: ClassLoader.loadClass: The class loader returned by Thread.getContextClassLoader() may fail for processes that host multiple applications. You should explicitly specify a context class loader. For example: Thread.setContextClassLoader(getClass().getClassLoader());
11-23 15:14:33.825 25030 25030 W System  : Could not create com.google.android.gms.org.conscrypt.OpenSSLSocketFactoryImpl with ClassLoader android.app.LoadedApk$WarningContextClassLoader@2b85a146: com.google.android.gms.org.conscrypt.OpenSSLSocketFactoryImpl
11-23 15:14:33.825 25030 25030 I ProviderInstaller: Installed default security provider GmsCore_OpenSSL
11-23 15:14:33.845 25030 25030 D InjectionManager: InjectionManager
11-23 15:14:33.845 25030 25030 D InjectionManager: fillFeatureStoreMap com.google.android.gms
11-23 15:14:33.845 25030 25030 I InjectionManager: Constructor com.google.android.gms, Feature store :{}
11-23 15:14:33.845 25030 25030 I InjectionManager: featureStore :{}
11-23 15:14:33.855 25030 25030 E ChimeraCfgMgr: Failed to read module config: /data/data/com.google.android.gms/app_chimera/current_config.pb: open failed: ENOENT (No such file or directory)
11-23 15:14:33.875 25030 25030 E ChimeraCfgMgr: Failed to read module config: /data/data/com.google.android.gms/app_chimera/current_config.pb: open failed: ENOENT (No such file or directory)
11-23 15:14:33.895 25030 25030 E ChimeraCfgMgr: Failed to read module config: /data/data/com.google.android.gms/app_chimera/current_config.pb: open failed: ENOENT (No such file or directory)
11-23 15:14:33.895 25030 25030 W DynamiteLoaderImpl: Failed to load module version: java.io.FileNotFoundException: /data/data/com.google.android.gms/app_chimera/current_config.pb: open failed: ENOENT (No such file or directory)
11-23 15:14:33.895 25030 25030 I DynamiteModule: Considering local module com.google.android.gms.googlecertificates:2 and remote module com.google.android.gms.googlecertificates:0
11-23 15:14:33.895 25030 25030 I DynamiteModule: Selected local version of com.google.android.gms.googlecertificates
11-23 15:14:33.925 25030 25030 W System.err: remove failed: ENOENT (No such file or directory) : /data/data/com.google.android.gms/app_chimera/m
11-23 15:14:33.925 25030 25030 E ConfigFileUtils: Failed to read config file: /data/data/com.google.android.gms/app_chimera/current_fileapks.pb: open failed: ENOENT (No such file or directory)
11-23 15:14:33.925 25030 25030 E ChimeraCfgMgr: Failed to read module config: /data/data/com.google.android.gms/app_chimera/current_config.pb: open failed: ENOENT (No such file or directory)
11-23 15:14:33.945  3520  3532 D ActivityManager: retrieveServiceLocked(): component = null; callingUser = 0; userId(target) = 0
11-23 15:14:33.955  3520  3532 W ActivityManager: userId = 0, bbcId = -10000
11-23 15:14:33.955  3520  3532 W ActivityManager: NORMAL SET : dst_category = 701, src_allowCategory = 0,701-1023
11-23 15:14:33.955  3520  3532 W ActivityManager: NORMAL SET : srcAppInfo.processName = com.google.android.gms, destAppInfo.processName = com.google.android.gms
11-23 15:14:33.955  3520  3532 E ActivityManager: checkUser: useridlist=null, currentuser=0
11-23 15:14:33.955  3520  3532 E ActivityManager: checkUser: useridlist=null, currentuser=0
11-23 15:14:33.955  3520  3532 E ActivityManager: checkUser: useridlist=null, currentuser=0
11-23 15:14:33.955  3520  3532 E ActivityManager: checkUser: useridlist=null, currentuser=0
11-23 15:14:33.965 25440 25440 E Zygote  : MountEmulatedStorage()
11-23 15:14:33.965 25440 25440 I libpersona: KNOX_SDCARD checking this for 10012
11-23 15:14:33.965 25440 25440 E Zygote  : v2
11-23 15:14:33.965 25440 25440 I libpersona: KNOX_SDCARD not a persona
11-23 15:14:33.965 25440 25440 I SELinux : Function: selinux_compare_spd_ram , priority [2] , priority version is VE=SEPF_SM-G920V_5.0.2_0011
11-23 15:14:33.965 25440 25440 E SELinux : [DEBUG] get_category: variable seinfo: untrusted sensitivity: NULL, cateogry: NULL
11-23 15:14:33.975  3520  3532 I ActivityManager: Start proc com.google.android.gms for service com.google.android.gms/.chimera.GmsIntentOperationService: pid=25440 uid=10012 gids={50012, 9997, 2001, 3003, 1007, 3006, 1028, 1015, 3002, 3001, 3007} abi=arm64-v8a
11-23 15:14:33.985  3520  4072 D ActivityManager: retrieveServiceLocked(): component = com.google.android.gms/com.google.android.gms.chimera.GmsIntentOperationService; callingUser = 0; userId(target) = 0
11-23 15:14:33.985 25437 25437 D AndroidRuntime: 
11-23 15:14:33.985 25437 25437 D AndroidRuntime: >>>>>> AndroidRuntime START com.android.internal.os.RuntimeInit <<<<<<
11-23 15:14:33.985 25437 25437 D AndroidRuntime: CheckJNI is OFF
11-23 15:14:33.985 25440 25440 D TimaKeyStoreProvider: TimaSignature is unavailable
11-23 15:14:33.985 25437 25437 D AndroidRuntime: readGMSProperty: start
11-23 15:14:33.985 25437 25437 D AndroidRuntime: readGMSProperty: already setted!!
11-23 15:14:33.985 25437 25437 D AndroidRuntime: propertySet: couldn't set property (it is from app)
11-23 15:14:33.985 25437 25437 D AndroidRuntime: readGMSProperty: could not set the property(default)!!
11-23 15:14:33.985 25437 25437 D AndroidRuntime: readGMSProperty: end
11-23 15:14:33.985 25437 25437 D AndroidRuntime: addProductProperty: start
11-23 15:14:33.995 25440 25440 D ActivityThread: Added TimaKeyStore provider
11-23 15:14:33.995  3520  4072 W ActivityManager: userId = 0, bbcId = -10000
11-23 15:14:33.995  3520  4072 W ActivityManager: NORMAL SET : dst_category = 701, src_allowCategory = 0,701-1023
11-23 15:14:33.995  3520  4072 W ActivityManager: NORMAL SET : srcAppInfo.processName = com.google.android.gms, destAppInfo.processName = com.google.android.gms
11-23 15:14:33.995  3520  4415 D ActivityManager: retrieveServiceLocked(): component = com.google.android.gms/com.google.android.gms.chimera.PersistentIntentOperationService; callingUser = 0; userId(target) = 0
11-23 15:14:33.995  3520  4415 W ActivityManager: userId = 0, bbcId = -10000
11-23 15:14:33.995  3520  4415 W ActivityManager: NORMAL SET : dst_category = 701, src_allowCategory = 0,701-1023
11-23 15:14:33.995  3520  4415 W ActivityManager: NORMAL SET : srcAppInfo.processName = com.google.android.gms, destAppInfo.processName = com.google.android.gms
11-23 15:14:33.995  3009  3009 I art     : Explicit concurrent mark sweep GC freed 8728(371KB) AllocSpace objects, 0(0B) LOS objects, 37% free, 26MB/42MB, paused 418us total 23.077ms
11-23 15:14:34.005  3520  4412 I splitIntent: Queue : backgroundsplit_2 intent android.intent.action.PACKAGE_DATA_CLEARED is finished at BG and BG split queue. set mSplitStart and mBgSplitQueueOnlyRun false.
11-23 15:14:34.015  3009  3009 I art     : Explicit concurrent mark sweep GC freed 5(160B) AllocSpace objects, 0(0B) LOS objects, 37% free, 26MB/42MB, paused 393us total 19.712ms
11-23 15:14:34.015 24601 24601 I ClearDataReceiver: [#DCM#] Intent Name: android.intent.action.PACKAGE_RESTARTED
11-23 15:14:34.015 24601 24601 I ClearDataReceiver: [#DCM#] Intent Data: package:com.android.browser.provider
11-23 15:14:34.015  3520  4440 I InjectionManagerService -AppFeature: getCoreFeaturePkgList :[]
11-23 15:14:34.015 25440 25440 I InjectionManager: Inside getClassLibPath + mLibMap{0=, 1=}
11-23 15:14:34.015 24619 24619 D SAControlPanelReceiver: *****onReceive()*****
11-23 15:14:34.025 24619 24619 D SAControlPanelReceiver: Action: android.intent.action.PACKAGE_RESTARTED
11-23 15:14:34.025  4170  4170 D daemonapp: [zero daemon]>>> AWDCDService:30 [0:0] AWD CD Act : androidintentactionPACKAGE_RESTARTED
11-23 15:14:34.025  3009  3009 I art     : Explicit concurrent mark sweep GC freed 5(160B) AllocSpace objects, 0(0B) LOS objects, 37% free, 26MB/42MB, paused 134us total 10.367ms
11-23 15:14:34.025 25440 25440 W ResourcesManager: Asset path '/system/framework/com.android.media.remotedisplay.jar' does not exist or contains no resources.
11-23 15:14:34.025 25440 25440 W ResourcesManager: Asset path '/system/framework/com.android.location.provider.jar' does not exist or contains no resources.
11-23 15:14:34.025 25440 25440 I InjectionManager: Inside getClassLibPath caller 
11-23 15:14:34.035 24601 24601 I ClearDataReceiver: [#DCM#] Intent Name: android.intent.action.PACKAGE_RESTARTED
11-23 15:14:34.035 24601 24601 I ClearDataReceiver: [#DCM#] Intent Data: package:com.android.browser.provider
11-23 15:14:34.035 24619 24619 D SAControlPanelReceiver: *****onReceive()*****
11-23 15:14:34.035 24619 24619 D SAControlPanelReceiver: Action: android.intent.action.PACKAGE_RESTARTED
11-23 15:14:34.045  4170  4170 D daemonapp: [zero daemon]>>> AWDCDService:30 [0:0] AWD CD Act : androidintentactionPACKAGE_RESTARTED
11-23 15:14:34.045 24636 24636 D SVFControlReceiver: onReceive() ++++++++++
11-23 15:14:34.045 24636 24636 D SVFControlReceiver: intent.getAction() : android.intent.action.PACKAGE_DATA_CLEARED
11-23 15:14:34.045 24636 24636 D SVFControlReceiver: isTOSAccep : false
11-23 15:14:34.045 24636 24636 D SVFControlReceiver: recognigerName : null
11-23 15:14:34.045 24636 24636 D SVFControlReceiver: recogniger.size() : 0
11-23 15:14:34.045 24636 24636 D SVFControlReceiver: isExperience : false
11-23 15:14:34.045 24636 24636 D SVFControlReceiver: tosScore : 0
11-23 15:14:34.045 24636 24636 D SVFControlReceiver: recogniger : []
11-23 15:14:34.055 25030 25030 I art     : Rejecting re-init on previously-failed class java.lang.Class<kss>
11-23 15:14:34.055 25030 25030 I art     : Rejecting re-init on previously-failed class java.lang.Class<kss>
11-23 15:14:34.065 25440 25440 I MultiDex: VM with version 2.1.0 has multidex support
11-23 15:14:34.065 25440 25440 I MultiDex: install
11-23 15:14:34.065 25440 25440 I MultiDex: MultiDexExtractor.load(/data/app/com.google.android.gms-1/base.apk, false)
11-23 15:14:34.075  3520  4681 D ActivityManager: retrieveServiceLocked(): component = com.samsung.android.svf/com.samsung.android.svf.SVFControlService; callingUser = 0; userId(target) = 0
11-23 15:14:34.075  3520  4681 W ActivityManager: userId = 0, bbcId = -10000
11-23 15:14:34.075  3520  4681 W ActivityManager: NORMAL SET : dst_category = 1023, src_allowCategory = 0,701-1023
11-23 15:14:34.075  3520  4681 W ActivityManager: NORMAL SET : srcAppInfo.processName = com.samsung.android.svf, destAppInfo.processName = com.samsung.android.svf
11-23 15:14:34.075 25440 25440 I MultiDex: loading existing secondary dex files
11-23 15:14:34.075 25440 25440 I MultiDex: load found 4 secondary dex files
11-23 15:14:34.075 24636 24636 D SVFControlReceiver: onReceive() --------
11-23 15:14:34.075 24636 24636 I SVFControlService: VACcontrol created
11-23 15:14:34.075  3520  4604 I splitIntent: Split this intent : android.intent.action.PACKAGE_DATA_CLEARED, mSplitNum[0]=4, mSplitNum[1]=7, mSplitNum[2]=10, mBgSplitQueueNum=3 divideNum= 3 r.nextReceiver= 1 receivers.size=13
11-23 15:14:34.075  3520  4604 I splitIntent: finish to split intent : android.intent.action.PACKAGE_DATA_CLEARED !! Enqueue -> schedule it!!
11-23 15:14:34.075 25440 25440 I MultiDex: install done
11-23 15:14:34.075 24636 25456 D SVFControlService: onHandleIntent Intent { cmp=com.samsung.android.svf/.SVFControlService } +++
11-23 15:14:34.075 24636 25456 I SVFControlService: got command=null
11-23 15:14:34.075 24636 25456 D SVFControlService: onHandleIntent Intent { cmp=com.samsung.android.svf/.SVFControlService } ---
11-23 15:14:34.075 24601 24601 I ClearDataReceiver: [#DCM#] Intent Name: android.intent.action.PACKAGE_DATA_CLEARED
11-23 15:14:34.075 24601 24601 I ClearDataReceiver: [#DCM#] Intent Data: package:com.android.browser.provider
11-23 15:14:34.075  3520  4415 D ActivityManager: retrieveServiceLocked(): component = com.google.android.gms/com.google.android.location.internal.GoogleLocationManagerService; callingUser = 0; userId(target) = 0
11-23 15:14:34.085  3520  4415 W ActivityManager: userId = 0, bbcId = -10000
11-23 15:14:34.085  3520  4415 W ActivityManager: NORMAL SET : dst_category = 701, src_allowCategory = 0,701-1023
11-23 15:14:34.085  3520  4415 W ActivityManager: NORMAL SET : srcAppInfo.processName = com.google.android.gms, destAppInfo.processName = com.google.android.gms
11-23 15:14:34.085 24659 24659 D accuweather: [AccuPhone]>>> AWCDService:15 [0:0] AW CD Act : androidintentactionPACKAGE_DATA_CLEARED
11-23 15:14:34.095 24690 24690 I GalaxyFinderApplication: [onReceive] android.intent.action.PACKAGE_DATA_CLEARED
11-23 15:14:34.115  3520  4415 I SensorService: Skipped sensor HRMLED IR because it requires permission com.samsung.permission.SSENSOR_HRM_RAW_PPG
11-23 15:14:34.115  3520  4415 I SensorService: Skipped sensor HRMLED RED because it requires permission com.samsung.permission.SSENSOR_HRM_RAW_PPG
11-23 15:14:34.115  3520  4415 I SensorService: Skipped sensor MAX86900 because it requires permission 
11-23 15:14:34.115  3520  4415 I SensorService: Skipped sensor HRM Sensor because it requires permission 
11-23 15:14:34.115 24478 24478 D Mms/FreeMessageStatusReceiver: onReceive, action : android.intent.action.PACKAGE_DATA_CLEARED
11-23 15:14:34.115  3520  4706 D ActivityManager: retrieveServiceLocked(): component = com.android.mms/com.android.mms.freemessage.FreeMessageReceiverService; callingUser = 0; userId(target) = 0
11-23 15:14:34.115  3520  4706 W ActivityManager: userId = 0, bbcId = -10000
11-23 15:14:34.115  3520  4706 W ActivityManager: NORMAL SET : dst_category = 0, src_allowCategory = 0,2-1023
11-23 15:14:34.115  3520  4706 W ActivityManager: NORMAL SET : srcAppInfo.processName = com.android.mms, destAppInfo.processName = com.android.mms
11-23 15:14:34.125 24478 25465 D Mms/FreeMessageReceiverService: onHandleIntent, action : android.intent.action.PACKAGE_DATA_CLEARED
11-23 15:14:34.125 24478 25465 D Mms/FreeMessageReceiverService: onHandleIntent: ACTION_PACKAGE_DATA_CLEARED
11-23 15:14:34.125  4170  4170 D daemonapp: [zero daemon]>>> AWDCDService:30 [0:0] AWD CD Act : androidintentactionPACKAGE_DATA_CLEARED
11-23 15:14:34.135 25437 25437 E AffinityControl: AffinityControl: registerfunction enter
11-23 15:14:34.135 25440 25440 V JNIHelp : Registering com/google/android/gms/org/conscrypt/NativeCrypto's 235 native methods...
11-23 15:14:34.145 25440 25440 I art     : Rejecting re-init on previously-failed class java.lang.Class<com.google.android.gms.org.conscrypt.OpenSSLExtendedSessionImpl>
11-23 15:14:34.145 25440 25440 I art     : Rejecting re-init on previously-failed class java.lang.Class<com.google.android.gms.org.conscrypt.OpenSSLExtendedSessionImpl>
11-23 15:14:34.145 25437 25437 D AndroidRuntime: Calling main entry com.android.commands.pm.Pm
11-23 15:14:34.155  3520  4415 D PackageManager: START_PACKAGE_INSTALL: observer{40626910}
11-23 15:14:34.155  3520  4415 D PackageManager:           originPath{/data/local/tmp/app-TjGOKj.apk}
11-23 15:14:34.155  3520  3735 D PackageManager: [MSG] INIT_COPY: observer{40626910}
11-23 15:14:34.155  3520  3735 D PackageManager:           idx{0}
11-23 15:14:34.155  3520  3735 D PackageManager:           for_user{UserHandle{-1}}
11-23 15:14:34.155  3520  3735 D ActivityManager: retrieveServiceLocked(): component = com.android.defcontainer/com.android.defcontainer.DefaultContainerService; callingUser = 0; userId(target) = 0
11-23 15:14:34.165  3520  3735 D PackageManager: [MSG] MCS_BOUND: observer{40626910}
11-23 15:14:34.165  3520  3735 D PackageManager:           for_user{UserHandle{-1}}
11-23 15:14:34.165 25030 25030 I art     : Rejecting re-init on previously-failed class java.lang.Class<ajyj>
11-23 15:14:34.165 25030 25030 I art     : Rejecting re-init on previously-failed class java.lang.Class<ajyj>
11-23 15:14:34.165 25440 25440 W ActivityThread: ClassLoader.loadClass: The class loader returned by Thread.getContextClassLoader() may fail for processes that host multiple applications. You should explicitly specify a context class loader. For example: Thread.setContextClassLoader(getClass().getClassLoader());
11-23 15:14:34.165 25440 25440 W System  : Could not create com.google.android.gms.org.conscrypt.OpenSSLSocketFactoryImpl with ClassLoader android.app.LoadedApk$WarningContextClassLoader@24c98d82: com.google.android.gms.org.conscrypt.OpenSSLSocketFactoryImpl
11-23 15:14:34.165 25440 25440 I ProviderInstaller: Installed default security provider GmsCore_OpenSSL
11-23 15:14:34.175 25440 25440 D InjectionManager: InjectionManager
11-23 15:14:34.175 25440 25440 D InjectionManager: fillFeatureStoreMap com.google.android.gms
11-23 15:14:34.175 25440 25440 I InjectionManager: Constructor com.google.android.gms, Feature store :{}
11-23 15:14:34.175 25440 25440 I InjectionManager: featureStore :{}
11-23 15:14:34.175 25440 25440 E ChimeraCfgMgr: Failed to read module config: /data/data/com.google.android.gms/app_chimera/current_config.pb: open failed: ENOENT (No such file or directory)
11-23 15:14:34.185 25440 25440 E ChimeraCfgMgr: Failed to read module config: /data/data/com.google.android.gms/app_chimera/current_config.pb: open failed: ENOENT (No such file or directory)
11-23 15:14:34.185  3520  3735 D PersonaManagerService: needVerificationForPackage  
11-23 15:14:34.185  3520  3735 D PersonaManagerService: needVerificationForPackage com.google.identitytoolkit.demo
11-23 15:14:34.185  3520  3735 D PersonaManagerService: needVerificationForPackage return true for  at the end com.google.identitytoolkit.demo
11-23 15:14:34.185  3520  3735 I PackageManager: Themes INSTALL_SKIP_VERIFICATION
11-23 15:14:34.195 24586 25027 D DefContainer: Copying /data/local/tmp/app-TjGOKj.apk to base.apk
11-23 15:14:34.195 25440 25440 E ChimeraCfgMgr: Failed to read module config: /data/data/com.google.android.gms/app_chimera/current_config.pb: open failed: ENOENT (No such file or directory)
11-23 15:14:34.195 25440 25440 W DynamiteLoaderImpl: Failed to load module version: java.io.FileNotFoundException: /data/data/com.google.android.gms/app_chimera/current_config.pb: open failed: ENOENT (No such file or directory)
11-23 15:14:34.195 25440 25440 I DynamiteModule: Considering local module com.google.android.gms.googlecertificates:2 and remote module com.google.android.gms.googlecertificates:0
11-23 15:14:34.195 25440 25440 I DynamiteModule: Selected local version of com.google.android.gms.googlecertificates
11-23 15:14:34.215  3520  3735 W System.err: remove failed: ENOENT (No such file or directory) : /data/app/vmdl1980064868.tmp/lib
11-23 15:14:34.215  3520  3735 I HarmonyEASService: Updating for all 1
11-23 15:14:34.215  3520  3735 D PackageManager: remove MCS_UNBIND message and Posting MCS_UNBIND 10 secs later
11-23 15:14:34.215  3520  3735 D PackageManager: [MSG] PROCESS_PENDING_INSTALL: observer{40626910}
11-23 15:14:34.215  3520  3735 D PackageManager: currentStatus{1}
11-23 15:14:34.215  3520  3735 D PackageManager: installPackageLI: path
11-23 15:14:34.215 25440 25440 E ConfigFileUtils: Failed to read config file: /data/data/com.google.android.gms/app_chimera/current_fileapks.pb: open failed: ENOENT (No such file or directory)
11-23 15:14:34.215 25440 25440 E ChimeraCfgMgr: Failed to read module config: /data/data/com.google.android.gms/app_chimera/current_config.pb: open failed: ENOENT (No such file or directory)
11-23 15:14:34.225  3520  3533 D ActivityManager: retrieveServiceLocked(): component = null; callingUser = 0; userId(target) = 0
11-23 15:14:34.225  3520  3533 W ActivityManager: userId = 0, bbcId = -10000
11-23 15:14:34.225  3520  3533 W ActivityManager: NORMAL SET : dst_category = 701, src_allowCategory = 0,701-1023
11-23 15:14:34.225  3520  3533 W ActivityManager: NORMAL SET : srcAppInfo.processName = com.google.android.gms, destAppInfo.processName = com.google.android.gms
11-23 15:14:34.235 25030 25030 I art     : Rejecting re-init on previously-failed class java.lang.Class<lcn>
11-23 15:14:34.235 25030 25030 I art     : Rejecting re-init on previously-failed class java.lang.Class<lcn>
11-23 15:14:34.255  3520  4072 D ActivityManager: retrieveServiceLocked(): component = null; callingUser = 0; userId(target) = 0
11-23 15:14:34.255  3520  4072 W ActivityManager: userId = 0, bbcId = -10000
11-23 15:14:34.255  3520  4072 W ActivityManager: NORMAL SET : dst_category = 701, src_allowCategory = 0,701-1023
11-23 15:14:34.255  3520  4072 W ActivityManager: NORMAL SET : srcAppInfo.processName = com.google.android.gms, destAppInfo.processName = com.google.android.gms
11-23 15:14:34.255  3520  4439 D ActivityManager: retrieveServiceLocked(): component = com.google.android.gms/com.google.android.gms.chimera.GmsIntentOperationService; callingUser = 0; userId(target) = 0
11-23 15:14:34.255  3520  4439 W ActivityManager: userId = 0, bbcId = -10000
11-23 15:14:34.255  3520  4439 W ActivityManager: NORMAL SET : dst_category = 701, src_allowCategory = 0,701-1023
11-23 15:14:34.255  3520  4439 W ActivityManager: NORMAL SET : srcAppInfo.processName = com.google.android.gms, destAppInfo.processName = com.google.android.gms
11-23 15:14:34.255  3520  4678 D ActivityManager: retrieveServiceLocked(): component = com.google.android.gms/com.google.android.gms.chimera.GmsIntentOperationService; callingUser = 0; userId(target) = 0
11-23 15:14:34.255  3520  4678 W ActivityManager: userId = 0, bbcId = -10000
11-23 15:14:34.255  3520  4678 W ActivityManager: NORMAL SET : dst_category = 701, src_allowCategory = 0,701-1023
11-23 15:14:34.255  3520  4678 W ActivityManager: NORMAL SET : srcAppInfo.processName = com.google.android.gms, destAppInfo.processName = com.google.android.gms
11-23 15:14:34.255  3520  4695 D ActivityManager: retrieveServiceLocked(): component = com.google.android.gms/com.google.android.gms.chimera.GmsIntentOperationService; callingUser = 0; userId(target) = 0
11-23 15:14:34.265  3520  4695 W ActivityManager: userId = 0, bbcId = -10000
11-23 15:14:34.265  3520  4695 W ActivityManager: NORMAL SET : dst_category = 701, src_allowCategory = 0,701-1023
11-23 15:14:34.265  3520  4695 W ActivityManager: NORMAL SET : srcAppInfo.processName = com.google.android.gms, destAppInfo.processName = com.google.android.gms
11-23 15:14:34.265  3520  4072 D ActivityManager: retrieveServiceLocked(): component = com.google.android.gms/com.google.android.gms.chimera.GmsIntentOperationService; callingUser = 0; userId(target) = 0
11-23 15:14:34.265  3520  4072 W ActivityManager: userId = 0, bbcId = -10000
11-23 15:14:34.265  3520  4072 W ActivityManager: NORMAL SET : dst_category = 701, src_allowCategory = 0,701-1023
11-23 15:14:34.265  3520  4072 W ActivityManager: NORMAL SET : srcAppInfo.processName = com.google.android.gms, destAppInfo.processName = com.google.android.gms
11-23 15:14:34.265  3520  3940 D ActivityManager: retrieveServiceLocked(): component = com.google.android.gms/com.google.android.gms.chimera.GmsIntentOperationService; callingUser = 0; userId(target) = 0
11-23 15:14:34.265  3520  3940 W ActivityManager: userId = 0, bbcId = -10000
11-23 15:14:34.265  3520  3940 W ActivityManager: NORMAL SET : dst_category = 701, src_allowCategory = 0,701-1023
11-23 15:14:34.265  3520  3940 W ActivityManager: NORMAL SET : srcAppInfo.processName = com.google.android.gms, destAppInfo.processName = com.google.android.gms
11-23 15:14:34.265  3520  4412 D ActivityManager: retrieveServiceLocked(): component = com.google.android.gms/com.google.android.gms.chimera.GmsIntentOperationService; callingUser = 0; userId(target) = 0
11-23 15:14:34.265  3520  4412 W ActivityManager: userId = 0, bbcId = -10000
11-23 15:14:34.265  3520  4412 W ActivityManager: NORMAL SET : dst_category = 701, src_allowCategory = 0,701-1023
11-23 15:14:34.265  3520  4412 W ActivityManager: NORMAL SET : srcAppInfo.processName = com.google.android.gms, destAppInfo.processName = com.google.android.gms
11-23 15:14:34.265  3520  4677 D ActivityManager: retrieveServiceLocked(): component = com.google.android.gms/com.google.android.gms.chimera.GmsIntentOperationService; callingUser = 0; userId(target) = 0
11-23 15:14:34.265  3520  4677 W ActivityManager: userId = 0, bbcId = -10000
11-23 15:14:34.265  3520  4677 W ActivityManager: NORMAL SET : dst_category = 701, src_allowCategory = 0,701-1023
11-23 15:14:34.265  3520  4677 W ActivityManager: NORMAL SET : srcAppInfo.processName = com.google.android.gms, destAppInfo.processName = com.google.android.gms
11-23 15:14:34.275  3520  4070 D ActivityManager: retrieveServiceLocked(): component = com.google.android.gms/com.google.android.location.internal.GoogleLocationManagerService; callingUser = 0; userId(target) = 0
11-23 15:14:34.275  3520  4695 D ActivityManager: retrieveServiceLocked(): component = com.google.android.gms/com.google.android.gms.chimera.GmsIntentOperationService; callingUser = 0; userId(target) = 0
11-23 15:14:34.275  3520  4695 W ActivityManager: userId = 0, bbcId = -10000
11-23 15:14:34.275  3520  4695 W ActivityManager: NORMAL SET : dst_category = 701, src_allowCategory = 0,701-1023
11-23 15:14:34.275  3520  4695 W ActivityManager: NORMAL SET : srcAppInfo.processName = com.google.android.gms, destAppInfo.processName = com.google.android.gms
11-23 15:14:34.275  3520  4604 D ActivityManager: retrieveServiceLocked(): component = com.google.android.gms/com.google.android.gms.chimera.GmsIntentOperationService; callingUser = 0; userId(target) = 0
11-23 15:14:34.275  3520  4604 W ActivityManager: userId = 0, bbcId = -10000
11-23 15:14:34.275  3520  4604 W ActivityManager: NORMAL SET : dst_category = 701, src_allowCategory = 0,701-1023
11-23 15:14:34.275  3520  4604 W ActivityManager: NORMAL SET : srcAppInfo.processName = com.google.android.gms, destAppInfo.processName = com.google.android.gms
11-23 15:14:34.275  3520  4439 D ActivityManager: retrieveServiceLocked(): component = com.google.android.gms/com.google.android.gms.chimera.GmsIntentOperationService; callingUser = 0; userId(target) = 0
11-23 15:14:34.275  3520  4439 W ActivityManager: userId = 0, bbcId = -10000
11-23 15:14:34.275  3520  4439 W ActivityManager: NORMAL SET : dst_category = 701, src_allowCategory = 0,701-1023
11-23 15:14:34.275  3520  4439 W ActivityManager: NORMAL SET : srcAppInfo.processName = com.google.android.gms, destAppInfo.processName = com.google.android.gms
11-23 15:14:34.275  3520  3533 D ActivityManager: retrieveServiceLocked(): component = com.google.android.gms/com.google.android.gms.chimera.GmsIntentOperationService; callingUser = 0; userId(target) = 0
11-23 15:14:34.275  3520  3533 W ActivityManager: userId = 0, bbcId = -10000
11-23 15:14:34.275  3520  3533 W ActivityManager: NORMAL SET : dst_category = 701, src_allowCategory = 0,701-1023
11-23 15:14:34.275  3520  3533 W ActivityManager: NORMAL SET : srcAppInfo.processName = com.google.android.gms, destAppInfo.processName = com.google.android.gms
11-23 15:14:34.275  3520  4706 D ActivityManager: retrieveServiceLocked(): component = com.google.android.gms/com.google.android.gms.chimera.GmsIntentOperationService; callingUser = 0; userId(target) = 0
11-23 15:14:34.275  3520  4706 W ActivityManager: userId = 0, bbcId = -10000
11-23 15:14:34.275  3520  4706 W ActivityManager: NORMAL SET : dst_category = 701, src_allowCategory = 0,701-1023
11-23 15:14:34.275  3520  4706 W ActivityManager: NORMAL SET : srcAppInfo.processName = com.google.android.gms, destAppInfo.processName = com.google.android.gms
11-23 15:14:34.285  3520  4440 D ActivityManager: retrieveServiceLocked(): component = com.google.android.gms/com.google.android.gms.chimera.GmsIntentOperationService; callingUser = 0; userId(target) = 0
11-23 15:14:34.285  3520  4440 W ActivityManager: userId = 0, bbcId = -10000
